[1.023s] Invoking command in '/home/bizare/Desktop/Robotics_System/build/open_manipulator_description': CMAKE_PREFIX_PATH=/home/bizare/Desktop/Robotics_System/install/youbot_simulator:/home/bizare/Desktop/Robotics_System/install/cw1q5:/home/bizare/Desktop/Robotics_System/install/cw1q9:/home/bizare/Desktop/Robotics_System/install/cw1q4:/opt/ros/foxy:/home/bizare/Desktop/Robotics_System/install/youbot_description:/home/bizare/Desktop/Robotics_System/install/open_manipulator_description:/home/bizare/Desktop/Robotics_System/install/cw1q4_interfaces /usr/bin/cmake --build /home/bizare/Desktop/Robotics_System/build/open_manipulator_description -- -j8 -l8
[1.152s] Invoked command in '/home/bizare/Desktop/Robotics_System/build/open_manipulator_description' returned '0': CMAKE_PREFIX_PATH=/home/bizare/Desktop/Robotics_System/install/youbot_simulator:/home/bizare/Desktop/Robotics_System/install/cw1q5:/home/bizare/Desktop/Robotics_System/install/cw1q9:/home/bizare/Desktop/Robotics_System/install/cw1q4:/opt/ros/foxy:/home/bizare/Desktop/Robotics_System/install/youbot_description:/home/bizare/Desktop/Robotics_System/install/open_manipulator_description:/home/bizare/Desktop/Robotics_System/install/cw1q4_interfaces /usr/bin/cmake --build /home/bizare/Desktop/Robotics_System/build/open_manipulator_description -- -j8 -l8
[1.153s] Invoking command in '/home/bizare/Desktop/Robotics_System/build/open_manipulator_description': CMAKE_PREFIX_PATH=/home/bizare/Desktop/Robotics_System/install/youbot_simulator:/home/bizare/Desktop/Robotics_System/install/cw1q5:/home/bizare/Desktop/Robotics_System/install/cw1q9:/home/bizare/Desktop/Robotics_System/install/cw1q4:/opt/ros/foxy:/home/bizare/Desktop/Robotics_System/install/youbot_description:/home/bizare/Desktop/Robotics_System/install/open_manipulator_description:/home/bizare/Desktop/Robotics_System/install/cw1q4_interfaces /usr/bin/cmake --install /home/bizare/Desktop/Robotics_System/build/open_manipulator_description
[1.199s] -- Install configuration: ""
[1.200s] -- Up-to-date: /home/bizare/Desktop/Robotics_System/install/open_manipulator_description/share/open_manipulator_description/launch
[1.200s] -- Up-to-date: /home/bizare/Desktop/Robotics_System/install/open_manipulator_description/share/open_manipulator_description/launch/open_manipulator_model.launch
[1.200s] -- Up-to-date: /home/bizare/Desktop/Robotics_System/install/open_manipulator_description/share/open_manipulator_description/launch/open_manipulator_rviz.launch
[1.201s] -- Up-to-date: /home/bizare/Desktop/Robotics_System/install/open_manipulator_description/share/open_manipulator_description/meshes
[1.201s] -- Up-to-date: /home/bizare/Desktop/Robotics_System/install/open_manipulator_description/share/open_manipulator_description/meshes/chain_link4.stl
[1.210s] -- Up-to-date: /home/bizare/Desktop/Robotics_System/install/open_manipulator_description/share/open_manipulator_description/meshes/chain_link3.stl
[1.211s] -- Up-to-date: /home/bizare/Desktop/Robotics_System/install/open_manipulator_description/share/open_manipulator_description/meshes/chain_link5.stl
[1.211s] -- Up-to-date: /home/bizare/Desktop/Robotics_System/install/open_manipulator_description/share/open_manipulator_description/meshes/chain_link2.stl
[1.211s] -- Up-to-date: /home/bizare/Desktop/Robotics_System/install/open_manipulator_description/share/open_manipulator_description/meshes/chain_link_grip_r.stl
[1.211s] -- Up-to-date: /home/bizare/Desktop/Robotics_System/install/open_manipulator_description/share/open_manipulator_description/meshes/chain_link1.stl
[1.211s] -- Up-to-date: /home/bizare/Desktop/Robotics_System/install/open_manipulator_description/share/open_manipulator_description/meshes/chain_link_grip_l.stl
[1.211s] -- Up-to-date: /home/bizare/Desktop/Robotics_System/install/open_manipulator_description/share/open_manipulator_description/rviz
[1.212s] -- Up-to-date: /home/bizare/Desktop/Robotics_System/install/open_manipulator_description/share/open_manipulator_description/rviz/open_manipulator_links_hidden11.rviz
[1.212s] -- Up-to-date: /home/bizare/Desktop/Robotics_System/install/open_manipulator_description/share/open_manipulator_description/rviz/open_manipulator_links_hidden.rviz
[1.212s] -- Up-to-date: /home/bizare/Desktop/Robotics_System/install/open_manipulator_description/share/open_manipulator_description/rviz/open_manipulator.rviz
[1.212s] -- Up-to-date: /home/bizare/Desktop/Robotics_System/install/open_manipulator_description/share/open_manipulator_description/rviz/open_manipulator11.rviz
[1.212s] -- Up-to-date: /home/bizare/Desktop/Robotics_System/install/open_manipulator_description/share/open_manipulator_description/urdf
[1.212s] -- Up-to-date: /home/bizare/Desktop/Robotics_System/install/open_manipulator_description/share/open_manipulator_description/urdf/open_manipulator.gazebo.xacro
[1.212s] -- Up-to-date: /home/bizare/Desktop/Robotics_System/install/open_manipulator_description/share/open_manipulator_description/urdf/materials.xacro
[1.212s] -- Up-to-date: /home/bizare/Desktop/Robotics_System/install/open_manipulator_description/share/open_manipulator_description/urdf/open_manipulator.urdf.xacro
[1.213s] -- Up-to-date: /home/bizare/Desktop/Robotics_System/install/open_manipulator_description/share/ament_index/resource_index/package_run_dependencies/open_manipulator_description
[1.213s] -- Up-to-date: /home/bizare/Desktop/Robotics_System/install/open_manipulator_description/share/ament_index/resource_index/parent_prefix_path/open_manipulator_description
[1.213s] -- Up-to-date: /home/bizare/Desktop/Robotics_System/install/open_manipulator_description/share/open_manipulator_description/environment/ament_prefix_path.sh
[1.213s] -- Up-to-date: /home/bizare/Desktop/Robotics_System/install/open_manipulator_description/share/open_manipulator_description/environment/ament_prefix_path.dsv
[1.215s] -- Up-to-date: /home/bizare/Desktop/Robotics_System/install/open_manipulator_description/share/open_manipulator_description/environment/path.sh
[1.215s] -- Up-to-date: /home/bizare/Desktop/Robotics_System/install/open_manipulator_description/share/open_manipulator_description/environment/path.dsv
[1.221s] -- Up-to-date: /home/bizare/Desktop/Robotics_System/install/open_manipulator_description/share/open_manipulator_description/local_setup.bash
[1.222s] -- Up-to-date: /home/bizare/Desktop/Robotics_System/install/open_manipulator_description/share/open_manipulator_description/local_setup.sh
[1.222s] -- Up-to-date: /home/bizare/Desktop/Robotics_System/install/open_manipulator_description/share/open_manipulator_description/local_setup.zsh
[1.223s] -- Up-to-date: /home/bizare/Desktop/Robotics_System/install/open_manipulator_description/share/open_manipulator_description/local_setup.dsv
[1.223s] -- Installing: /home/bizare/Desktop/Robotics_System/install/open_manipulator_description/share/open_manipulator_description/package.dsv
[1.223s] -- Up-to-date: /home/bizare/Desktop/Robotics_System/install/open_manipulator_description/share/ament_index/resource_index/packages/open_manipulator_description
[1.223s] -- Up-to-date: /home/bizare/Desktop/Robotics_System/install/open_manipulator_description/share/open_manipulator_description/cmake/open_manipulator_descriptionConfig.cmake
[1.224s] -- Up-to-date: /home/bizare/Desktop/Robotics_System/install/open_manipulator_description/share/open_manipulator_description/cmake/open_manipulator_descriptionConfig-version.cmake
[1.224s] -- Up-to-date: /home/bizare/Desktop/Robotics_System/install/open_manipulator_description/share/open_manipulator_description/package.xml
[1.240s] Invoked command in '/home/bizare/Desktop/Robotics_System/build/open_manipulator_description' returned '0': CMAKE_PREFIX_PATH=/home/bizare/Desktop/Robotics_System/install/youbot_simulator:/home/bizare/Desktop/Robotics_System/install/cw1q5:/home/bizare/Desktop/Robotics_System/install/cw1q9:/home/bizare/Desktop/Robotics_System/install/cw1q4:/opt/ros/foxy:/home/bizare/Desktop/Robotics_System/install/youbot_description:/home/bizare/Desktop/Robotics_System/install/open_manipulator_description:/home/bizare/Desktop/Robotics_System/install/cw1q4_interfaces /usr/bin/cmake --install /home/bizare/Desktop/Robotics_System/build/open_manipulator_description
