[0.898s] Invoking command in '/home/bizare/Desktop/Robotics_System/cw1q9': PYTHONPATH=/home/bizare/Desktop/Robotics_System/build/cw1q9/prefix_override:/usr/lib/python3/dist-packages/colcon_core/task/python/colcon_distutils_commands:/home/bizare/Desktop/Robotics_System/install/cw1q9/lib/python3.8/site-packages:${PYTHONPATH} /usr/bin/python3 -W ignore:setup.py install is deprecated -W ignore:easy_install command is deprecated setup.py egg_info --egg-base ../build/cw1q9 build --build-base /home/bizare/Desktop/Robotics_System/build/cw1q9/build install --record /home/bizare/Desktop/Robotics_System/build/cw1q9/install.log --install-scripts $base/lib/cw1q9 --single-version-externally-managed install_data
[1.089s] running egg_info
[1.090s] writing ../build/cw1q9/cw1q9.egg-info/PKG-INFO
[1.090s] writing dependency_links to ../build/cw1q9/cw1q9.egg-info/dependency_links.txt
[1.090s] writing entry points to ../build/cw1q9/cw1q9.egg-info/entry_points.txt
[1.091s] writing requirements to ../build/cw1q9/cw1q9.egg-info/requires.txt
[1.091s] writing top-level names to ../build/cw1q9/cw1q9.egg-info/top_level.txt
[1.120s] reading manifest file '../build/cw1q9/cw1q9.egg-info/SOURCES.txt'
[1.121s] writing manifest file '../build/cw1q9/cw1q9.egg-info/SOURCES.txt'
[1.121s] running build
[1.121s] running build_py
[1.121s] copying cw1q9/youbotChecker.py -> /home/bizare/Desktop/Robotics_System/build/cw1q9/build/lib/cw1q9
[1.122s] running install
[1.122s] running install_lib
[1.123s] copying /home/bizare/Desktop/Robotics_System/build/cw1q9/build/lib/cw1q9/youbotChecker.py -> /home/bizare/Desktop/Robotics_System/install/cw1q9/lib/python3.8/site-packages/cw1q9
[1.124s] byte-compiling /home/bizare/Desktop/Robotics_System/install/cw1q9/lib/python3.8/site-packages/cw1q9/youbotChecker.py to youbotChecker.cpython-38.pyc
[1.125s] running install_data
[1.125s] running install_egg_info
[1.127s] removing '/home/bizare/Desktop/Robotics_System/install/cw1q9/lib/python3.8/site-packages/cw1q9-0.0.0-py3.8.egg-info' (and everything under it)
[1.127s] Copying ../build/cw1q9/cw1q9.egg-info to /home/bizare/Desktop/Robotics_System/install/cw1q9/lib/python3.8/site-packages/cw1q9-0.0.0-py3.8.egg-info
[1.128s] running install_scripts
[1.144s] Installing singularity_checker script to /home/bizare/Desktop/Robotics_System/install/cw1q9/lib/cw1q9
[1.145s] Installing youbot_student_node script to /home/bizare/Desktop/Robotics_System/install/cw1q9/lib/cw1q9
[1.145s] writing list of installed files to '/home/bizare/Desktop/Robotics_System/build/cw1q9/install.log'
[1.171s] Invoked command in '/home/bizare/Desktop/Robotics_System/cw1q9' returned '0': PYTHONPATH=/home/bizare/Desktop/Robotics_System/build/cw1q9/prefix_override:/usr/lib/python3/dist-packages/colcon_core/task/python/colcon_distutils_commands:/home/bizare/Desktop/Robotics_System/install/cw1q9/lib/python3.8/site-packages:${PYTHONPATH} /usr/bin/python3 -W ignore:setup.py install is deprecated -W ignore:easy_install command is deprecated setup.py egg_info --egg-base ../build/cw1q9 build --build-base /home/bizare/Desktop/Robotics_System/build/cw1q9/build install --record /home/bizare/Desktop/Robotics_System/build/cw1q9/install.log --install-scripts $base/lib/cw1q9 --single-version-externally-managed install_data
