[1.643s] Invoking command in '/home/bizare/Desktop/Robotics_System/cw1q5': PYTHONPATH=/home/bizare/Desktop/Robotics_System/build/cw1q5/prefix_override:/usr/lib/python3/dist-packages/colcon_core/task/python/colcon_distutils_commands:/home/bizare/Desktop/Robotics_System/install/cw1q5/lib/python3.8/site-packages:${PYTHONPATH} /usr/bin/python3 -W ignore:setup.py install is deprecated -W ignore:easy_install command is deprecated setup.py egg_info --egg-base ../build/cw1q5 build --build-base /home/bizare/Desktop/Robotics_System/build/cw1q5/build install --record /home/bizare/Desktop/Robotics_System/build/cw1q5/install.log --install-scripts $base/lib/cw1q5 --single-version-externally-managed install_data
[2.006s] running egg_info
[2.006s] writing ../build/cw1q5/cw1q5.egg-info/PKG-INFO
[2.006s] writing dependency_links to ../build/cw1q5/cw1q5.egg-info/dependency_links.txt
[2.008s] writing entry points to ../build/cw1q5/cw1q5.egg-info/entry_points.txt
[2.008s] writing requirements to ../build/cw1q5/cw1q5.egg-info/requires.txt
[2.008s] writing top-level names to ../build/cw1q5/cw1q5.egg-info/top_level.txt
[2.062s] reading manifest file '../build/cw1q5/cw1q5.egg-info/SOURCES.txt'
[2.064s] writing manifest file '../build/cw1q5/cw1q5.egg-info/SOURCES.txt'
[2.064s] running build
[2.064s] running build_py
[2.064s] copying cw1q5/cw1q5b_node.py -> /home/bizare/Desktop/Robotics_System/build/cw1q5/build/lib/cw1q5
[2.065s] running install
[2.066s] running install_lib
[2.067s] copying /home/bizare/Desktop/Robotics_System/build/cw1q5/build/lib/cw1q5/cw1q5b_node.py -> /home/bizare/Desktop/Robotics_System/install/cw1q5/lib/python3.8/site-packages/cw1q5
[2.069s] byte-compiling /home/bizare/Desktop/Robotics_System/install/cw1q5/lib/python3.8/site-packages/cw1q5/cw1q5b_node.py to cw1q5b_node.cpython-38.pyc
[2.071s] running install_data
[2.071s] running install_egg_info
[2.075s] removing '/home/bizare/Desktop/Robotics_System/install/cw1q5/lib/python3.8/site-packages/cw1q5-0.0.0-py3.8.egg-info' (and everything under it)
[2.075s] Copying ../build/cw1q5/cw1q5.egg-info to /home/bizare/Desktop/Robotics_System/install/cw1q5/lib/python3.8/site-packages/cw1q5-0.0.0-py3.8.egg-info
[2.078s] running install_scripts
[2.107s] Installing cw1q5b_node script to /home/bizare/Desktop/Robotics_System/install/cw1q5/lib/cw1q5
[2.108s] Installing cw1q5d_node script to /home/bizare/Desktop/Robotics_System/install/cw1q5/lib/cw1q5
[2.109s] writing list of installed files to '/home/bizare/Desktop/Robotics_System/build/cw1q5/install.log'
[2.158s] Invoked command in '/home/bizare/Desktop/Robotics_System/cw1q5' returned '0': PYTHONPATH=/home/bizare/Desktop/Robotics_System/build/cw1q5/prefix_override:/usr/lib/python3/dist-packages/colcon_core/task/python/colcon_distutils_commands:/home/bizare/Desktop/Robotics_System/install/cw1q5/lib/python3.8/site-packages:${PYTHONPATH} /usr/bin/python3 -W ignore:setup.py install is deprecated -W ignore:easy_install command is deprecated setup.py egg_info --egg-base ../build/cw1q5 build --build-base /home/bizare/Desktop/Robotics_System/build/cw1q5/build install --record /home/bizare/Desktop/Robotics_System/build/cw1q5/install.log --install-scripts $base/lib/cw1q5 --single-version-externally-managed install_data
