[0.064s] Invoking command in '/home/bizare/Desktop/Robotics_System/build/youbot_simulator': CMAKE_PREFIX_PATH=/home/bizare/Desktop/Robotics_System/install/cw1q5:/home/bizare/Desktop/Robotics_System/install/cw1q9:/home/bizare/Desktop/Robotics_System/install/cw1q4:/opt/ros/foxy:/home/bizare/Desktop/Robotics_System/install/youbot_description:/home/bizare/Desktop/Robotics_System/install/youbot_simulator:/home/bizare/Desktop/Robotics_System/install/open_manipulator_description:/home/bizare/Desktop/Robotics_System/install/cw1q4_interfaces /usr/bin/cmake --build /home/bizare/Desktop/Robotics_System/build/youbot_simulator -- -j8 -l8
[0.111s] Invoked command in '/home/bizare/Desktop/Robotics_System/build/youbot_simulator' returned '0': CMAKE_PREFIX_PATH=/home/bizare/Desktop/Robotics_System/install/cw1q5:/home/bizare/Desktop/Robotics_System/install/cw1q9:/home/bizare/Desktop/Robotics_System/install/cw1q4:/opt/ros/foxy:/home/bizare/Desktop/Robotics_System/install/youbot_description:/home/bizare/Desktop/Robotics_System/install/youbot_simulator:/home/bizare/Desktop/Robotics_System/install/open_manipulator_description:/home/bizare/Desktop/Robotics_System/install/cw1q4_interfaces /usr/bin/cmake --build /home/bizare/Desktop/Robotics_System/build/youbot_simulator -- -j8 -l8
[0.116s] Invoking command in '/home/bizare/Desktop/Robotics_System/build/youbot_simulator': CMAKE_PREFIX_PATH=/home/bizare/Desktop/Robotics_System/install/cw1q5:/home/bizare/Desktop/Robotics_System/install/cw1q9:/home/bizare/Desktop/Robotics_System/install/cw1q4:/opt/ros/foxy:/home/bizare/Desktop/Robotics_System/install/youbot_description:/home/bizare/Desktop/Robotics_System/install/youbot_simulator:/home/bizare/Desktop/Robotics_System/install/open_manipulator_description:/home/bizare/Desktop/Robotics_System/install/cw1q4_interfaces /usr/bin/cmake --install /home/bizare/Desktop/Robotics_System/build/youbot_simulator
[0.124s] -- Install configuration: ""
[0.125s] -- Up-to-date: /home/bizare/Desktop/Robotics_System/install/youbot_simulator/share/youbot_simulator/launch
[0.125s] -- Up-to-date: /home/bizare/Desktop/Robotics_System/install/youbot_simulator/share/youbot_simulator/launch/youbot_controller.launch.py
[0.125s] -- Up-to-date: /home/bizare/Desktop/Robotics_System/install/youbot_simulator/share/youbot_simulator/launch/youbot_sim.launch.py
[0.125s] -- Up-to-date: /home/bizare/Desktop/Robotics_System/install/youbot_simulator/share/youbot_simulator/config
[0.125s] -- Up-to-date: /home/bizare/Desktop/Robotics_System/install/youbot_simulator/share/youbot_simulator/config/youbot.rviz
[0.126s] -- Up-to-date: /home/bizare/Desktop/Robotics_System/install/youbot_simulator/share/youbot_simulator/config/youbot_control.yaml
[0.126s] -- Up-to-date: /home/bizare/Desktop/Robotics_System/install/youbot_simulator/share/ament_index/resource_index/package_run_dependencies/youbot_simulator
[0.126s] -- Up-to-date: /home/bizare/Desktop/Robotics_System/install/youbot_simulator/share/ament_index/resource_index/parent_prefix_path/youbot_simulator
[0.126s] -- Up-to-date: /home/bizare/Desktop/Robotics_System/install/youbot_simulator/share/youbot_simulator/environment/ament_prefix_path.sh
[0.126s] -- Up-to-date: /home/bizare/Desktop/Robotics_System/install/youbot_simulator/share/youbot_simulator/environment/ament_prefix_path.dsv
[0.126s] -- Up-to-date: /home/bizare/Desktop/Robotics_System/install/youbot_simulator/share/youbot_simulator/environment/path.sh
[0.126s] -- Up-to-date: /home/bizare/Desktop/Robotics_System/install/youbot_simulator/share/youbot_simulator/environment/path.dsv
[0.126s] -- Up-to-date: /home/bizare/Desktop/Robotics_System/install/youbot_simulator/share/youbot_simulator/local_setup.bash
[0.127s] -- Up-to-date: /home/bizare/Desktop/Robotics_System/install/youbot_simulator/share/youbot_simulator/local_setup.sh
[0.127s] -- Up-to-date: /home/bizare/Desktop/Robotics_System/install/youbot_simulator/share/youbot_simulator/local_setup.zsh
[0.127s] -- Up-to-date: /home/bizare/Desktop/Robotics_System/install/youbot_simulator/share/youbot_simulator/local_setup.dsv
[0.127s] -- Installing: /home/bizare/Desktop/Robotics_System/install/youbot_simulator/share/youbot_simulator/package.dsv
[0.127s] -- Up-to-date: /home/bizare/Desktop/Robotics_System/install/youbot_simulator/share/ament_index/resource_index/packages/youbot_simulator
[0.127s] -- Up-to-date: /home/bizare/Desktop/Robotics_System/install/youbot_simulator/share/youbot_simulator/cmake/youbot_simulatorConfig.cmake
[0.127s] -- Up-to-date: /home/bizare/Desktop/Robotics_System/install/youbot_simulator/share/youbot_simulator/cmake/youbot_simulatorConfig-version.cmake
[0.127s] -- Up-to-date: /home/bizare/Desktop/Robotics_System/install/youbot_simulator/share/youbot_simulator/package.xml
[0.129s] Invoked command in '/home/bizare/Desktop/Robotics_System/build/youbot_simulator' returned '0': CMAKE_PREFIX_PATH=/home/bizare/Desktop/Robotics_System/install/cw1q5:/home/bizare/Desktop/Robotics_System/install/cw1q9:/home/bizare/Desktop/Robotics_System/install/cw1q4:/opt/ros/foxy:/home/bizare/Desktop/Robotics_System/install/youbot_description:/home/bizare/Desktop/Robotics_System/install/youbot_simulator:/home/bizare/Desktop/Robotics_System/install/open_manipulator_description:/home/bizare/Desktop/Robotics_System/install/cw1q4_interfaces /usr/bin/cmake --install /home/bizare/Desktop/Robotics_System/build/youbot_simulator
