[0.159s] DEBUG:colcon:Command line arguments: ['/usr/bin/colcon', 'build']
[0.159s] DEBUG:colcon:Parsed command line arguments: Namespace(allow_overriding=[], ament_cmake_args=None, base_paths=['.'], build_base='build', catkin_cmake_args=None, catkin_skip_building_tests=False, cmake_args=None, cmake_clean_cache=False, cmake_clean_first=False, cmake_force_configure=False, cmake_target=None, cmake_target_skip_unavailable=False, continue_on_error=False, event_handlers=None, executor='parallel', ignore_user_meta=False, install_base='install', log_base=None, log_level=None, main=<bound method BuildVerb.main of <colcon_core.verb.build.BuildVerb object at 0x7fbe6082b580>>, merge_install=False, metas=['./colcon.meta'], packages_above=None, packages_above_and_dependencies=None, packages_above_depth=None, packages_end=None, packages_ignore=None, packages_ignore_regex=None, packages_select=None, packages_select_build_failed=False, packages_select_by_dep=None, packages_select_regex=None, packages_select_test_failures=False, packages_skip=None, packages_skip_build_finished=False, packages_skip_by_dep=None, packages_skip_regex=None, packages_skip_test_passed=False, packages_skip_up_to=None, packages_start=None, packages_up_to=None, packages_up_to_regex=None, parallel_workers=8, paths=None, symlink_install=False, test_result_base=None, verb_extension=<colcon_core.verb.build.BuildVerb object at 0x7fbe6082b580>, verb_name='build', verb_parser=<colcon_defaults.argument_parser.defaults.DefaultArgumentsDecorator object at 0x7fbe606f2730>)
[0.278s] Level 1:colcon.colcon_core.package_discovery:discover_packages(colcon_meta) check parameters
[0.278s] Level 1:colcon.colcon_core.package_discovery:discover_packages(recursive) check parameters
[0.278s] Level 1:colcon.colcon_core.package_discovery:discover_packages(ignore) check parameters
[0.278s] Level 1:colcon.colcon_core.package_discovery:discover_packages(path) check parameters
[0.278s] Level 1:colcon.colcon_core.package_discovery:discover_packages(colcon_meta) discover
[0.278s] Level 1:colcon.colcon_core.package_discovery:discover_packages(recursive) discover
[0.278s] INFO:colcon.colcon_core.package_discovery:Crawling recursively for packages in '/home/bizare/Desktop/MPHY0054_lab/cw1'
[0.278s] Level 1:colcon.colcon_core.package_identification:_identify(.) by extensions ['ignore', 'ignore_ament_install']
[0.279s] Level 1:colcon.colcon_core.package_identification:_identify(.) by extension 'ignore'
[0.279s] Level 1:colcon.colcon_core.package_identification:_identify(.) by extension 'ignore_ament_install'
[0.279s] Level 1:colcon.colcon_core.package_identification:_identify(.) by extensions ['colcon_pkg']
[0.279s] Level 1:colcon.colcon_core.package_identification:_identify(.) by extension 'colcon_pkg'
[0.279s] Level 1:colcon.colcon_core.package_identification:_identify(.) by extensions ['colcon_meta']
[0.279s] Level 1:colcon.colcon_core.package_identification:_identify(.) by extension 'colcon_meta'
[0.279s] Level 1:colcon.colcon_core.package_identification:_identify(.) by extensions ['ros']
[0.279s] Level 1:colcon.colcon_core.package_identification:_identify(.) by extension 'ros'
[0.287s] Level 1:colcon.colcon_core.package_identification:_identify(.) by extensions ['cmake', 'python']
[0.288s] Level 1:colcon.colcon_core.package_identification:_identify(.) by extension 'cmake'
[0.288s] Level 1:colcon.colcon_core.package_identification:_identify(.) by extension 'python'
[0.288s] Level 1:colcon.colcon_core.package_identification:_identify(.) by extensions ['python_setup_py']
[0.288s] Level 1:colcon.colcon_core.package_identification:_identify(.) by extension 'python_setup_py'
[0.288s] Level 1:colcon.colcon_core.package_identification:_identify(build) by extensions ['ignore', 'ignore_ament_install']
[0.288s] Level 1:colcon.colcon_core.package_identification:_identify(build) by extension 'ignore'
[0.288s] Level 1:colcon.colcon_core.package_identification:_identify(build) ignored
[0.288s] Level 1:colcon.colcon_core.package_identification:_identify(cw1q4) by extensions ['ignore', 'ignore_ament_install']
[0.288s] Level 1:colcon.colcon_core.package_identification:_identify(cw1q4) by extension 'ignore'
[0.288s] Level 1:colcon.colcon_core.package_identification:_identify(cw1q4) by extension 'ignore_ament_install'
[0.288s] Level 1:colcon.colcon_core.package_identification:_identify(cw1q4) by extensions ['colcon_pkg']
[0.288s] Level 1:colcon.colcon_core.package_identification:_identify(cw1q4) by extension 'colcon_pkg'
[0.288s] Level 1:colcon.colcon_core.package_identification:_identify(cw1q4) by extensions ['colcon_meta']
[0.288s] Level 1:colcon.colcon_core.package_identification:_identify(cw1q4) by extension 'colcon_meta'
[0.288s] Level 1:colcon.colcon_core.package_identification:_identify(cw1q4) by extensions ['ros']
[0.288s] Level 1:colcon.colcon_core.package_identification:_identify(cw1q4) by extension 'ros'
[0.290s] DEBUG:colcon.colcon_core.package_identification:Package 'cw1q4' with type 'ros.ament_python' and name 'cw1q4'
[0.291s] Level 1:colcon.colcon_core.package_identification:_identify(cw1q4_interfaces) by extensions ['ignore', 'ignore_ament_install']
[0.291s] Level 1:colcon.colcon_core.package_identification:_identify(cw1q4_interfaces) by extension 'ignore'
[0.291s] Level 1:colcon.colcon_core.package_identification:_identify(cw1q4_interfaces) by extension 'ignore_ament_install'
[0.291s] Level 1:colcon.colcon_core.package_identification:_identify(cw1q4_interfaces) by extensions ['colcon_pkg']
[0.291s] Level 1:colcon.colcon_core.package_identification:_identify(cw1q4_interfaces) by extension 'colcon_pkg'
[0.291s] Level 1:colcon.colcon_core.package_identification:_identify(cw1q4_interfaces) by extensions ['colcon_meta']
[0.291s] Level 1:colcon.colcon_core.package_identification:_identify(cw1q4_interfaces) by extension 'colcon_meta'
[0.291s] Level 1:colcon.colcon_core.package_identification:_identify(cw1q4_interfaces) by extensions ['ros']
[0.291s] Level 1:colcon.colcon_core.package_identification:_identify(cw1q4_interfaces) by extension 'ros'
[0.291s] DEBUG:colcon.colcon_core.package_identification:Package 'cw1q4_interfaces' with type 'ros.ament_cmake' and name 'cw1q4_interfaces'
[0.292s] Level 1:colcon.colcon_core.package_identification:_identify(cw1q5) by extensions ['ignore', 'ignore_ament_install']
[0.292s] Level 1:colcon.colcon_core.package_identification:_identify(cw1q5) by extension 'ignore'
[0.292s] Level 1:colcon.colcon_core.package_identification:_identify(cw1q5) by extension 'ignore_ament_install'
[0.292s] Level 1:colcon.colcon_core.package_identification:_identify(cw1q5) by extensions ['colcon_pkg']
[0.292s] Level 1:colcon.colcon_core.package_identification:_identify(cw1q5) by extension 'colcon_pkg'
[0.292s] Level 1:colcon.colcon_core.package_identification:_identify(cw1q5) by extensions ['colcon_meta']
[0.292s] Level 1:colcon.colcon_core.package_identification:_identify(cw1q5) by extension 'colcon_meta'
[0.292s] Level 1:colcon.colcon_core.package_identification:_identify(cw1q5) by extensions ['ros']
[0.292s] Level 1:colcon.colcon_core.package_identification:_identify(cw1q5) by extension 'ros'
[0.292s] DEBUG:colcon.colcon_core.package_identification:Package 'cw1q5' with type 'ros.ament_python' and name 'cw1q5'
[0.292s] Level 1:colcon.colcon_core.package_identification:_identify(cw1q9) by extensions ['ignore', 'ignore_ament_install']
[0.293s] Level 1:colcon.colcon_core.package_identification:_identify(cw1q9) by extension 'ignore'
[0.293s] Level 1:colcon.colcon_core.package_identification:_identify(cw1q9) by extension 'ignore_ament_install'
[0.293s] Level 1:colcon.colcon_core.package_identification:_identify(cw1q9) by extensions ['colcon_pkg']
[0.293s] Level 1:colcon.colcon_core.package_identification:_identify(cw1q9) by extension 'colcon_pkg'
[0.293s] Level 1:colcon.colcon_core.package_identification:_identify(cw1q9) by extensions ['colcon_meta']
[0.293s] Level 1:colcon.colcon_core.package_identification:_identify(cw1q9) by extension 'colcon_meta'
[0.293s] Level 1:colcon.colcon_core.package_identification:_identify(cw1q9) by extensions ['ros']
[0.293s] Level 1:colcon.colcon_core.package_identification:_identify(cw1q9) by extension 'ros'
[0.294s] DEBUG:colcon.colcon_core.package_identification:Package 'cw1q9' with type 'ros.ament_python' and name 'cw1q9'
[0.294s] Level 1:colcon.colcon_core.package_identification:_identify(install) by extensions ['ignore', 'ignore_ament_install']
[0.294s] Level 1:colcon.colcon_core.package_identification:_identify(install) by extension 'ignore'
[0.294s] Level 1:colcon.colcon_core.package_identification:_identify(install) ignored
[0.294s] Level 1:colcon.colcon_core.package_identification:_identify(log) by extensions ['ignore', 'ignore_ament_install']
[0.294s] Level 1:colcon.colcon_core.package_identification:_identify(log) by extension 'ignore'
[0.294s] Level 1:colcon.colcon_core.package_identification:_identify(log) ignored
[0.294s] Level 1:colcon.colcon_core.package_discovery:discover_packages(recursive) using defaults
[0.294s] Level 1:colcon.colcon_core.package_discovery:discover_packages(ignore) discover
[0.294s] Level 1:colcon.colcon_core.package_discovery:discover_packages(ignore) using defaults
[0.294s] Level 1:colcon.colcon_core.package_discovery:discover_packages(path) discover
[0.294s] Level 1:colcon.colcon_core.package_discovery:discover_packages(path) using defaults
[0.307s] Level 1:colcon.colcon_core.package_discovery:discover_packages(prefix_path) check parameters
[0.307s] Level 1:colcon.colcon_core.package_discovery:discover_packages(prefix_path) discover
[0.309s] DEBUG:colcon.colcon_installed_package_information.package_discovery:Found 4 installed packages in /home/bizare/Desktop/MPHY0054_lab/cw1/install
[0.310s] DEBUG:colcon.colcon_installed_package_information.package_discovery:Found 266 installed packages in /opt/ros/foxy
[0.311s] Level 1:colcon.colcon_core.package_discovery:discover_packages(prefix_path) using defaults
[0.366s] Level 5:colcon.colcon_core.verb:set package 'cw1q4' build argument 'cmake_args' from command line to 'None'
[0.366s] Level 5:colcon.colcon_core.verb:set package 'cw1q4' build argument 'cmake_target' from command line to 'None'
[0.366s] Level 5:colcon.colcon_core.verb:set package 'cw1q4' build argument 'cmake_target_skip_unavailable' from command line to 'False'
[0.366s] Level 5:colcon.colcon_core.verb:set package 'cw1q4' build argument 'cmake_clean_cache' from command line to 'False'
[0.366s] Level 5:colcon.colcon_core.verb:set package 'cw1q4' build argument 'cmake_clean_first' from command line to 'False'
[0.366s] Level 5:colcon.colcon_core.verb:set package 'cw1q4' build argument 'cmake_force_configure' from command line to 'False'
[0.366s] Level 5:colcon.colcon_core.verb:set package 'cw1q4' build argument 'ament_cmake_args' from command line to 'None'
[0.366s] Level 5:colcon.colcon_core.verb:set package 'cw1q4' build argument 'catkin_cmake_args' from command line to 'None'
[0.366s] Level 5:colcon.colcon_core.verb:set package 'cw1q4' build argument 'catkin_skip_building_tests' from command line to 'False'
[0.366s] DEBUG:colcon.colcon_core.verb:Building package 'cw1q4' with the following arguments: {'ament_cmake_args': None, 'build_base': '/home/bizare/Desktop/MPHY0054_lab/cw1/build/cw1q4', 'catkin_cmake_args': None, 'catkin_skip_building_tests': False, 'cmake_args': None, 'cmake_clean_cache': False, 'cmake_clean_first': False, 'cmake_force_configure': False, 'cmake_target': None, 'cmake_target_skip_unavailable': False, 'install_base': '/home/bizare/Desktop/MPHY0054_lab/cw1/install/cw1q4', 'merge_install': False, 'path': '/home/bizare/Desktop/MPHY0054_lab/cw1/cw1q4', 'symlink_install': False, 'test_result_base': None}
[0.366s] Level 5:colcon.colcon_core.verb:set package 'cw1q4_interfaces' build argument 'cmake_args' from command line to 'None'
[0.366s] Level 5:colcon.colcon_core.verb:set package 'cw1q4_interfaces' build argument 'cmake_target' from command line to 'None'
[0.366s] Level 5:colcon.colcon_core.verb:set package 'cw1q4_interfaces' build argument 'cmake_target_skip_unavailable' from command line to 'False'
[0.366s] Level 5:colcon.colcon_core.verb:set package 'cw1q4_interfaces' build argument 'cmake_clean_cache' from command line to 'False'
[0.366s] Level 5:colcon.colcon_core.verb:set package 'cw1q4_interfaces' build argument 'cmake_clean_first' from command line to 'False'
[0.366s] Level 5:colcon.colcon_core.verb:set package 'cw1q4_interfaces' build argument 'cmake_force_configure' from command line to 'False'
[0.366s] Level 5:colcon.colcon_core.verb:set package 'cw1q4_interfaces' build argument 'ament_cmake_args' from command line to 'None'
[0.366s] Level 5:colcon.colcon_core.verb:set package 'cw1q4_interfaces' build argument 'catkin_cmake_args' from command line to 'None'
[0.366s] Level 5:colcon.colcon_core.verb:set package 'cw1q4_interfaces' build argument 'catkin_skip_building_tests' from command line to 'False'
[0.366s] DEBUG:colcon.colcon_core.verb:Building package 'cw1q4_interfaces' with the following arguments: {'ament_cmake_args': None, 'build_base': '/home/bizare/Desktop/MPHY0054_lab/cw1/build/cw1q4_interfaces', 'catkin_cmake_args': None, 'catkin_skip_building_tests': False, 'cmake_args': None, 'cmake_clean_cache': False, 'cmake_clean_first': False, 'cmake_force_configure': False, 'cmake_target': None, 'cmake_target_skip_unavailable': False, 'install_base': '/home/bizare/Desktop/MPHY0054_lab/cw1/install/cw1q4_interfaces', 'merge_install': False, 'path': '/home/bizare/Desktop/MPHY0054_lab/cw1/cw1q4_interfaces', 'symlink_install': False, 'test_result_base': None}
[0.367s] Level 5:colcon.colcon_core.verb:set package 'cw1q5' build argument 'cmake_args' from command line to 'None'
[0.367s] Level 5:colcon.colcon_core.verb:set package 'cw1q5' build argument 'cmake_target' from command line to 'None'
[0.367s] Level 5:colcon.colcon_core.verb:set package 'cw1q5' build argument 'cmake_target_skip_unavailable' from command line to 'False'
[0.367s] Level 5:colcon.colcon_core.verb:set package 'cw1q5' build argument 'cmake_clean_cache' from command line to 'False'
[0.367s] Level 5:colcon.colcon_core.verb:set package 'cw1q5' build argument 'cmake_clean_first' from command line to 'False'
[0.367s] Level 5:colcon.colcon_core.verb:set package 'cw1q5' build argument 'cmake_force_configure' from command line to 'False'
[0.367s] Level 5:colcon.colcon_core.verb:set package 'cw1q5' build argument 'ament_cmake_args' from command line to 'None'
[0.367s] Level 5:colcon.colcon_core.verb:set package 'cw1q5' build argument 'catkin_cmake_args' from command line to 'None'
[0.367s] Level 5:colcon.colcon_core.verb:set package 'cw1q5' build argument 'catkin_skip_building_tests' from command line to 'False'
[0.367s] DEBUG:colcon.colcon_core.verb:Building package 'cw1q5' with the following arguments: {'ament_cmake_args': None, 'build_base': '/home/bizare/Desktop/MPHY0054_lab/cw1/build/cw1q5', 'catkin_cmake_args': None, 'catkin_skip_building_tests': False, 'cmake_args': None, 'cmake_clean_cache': False, 'cmake_clean_first': False, 'cmake_force_configure': False, 'cmake_target': None, 'cmake_target_skip_unavailable': False, 'install_base': '/home/bizare/Desktop/MPHY0054_lab/cw1/install/cw1q5', 'merge_install': False, 'path': '/home/bizare/Desktop/MPHY0054_lab/cw1/cw1q5', 'symlink_install': False, 'test_result_base': None}
[0.367s] Level 5:colcon.colcon_core.verb:set package 'cw1q9' build argument 'cmake_args' from command line to 'None'
[0.367s] Level 5:colcon.colcon_core.verb:set package 'cw1q9' build argument 'cmake_target' from command line to 'None'
[0.367s] Level 5:colcon.colcon_core.verb:set package 'cw1q9' build argument 'cmake_target_skip_unavailable' from command line to 'False'
[0.367s] Level 5:colcon.colcon_core.verb:set package 'cw1q9' build argument 'cmake_clean_cache' from command line to 'False'
[0.367s] Level 5:colcon.colcon_core.verb:set package 'cw1q9' build argument 'cmake_clean_first' from command line to 'False'
[0.367s] Level 5:colcon.colcon_core.verb:set package 'cw1q9' build argument 'cmake_force_configure' from command line to 'False'
[0.367s] Level 5:colcon.colcon_core.verb:set package 'cw1q9' build argument 'ament_cmake_args' from command line to 'None'
[0.367s] Level 5:colcon.colcon_core.verb:set package 'cw1q9' build argument 'catkin_cmake_args' from command line to 'None'
[0.367s] Level 5:colcon.colcon_core.verb:set package 'cw1q9' build argument 'catkin_skip_building_tests' from command line to 'False'
[0.368s] DEBUG:colcon.colcon_core.verb:Building package 'cw1q9' with the following arguments: {'ament_cmake_args': None, 'build_base': '/home/bizare/Desktop/MPHY0054_lab/cw1/build/cw1q9', 'catkin_cmake_args': None, 'catkin_skip_building_tests': False, 'cmake_args': None, 'cmake_clean_cache': False, 'cmake_clean_first': False, 'cmake_force_configure': False, 'cmake_target': None, 'cmake_target_skip_unavailable': False, 'install_base': '/home/bizare/Desktop/MPHY0054_lab/cw1/install/cw1q9', 'merge_install': False, 'path': '/home/bizare/Desktop/MPHY0054_lab/cw1/cw1q9', 'symlink_install': False, 'test_result_base': None}
[0.368s] INFO:colcon.colcon_core.executor:Executing jobs using 'parallel' executor
[0.368s] DEBUG:colcon.colcon_parallel_executor.executor.parallel:run_until_complete
[0.369s] INFO:colcon.colcon_ros.task.ament_python.build:Building ROS package in '/home/bizare/Desktop/MPHY0054_lab/cw1/cw1q4' with build type 'ament_python'
[0.369s] Level 1:colcon.colcon_core.shell:create_environment_hook('cw1q4', 'ament_prefix_path')
[0.372s] INFO:colcon.colcon_core.plugin_system:Skipping extension 'colcon_core.shell.bat': Not used on non-Windows systems
[0.372s] INFO:colcon.colcon_core.shell:Creating environment hook '/home/bizare/Desktop/MPHY0054_lab/cw1/install/cw1q4/share/cw1q4/hook/ament_prefix_path.ps1'
[0.373s] INFO:colcon.colcon_core.shell:Creating environment descriptor '/home/bizare/Desktop/MPHY0054_lab/cw1/install/cw1q4/share/cw1q4/hook/ament_prefix_path.dsv'
[0.373s] INFO:colcon.colcon_core.shell:Creating environment hook '/home/bizare/Desktop/MPHY0054_lab/cw1/install/cw1q4/share/cw1q4/hook/ament_prefix_path.sh'
[0.374s] INFO:colcon.colcon_core.shell:Skip shell extension 'powershell' for command environment: Not usable outside of PowerShell
[0.374s] DEBUG:colcon.colcon_core.shell:Skip shell extension 'dsv' for command environment
[0.379s] INFO:colcon.colcon_ros.task.ament_cmake.build:Building ROS package in '/home/bizare/Desktop/MPHY0054_lab/cw1/cw1q4_interfaces' with build type 'ament_cmake'
[0.379s] INFO:colcon.colcon_cmake.task.cmake.build:Building CMake package in '/home/bizare/Desktop/MPHY0054_lab/cw1/cw1q4_interfaces'
[0.380s] INFO:colcon.colcon_core.shell:Skip shell extension 'powershell' for command environment: Not usable outside of PowerShell
[0.380s] DEBUG:colcon.colcon_core.shell:Skip shell extension 'dsv' for command environment
[0.385s] INFO:colcon.colcon_ros.task.ament_python.build:Building ROS package in '/home/bizare/Desktop/MPHY0054_lab/cw1/cw1q5' with build type 'ament_python'
[0.385s] Level 1:colcon.colcon_core.shell:create_environment_hook('cw1q5', 'ament_prefix_path')
[0.385s] INFO:colcon.colcon_core.shell:Creating environment hook '/home/bizare/Desktop/MPHY0054_lab/cw1/install/cw1q5/share/cw1q5/hook/ament_prefix_path.ps1'
[0.387s] INFO:colcon.colcon_core.shell:Creating environment descriptor '/home/bizare/Desktop/MPHY0054_lab/cw1/install/cw1q5/share/cw1q5/hook/ament_prefix_path.dsv'
[0.388s] INFO:colcon.colcon_core.shell:Creating environment hook '/home/bizare/Desktop/MPHY0054_lab/cw1/install/cw1q5/share/cw1q5/hook/ament_prefix_path.sh'
[0.388s] INFO:colcon.colcon_core.shell:Skip shell extension 'powershell' for command environment: Not usable outside of PowerShell
[0.389s] DEBUG:colcon.colcon_core.shell:Skip shell extension 'dsv' for command environment
[0.393s] INFO:colcon.colcon_ros.task.ament_python.build:Building ROS package in '/home/bizare/Desktop/MPHY0054_lab/cw1/cw1q9' with build type 'ament_python'
[0.394s] Level 1:colcon.colcon_core.shell:create_environment_hook('cw1q9', 'ament_prefix_path')
[0.394s] INFO:colcon.colcon_core.shell:Creating environment hook '/home/bizare/Desktop/MPHY0054_lab/cw1/install/cw1q9/share/cw1q9/hook/ament_prefix_path.ps1'
[0.396s] INFO:colcon.colcon_core.shell:Creating environment descriptor '/home/bizare/Desktop/MPHY0054_lab/cw1/install/cw1q9/share/cw1q9/hook/ament_prefix_path.dsv'
[0.396s] INFO:colcon.colcon_core.shell:Creating environment hook '/home/bizare/Desktop/MPHY0054_lab/cw1/install/cw1q9/share/cw1q9/hook/ament_prefix_path.sh'
[0.397s] INFO:colcon.colcon_core.shell:Skip shell extension 'powershell' for command environment: Not usable outside of PowerShell
[0.397s] DEBUG:colcon.colcon_core.shell:Skip shell extension 'dsv' for command environment
[0.594s] INFO:colcon.colcon_core.task.python.build:Building Python package in '/home/bizare/Desktop/MPHY0054_lab/cw1/cw1q4'
[0.594s] INFO:colcon.colcon_core.shell:Skip shell extension 'powershell' for command environment: Not usable outside of PowerShell
[0.594s] DEBUG:colcon.colcon_core.shell:Skip shell extension 'dsv' for command environment
[0.607s] DEBUG:colcon.colcon_core.event_handler.log_command:Invoking command in '/home/bizare/Desktop/MPHY0054_lab/cw1/build/cw1q4_interfaces': CMAKE_PREFIX_PATH=${CMAKE_PREFIX_PATH}:/home/bizare/Desktop/MPHY0054_lab/cw1/install/cw1q9:/home/bizare/Desktop/MPHY0054_lab/cw1/install/cw1q5:/home/bizare/Desktop/MPHY0054_lab/cw1/install/cw1q4:/opt/ros/foxy /usr/bin/cmake --build /home/bizare/Desktop/MPHY0054_lab/cw1/build/cw1q4_interfaces -- -j8 -l8
[0.807s] INFO:colcon.colcon_core.task.python.build:Building Python package in '/home/bizare/Desktop/MPHY0054_lab/cw1/cw1q5'
[0.808s] INFO:colcon.colcon_core.shell:Skip shell extension 'powershell' for command environment: Not usable outside of PowerShell
[0.808s] DEBUG:colcon.colcon_core.shell:Skip shell extension 'dsv' for command environment
[1.023s] INFO:colcon.colcon_core.task.python.build:Building Python package in '/home/bizare/Desktop/MPHY0054_lab/cw1/cw1q9'
[1.024s] INFO:colcon.colcon_core.shell:Skip shell extension 'powershell' for command environment: Not usable outside of PowerShell
[1.024s] DEBUG:colcon.colcon_core.shell:Skip shell extension 'dsv' for command environment
[1.430s] DEBUG:colcon.colcon_core.event_handler.log_command:Invoking command in '/home/bizare/Desktop/MPHY0054_lab/cw1/cw1q5': PYTHONPATH=/home/bizare/Desktop/MPHY0054_lab/cw1/build/cw1q5/prefix_override:/usr/lib/python3/dist-packages/colcon_core/task/python/colcon_distutils_commands:/home/bizare/Desktop/MPHY0054_lab/cw1/install/cw1q5/lib/python3.8/site-packages:${PYTHONPATH} /usr/bin/python3 -W ignore:setup.py install is deprecated -W ignore:easy_install command is deprecated setup.py egg_info --egg-base ../build/cw1q5 build --build-base /home/bizare/Desktop/MPHY0054_lab/cw1/build/cw1q5/build install --record /home/bizare/Desktop/MPHY0054_lab/cw1/build/cw1q5/install.log --install-scripts $base/lib/cw1q5 --single-version-externally-managed install_data
[1.447s] DEBUG:colcon.colcon_core.event_handler.log_command:Invoking command in '/home/bizare/Desktop/MPHY0054_lab/cw1/cw1q4': PYTHONPATH=/home/bizare/Desktop/MPHY0054_lab/cw1/build/cw1q4/prefix_override:/usr/lib/python3/dist-packages/colcon_core/task/python/colcon_distutils_commands:/home/bizare/Desktop/MPHY0054_lab/cw1/install/cw1q4/lib/python3.8/site-packages:${PYTHONPATH} /usr/bin/python3 -W ignore:setup.py install is deprecated -W ignore:easy_install command is deprecated setup.py egg_info --egg-base ../build/cw1q4 build --build-base /home/bizare/Desktop/MPHY0054_lab/cw1/build/cw1q4/build install --record /home/bizare/Desktop/MPHY0054_lab/cw1/build/cw1q4/install.log --install-scripts $base/lib/cw1q4 --single-version-externally-managed install_data
[1.462s] DEBUG:colcon.colcon_core.event_handler.log_command:Invoking command in '/home/bizare/Desktop/MPHY0054_lab/cw1/cw1q9': PYTHONPATH=/home/bizare/Desktop/MPHY0054_lab/cw1/build/cw1q9/prefix_override:/usr/lib/python3/dist-packages/colcon_core/task/python/colcon_distutils_commands:/home/bizare/Desktop/MPHY0054_lab/cw1/install/cw1q9/lib/python3.8/site-packages:${PYTHONPATH} /usr/bin/python3 -W ignore:setup.py install is deprecated -W ignore:easy_install command is deprecated setup.py egg_info --egg-base ../build/cw1q9 build --build-base /home/bizare/Desktop/MPHY0054_lab/cw1/build/cw1q9/build install --record /home/bizare/Desktop/MPHY0054_lab/cw1/build/cw1q9/install.log --install-scripts $base/lib/cw1q9 --single-version-externally-managed install_data
[1.756s] Level 1:colcon.colcon_core.environment:checking '/home/bizare/Desktop/MPHY0054_lab/cw1/install/cw1q4' for CMake module files
[1.757s] Level 1:colcon.colcon_core.environment:checking '/home/bizare/Desktop/MPHY0054_lab/cw1/install/cw1q4' for CMake config files
[1.758s] Level 1:colcon.colcon_core.environment:checking '/home/bizare/Desktop/MPHY0054_lab/cw1/install/cw1q4/lib'
[1.758s] Level 1:colcon.colcon_core.environment:checking '/home/bizare/Desktop/MPHY0054_lab/cw1/install/cw1q4/bin'
[1.758s] Level 1:colcon.colcon_core.environment:checking '/home/bizare/Desktop/MPHY0054_lab/cw1/install/cw1q4/lib/pkgconfig/cw1q4.pc'
[1.759s] Level 1:colcon.colcon_core.environment:checking '/home/bizare/Desktop/MPHY0054_lab/cw1/install/cw1q4/lib/python3.8/site-packages'
[1.759s] DEBUG:colcon.colcon_core.event_handler.log_command:Invoked command in '/home/bizare/Desktop/MPHY0054_lab/cw1/cw1q4' returned '0': PYTHONPATH=/home/bizare/Desktop/MPHY0054_lab/cw1/build/cw1q4/prefix_override:/usr/lib/python3/dist-packages/colcon_core/task/python/colcon_distutils_commands:/home/bizare/Desktop/MPHY0054_lab/cw1/install/cw1q4/lib/python3.8/site-packages:${PYTHONPATH} /usr/bin/python3 -W ignore:setup.py install is deprecated -W ignore:easy_install command is deprecated setup.py egg_info --egg-base ../build/cw1q4 build --build-base /home/bizare/Desktop/MPHY0054_lab/cw1/build/cw1q4/build install --record /home/bizare/Desktop/MPHY0054_lab/cw1/build/cw1q4/install.log --install-scripts $base/lib/cw1q4 --single-version-externally-managed install_data
[1.760s] Level 1:colcon.colcon_core.shell:create_environment_hook('cw1q4', 'pythonpath')
[1.760s] INFO:colcon.colcon_core.shell:Creating environment hook '/home/bizare/Desktop/MPHY0054_lab/cw1/install/cw1q4/share/cw1q4/hook/pythonpath.ps1'
[1.762s] INFO:colcon.colcon_core.shell:Creating environment descriptor '/home/bizare/Desktop/MPHY0054_lab/cw1/install/cw1q4/share/cw1q4/hook/pythonpath.dsv'
[1.763s] INFO:colcon.colcon_core.shell:Creating environment hook '/home/bizare/Desktop/MPHY0054_lab/cw1/install/cw1q4/share/cw1q4/hook/pythonpath.sh'
[1.764s] Level 1:colcon.colcon_core.environment:checking '/home/bizare/Desktop/MPHY0054_lab/cw1/install/cw1q4/bin'
[1.764s] Level 1:colcon.colcon_core.environment:create_environment_scripts_only(cw1q4)
[1.764s] INFO:colcon.colcon_core.shell:Creating package script '/home/bizare/Desktop/MPHY0054_lab/cw1/install/cw1q4/share/cw1q4/package.ps1'
[1.766s] INFO:colcon.colcon_core.shell:Creating package descriptor '/home/bizare/Desktop/MPHY0054_lab/cw1/install/cw1q4/share/cw1q4/package.dsv'
[1.766s] INFO:colcon.colcon_core.shell:Creating package script '/home/bizare/Desktop/MPHY0054_lab/cw1/install/cw1q4/share/cw1q4/package.sh'
[1.767s] INFO:colcon.colcon_core.shell:Creating package script '/home/bizare/Desktop/MPHY0054_lab/cw1/install/cw1q4/share/cw1q4/package.bash'
[1.769s] INFO:colcon.colcon_core.shell:Creating package script '/home/bizare/Desktop/MPHY0054_lab/cw1/install/cw1q4/share/cw1q4/package.zsh'
[1.770s] Level 1:colcon.colcon_core.environment:create_file_with_runtime_dependencies(/home/bizare/Desktop/MPHY0054_lab/cw1/install/cw1q4/share/colcon-core/packages/cw1q4)
[1.772s] Level 1:colcon.colcon_core.environment:checking '/home/bizare/Desktop/MPHY0054_lab/cw1/install/cw1q5' for CMake module files
[1.773s] DEBUG:colcon.colcon_core.event_handler.log_command:Invoked command in '/home/bizare/Desktop/MPHY0054_lab/cw1/cw1q5' returned '0': PYTHONPATH=/home/bizare/Desktop/MPHY0054_lab/cw1/build/cw1q5/prefix_override:/usr/lib/python3/dist-packages/colcon_core/task/python/colcon_distutils_commands:/home/bizare/Desktop/MPHY0054_lab/cw1/install/cw1q5/lib/python3.8/site-packages:${PYTHONPATH} /usr/bin/python3 -W ignore:setup.py install is deprecated -W ignore:easy_install command is deprecated setup.py egg_info --egg-base ../build/cw1q5 build --build-base /home/bizare/Desktop/MPHY0054_lab/cw1/build/cw1q5/build install --record /home/bizare/Desktop/MPHY0054_lab/cw1/build/cw1q5/install.log --install-scripts $base/lib/cw1q5 --single-version-externally-managed install_data
[1.773s] Level 1:colcon.colcon_core.environment:checking '/home/bizare/Desktop/MPHY0054_lab/cw1/install/cw1q5' for CMake config files
[1.773s] Level 1:colcon.colcon_core.environment:checking '/home/bizare/Desktop/MPHY0054_lab/cw1/install/cw1q5/lib'
[1.774s] Level 1:colcon.colcon_core.environment:checking '/home/bizare/Desktop/MPHY0054_lab/cw1/install/cw1q5/bin'
[1.774s] Level 1:colcon.colcon_core.environment:checking '/home/bizare/Desktop/MPHY0054_lab/cw1/install/cw1q5/lib/pkgconfig/cw1q5.pc'
[1.774s] Level 1:colcon.colcon_core.environment:checking '/home/bizare/Desktop/MPHY0054_lab/cw1/install/cw1q5/lib/python3.8/site-packages'
[1.774s] Level 1:colcon.colcon_core.shell:create_environment_hook('cw1q5', 'pythonpath')
[1.774s] INFO:colcon.colcon_core.shell:Creating environment hook '/home/bizare/Desktop/MPHY0054_lab/cw1/install/cw1q5/share/cw1q5/hook/pythonpath.ps1'
[1.775s] INFO:colcon.colcon_core.shell:Creating environment descriptor '/home/bizare/Desktop/MPHY0054_lab/cw1/install/cw1q5/share/cw1q5/hook/pythonpath.dsv'
[1.775s] INFO:colcon.colcon_core.shell:Creating environment hook '/home/bizare/Desktop/MPHY0054_lab/cw1/install/cw1q5/share/cw1q5/hook/pythonpath.sh'
[1.776s] Level 1:colcon.colcon_core.environment:checking '/home/bizare/Desktop/MPHY0054_lab/cw1/install/cw1q5/bin'
[1.776s] Level 1:colcon.colcon_core.environment:create_environment_scripts_only(cw1q5)
[1.776s] INFO:colcon.colcon_core.shell:Creating package script '/home/bizare/Desktop/MPHY0054_lab/cw1/install/cw1q5/share/cw1q5/package.ps1'
[1.777s] INFO:colcon.colcon_core.shell:Creating package descriptor '/home/bizare/Desktop/MPHY0054_lab/cw1/install/cw1q5/share/cw1q5/package.dsv'
[1.777s] INFO:colcon.colcon_core.shell:Creating package script '/home/bizare/Desktop/MPHY0054_lab/cw1/install/cw1q5/share/cw1q5/package.sh'
[1.778s] INFO:colcon.colcon_core.shell:Creating package script '/home/bizare/Desktop/MPHY0054_lab/cw1/install/cw1q5/share/cw1q5/package.bash'
[1.779s] INFO:colcon.colcon_core.shell:Creating package script '/home/bizare/Desktop/MPHY0054_lab/cw1/install/cw1q5/share/cw1q5/package.zsh'
[1.779s] Level 1:colcon.colcon_core.environment:create_file_with_runtime_dependencies(/home/bizare/Desktop/MPHY0054_lab/cw1/install/cw1q5/share/colcon-core/packages/cw1q5)
[1.808s] Level 1:colcon.colcon_core.environment:checking '/home/bizare/Desktop/MPHY0054_lab/cw1/install/cw1q9' for CMake module files
[1.809s] Level 1:colcon.colcon_core.environment:checking '/home/bizare/Desktop/MPHY0054_lab/cw1/install/cw1q9' for CMake config files
[1.810s] Level 1:colcon.colcon_core.environment:checking '/home/bizare/Desktop/MPHY0054_lab/cw1/install/cw1q9/lib'
[1.810s] DEBUG:colcon.colcon_core.event_handler.log_command:Invoked command in '/home/bizare/Desktop/MPHY0054_lab/cw1/cw1q9' returned '0': PYTHONPATH=/home/bizare/Desktop/MPHY0054_lab/cw1/build/cw1q9/prefix_override:/usr/lib/python3/dist-packages/colcon_core/task/python/colcon_distutils_commands:/home/bizare/Desktop/MPHY0054_lab/cw1/install/cw1q9/lib/python3.8/site-packages:${PYTHONPATH} /usr/bin/python3 -W ignore:setup.py install is deprecated -W ignore:easy_install command is deprecated setup.py egg_info --egg-base ../build/cw1q9 build --build-base /home/bizare/Desktop/MPHY0054_lab/cw1/build/cw1q9/build install --record /home/bizare/Desktop/MPHY0054_lab/cw1/build/cw1q9/install.log --install-scripts $base/lib/cw1q9 --single-version-externally-managed install_data
[1.811s] Level 1:colcon.colcon_core.environment:checking '/home/bizare/Desktop/MPHY0054_lab/cw1/install/cw1q9/bin'
[1.811s] Level 1:colcon.colcon_core.environment:checking '/home/bizare/Desktop/MPHY0054_lab/cw1/install/cw1q9/lib/pkgconfig/cw1q9.pc'
[1.811s] Level 1:colcon.colcon_core.environment:checking '/home/bizare/Desktop/MPHY0054_lab/cw1/install/cw1q9/lib/python3.8/site-packages'
[1.811s] Level 1:colcon.colcon_core.shell:create_environment_hook('cw1q9', 'pythonpath')
[1.811s] INFO:colcon.colcon_core.shell:Creating environment hook '/home/bizare/Desktop/MPHY0054_lab/cw1/install/cw1q9/share/cw1q9/hook/pythonpath.ps1'
[1.812s] INFO:colcon.colcon_core.shell:Creating environment descriptor '/home/bizare/Desktop/MPHY0054_lab/cw1/install/cw1q9/share/cw1q9/hook/pythonpath.dsv'
[1.812s] INFO:colcon.colcon_core.shell:Creating environment hook '/home/bizare/Desktop/MPHY0054_lab/cw1/install/cw1q9/share/cw1q9/hook/pythonpath.sh'
[1.813s] Level 1:colcon.colcon_core.environment:checking '/home/bizare/Desktop/MPHY0054_lab/cw1/install/cw1q9/bin'
[1.813s] Level 1:colcon.colcon_core.environment:create_environment_scripts_only(cw1q9)
[1.814s] INFO:colcon.colcon_core.shell:Creating package script '/home/bizare/Desktop/MPHY0054_lab/cw1/install/cw1q9/share/cw1q9/package.ps1'
[1.815s] INFO:colcon.colcon_core.shell:Creating package descriptor '/home/bizare/Desktop/MPHY0054_lab/cw1/install/cw1q9/share/cw1q9/package.dsv'
[1.815s] INFO:colcon.colcon_core.shell:Creating package script '/home/bizare/Desktop/MPHY0054_lab/cw1/install/cw1q9/share/cw1q9/package.sh'
[1.816s] INFO:colcon.colcon_core.shell:Creating package script '/home/bizare/Desktop/MPHY0054_lab/cw1/install/cw1q9/share/cw1q9/package.bash'
[1.817s] INFO:colcon.colcon_core.shell:Creating package script '/home/bizare/Desktop/MPHY0054_lab/cw1/install/cw1q9/share/cw1q9/package.zsh'
[1.817s] Level 1:colcon.colcon_core.environment:create_file_with_runtime_dependencies(/home/bizare/Desktop/MPHY0054_lab/cw1/install/cw1q9/share/colcon-core/packages/cw1q9)
[4.817s] DEBUG:colcon.colcon_core.event_handler.log_command:Invoked command in '/home/bizare/Desktop/MPHY0054_lab/cw1/build/cw1q4_interfaces' returned '0': CMAKE_PREFIX_PATH=${CMAKE_PREFIX_PATH}:/home/bizare/Desktop/MPHY0054_lab/cw1/install/cw1q9:/home/bizare/Desktop/MPHY0054_lab/cw1/install/cw1q5:/home/bizare/Desktop/MPHY0054_lab/cw1/install/cw1q4:/opt/ros/foxy /usr/bin/cmake --build /home/bizare/Desktop/MPHY0054_lab/cw1/build/cw1q4_interfaces -- -j8 -l8
[4.830s] DEBUG:colcon.colcon_core.event_handler.log_command:Invoking command in '/home/bizare/Desktop/MPHY0054_lab/cw1/build/cw1q4_interfaces': CMAKE_PREFIX_PATH=${CMAKE_PREFIX_PATH}:/home/bizare/Desktop/MPHY0054_lab/cw1/install/cw1q9:/home/bizare/Desktop/MPHY0054_lab/cw1/install/cw1q5:/home/bizare/Desktop/MPHY0054_lab/cw1/install/cw1q4:/opt/ros/foxy /usr/bin/cmake --install /home/bizare/Desktop/MPHY0054_lab/cw1/build/cw1q4_interfaces
[4.889s] Level 1:colcon.colcon_core.environment:create_environment_scripts_only(cw1q4_interfaces)
[4.890s] Level 1:colcon.colcon_core.environment:checking '/home/bizare/Desktop/MPHY0054_lab/cw1/install/cw1q4_interfaces' for CMake module files
[4.891s] DEBUG:colcon.colcon_core.event_handler.log_command:Invoked command in '/home/bizare/Desktop/MPHY0054_lab/cw1/build/cw1q4_interfaces' returned '0': CMAKE_PREFIX_PATH=${CMAKE_PREFIX_PATH}:/home/bizare/Desktop/MPHY0054_lab/cw1/install/cw1q9:/home/bizare/Desktop/MPHY0054_lab/cw1/install/cw1q5:/home/bizare/Desktop/MPHY0054_lab/cw1/install/cw1q4:/opt/ros/foxy /usr/bin/cmake --install /home/bizare/Desktop/MPHY0054_lab/cw1/build/cw1q4_interfaces
[4.891s] Level 1:colcon.colcon_core.environment:checking '/home/bizare/Desktop/MPHY0054_lab/cw1/install/cw1q4_interfaces' for CMake config files
[4.891s] Level 1:colcon.colcon_core.shell:create_environment_hook('cw1q4_interfaces', 'cmake_prefix_path')
[4.892s] INFO:colcon.colcon_core.shell:Creating environment hook '/home/bizare/Desktop/MPHY0054_lab/cw1/install/cw1q4_interfaces/share/cw1q4_interfaces/hook/cmake_prefix_path.ps1'
[4.892s] INFO:colcon.colcon_core.shell:Creating environment descriptor '/home/bizare/Desktop/MPHY0054_lab/cw1/install/cw1q4_interfaces/share/cw1q4_interfaces/hook/cmake_prefix_path.dsv'
[4.893s] INFO:colcon.colcon_core.shell:Creating environment hook '/home/bizare/Desktop/MPHY0054_lab/cw1/install/cw1q4_interfaces/share/cw1q4_interfaces/hook/cmake_prefix_path.sh'
[4.893s] Level 1:colcon.colcon_core.environment:checking '/home/bizare/Desktop/MPHY0054_lab/cw1/install/cw1q4_interfaces/lib'
[4.893s] Level 1:colcon.colcon_core.shell:create_environment_hook('cw1q4_interfaces', 'ld_library_path_lib')
[4.893s] INFO:colcon.colcon_core.shell:Creating environment hook '/home/bizare/Desktop/MPHY0054_lab/cw1/install/cw1q4_interfaces/share/cw1q4_interfaces/hook/ld_library_path_lib.ps1'
[4.894s] INFO:colcon.colcon_core.shell:Creating environment descriptor '/home/bizare/Desktop/MPHY0054_lab/cw1/install/cw1q4_interfaces/share/cw1q4_interfaces/hook/ld_library_path_lib.dsv'
[4.894s] INFO:colcon.colcon_core.shell:Creating environment hook '/home/bizare/Desktop/MPHY0054_lab/cw1/install/cw1q4_interfaces/share/cw1q4_interfaces/hook/ld_library_path_lib.sh'
[4.895s] Level 1:colcon.colcon_core.environment:checking '/home/bizare/Desktop/MPHY0054_lab/cw1/install/cw1q4_interfaces/bin'
[4.895s] Level 1:colcon.colcon_core.environment:checking '/home/bizare/Desktop/MPHY0054_lab/cw1/install/cw1q4_interfaces/lib/pkgconfig/cw1q4_interfaces.pc'
[4.895s] Level 1:colcon.colcon_core.environment:checking '/home/bizare/Desktop/MPHY0054_lab/cw1/install/cw1q4_interfaces/lib/python3.8/site-packages'
[4.895s] Level 1:colcon.colcon_core.shell:create_environment_hook('cw1q4_interfaces', 'pythonpath')
[4.895s] INFO:colcon.colcon_core.shell:Creating environment hook '/home/bizare/Desktop/MPHY0054_lab/cw1/install/cw1q4_interfaces/share/cw1q4_interfaces/hook/pythonpath.ps1'
[4.896s] INFO:colcon.colcon_core.shell:Creating environment descriptor '/home/bizare/Desktop/MPHY0054_lab/cw1/install/cw1q4_interfaces/share/cw1q4_interfaces/hook/pythonpath.dsv'
[4.896s] INFO:colcon.colcon_core.shell:Creating environment hook '/home/bizare/Desktop/MPHY0054_lab/cw1/install/cw1q4_interfaces/share/cw1q4_interfaces/hook/pythonpath.sh'
[4.897s] Level 1:colcon.colcon_core.environment:checking '/home/bizare/Desktop/MPHY0054_lab/cw1/install/cw1q4_interfaces/bin'
[4.897s] INFO:colcon.colcon_core.shell:Creating package script '/home/bizare/Desktop/MPHY0054_lab/cw1/install/cw1q4_interfaces/share/cw1q4_interfaces/package.ps1'
[4.898s] INFO:colcon.colcon_core.shell:Creating package descriptor '/home/bizare/Desktop/MPHY0054_lab/cw1/install/cw1q4_interfaces/share/cw1q4_interfaces/package.dsv'
[4.899s] INFO:colcon.colcon_core.shell:Creating package script '/home/bizare/Desktop/MPHY0054_lab/cw1/install/cw1q4_interfaces/share/cw1q4_interfaces/package.sh'
[4.899s] INFO:colcon.colcon_core.shell:Creating package script '/home/bizare/Desktop/MPHY0054_lab/cw1/install/cw1q4_interfaces/share/cw1q4_interfaces/package.bash'
[4.900s] INFO:colcon.colcon_core.shell:Creating package script '/home/bizare/Desktop/MPHY0054_lab/cw1/install/cw1q4_interfaces/share/cw1q4_interfaces/package.zsh'
[4.900s] Level 1:colcon.colcon_core.environment:create_file_with_runtime_dependencies(/home/bizare/Desktop/MPHY0054_lab/cw1/install/cw1q4_interfaces/share/colcon-core/packages/cw1q4_interfaces)
[4.901s] Level 1:colcon.colcon_core.environment:create_environment_scripts_only(cw1q4_interfaces)
[4.901s] Level 1:colcon.colcon_core.environment:checking '/home/bizare/Desktop/MPHY0054_lab/cw1/install/cw1q4_interfaces' for CMake module files
[4.901s] Level 1:colcon.colcon_core.environment:checking '/home/bizare/Desktop/MPHY0054_lab/cw1/install/cw1q4_interfaces' for CMake config files
[4.902s] Level 1:colcon.colcon_core.shell:create_environment_hook('cw1q4_interfaces', 'cmake_prefix_path')
[4.902s] INFO:colcon.colcon_core.shell:Creating environment hook '/home/bizare/Desktop/MPHY0054_lab/cw1/install/cw1q4_interfaces/share/cw1q4_interfaces/hook/cmake_prefix_path.ps1'
[4.903s] INFO:colcon.colcon_core.shell:Creating environment descriptor '/home/bizare/Desktop/MPHY0054_lab/cw1/install/cw1q4_interfaces/share/cw1q4_interfaces/hook/cmake_prefix_path.dsv'
[4.903s] INFO:colcon.colcon_core.shell:Creating environment hook '/home/bizare/Desktop/MPHY0054_lab/cw1/install/cw1q4_interfaces/share/cw1q4_interfaces/hook/cmake_prefix_path.sh'
[4.904s] Level 1:colcon.colcon_core.environment:checking '/home/bizare/Desktop/MPHY0054_lab/cw1/install/cw1q4_interfaces/lib'
[4.904s] Level 1:colcon.colcon_core.shell:create_environment_hook('cw1q4_interfaces', 'ld_library_path_lib')
[4.904s] INFO:colcon.colcon_core.shell:Creating environment hook '/home/bizare/Desktop/MPHY0054_lab/cw1/install/cw1q4_interfaces/share/cw1q4_interfaces/hook/ld_library_path_lib.ps1'
[4.904s] INFO:colcon.colcon_core.shell:Creating environment descriptor '/home/bizare/Desktop/MPHY0054_lab/cw1/install/cw1q4_interfaces/share/cw1q4_interfaces/hook/ld_library_path_lib.dsv'
[4.905s] INFO:colcon.colcon_core.shell:Creating environment hook '/home/bizare/Desktop/MPHY0054_lab/cw1/install/cw1q4_interfaces/share/cw1q4_interfaces/hook/ld_library_path_lib.sh'
[4.905s] Level 1:colcon.colcon_core.environment:checking '/home/bizare/Desktop/MPHY0054_lab/cw1/install/cw1q4_interfaces/bin'
[4.905s] Level 1:colcon.colcon_core.environment:checking '/home/bizare/Desktop/MPHY0054_lab/cw1/install/cw1q4_interfaces/lib/pkgconfig/cw1q4_interfaces.pc'
[4.906s] Level 1:colcon.colcon_core.environment:checking '/home/bizare/Desktop/MPHY0054_lab/cw1/install/cw1q4_interfaces/lib/python3.8/site-packages'
[4.906s] Level 1:colcon.colcon_core.shell:create_environment_hook('cw1q4_interfaces', 'pythonpath')
[4.906s] INFO:colcon.colcon_core.shell:Creating environment hook '/home/bizare/Desktop/MPHY0054_lab/cw1/install/cw1q4_interfaces/share/cw1q4_interfaces/hook/pythonpath.ps1'
[4.906s] INFO:colcon.colcon_core.shell:Creating environment descriptor '/home/bizare/Desktop/MPHY0054_lab/cw1/install/cw1q4_interfaces/share/cw1q4_interfaces/hook/pythonpath.dsv'
[4.906s] INFO:colcon.colcon_core.shell:Creating environment hook '/home/bizare/Desktop/MPHY0054_lab/cw1/install/cw1q4_interfaces/share/cw1q4_interfaces/hook/pythonpath.sh'
[4.907s] Level 1:colcon.colcon_core.environment:checking '/home/bizare/Desktop/MPHY0054_lab/cw1/install/cw1q4_interfaces/bin'
[4.907s] INFO:colcon.colcon_core.shell:Creating package script '/home/bizare/Desktop/MPHY0054_lab/cw1/install/cw1q4_interfaces/share/cw1q4_interfaces/package.ps1'
[4.908s] INFO:colcon.colcon_core.shell:Creating package descriptor '/home/bizare/Desktop/MPHY0054_lab/cw1/install/cw1q4_interfaces/share/cw1q4_interfaces/package.dsv'
[4.908s] INFO:colcon.colcon_core.shell:Creating package script '/home/bizare/Desktop/MPHY0054_lab/cw1/install/cw1q4_interfaces/share/cw1q4_interfaces/package.sh'
[4.909s] INFO:colcon.colcon_core.shell:Creating package script '/home/bizare/Desktop/MPHY0054_lab/cw1/install/cw1q4_interfaces/share/cw1q4_interfaces/package.bash'
[4.909s] INFO:colcon.colcon_core.shell:Creating package script '/home/bizare/Desktop/MPHY0054_lab/cw1/install/cw1q4_interfaces/share/cw1q4_interfaces/package.zsh'
[4.910s] Level 1:colcon.colcon_core.environment:create_file_with_runtime_dependencies(/home/bizare/Desktop/MPHY0054_lab/cw1/install/cw1q4_interfaces/share/colcon-core/packages/cw1q4_interfaces)
[4.910s] DEBUG:colcon.colcon_parallel_executor.executor.parallel:closing loop
[4.911s] DEBUG:colcon.colcon_parallel_executor.executor.parallel:loop closed
[4.911s] DEBUG:colcon.colcon_parallel_executor.executor.parallel:run_until_complete finished with '0'
[4.911s] DEBUG:colcon.colcon_core.event_reactor:joining thread
[4.918s] INFO:colcon.colcon_core.plugin_system:Skipping extension 'colcon_notification.desktop_notification.terminal_notifier': Not used on non-Darwin systems
[4.918s] INFO:colcon.colcon_core.plugin_system:Skipping extension 'colcon_notification.desktop_notification.win32': Not used on non-Windows systems
[4.918s] INFO:colcon.colcon_notification.desktop_notification:Sending desktop notification using 'notify2'
[4.929s] DEBUG:colcon.colcon_core.event_reactor:joined thread
[4.929s] INFO:colcon.colcon_core.shell:Creating prefix script '/home/bizare/Desktop/MPHY0054_lab/cw1/install/local_setup.ps1'
[4.930s] INFO:colcon.colcon_core.shell:Creating prefix util module '/home/bizare/Desktop/MPHY0054_lab/cw1/install/_local_setup_util_ps1.py'
[4.932s] INFO:colcon.colcon_core.shell:Creating prefix chain script '/home/bizare/Desktop/MPHY0054_lab/cw1/install/setup.ps1'
[4.933s] INFO:colcon.colcon_core.shell:Creating prefix script '/home/bizare/Desktop/MPHY0054_lab/cw1/install/local_setup.sh'
[4.934s] INFO:colcon.colcon_core.shell:Creating prefix util module '/home/bizare/Desktop/MPHY0054_lab/cw1/install/_local_setup_util_sh.py'
[4.934s] INFO:colcon.colcon_core.shell:Creating prefix chain script '/home/bizare/Desktop/MPHY0054_lab/cw1/install/setup.sh'
[4.936s] INFO:colcon.colcon_core.shell:Creating prefix script '/home/bizare/Desktop/MPHY0054_lab/cw1/install/local_setup.bash'
[4.936s] INFO:colcon.colcon_core.shell:Creating prefix chain script '/home/bizare/Desktop/MPHY0054_lab/cw1/install/setup.bash'
[4.938s] INFO:colcon.colcon_core.shell:Creating prefix script '/home/bizare/Desktop/MPHY0054_lab/cw1/install/local_setup.zsh'
[4.938s] INFO:colcon.colcon_core.shell:Creating prefix chain script '/home/bizare/Desktop/MPHY0054_lab/cw1/install/setup.zsh'
