[1.258s] Invoking command in '/home/bizare/Desktop/MPHY0054_lab/cw1/cw1q5': PYTHONPATH=/home/bizare/Desktop/MPHY0054_lab/cw1/build/cw1q5/prefix_override:/usr/lib/python3/dist-packages/colcon_core/task/python/colcon_distutils_commands:/home/bizare/Desktop/MPHY0054_lab/cw1/install/cw1q5/lib/python3.8/site-packages:${PYTHONPATH} /usr/bin/python3 -W ignore:setup.py install is deprecated -W ignore:easy_install command is deprecated setup.py egg_info --egg-base ../build/cw1q5 build --build-base /home/bizare/Desktop/MPHY0054_lab/cw1/build/cw1q5/build install --record /home/bizare/Desktop/MPHY0054_lab/cw1/build/cw1q5/install.log --install-scripts $base/lib/cw1q5 --single-version-externally-managed install_data
[1.510s] running egg_info
[1.510s] creating ../build/cw1q5/cw1q5.egg-info
[1.510s] writing ../build/cw1q5/cw1q5.egg-info/PKG-INFO
[1.511s] writing dependency_links to ../build/cw1q5/cw1q5.egg-info/dependency_links.txt
[1.511s] writing entry points to ../build/cw1q5/cw1q5.egg-info/entry_points.txt
[1.511s] writing requirements to ../build/cw1q5/cw1q5.egg-info/requires.txt
[1.511s] writing top-level names to ../build/cw1q5/cw1q5.egg-info/top_level.txt
[1.513s] writing manifest file '../build/cw1q5/cw1q5.egg-info/SOURCES.txt'
[1.548s] reading manifest file '../build/cw1q5/cw1q5.egg-info/SOURCES.txt'
[1.549s] writing manifest file '../build/cw1q5/cw1q5.egg-info/SOURCES.txt'
[1.549s] running build
[1.549s] running build_py
[1.550s] creating /home/bizare/Desktop/MPHY0054_lab/cw1/build/cw1q5/build
[1.550s] creating /home/bizare/Desktop/MPHY0054_lab/cw1/build/cw1q5/build/lib
[1.550s] creating /home/bizare/Desktop/MPHY0054_lab/cw1/build/cw1q5/build/lib/cw1q5
[1.550s] copying cw1q5/__init__.py -> /home/bizare/Desktop/MPHY0054_lab/cw1/build/cw1q5/build/lib/cw1q5
[1.550s] copying cw1q5/cw1q5b_node.py -> /home/bizare/Desktop/MPHY0054_lab/cw1/build/cw1q5/build/lib/cw1q5
[1.551s] copying cw1q5/cw1q5d_node.py -> /home/bizare/Desktop/MPHY0054_lab/cw1/build/cw1q5/build/lib/cw1q5
[1.551s] running install
[1.552s] running install_lib
[1.553s] creating /home/bizare/Desktop/MPHY0054_lab/cw1/install/cw1q5/lib/python3.8/site-packages/cw1q5
[1.553s] copying /home/bizare/Desktop/MPHY0054_lab/cw1/build/cw1q5/build/lib/cw1q5/__init__.py -> /home/bizare/Desktop/MPHY0054_lab/cw1/install/cw1q5/lib/python3.8/site-packages/cw1q5
[1.553s] copying /home/bizare/Desktop/MPHY0054_lab/cw1/build/cw1q5/build/lib/cw1q5/cw1q5b_node.py -> /home/bizare/Desktop/MPHY0054_lab/cw1/install/cw1q5/lib/python3.8/site-packages/cw1q5
[1.553s] copying /home/bizare/Desktop/MPHY0054_lab/cw1/build/cw1q5/build/lib/cw1q5/cw1q5d_node.py -> /home/bizare/Desktop/MPHY0054_lab/cw1/install/cw1q5/lib/python3.8/site-packages/cw1q5
[1.554s] byte-compiling /home/bizare/Desktop/MPHY0054_lab/cw1/install/cw1q5/lib/python3.8/site-packages/cw1q5/__init__.py to __init__.cpython-38.pyc
[1.555s] byte-compiling /home/bizare/Desktop/MPHY0054_lab/cw1/install/cw1q5/lib/python3.8/site-packages/cw1q5/cw1q5b_node.py to cw1q5b_node.cpython-38.pyc
[1.556s] byte-compiling /home/bizare/Desktop/MPHY0054_lab/cw1/install/cw1q5/lib/python3.8/site-packages/cw1q5/cw1q5d_node.py to cw1q5d_node.cpython-38.pyc
[1.556s] running install_data
[1.557s] creating /home/bizare/Desktop/MPHY0054_lab/cw1/install/cw1q5/share/ament_index
[1.557s] creating /home/bizare/Desktop/MPHY0054_lab/cw1/install/cw1q5/share/ament_index/resource_index
[1.557s] creating /home/bizare/Desktop/MPHY0054_lab/cw1/install/cw1q5/share/ament_index/resource_index/packages
[1.557s] copying resource/cw1q5 -> /home/bizare/Desktop/MPHY0054_lab/cw1/install/cw1q5/share/ament_index/resource_index/packages
[1.557s] copying package.xml -> /home/bizare/Desktop/MPHY0054_lab/cw1/install/cw1q5/share/cw1q5
[1.557s] creating /home/bizare/Desktop/MPHY0054_lab/cw1/install/cw1q5/share/cw1q5/launch
[1.557s] copying launch/q5b_launch.py -> /home/bizare/Desktop/MPHY0054_lab/cw1/install/cw1q5/share/cw1q5/launch
[1.557s] copying launch/q5d_launch.py -> /home/bizare/Desktop/MPHY0054_lab/cw1/install/cw1q5/share/cw1q5/launch
[1.557s] creating /home/bizare/Desktop/MPHY0054_lab/cw1/install/cw1q5/share/cw1q5/rviz
[1.557s] copying rviz/q5b.rviz -> /home/bizare/Desktop/MPHY0054_lab/cw1/install/cw1q5/share/cw1q5/rviz
[1.558s] running install_egg_info
[1.559s] Copying ../build/cw1q5/cw1q5.egg-info to /home/bizare/Desktop/MPHY0054_lab/cw1/install/cw1q5/lib/python3.8/site-packages/cw1q5-0.0.0-py3.8.egg-info
[1.560s] running install_scripts
[1.578s] Installing cw1q5b_node script to /home/bizare/Desktop/MPHY0054_lab/cw1/install/cw1q5/lib/cw1q5
[1.578s] Installing cw1q5d_node script to /home/bizare/Desktop/MPHY0054_lab/cw1/install/cw1q5/lib/cw1q5
[1.579s] writing list of installed files to '/home/bizare/Desktop/MPHY0054_lab/cw1/build/cw1q5/install.log'
[1.608s] Invoked command in '/home/bizare/Desktop/MPHY0054_lab/cw1/cw1q5' returned '0': PYTHONPATH=/home/bizare/Desktop/MPHY0054_lab/cw1/build/cw1q5/prefix_override:/usr/lib/python3/dist-packages/colcon_core/task/python/colcon_distutils_commands:/home/bizare/Desktop/MPHY0054_lab/cw1/install/cw1q5/lib/python3.8/site-packages:${PYTHONPATH} /usr/bin/python3 -W ignore:setup.py install is deprecated -W ignore:easy_install command is deprecated setup.py egg_info --egg-base ../build/cw1q5 build --build-base /home/bizare/Desktop/MPHY0054_lab/cw1/build/cw1q5/build install --record /home/bizare/Desktop/MPHY0054_lab/cw1/build/cw1q5/install.log --install-scripts $base/lib/cw1q5 --single-version-externally-managed install_data
