[1.215s] Invoking command in '/home/bizare/Desktop/Robotics_System/cw1q5': PYTHONPATH=/home/bizare/Desktop/Robotics_System/build/cw1q5/prefix_override:/usr/lib/python3/dist-packages/colcon_core/task/python/colcon_distutils_commands:/home/bizare/Desktop/Robotics_System/install/cw1q5/lib/python3.8/site-packages:${PYTHONPATH} /usr/bin/python3 -W ignore:setup.py install is deprecated -W ignore:easy_install command is deprecated setup.py egg_info --egg-base ../build/cw1q5 build --build-base /home/bizare/Desktop/Robotics_System/build/cw1q5/build install --record /home/bizare/Desktop/Robotics_System/build/cw1q5/install.log --install-scripts $base/lib/cw1q5 --single-version-externally-managed install_data
[1.457s] running egg_info
[1.457s] writing ../build/cw1q5/cw1q5.egg-info/PKG-INFO
[1.457s] writing dependency_links to ../build/cw1q5/cw1q5.egg-info/dependency_links.txt
[1.460s] writing entry points to ../build/cw1q5/cw1q5.egg-info/entry_points.txt
[1.460s] writing requirements to ../build/cw1q5/cw1q5.egg-info/requires.txt
[1.460s] writing top-level names to ../build/cw1q5/cw1q5.egg-info/top_level.txt
[1.498s] reading manifest file '../build/cw1q5/cw1q5.egg-info/SOURCES.txt'
[1.499s] writing manifest file '../build/cw1q5/cw1q5.egg-info/SOURCES.txt'
[1.500s] running build
[1.500s] running build_py
[1.500s] copying cw1q5/cw1q5b_node.py -> /home/bizare/Desktop/Robotics_System/build/cw1q5/build/lib/cw1q5
[1.500s] running install
[1.502s] running install_lib
[1.503s] copying /home/bizare/Desktop/Robotics_System/build/cw1q5/build/lib/cw1q5/cw1q5b_node.py -> /home/bizare/Desktop/Robotics_System/install/cw1q5/lib/python3.8/site-packages/cw1q5
[1.504s] byte-compiling /home/bizare/Desktop/Robotics_System/install/cw1q5/lib/python3.8/site-packages/cw1q5/cw1q5b_node.py to cw1q5b_node.cpython-38.pyc
[1.507s] running install_data
[1.507s] running install_egg_info
[1.511s] removing '/home/bizare/Desktop/Robotics_System/install/cw1q5/lib/python3.8/site-packages/cw1q5-0.0.0-py3.8.egg-info' (and everything under it)
[1.511s] Copying ../build/cw1q5/cw1q5.egg-info to /home/bizare/Desktop/Robotics_System/install/cw1q5/lib/python3.8/site-packages/cw1q5-0.0.0-py3.8.egg-info
[1.512s] running install_scripts
[1.530s] Installing cw1q5b_node script to /home/bizare/Desktop/Robotics_System/install/cw1q5/lib/cw1q5
[1.530s] Installing cw1q5d_node script to /home/bizare/Desktop/Robotics_System/install/cw1q5/lib/cw1q5
[1.530s] writing list of installed files to '/home/bizare/Desktop/Robotics_System/build/cw1q5/install.log'
[1.556s] Invoked command in '/home/bizare/Desktop/Robotics_System/cw1q5' returned '0': PYTHONPATH=/home/bizare/Desktop/Robotics_System/build/cw1q5/prefix_override:/usr/lib/python3/dist-packages/colcon_core/task/python/colcon_distutils_commands:/home/bizare/Desktop/Robotics_System/install/cw1q5/lib/python3.8/site-packages:${PYTHONPATH} /usr/bin/python3 -W ignore:setup.py install is deprecated -W ignore:easy_install command is deprecated setup.py egg_info --egg-base ../build/cw1q5 build --build-base /home/bizare/Desktop/Robotics_System/build/cw1q5/build install --record /home/bizare/Desktop/Robotics_System/build/cw1q5/install.log --install-scripts $base/lib/cw1q5 --single-version-externally-managed install_data
