[0.038s] Invoking command in '/home/bizare/Desktop/Robotics_System/build/youbot_description': CMAKE_PREFIX_PATH=/home/bizare/Desktop/Robotics_System/install/youbot_simulator:/home/bizare/Desktop/Robotics_System/install/cw1q5:/home/bizare/Desktop/Robotics_System/install/cw1q9:/home/bizare/Desktop/Robotics_System/install/cw1q4:/opt/ros/foxy:/home/bizare/Desktop/Robotics_System/install/youbot_description:/home/bizare/Desktop/Robotics_System/install/open_manipulator_description:/home/bizare/Desktop/Robotics_System/install/cw1q4_interfaces /usr/bin/cmake --build /home/bizare/Desktop/Robotics_System/build/youbot_description -- -j8 -l8
[0.440s] Invoked command in '/home/bizare/Desktop/Robotics_System/build/youbot_description' returned '0': CMAKE_PREFIX_PATH=/home/bizare/Desktop/Robotics_System/install/youbot_simulator:/home/bizare/Desktop/Robotics_System/install/cw1q5:/home/bizare/Desktop/Robotics_System/install/cw1q9:/home/bizare/Desktop/Robotics_System/install/cw1q4:/opt/ros/foxy:/home/bizare/Desktop/Robotics_System/install/youbot_description:/home/bizare/Desktop/Robotics_System/install/open_manipulator_description:/home/bizare/Desktop/Robotics_System/install/cw1q4_interfaces /usr/bin/cmake --build /home/bizare/Desktop/Robotics_System/build/youbot_description -- -j8 -l8
[0.460s] Invoking command in '/home/bizare/Desktop/Robotics_System/build/youbot_description': CMAKE_PREFIX_PATH=/home/bizare/Desktop/Robotics_System/install/youbot_simulator:/home/bizare/Desktop/Robotics_System/install/cw1q5:/home/bizare/Desktop/Robotics_System/install/cw1q9:/home/bizare/Desktop/Robotics_System/install/cw1q4:/opt/ros/foxy:/home/bizare/Desktop/Robotics_System/install/youbot_description:/home/bizare/Desktop/Robotics_System/install/open_manipulator_description:/home/bizare/Desktop/Robotics_System/install/cw1q4_interfaces /usr/bin/cmake --install /home/bizare/Desktop/Robotics_System/build/youbot_description
[0.468s] -- Install configuration: ""
[0.469s] -- Up-to-date: /home/bizare/Desktop/Robotics_System/install/youbot_description/share/youbot_description/controller
[0.469s] -- Up-to-date: /home/bizare/Desktop/Robotics_System/install/youbot_description/share/youbot_description/controller/ros_controller.urdf.xacro
[0.469s] -- Up-to-date: /home/bizare/Desktop/Robotics_System/install/youbot_description/share/youbot_description/meshes
[0.469s] -- Up-to-date: /home/bizare/Desktop/Robotics_System/install/youbot_description/share/youbot_description/meshes/youbot_gripper
[0.470s] -- Up-to-date: /home/bizare/Desktop/Robotics_System/install/youbot_description/share/youbot_description/meshes/youbot_gripper/finger.dae
[0.470s] -- Up-to-date: /home/bizare/Desktop/Robotics_System/install/youbot_description/share/youbot_description/meshes/youbot_gripper/palm_convex.dae
[0.470s] -- Up-to-date: /home/bizare/Desktop/Robotics_System/install/youbot_description/share/youbot_description/meshes/youbot_gripper/finger_convex.dae
[0.470s] -- Up-to-date: /home/bizare/Desktop/Robotics_System/install/youbot_description/share/youbot_description/meshes/youbot_gripper/palm.dae
[0.470s] -- Up-to-date: /home/bizare/Desktop/Robotics_System/install/youbot_description/share/youbot_description/meshes/youbot_plate
[0.470s] -- Up-to-date: /home/bizare/Desktop/Robotics_System/install/youbot_description/share/youbot_description/meshes/youbot_plate/plate.dae
[0.470s] -- Up-to-date: /home/bizare/Desktop/Robotics_System/install/youbot_description/share/youbot_description/meshes/youbot_plate/plate_convex.dae
[0.470s] -- Up-to-date: /home/bizare/Desktop/Robotics_System/install/youbot_description/share/youbot_description/meshes/youbot_base
[0.470s] -- Up-to-date: /home/bizare/Desktop/Robotics_System/install/youbot_description/share/youbot_description/meshes/youbot_base/base.dae
[0.470s] -- Up-to-date: /home/bizare/Desktop/Robotics_System/install/youbot_description/share/youbot_description/meshes/youbot_base/base_convex.dae
[0.470s] -- Up-to-date: /home/bizare/Desktop/Robotics_System/install/youbot_description/share/youbot_description/meshes/youbot_arm
[0.471s] -- Up-to-date: /home/bizare/Desktop/Robotics_System/install/youbot_description/share/youbot_description/meshes/youbot_arm/arm5_convex.dae
[0.471s] -- Up-to-date: /home/bizare/Desktop/Robotics_System/install/youbot_description/share/youbot_description/meshes/youbot_arm/arm2.dae
[0.471s] -- Up-to-date: /home/bizare/Desktop/Robotics_System/install/youbot_description/share/youbot_description/meshes/youbot_arm/arm1.dae
[0.471s] -- Up-to-date: /home/bizare/Desktop/Robotics_System/install/youbot_description/share/youbot_description/meshes/youbot_arm/arm0.dae
[0.471s] -- Up-to-date: /home/bizare/Desktop/Robotics_System/install/youbot_description/share/youbot_description/meshes/youbot_arm/arm0_convex.dae
[0.471s] -- Up-to-date: /home/bizare/Desktop/Robotics_System/install/youbot_description/share/youbot_description/meshes/youbot_arm/arm4_convex.dae
[0.472s] -- Up-to-date: /home/bizare/Desktop/Robotics_System/install/youbot_description/share/youbot_description/meshes/youbot_arm/arm3_convex.dae
[0.472s] -- Up-to-date: /home/bizare/Desktop/Robotics_System/install/youbot_description/share/youbot_description/meshes/youbot_arm/arm4.dae
[0.472s] -- Up-to-date: /home/bizare/Desktop/Robotics_System/install/youbot_description/share/youbot_description/meshes/youbot_arm/arm3.dae
[0.472s] -- Up-to-date: /home/bizare/Desktop/Robotics_System/install/youbot_description/share/youbot_description/meshes/youbot_arm/arm2_convex.dae
[0.472s] -- Up-to-date: /home/bizare/Desktop/Robotics_System/install/youbot_description/share/youbot_description/meshes/youbot_arm/arm1_convex.dae
[0.473s] -- Up-to-date: /home/bizare/Desktop/Robotics_System/install/youbot_description/share/youbot_description/meshes/youbot_arm/arm5.dae
[0.473s] -- Up-to-date: /home/bizare/Desktop/Robotics_System/install/youbot_description/share/youbot_description/meshes/sensors
[0.473s] -- Up-to-date: /home/bizare/Desktop/Robotics_System/install/youbot_description/share/youbot_description/meshes/sensors/asus_xtion_pro_live_base.dae
[0.473s] -- Up-to-date: /home/bizare/Desktop/Robotics_System/install/youbot_description/share/youbot_description/meshes/sensors/hokuyo.dae
[0.473s] -- Up-to-date: /home/bizare/Desktop/Robotics_System/install/youbot_description/share/youbot_description/meshes/sensors/kinect.tga
[0.473s] -- Up-to-date: /home/bizare/Desktop/Robotics_System/install/youbot_description/share/youbot_description/meshes/sensors/asus_xtion_pro_live_camera.png
[0.473s] -- Up-to-date: /home/bizare/Desktop/Robotics_System/install/youbot_description/share/youbot_description/meshes/sensors/asus_xtion_pro_live_camera.dae
[0.473s] -- Up-to-date: /home/bizare/Desktop/Robotics_System/install/youbot_description/share/youbot_description/meshes/sensors/hokuyo_convex.dae
[0.474s] -- Up-to-date: /home/bizare/Desktop/Robotics_System/install/youbot_description/share/youbot_description/meshes/sensors/asus_xtion_pro_live_base.png
[0.474s] -- Up-to-date: /home/bizare/Desktop/Robotics_System/install/youbot_description/share/youbot_description/meshes/sensors/kinect.dae
[0.474s] -- Up-to-date: /home/bizare/Desktop/Robotics_System/install/youbot_description/share/youbot_description/meshes/sensors/microsoft_lifecam.dae
[0.474s] -- Up-to-date: /home/bizare/Desktop/Robotics_System/install/youbot_description/share/youbot_description/robots
[0.474s] -- Up-to-date: /home/bizare/Desktop/Robotics_System/install/youbot_description/share/youbot_description/robots/youbot.urdf.xacro
[0.475s] -- Up-to-date: /home/bizare/Desktop/Robotics_System/install/youbot_description/share/youbot_description/robots/youbot_arm_only.urdf.xacro
[0.476s] -- Up-to-date: /home/bizare/Desktop/Robotics_System/install/youbot_description/share/youbot_description/robots/youbot_base_only.urdf.xacro
[0.476s] -- Up-to-date: /home/bizare/Desktop/Robotics_System/install/youbot_description/share/youbot_description/robots/youbot_dual_arm.urdf.xacro
[0.476s] -- Up-to-date: /home/bizare/Desktop/Robotics_System/install/youbot_description/share/youbot_description/urdf
[0.476s] -- Up-to-date: /home/bizare/Desktop/Robotics_System/install/youbot_description/share/youbot_description/urdf/youbot_gripper
[0.477s] -- Up-to-date: /home/bizare/Desktop/Robotics_System/install/youbot_description/share/youbot_description/urdf/youbot_gripper/gripper.gazebo.xacro
[0.477s] -- Up-to-date: /home/bizare/Desktop/Robotics_System/install/youbot_description/share/youbot_description/urdf/youbot_gripper/gripper.urdf.xacro
[0.477s] -- Up-to-date: /home/bizare/Desktop/Robotics_System/install/youbot_description/share/youbot_description/urdf/youbot_gripper/gripper.transmission.xacro
[0.477s] -- Up-to-date: /home/bizare/Desktop/Robotics_System/install/youbot_description/share/youbot_description/urdf/youbot_gripper/limits.urdf.xacro
[0.477s] -- Up-to-date: /home/bizare/Desktop/Robotics_System/install/youbot_description/share/youbot_description/urdf/youbot_plate
[0.478s] -- Up-to-date: /home/bizare/Desktop/Robotics_System/install/youbot_description/share/youbot_description/urdf/youbot_plate/plate.urdf.xacro
[0.478s] -- Up-to-date: /home/bizare/Desktop/Robotics_System/install/youbot_description/share/youbot_description/urdf/common.xacro
[0.478s] -- Up-to-date: /home/bizare/Desktop/Robotics_System/install/youbot_description/share/youbot_description/urdf/youbot_base
[0.478s] -- Up-to-date: /home/bizare/Desktop/Robotics_System/install/youbot_description/share/youbot_description/urdf/youbot_base/base.gazebo.xacro
[0.478s] -- Up-to-date: /home/bizare/Desktop/Robotics_System/install/youbot_description/share/youbot_description/urdf/youbot_base/base.transmission.xacro
[0.479s] -- Up-to-date: /home/bizare/Desktop/Robotics_System/install/youbot_description/share/youbot_description/urdf/youbot_base/base.urdf.xacro
[0.479s] -- Up-to-date: /home/bizare/Desktop/Robotics_System/install/youbot_description/share/youbot_description/urdf/youbot_arm
[0.479s] -- Up-to-date: /home/bizare/Desktop/Robotics_System/install/youbot_description/share/youbot_description/urdf/youbot_arm/arm.transmission.xacro
[0.479s] -- Up-to-date: /home/bizare/Desktop/Robotics_System/install/youbot_description/share/youbot_description/urdf/youbot_arm/limits.urdf.xacro
[0.479s] -- Up-to-date: /home/bizare/Desktop/Robotics_System/install/youbot_description/share/youbot_description/urdf/youbot_arm/code2.py
[0.480s] -- Up-to-date: /home/bizare/Desktop/Robotics_System/install/youbot_description/share/youbot_description/urdf/youbot_arm/arm.gazebo.xacro
[0.480s] -- Up-to-date: /home/bizare/Desktop/Robotics_System/install/youbot_description/share/youbot_description/urdf/youbot_arm/arm.urdf.xacro
[0.481s] -- Up-to-date: /home/bizare/Desktop/Robotics_System/install/youbot_description/share/youbot_description/urdf/misc
[0.481s] -- Up-to-date: /home/bizare/Desktop/Robotics_System/install/youbot_description/share/youbot_description/urdf/misc/sensor_angle.urdf.xacro
[0.481s] -- Up-to-date: /home/bizare/Desktop/Robotics_System/install/youbot_description/share/youbot_description/urdf/misc/cam3d_tower.urdf.xacro
[0.481s] -- Up-to-date: /home/bizare/Desktop/Robotics_System/install/youbot_description/share/youbot_description/urdf/sensors
[0.482s] -- Up-to-date: /home/bizare/Desktop/Robotics_System/install/youbot_description/share/youbot_description/urdf/sensors/asus_xtion_camera.gazebo.xacro
[0.482s] -- Up-to-date: /home/bizare/Desktop/Robotics_System/install/youbot_description/share/youbot_description/urdf/sensors/microsoft_lifecam.urdf.xacro
[0.483s] -- Up-to-date: /home/bizare/Desktop/Robotics_System/install/youbot_description/share/youbot_description/urdf/sensors/microsoft_lifecam.gazebo.xacro
[0.483s] -- Up-to-date: /home/bizare/Desktop/Robotics_System/install/youbot_description/share/youbot_description/urdf/sensors/kinect_camera.gazebo.xacro
[0.484s] -- Up-to-date: /home/bizare/Desktop/Robotics_System/install/youbot_description/share/youbot_description/urdf/sensors/kinect_camera.urdf.xacro
[0.484s] -- Up-to-date: /home/bizare/Desktop/Robotics_System/install/youbot_description/share/youbot_description/urdf/sensors/asus_xtion_camera.urdf.xacro
[0.484s] -- Up-to-date: /home/bizare/Desktop/Robotics_System/install/youbot_description/share/youbot_description/urdf/sensors/hokuyo_urg04_laser.urdf.xacro
[0.484s] -- Up-to-date: /home/bizare/Desktop/Robotics_System/install/youbot_description/share/youbot_description/urdf/sensors/hokuyo_urg04_laser.gazebo.xacro
[0.484s] -- Up-to-date: /home/bizare/Desktop/Robotics_System/install/youbot_description/share/youbot_description/urdf/materials.urdf.xacro
[0.485s] -- Up-to-date: /home/bizare/Desktop/Robotics_System/install/youbot_description/share/ament_index/resource_index/package_run_dependencies/youbot_description
[0.485s] -- Up-to-date: /home/bizare/Desktop/Robotics_System/install/youbot_description/share/ament_index/resource_index/parent_prefix_path/youbot_description
[0.485s] -- Up-to-date: /home/bizare/Desktop/Robotics_System/install/youbot_description/share/youbot_description/environment/ament_prefix_path.sh
[0.485s] -- Up-to-date: /home/bizare/Desktop/Robotics_System/install/youbot_description/share/youbot_description/environment/ament_prefix_path.dsv
[0.485s] -- Up-to-date: /home/bizare/Desktop/Robotics_System/install/youbot_description/share/youbot_description/environment/path.sh
[0.485s] -- Up-to-date: /home/bizare/Desktop/Robotics_System/install/youbot_description/share/youbot_description/environment/path.dsv
[0.485s] -- Up-to-date: /home/bizare/Desktop/Robotics_System/install/youbot_description/share/youbot_description/local_setup.bash
[0.486s] -- Up-to-date: /home/bizare/Desktop/Robotics_System/install/youbot_description/share/youbot_description/local_setup.sh
[0.486s] -- Up-to-date: /home/bizare/Desktop/Robotics_System/install/youbot_description/share/youbot_description/local_setup.zsh
[0.486s] -- Up-to-date: /home/bizare/Desktop/Robotics_System/install/youbot_description/share/youbot_description/local_setup.dsv
[0.486s] -- Installing: /home/bizare/Desktop/Robotics_System/install/youbot_description/share/youbot_description/package.dsv
[0.486s] -- Up-to-date: /home/bizare/Desktop/Robotics_System/install/youbot_description/share/ament_index/resource_index/packages/youbot_description
[0.486s] -- Up-to-date: /home/bizare/Desktop/Robotics_System/install/youbot_description/share/youbot_description/cmake/youbot_descriptionConfig.cmake
[0.486s] -- Up-to-date: /home/bizare/Desktop/Robotics_System/install/youbot_description/share/youbot_description/cmake/youbot_descriptionConfig-version.cmake
[0.487s] -- Up-to-date: /home/bizare/Desktop/Robotics_System/install/youbot_description/share/youbot_description/package.xml
[0.499s] Invoked command in '/home/bizare/Desktop/Robotics_System/build/youbot_description' returned '0': CMAKE_PREFIX_PATH=/home/bizare/Desktop/Robotics_System/install/youbot_simulator:/home/bizare/Desktop/Robotics_System/install/cw1q5:/home/bizare/Desktop/Robotics_System/install/cw1q9:/home/bizare/Desktop/Robotics_System/install/cw1q4:/opt/ros/foxy:/home/bizare/Desktop/Robotics_System/install/youbot_description:/home/bizare/Desktop/Robotics_System/install/open_manipulator_description:/home/bizare/Desktop/Robotics_System/install/cw1q4_interfaces /usr/bin/cmake --install /home/bizare/Desktop/Robotics_System/build/youbot_description
