[0.037s] Invoking command in '/home/bizare/Desktop/Robotics_System/build/youbot_description': /usr/bin/cmake /home/bizare/Desktop/Robotics_System/youbot_description -DCATKIN_INSTALL_INTO_PREFIX_ROOT=0 -DCMAKE_INSTALL_PREFIX=/home/bizare/Desktop/Robotics_System/install/youbot_description
[0.277s] -- The C compiler identification is GNU 9.4.0
[0.277s] -- The CXX compiler identification is GNU 9.4.0
[0.277s] -- Check for working C compiler: /usr/bin/cc
[0.277s] -- Check for working C compiler: /usr/bin/cc -- works
[0.277s] -- Detecting C compiler ABI info
[0.350s] -- Detecting C compiler ABI info - done
[0.368s] -- Detecting C compile features
[0.368s] -- Detecting C compile features - done
[0.373s] -- Check for working CXX compiler: /usr/bin/c++
[0.469s] -- Check for working CXX compiler: /usr/bin/c++ -- works
[0.470s] -- Detecting CXX compiler ABI info
[0.581s] -- Detecting CXX compiler ABI info - done
[0.589s] -- Detecting CXX compile features
[0.590s] -- Detecting CXX compile features - done
[0.599s] CMake Error at CMakeLists.txt:4 (find_package):
[0.600s]   By not providing "Findcatkin.cmake" in CMAKE_MODULE_PATH this project has
[0.600s]   asked CMake to find a package configuration file provided by "catkin", but
[0.600s]   CMake did not find one.
[0.600s] 
[0.600s]   Could not find a package configuration file provided by "catkin" with any
[0.600s]   of the following names:
[0.600s] 
[0.600s]     catkinConfig.cmake
[0.600s]     catkin-config.cmake
[0.600s] 
[0.600s]   Add the installation prefix of "catkin" to CMAKE_PREFIX_PATH or set
[0.600s]   "catkin_DIR" to a directory containing one of the above files.  If "catkin"
[0.600s]   provides a separate development package or SDK, be sure it has been
[0.600s]   installed.
[0.600s] 
[0.600s] 
[0.601s] -- Configuring incomplete, errors occurred!
[0.601s] See also "/home/bizare/Desktop/Robotics_System/build/youbot_description/CMakeFiles/CMakeOutput.log".
[0.605s] Invoked command in '/home/bizare/Desktop/Robotics_System/build/youbot_description' returned '1': /usr/bin/cmake /home/bizare/Desktop/Robotics_System/youbot_description -DCATKIN_INSTALL_INTO_PREFIX_ROOT=0 -DCMAKE_INSTALL_PREFIX=/home/bizare/Desktop/Robotics_System/install/youbot_description
