[0.388s] Invoking command in '/home/bizare/Desktop/Robotics_System/build/cw1q4_interfaces': CMAKE_PREFIX_PATH=${CMAKE_PREFIX_PATH}:/home/bizare/Desktop/Robotics_System/install/cw1q5:/home/bizare/Desktop/Robotics_System/install/cw1q9:/home/bizare/Desktop/Robotics_System/install/cw1q4:/opt/ros/foxy /usr/bin/cmake --build /home/bizare/Desktop/Robotics_System/build/cw1q4_interfaces -- -j8 -l8
[0.740s] [  2%] Built target cw1q4_interfaces__cpp
[0.740s] [ 12%] Built target cw1q4_interfaces__rosidl_generator_c
[0.741s] [ 23%] Built target cw1q4_interfaces__rosidl_typesupport_fastrtps_cpp
[0.741s] [ 33%] Built target cw1q4_interfaces__rosidl_typesupport_cpp
[0.741s] [ 43%] Built target cw1q4_interfaces__rosidl_typesupport_introspection_c
[0.742s] [ 53%] Built target cw1q4_interfaces__rosidl_typesupport_introspection_cpp
[0.742s] [ 64%] Built target cw1q4_interfaces__rosidl_typesupport_c
[0.742s] [ 74%] Built target cw1q4_interfaces__rosidl_typesupport_fastrtps_c
[0.742s] [ 74%] Built target cw1q4_interfaces
[0.742s] [ 76%] Built target cw1q4_interfaces__py
[0.742s] [ 84%] Built target cw1q4_interfaces__python
[0.742s] [ 89%] Built target cw1q4_interfaces__rosidl_typesupport_fastrtps_c__pyext
[0.743s] [ 94%] Built target cw1q4_interfaces__rosidl_typesupport_c__pyext
[0.743s] [100%] Built target cw1q4_interfaces__rosidl_typesupport_introspection_c__pyext
[0.773s] Invoked command in '/home/bizare/Desktop/Robotics_System/build/cw1q4_interfaces' returned '0': CMAKE_PREFIX_PATH=${CMAKE_PREFIX_PATH}:/home/bizare/Desktop/Robotics_System/install/cw1q5:/home/bizare/Desktop/Robotics_System/install/cw1q9:/home/bizare/Desktop/Robotics_System/install/cw1q4:/opt/ros/foxy /usr/bin/cmake --build /home/bizare/Desktop/Robotics_System/build/cw1q4_interfaces -- -j8 -l8
[0.776s] Invoking command in '/home/bizare/Desktop/Robotics_System/build/cw1q4_interfaces': CMAKE_PREFIX_PATH=${CMAKE_PREFIX_PATH}:/home/bizare/Desktop/Robotics_System/install/cw1q5:/home/bizare/Desktop/Robotics_System/install/cw1q9:/home/bizare/Desktop/Robotics_System/install/cw1q4:/opt/ros/foxy /usr/bin/cmake --install /home/bizare/Desktop/Robotics_System/build/cw1q4_interfaces
[0.803s] -- Install configuration: ""
[0.803s] -- Up-to-date: /home/bizare/Desktop/Robotics_System/install/cw1q4_interfaces/share/ament_index/resource_index/rosidl_interfaces/cw1q4_interfaces
[0.803s] -- Up-to-date: /home/bizare/Desktop/Robotics_System/install/cw1q4_interfaces/include/cw1q4_interfaces
[0.804s] -- Up-to-date: /home/bizare/Desktop/Robotics_System/install/cw1q4_interfaces/include/cw1q4_interfaces/msg
[0.804s] -- Up-to-date: /home/bizare/Desktop/Robotics_System/install/cw1q4_interfaces/include/cw1q4_interfaces/msg/rosidl_generator_c__visibility_control.h
[0.804s] -- Up-to-date: /home/bizare/Desktop/Robotics_System/install/cw1q4_interfaces/include/cw1q4_interfaces/srv
[0.804s] -- Up-to-date: /home/bizare/Desktop/Robotics_System/install/cw1q4_interfaces/include/cw1q4_interfaces/srv/detail
[0.804s] -- Up-to-date: /home/bizare/Desktop/Robotics_System/install/cw1q4_interfaces/include/cw1q4_interfaces/srv/detail/quat_to_euler__functions.c
[0.804s] -- Up-to-date: /home/bizare/Desktop/Robotics_System/install/cw1q4_interfaces/include/cw1q4_interfaces/srv/detail/quat_to_euler__type_support.h
[0.805s] -- Up-to-date: /home/bizare/Desktop/Robotics_System/install/cw1q4_interfaces/include/cw1q4_interfaces/srv/detail/quat_to_euler__functions.h
[0.805s] -- Up-to-date: /home/bizare/Desktop/Robotics_System/install/cw1q4_interfaces/include/cw1q4_interfaces/srv/detail/quat_to_rodrigues__struct.h
[0.805s] -- Up-to-date: /home/bizare/Desktop/Robotics_System/install/cw1q4_interfaces/include/cw1q4_interfaces/srv/detail/quat_to_euler__struct.h
[0.805s] -- Up-to-date: /home/bizare/Desktop/Robotics_System/install/cw1q4_interfaces/include/cw1q4_interfaces/srv/detail/quat_to_rodrigues__functions.c
[0.805s] -- Up-to-date: /home/bizare/Desktop/Robotics_System/install/cw1q4_interfaces/include/cw1q4_interfaces/srv/detail/quat_to_rodrigues__functions.h
[0.806s] -- Up-to-date: /home/bizare/Desktop/Robotics_System/install/cw1q4_interfaces/include/cw1q4_interfaces/srv/detail/quat_to_rodrigues__type_support.h
[0.806s] -- Up-to-date: /home/bizare/Desktop/Robotics_System/install/cw1q4_interfaces/include/cw1q4_interfaces/srv/quat_to_rodrigues.h
[0.806s] -- Up-to-date: /home/bizare/Desktop/Robotics_System/install/cw1q4_interfaces/include/cw1q4_interfaces/srv/quat_to_euler.h
[0.806s] -- Up-to-date: /home/bizare/Desktop/Robotics_System/install/cw1q4_interfaces/share/cw1q4_interfaces/environment/library_path.sh
[0.806s] -- Up-to-date: /home/bizare/Desktop/Robotics_System/install/cw1q4_interfaces/share/cw1q4_interfaces/environment/library_path.dsv
[0.807s] -- Up-to-date: /home/bizare/Desktop/Robotics_System/install/cw1q4_interfaces/lib/libcw1q4_interfaces__rosidl_generator_c.so
[0.807s] -- Up-to-date: /home/bizare/Desktop/Robotics_System/install/cw1q4_interfaces/include/cw1q4_interfaces
[0.807s] -- Up-to-date: /home/bizare/Desktop/Robotics_System/install/cw1q4_interfaces/include/cw1q4_interfaces/msg
[0.807s] -- Up-to-date: /home/bizare/Desktop/Robotics_System/install/cw1q4_interfaces/include/cw1q4_interfaces/msg/rosidl_typesupport_fastrtps_c__visibility_control.h
[0.807s] -- Up-to-date: /home/bizare/Desktop/Robotics_System/install/cw1q4_interfaces/include/cw1q4_interfaces/srv
[0.807s] -- Up-to-date: /home/bizare/Desktop/Robotics_System/install/cw1q4_interfaces/include/cw1q4_interfaces/srv/detail
[0.808s] -- Up-to-date: /home/bizare/Desktop/Robotics_System/install/cw1q4_interfaces/include/cw1q4_interfaces/srv/detail/quat_to_euler__rosidl_typesupport_fastrtps_c.h
[0.808s] -- Up-to-date: /home/bizare/Desktop/Robotics_System/install/cw1q4_interfaces/include/cw1q4_interfaces/srv/detail/quat_to_rodrigues__rosidl_typesupport_fastrtps_c.h
[0.808s] -- Up-to-date: /home/bizare/Desktop/Robotics_System/install/cw1q4_interfaces/lib/libcw1q4_interfaces__rosidl_typesupport_fastrtps_c.so
[0.808s] -- Up-to-date: /home/bizare/Desktop/Robotics_System/install/cw1q4_interfaces/include/cw1q4_interfaces
[0.808s] -- Up-to-date: /home/bizare/Desktop/Robotics_System/install/cw1q4_interfaces/include/cw1q4_interfaces/msg
[0.809s] -- Up-to-date: /home/bizare/Desktop/Robotics_System/install/cw1q4_interfaces/include/cw1q4_interfaces/msg/rosidl_typesupport_fastrtps_cpp__visibility_control.h
[0.809s] -- Up-to-date: /home/bizare/Desktop/Robotics_System/install/cw1q4_interfaces/include/cw1q4_interfaces/srv
[0.809s] -- Up-to-date: /home/bizare/Desktop/Robotics_System/install/cw1q4_interfaces/include/cw1q4_interfaces/srv/detail
[0.809s] -- Up-to-date: /home/bizare/Desktop/Robotics_System/install/cw1q4_interfaces/include/cw1q4_interfaces/srv/detail/quat_to_euler__rosidl_typesupport_fastrtps_cpp.hpp
[0.810s] -- Up-to-date: /home/bizare/Desktop/Robotics_System/install/cw1q4_interfaces/include/cw1q4_interfaces/srv/detail/quat_to_rodrigues__rosidl_typesupport_fastrtps_cpp.hpp
[0.810s] -- Up-to-date: /home/bizare/Desktop/Robotics_System/install/cw1q4_interfaces/include/cw1q4_interfaces/srv/detail/dds_fastrtps
[0.810s] -- Up-to-date: /home/bizare/Desktop/Robotics_System/install/cw1q4_interfaces/lib/libcw1q4_interfaces__rosidl_typesupport_fastrtps_cpp.so
[0.810s] -- Up-to-date: /home/bizare/Desktop/Robotics_System/install/cw1q4_interfaces/include/cw1q4_interfaces
[0.811s] -- Up-to-date: /home/bizare/Desktop/Robotics_System/install/cw1q4_interfaces/include/cw1q4_interfaces/msg
[0.811s] -- Up-to-date: /home/bizare/Desktop/Robotics_System/install/cw1q4_interfaces/include/cw1q4_interfaces/msg/rosidl_typesupport_introspection_c__visibility_control.h
[0.811s] -- Up-to-date: /home/bizare/Desktop/Robotics_System/install/cw1q4_interfaces/include/cw1q4_interfaces/srv
[0.811s] -- Up-to-date: /home/bizare/Desktop/Robotics_System/install/cw1q4_interfaces/include/cw1q4_interfaces/srv/detail
[0.811s] -- Up-to-date: /home/bizare/Desktop/Robotics_System/install/cw1q4_interfaces/include/cw1q4_interfaces/srv/detail/quat_to_euler__rosidl_typesupport_introspection_c.h
[0.811s] -- Up-to-date: /home/bizare/Desktop/Robotics_System/install/cw1q4_interfaces/include/cw1q4_interfaces/srv/detail/quat_to_rodrigues__rosidl_typesupport_introspection_c.h
[0.812s] -- Up-to-date: /home/bizare/Desktop/Robotics_System/install/cw1q4_interfaces/include/cw1q4_interfaces/srv/detail/quat_to_euler__type_support.c
[0.812s] -- Up-to-date: /home/bizare/Desktop/Robotics_System/install/cw1q4_interfaces/include/cw1q4_interfaces/srv/detail/quat_to_rodrigues__type_support.c
[0.812s] -- Up-to-date: /home/bizare/Desktop/Robotics_System/install/cw1q4_interfaces/lib/libcw1q4_interfaces__rosidl_typesupport_introspection_c.so
[0.812s] -- Up-to-date: /home/bizare/Desktop/Robotics_System/install/cw1q4_interfaces/lib/libcw1q4_interfaces__rosidl_typesupport_c.so
[0.812s] -- Up-to-date: /home/bizare/Desktop/Robotics_System/install/cw1q4_interfaces/include/cw1q4_interfaces
[0.812s] -- Up-to-date: /home/bizare/Desktop/Robotics_System/install/cw1q4_interfaces/include/cw1q4_interfaces/msg
[0.812s] -- Up-to-date: /home/bizare/Desktop/Robotics_System/install/cw1q4_interfaces/include/cw1q4_interfaces/msg/rosidl_generator_cpp__visibility_control.hpp
[0.813s] -- Up-to-date: /home/bizare/Desktop/Robotics_System/install/cw1q4_interfaces/include/cw1q4_interfaces/srv
[0.813s] -- Up-to-date: /home/bizare/Desktop/Robotics_System/install/cw1q4_interfaces/include/cw1q4_interfaces/srv/quat_to_euler.hpp
[0.813s] -- Up-to-date: /home/bizare/Desktop/Robotics_System/install/cw1q4_interfaces/include/cw1q4_interfaces/srv/detail
[0.813s] -- Up-to-date: /home/bizare/Desktop/Robotics_System/install/cw1q4_interfaces/include/cw1q4_interfaces/srv/detail/quat_to_euler__struct.hpp
[0.813s] -- Up-to-date: /home/bizare/Desktop/Robotics_System/install/cw1q4_interfaces/include/cw1q4_interfaces/srv/detail/quat_to_euler__builder.hpp
[0.813s] -- Up-to-date: /home/bizare/Desktop/Robotics_System/install/cw1q4_interfaces/include/cw1q4_interfaces/srv/detail/quat_to_rodrigues__type_support.hpp
[0.814s] -- Up-to-date: /home/bizare/Desktop/Robotics_System/install/cw1q4_interfaces/include/cw1q4_interfaces/srv/detail/quat_to_euler__type_support.hpp
[0.814s] -- Up-to-date: /home/bizare/Desktop/Robotics_System/install/cw1q4_interfaces/include/cw1q4_interfaces/srv/detail/quat_to_euler__traits.hpp
[0.814s] -- Up-to-date: /home/bizare/Desktop/Robotics_System/install/cw1q4_interfaces/include/cw1q4_interfaces/srv/detail/quat_to_rodrigues__struct.hpp
[0.814s] -- Up-to-date: /home/bizare/Desktop/Robotics_System/install/cw1q4_interfaces/include/cw1q4_interfaces/srv/detail/quat_to_rodrigues__traits.hpp
[0.814s] -- Up-to-date: /home/bizare/Desktop/Robotics_System/install/cw1q4_interfaces/include/cw1q4_interfaces/srv/detail/quat_to_rodrigues__builder.hpp
[0.814s] -- Up-to-date: /home/bizare/Desktop/Robotics_System/install/cw1q4_interfaces/include/cw1q4_interfaces/srv/quat_to_rodrigues.hpp
[0.814s] -- Up-to-date: /home/bizare/Desktop/Robotics_System/install/cw1q4_interfaces/include/cw1q4_interfaces
[0.815s] -- Up-to-date: /home/bizare/Desktop/Robotics_System/install/cw1q4_interfaces/include/cw1q4_interfaces/srv
[0.815s] -- Up-to-date: /home/bizare/Desktop/Robotics_System/install/cw1q4_interfaces/include/cw1q4_interfaces/srv/detail
[0.815s] -- Up-to-date: /home/bizare/Desktop/Robotics_System/install/cw1q4_interfaces/include/cw1q4_interfaces/srv/detail/quat_to_rodrigues__rosidl_typesupport_introspection_cpp.hpp
[0.815s] -- Up-to-date: /home/bizare/Desktop/Robotics_System/install/cw1q4_interfaces/include/cw1q4_interfaces/srv/detail/quat_to_euler__rosidl_typesupport_introspection_cpp.hpp
[0.815s] -- Up-to-date: /home/bizare/Desktop/Robotics_System/install/cw1q4_interfaces/include/cw1q4_interfaces/srv/detail/quat_to_euler__type_support.cpp
[0.815s] -- Up-to-date: /home/bizare/Desktop/Robotics_System/install/cw1q4_interfaces/include/cw1q4_interfaces/srv/detail/quat_to_rodrigues__type_support.cpp
[0.815s] -- Up-to-date: /home/bizare/Desktop/Robotics_System/install/cw1q4_interfaces/lib/libcw1q4_interfaces__rosidl_typesupport_introspection_cpp.so
[0.816s] -- Up-to-date: /home/bizare/Desktop/Robotics_System/install/cw1q4_interfaces/lib/libcw1q4_interfaces__rosidl_typesupport_cpp.so
[0.816s] -- Up-to-date: /home/bizare/Desktop/Robotics_System/install/cw1q4_interfaces/share/cw1q4_interfaces/environment/pythonpath.sh
[0.816s] -- Up-to-date: /home/bizare/Desktop/Robotics_System/install/cw1q4_interfaces/share/cw1q4_interfaces/environment/pythonpath.dsv
[0.816s] -- Up-to-date: /home/bizare/Desktop/Robotics_System/install/cw1q4_interfaces/lib/python3.8/site-packages/cw1q4_interfaces/__init__.py
[0.849s] -- Up-to-date: /home/bizare/Desktop/Robotics_System/install/cw1q4_interfaces/lib/python3.8/site-packages/cw1q4_interfaces/srv
[0.849s] -- Up-to-date: /home/bizare/Desktop/Robotics_System/install/cw1q4_interfaces/lib/python3.8/site-packages/cw1q4_interfaces/srv/_quat_to_euler_s.c
[0.850s] -- Up-to-date: /home/bizare/Desktop/Robotics_System/install/cw1q4_interfaces/lib/python3.8/site-packages/cw1q4_interfaces/srv/__init__.py
[0.850s] -- Up-to-date: /home/bizare/Desktop/Robotics_System/install/cw1q4_interfaces/lib/python3.8/site-packages/cw1q4_interfaces/srv/_quat_to_euler.py
[0.850s] -- Up-to-date: /home/bizare/Desktop/Robotics_System/install/cw1q4_interfaces/lib/python3.8/site-packages/cw1q4_interfaces/srv/_quat_to_rodrigues_s.c
[0.850s] -- Up-to-date: /home/bizare/Desktop/Robotics_System/install/cw1q4_interfaces/lib/python3.8/site-packages/cw1q4_interfaces/srv/_quat_to_rodrigues.py
[0.850s] -- Up-to-date: /home/bizare/Desktop/Robotics_System/install/cw1q4_interfaces/lib/python3.8/site-packages/cw1q4_interfaces/cw1q4_interfaces_s__rosidl_typesupport_fastrtps_c.cpython-38-x86_64-linux-gnu.so
[0.851s] -- Up-to-date: /home/bizare/Desktop/Robotics_System/install/cw1q4_interfaces/lib/python3.8/site-packages/cw1q4_interfaces/cw1q4_interfaces_s__rosidl_typesupport_introspection_c.cpython-38-x86_64-linux-gnu.so
[0.853s] -- Up-to-date: /home/bizare/Desktop/Robotics_System/install/cw1q4_interfaces/lib/python3.8/site-packages/cw1q4_interfaces/cw1q4_interfaces_s__rosidl_typesupport_c.cpython-38-x86_64-linux-gnu.so
[0.854s] -- Up-to-date: /home/bizare/Desktop/Robotics_System/install/cw1q4_interfaces/lib/libcw1q4_interfaces__python.so
[0.855s] -- Up-to-date: /home/bizare/Desktop/Robotics_System/install/cw1q4_interfaces/share/cw1q4_interfaces/srv/QuatToEuler.idl
[0.855s] -- Up-to-date: /home/bizare/Desktop/Robotics_System/install/cw1q4_interfaces/share/cw1q4_interfaces/srv/QuatToRodrigues.idl
[0.855s] -- Up-to-date: /home/bizare/Desktop/Robotics_System/install/cw1q4_interfaces/share/cw1q4_interfaces/srv/QuatToEuler.srv
[0.855s] -- Up-to-date: /home/bizare/Desktop/Robotics_System/install/cw1q4_interfaces/share/cw1q4_interfaces/srv/QuatToEuler_Request.msg
[0.855s] -- Up-to-date: /home/bizare/Desktop/Robotics_System/install/cw1q4_interfaces/share/cw1q4_interfaces/srv/QuatToEuler_Response.msg
[0.856s] -- Up-to-date: /home/bizare/Desktop/Robotics_System/install/cw1q4_interfaces/share/cw1q4_interfaces/srv/QuatToRodrigues.srv
[0.856s] -- Up-to-date: /home/bizare/Desktop/Robotics_System/install/cw1q4_interfaces/share/cw1q4_interfaces/srv/QuatToRodrigues_Request.msg
[0.856s] -- Up-to-date: /home/bizare/Desktop/Robotics_System/install/cw1q4_interfaces/share/cw1q4_interfaces/srv/QuatToRodrigues_Response.msg
[0.856s] -- Up-to-date: /home/bizare/Desktop/Robotics_System/install/cw1q4_interfaces/share/ament_index/resource_index/package_run_dependencies/cw1q4_interfaces
[0.856s] -- Up-to-date: /home/bizare/Desktop/Robotics_System/install/cw1q4_interfaces/share/ament_index/resource_index/parent_prefix_path/cw1q4_interfaces
[0.857s] -- Up-to-date: /home/bizare/Desktop/Robotics_System/install/cw1q4_interfaces/share/cw1q4_interfaces/environment/ament_prefix_path.sh
[0.857s] -- Up-to-date: /home/bizare/Desktop/Robotics_System/install/cw1q4_interfaces/share/cw1q4_interfaces/environment/ament_prefix_path.dsv
[0.857s] -- Up-to-date: /home/bizare/Desktop/Robotics_System/install/cw1q4_interfaces/share/cw1q4_interfaces/environment/path.sh
[0.857s] -- Up-to-date: /home/bizare/Desktop/Robotics_System/install/cw1q4_interfaces/share/cw1q4_interfaces/environment/path.dsv
[0.857s] -- Up-to-date: /home/bizare/Desktop/Robotics_System/install/cw1q4_interfaces/share/cw1q4_interfaces/local_setup.bash
[0.858s] -- Up-to-date: /home/bizare/Desktop/Robotics_System/install/cw1q4_interfaces/share/cw1q4_interfaces/local_setup.sh
[0.858s] -- Up-to-date: /home/bizare/Desktop/Robotics_System/install/cw1q4_interfaces/share/cw1q4_interfaces/local_setup.zsh
[0.858s] -- Up-to-date: /home/bizare/Desktop/Robotics_System/install/cw1q4_interfaces/share/cw1q4_interfaces/local_setup.dsv
[0.858s] -- Installing: /home/bizare/Desktop/Robotics_System/install/cw1q4_interfaces/share/cw1q4_interfaces/package.dsv
[0.858s] -- Up-to-date: /home/bizare/Desktop/Robotics_System/install/cw1q4_interfaces/share/ament_index/resource_index/packages/cw1q4_interfaces
[0.859s] -- Up-to-date: /home/bizare/Desktop/Robotics_System/install/cw1q4_interfaces/share/cw1q4_interfaces/cmake/cw1q4_interfaces__rosidl_generator_cExport.cmake
[0.859s] -- Up-to-date: /home/bizare/Desktop/Robotics_System/install/cw1q4_interfaces/share/cw1q4_interfaces/cmake/cw1q4_interfaces__rosidl_generator_cExport-noconfig.cmake
[0.859s] -- Up-to-date: /home/bizare/Desktop/Robotics_System/install/cw1q4_interfaces/share/cw1q4_interfaces/cmake/cw1q4_interfaces__rosidl_typesupport_introspection_cExport.cmake
[0.859s] -- Up-to-date: /home/bizare/Desktop/Robotics_System/install/cw1q4_interfaces/share/cw1q4_interfaces/cmake/cw1q4_interfaces__rosidl_typesupport_introspection_cExport-noconfig.cmake
[0.860s] -- Up-to-date: /home/bizare/Desktop/Robotics_System/install/cw1q4_interfaces/share/cw1q4_interfaces/cmake/cw1q4_interfaces__rosidl_typesupport_cExport.cmake
[0.860s] -- Up-to-date: /home/bizare/Desktop/Robotics_System/install/cw1q4_interfaces/share/cw1q4_interfaces/cmake/cw1q4_interfaces__rosidl_typesupport_cExport-noconfig.cmake
[0.860s] -- Up-to-date: /home/bizare/Desktop/Robotics_System/install/cw1q4_interfaces/share/cw1q4_interfaces/cmake/cw1q4_interfaces__rosidl_generator_cppExport.cmake
[0.861s] -- Up-to-date: /home/bizare/Desktop/Robotics_System/install/cw1q4_interfaces/share/cw1q4_interfaces/cmake/cw1q4_interfaces__rosidl_typesupport_introspection_cppExport.cmake
[0.861s] -- Up-to-date: /home/bizare/Desktop/Robotics_System/install/cw1q4_interfaces/share/cw1q4_interfaces/cmake/cw1q4_interfaces__rosidl_typesupport_introspection_cppExport-noconfig.cmake
[0.862s] -- Up-to-date: /home/bizare/Desktop/Robotics_System/install/cw1q4_interfaces/share/cw1q4_interfaces/cmake/cw1q4_interfaces__rosidl_typesupport_cppExport.cmake
[0.862s] -- Up-to-date: /home/bizare/Desktop/Robotics_System/install/cw1q4_interfaces/share/cw1q4_interfaces/cmake/cw1q4_interfaces__rosidl_typesupport_cppExport-noconfig.cmake
[0.862s] -- Up-to-date: /home/bizare/Desktop/Robotics_System/install/cw1q4_interfaces/share/cw1q4_interfaces/cmake/rosidl_cmake-extras.cmake
[0.862s] -- Up-to-date: /home/bizare/Desktop/Robotics_System/install/cw1q4_interfaces/share/cw1q4_interfaces/cmake/ament_cmake_export_dependencies-extras.cmake
[0.862s] -- Up-to-date: /home/bizare/Desktop/Robotics_System/install/cw1q4_interfaces/share/cw1q4_interfaces/cmake/ament_cmake_export_libraries-extras.cmake
[0.862s] -- Up-to-date: /home/bizare/Desktop/Robotics_System/install/cw1q4_interfaces/share/cw1q4_interfaces/cmake/ament_cmake_export_targets-extras.cmake
[0.863s] -- Up-to-date: /home/bizare/Desktop/Robotics_System/install/cw1q4_interfaces/share/cw1q4_interfaces/cmake/ament_cmake_export_include_directories-extras.cmake
[0.863s] -- Up-to-date: /home/bizare/Desktop/Robotics_System/install/cw1q4_interfaces/share/cw1q4_interfaces/cmake/rosidl_cmake_export_typesupport_libraries-extras.cmake
[0.863s] -- Up-to-date: /home/bizare/Desktop/Robotics_System/install/cw1q4_interfaces/share/cw1q4_interfaces/cmake/rosidl_cmake_export_typesupport_targets-extras.cmake
[0.863s] -- Up-to-date: /home/bizare/Desktop/Robotics_System/install/cw1q4_interfaces/share/cw1q4_interfaces/cmake/cw1q4_interfacesConfig.cmake
[0.863s] -- Up-to-date: /home/bizare/Desktop/Robotics_System/install/cw1q4_interfaces/share/cw1q4_interfaces/cmake/cw1q4_interfacesConfig-version.cmake
[0.863s] -- Up-to-date: /home/bizare/Desktop/Robotics_System/install/cw1q4_interfaces/share/cw1q4_interfaces/package.xml
[0.898s] Invoked command in '/home/bizare/Desktop/Robotics_System/build/cw1q4_interfaces' returned '0': CMAKE_PREFIX_PATH=${CMAKE_PREFIX_PATH}:/home/bizare/Desktop/Robotics_System/install/cw1q5:/home/bizare/Desktop/Robotics_System/install/cw1q9:/home/bizare/Desktop/Robotics_System/install/cw1q4:/opt/ros/foxy /usr/bin/cmake --install /home/bizare/Desktop/Robotics_System/build/cw1q4_interfaces
