-- The C compiler identification is GNU 9.4.0
-- The CXX compiler identification is GNU 9.4.0
-- Check for working C compiler: /usr/bin/cc
-- Check for working C compiler: /usr/bin/cc -- works
-- Detecting C compiler ABI info
-- Detecting C compiler ABI info - done
-- Detecting C compile features
-- Detecting C compile features - done
-- Check for working CXX compiler: /usr/bin/c++
-- Check for working CXX compiler: /usr/bin/c++ -- works
-- Detecting CXX compiler ABI info
-- Detecting CXX compiler ABI info - done
-- Detecting CXX compile features
-- Detecting CXX compile features - done
-- Found ament_cmake: 0.9.12 (/opt/ros/foxy/share/ament_cmake/cmake)
-- Found PythonInterp: /usr/bin/python3 (found suitable version "3.8.10", minimum required is "3") 
-- Using PYTHON_EXECUTABLE: /usr/bin/python3
-- Found ament_lint_auto: 0.9.8 (/opt/ros/foxy/share/ament_lint_auto/cmake)
-- Added test 'copyright' to check source files copyright and LICENSE
-- Added test 'flake8' to check Python code syntax and style conventions
-- Added test 'lint_cmake' to check CMake code style
-- Added test 'pep257' to check Python code against some of the style conventions in PEP 257
-- Added test 'xmllint' to check XML markup files
-- Configuring done
-- Generating done
-- Build files have been written to: /home/bizare/Desktop/Robotics_System/build/youbot_simulator
-- Install configuration: ""
-- Installing: /home/bizare/Desktop/Robotics_System/install/youbot_simulator/share/youbot_simulator/launch
-- Installing: /home/bizare/Desktop/Robotics_System/install/youbot_simulator/share/youbot_simulator/launch/youbot_controller.launch.py
-- Installing: /home/bizare/Desktop/Robotics_System/install/youbot_simulator/share/youbot_simulator/launch/youbot_sim.launch.py
-- Installing: /home/bizare/Desktop/Robotics_System/install/youbot_simulator/share/youbot_simulator/config
-- Installing: /home/bizare/Desktop/Robotics_System/install/youbot_simulator/share/youbot_simulator/config/youbot.rviz
-- Installing: /home/bizare/Desktop/Robotics_System/install/youbot_simulator/share/youbot_simulator/config/youbot_control.yaml
-- Installing: /home/bizare/Desktop/Robotics_System/install/youbot_simulator/share/ament_index/resource_index/package_run_dependencies/youbot_simulator
-- Installing: /home/bizare/Desktop/Robotics_System/install/youbot_simulator/share/ament_index/resource_index/parent_prefix_path/youbot_simulator
-- Installing: /home/bizare/Desktop/Robotics_System/install/youbot_simulator/share/youbot_simulator/environment/ament_prefix_path.sh
-- Installing: /home/bizare/Desktop/Robotics_System/install/youbot_simulator/share/youbot_simulator/environment/ament_prefix_path.dsv
-- Installing: /home/bizare/Desktop/Robotics_System/install/youbot_simulator/share/youbot_simulator/environment/path.sh
-- Installing: /home/bizare/Desktop/Robotics_System/install/youbot_simulator/share/youbot_simulator/environment/path.dsv
-- Installing: /home/bizare/Desktop/Robotics_System/install/youbot_simulator/share/youbot_simulator/local_setup.bash
-- Installing: /home/bizare/Desktop/Robotics_System/install/youbot_simulator/share/youbot_simulator/local_setup.sh
-- Installing: /home/bizare/Desktop/Robotics_System/install/youbot_simulator/share/youbot_simulator/local_setup.zsh
-- Installing: /home/bizare/Desktop/Robotics_System/install/youbot_simulator/share/youbot_simulator/local_setup.dsv
-- Installing: /home/bizare/Desktop/Robotics_System/install/youbot_simulator/share/youbot_simulator/package.dsv
-- Installing: /home/bizare/Desktop/Robotics_System/install/youbot_simulator/share/ament_index/resource_index/packages/youbot_simulator
-- Installing: /home/bizare/Desktop/Robotics_System/install/youbot_simulator/share/youbot_simulator/cmake/youbot_simulatorConfig.cmake
-- Installing: /home/bizare/Desktop/Robotics_System/install/youbot_simulator/share/youbot_simulator/cmake/youbot_simulatorConfig-version.cmake
-- Installing: /home/bizare/Desktop/Robotics_System/install/youbot_simulator/share/youbot_simulator/package.xml
