[1.725s] Invoking command in '/home/bizare/Desktop/Robotics_System/cw1q9': PYTHONPATH=/home/bizare/Desktop/Robotics_System/build/cw1q9/prefix_override:/usr/lib/python3/dist-packages/colcon_core/task/python/colcon_distutils_commands:/home/bizare/Desktop/Robotics_System/install/cw1q9/lib/python3.8/site-packages:${PYTHONPATH} /usr/bin/python3 -W ignore:setup.py install is deprecated -W ignore:easy_install command is deprecated setup.py egg_info --egg-base ../build/cw1q9 build --build-base /home/bizare/Desktop/Robotics_System/build/cw1q9/build install --record /home/bizare/Desktop/Robotics_System/build/cw1q9/install.log --install-scripts $base/lib/cw1q9 --single-version-externally-managed install_data
[2.065s] running egg_info
[2.066s] writing ../build/cw1q9/cw1q9.egg-info/PKG-INFO
[2.067s] writing dependency_links to ../build/cw1q9/cw1q9.egg-info/dependency_links.txt
[2.068s] writing entry points to ../build/cw1q9/cw1q9.egg-info/entry_points.txt
[2.069s] writing requirements to ../build/cw1q9/cw1q9.egg-info/requires.txt
[2.069s] writing top-level names to ../build/cw1q9/cw1q9.egg-info/top_level.txt
[2.121s] reading manifest file '../build/cw1q9/cw1q9.egg-info/SOURCES.txt'
[2.122s] writing manifest file '../build/cw1q9/cw1q9.egg-info/SOURCES.txt'
[2.123s] running build
[2.124s] running build_py
[2.126s] running install
[2.127s] running install_lib
[2.128s] running install_data
[2.130s] running install_egg_info
[2.131s] removing '/home/bizare/Desktop/Robotics_System/install/cw1q9/lib/python3.8/site-packages/cw1q9-0.0.0-py3.8.egg-info' (and everything under it)
[2.131s] Copying ../build/cw1q9/cw1q9.egg-info to /home/bizare/Desktop/Robotics_System/install/cw1q9/lib/python3.8/site-packages/cw1q9-0.0.0-py3.8.egg-info
[2.131s] running install_scripts
[2.159s] Installing youbot_student_node script to /home/bizare/Desktop/Robotics_System/install/cw1q9/lib/cw1q9
[2.160s] writing list of installed files to '/home/bizare/Desktop/Robotics_System/build/cw1q9/install.log'
[2.197s] Invoked command in '/home/bizare/Desktop/Robotics_System/cw1q9' returned '0': PYTHONPATH=/home/bizare/Desktop/Robotics_System/build/cw1q9/prefix_override:/usr/lib/python3/dist-packages/colcon_core/task/python/colcon_distutils_commands:/home/bizare/Desktop/Robotics_System/install/cw1q9/lib/python3.8/site-packages:${PYTHONPATH} /usr/bin/python3 -W ignore:setup.py install is deprecated -W ignore:easy_install command is deprecated setup.py egg_info --egg-base ../build/cw1q9 build --build-base /home/bizare/Desktop/Robotics_System/build/cw1q9/build install --record /home/bizare/Desktop/Robotics_System/build/cw1q9/install.log --install-scripts $base/lib/cw1q9 --single-version-externally-managed install_data
