running egg_info
creating ../build/cw1q4/cw1q4.egg-info
writing ../build/cw1q4/cw1q4.egg-info/PKG-INFO
writing dependency_links to ../build/cw1q4/cw1q4.egg-info/dependency_links.txt
writing entry points to ../build/cw1q4/cw1q4.egg-info/entry_points.txt
writing requirements to ../build/cw1q4/cw1q4.egg-info/requires.txt
writing top-level names to ../build/cw1q4/cw1q4.egg-info/top_level.txt
writing manifest file '../build/cw1q4/cw1q4.egg-info/SOURCES.txt'
reading manifest file '../build/cw1q4/cw1q4.egg-info/SOURCES.txt'
writing manifest file '../build/cw1q4/cw1q4.egg-info/SOURCES.txt'
running build
running build_py
creating /home/bizare/Desktop/MPHY0054_lab/cw1/build/cw1q4/build
creating /home/bizare/Desktop/MPHY0054_lab/cw1/build/cw1q4/build/lib
creating /home/bizare/Desktop/MPHY0054_lab/cw1/build/cw1q4/build/lib/cw1q4
copying cw1q4/__init__.py -> /home/bizare/Desktop/MPHY0054_lab/cw1/build/cw1q4/build/lib/cw1q4
copying cw1q4/cw1q4_node.py -> /home/bizare/Desktop/MPHY0054_lab/cw1/build/cw1q4/build/lib/cw1q4
running install
running install_lib
creating /home/bizare/Desktop/MPHY0054_lab/cw1/install/cw1q4/lib/python3.8/site-packages/cw1q4
copying /home/bizare/Desktop/MPHY0054_lab/cw1/build/cw1q4/build/lib/cw1q4/__init__.py -> /home/bizare/Desktop/MPHY0054_lab/cw1/install/cw1q4/lib/python3.8/site-packages/cw1q4
copying /home/bizare/Desktop/MPHY0054_lab/cw1/build/cw1q4/build/lib/cw1q4/cw1q4_node.py -> /home/bizare/Desktop/MPHY0054_lab/cw1/install/cw1q4/lib/python3.8/site-packages/cw1q4
byte-compiling /home/bizare/Desktop/MPHY0054_lab/cw1/install/cw1q4/lib/python3.8/site-packages/cw1q4/__init__.py to __init__.cpython-38.pyc
byte-compiling /home/bizare/Desktop/MPHY0054_lab/cw1/install/cw1q4/lib/python3.8/site-packages/cw1q4/cw1q4_node.py to cw1q4_node.cpython-38.pyc
running install_data
creating /home/bizare/Desktop/MPHY0054_lab/cw1/install/cw1q4/share/ament_index
creating /home/bizare/Desktop/MPHY0054_lab/cw1/install/cw1q4/share/ament_index/resource_index
creating /home/bizare/Desktop/MPHY0054_lab/cw1/install/cw1q4/share/ament_index/resource_index/packages
copying resource/cw1q4 -> /home/bizare/Desktop/MPHY0054_lab/cw1/install/cw1q4/share/ament_index/resource_index/packages
copying package.xml -> /home/bizare/Desktop/MPHY0054_lab/cw1/install/cw1q4/share/cw1q4
running install_egg_info
Copying ../build/cw1q4/cw1q4.egg-info to /home/bizare/Desktop/MPHY0054_lab/cw1/install/cw1q4/lib/python3.8/site-packages/cw1q4-0.0.0-py3.8.egg-info
running install_scripts
Installing cw1q4_services script to /home/bizare/Desktop/MPHY0054_lab/cw1/install/cw1q4/lib/cw1q4
writing list of installed files to '/home/bizare/Desktop/MPHY0054_lab/cw1/build/cw1q4/install.log'
