[1.328s] Invoking command in '/home/bizare/Desktop/MPHY0054_lab/cw1/cw1q4': PYTHONPATH=/home/bizare/Desktop/MPHY0054_lab/cw1/build/cw1q4/prefix_override:/usr/lib/python3/dist-packages/colcon_core/task/python/colcon_distutils_commands:/home/bizare/Desktop/MPHY0054_lab/cw1/install/cw1q4/lib/python3.8/site-packages:${PYTHONPATH} /usr/bin/python3 -W ignore:setup.py install is deprecated -W ignore:easy_install command is deprecated setup.py egg_info --egg-base ../build/cw1q4 build --build-base /home/bizare/Desktop/MPHY0054_lab/cw1/build/cw1q4/build install --record /home/bizare/Desktop/MPHY0054_lab/cw1/build/cw1q4/install.log --install-scripts $base/lib/cw1q4 --single-version-externally-managed install_data
[1.594s] running egg_info
[1.594s] creating ../build/cw1q4/cw1q4.egg-info
[1.594s] writing ../build/cw1q4/cw1q4.egg-info/PKG-INFO
[1.595s] writing dependency_links to ../build/cw1q4/cw1q4.egg-info/dependency_links.txt
[1.595s] writing entry points to ../build/cw1q4/cw1q4.egg-info/entry_points.txt
[1.595s] writing requirements to ../build/cw1q4/cw1q4.egg-info/requires.txt
[1.595s] writing top-level names to ../build/cw1q4/cw1q4.egg-info/top_level.txt
[1.597s] writing manifest file '../build/cw1q4/cw1q4.egg-info/SOURCES.txt'
[1.628s] reading manifest file '../build/cw1q4/cw1q4.egg-info/SOURCES.txt'
[1.629s] writing manifest file '../build/cw1q4/cw1q4.egg-info/SOURCES.txt'
[1.632s] running build
[1.632s] running build_py
[1.632s] creating /home/bizare/Desktop/MPHY0054_lab/cw1/build/cw1q4/build
[1.632s] creating /home/bizare/Desktop/MPHY0054_lab/cw1/build/cw1q4/build/lib
[1.632s] creating /home/bizare/Desktop/MPHY0054_lab/cw1/build/cw1q4/build/lib/cw1q4
[1.632s] copying cw1q4/__init__.py -> /home/bizare/Desktop/MPHY0054_lab/cw1/build/cw1q4/build/lib/cw1q4
[1.632s] copying cw1q4/cw1q4_node.py -> /home/bizare/Desktop/MPHY0054_lab/cw1/build/cw1q4/build/lib/cw1q4
[1.632s] running install
[1.633s] running install_lib
[1.633s] creating /home/bizare/Desktop/MPHY0054_lab/cw1/install/cw1q4/lib/python3.8/site-packages/cw1q4
[1.633s] copying /home/bizare/Desktop/MPHY0054_lab/cw1/build/cw1q4/build/lib/cw1q4/__init__.py -> /home/bizare/Desktop/MPHY0054_lab/cw1/install/cw1q4/lib/python3.8/site-packages/cw1q4
[1.635s] copying /home/bizare/Desktop/MPHY0054_lab/cw1/build/cw1q4/build/lib/cw1q4/cw1q4_node.py -> /home/bizare/Desktop/MPHY0054_lab/cw1/install/cw1q4/lib/python3.8/site-packages/cw1q4
[1.635s] byte-compiling /home/bizare/Desktop/MPHY0054_lab/cw1/install/cw1q4/lib/python3.8/site-packages/cw1q4/__init__.py to __init__.cpython-38.pyc
[1.635s] byte-compiling /home/bizare/Desktop/MPHY0054_lab/cw1/install/cw1q4/lib/python3.8/site-packages/cw1q4/cw1q4_node.py to cw1q4_node.cpython-38.pyc
[1.641s] running install_data
[1.641s] creating /home/bizare/Desktop/MPHY0054_lab/cw1/install/cw1q4/share/ament_index
[1.641s] creating /home/bizare/Desktop/MPHY0054_lab/cw1/install/cw1q4/share/ament_index/resource_index
[1.641s] creating /home/bizare/Desktop/MPHY0054_lab/cw1/install/cw1q4/share/ament_index/resource_index/packages
[1.641s] copying resource/cw1q4 -> /home/bizare/Desktop/MPHY0054_lab/cw1/install/cw1q4/share/ament_index/resource_index/packages
[1.641s] copying package.xml -> /home/bizare/Desktop/MPHY0054_lab/cw1/install/cw1q4/share/cw1q4
[1.641s] running install_egg_info
[1.646s] Copying ../build/cw1q4/cw1q4.egg-info to /home/bizare/Desktop/MPHY0054_lab/cw1/install/cw1q4/lib/python3.8/site-packages/cw1q4-0.0.0-py3.8.egg-info
[1.648s] running install_scripts
[1.669s] Installing cw1q4_services script to /home/bizare/Desktop/MPHY0054_lab/cw1/install/cw1q4/lib/cw1q4
[1.669s] writing list of installed files to '/home/bizare/Desktop/MPHY0054_lab/cw1/build/cw1q4/install.log'
[1.703s] Invoked command in '/home/bizare/Desktop/MPHY0054_lab/cw1/cw1q4' returned '0': PYTHONPATH=/home/bizare/Desktop/MPHY0054_lab/cw1/build/cw1q4/prefix_override:/usr/lib/python3/dist-packages/colcon_core/task/python/colcon_distutils_commands:/home/bizare/Desktop/MPHY0054_lab/cw1/install/cw1q4/lib/python3.8/site-packages:${PYTHONPATH} /usr/bin/python3 -W ignore:setup.py install is deprecated -W ignore:easy_install command is deprecated setup.py egg_info --egg-base ../build/cw1q4 build --build-base /home/bizare/Desktop/MPHY0054_lab/cw1/build/cw1q4/build install --record /home/bizare/Desktop/MPHY0054_lab/cw1/build/cw1q4/install.log --install-scripts $base/lib/cw1q4 --single-version-externally-managed install_data
