[0.194s] DEBUG:colcon:Command line arguments: ['/usr/bin/colcon', 'build']
[0.194s] DEBUG:colcon:Parsed command line arguments: Namespace(allow_overriding=[], ament_cmake_args=None, base_paths=['.'], build_base='build', catkin_cmake_args=None, catkin_skip_building_tests=False, cmake_args=None, cmake_clean_cache=False, cmake_clean_first=False, cmake_force_configure=False, cmake_target=None, cmake_target_skip_unavailable=False, continue_on_error=False, event_handlers=None, executor='parallel', ignore_user_meta=False, install_base='install', log_base=None, log_level=None, main=<bound method BuildVerb.main of <colcon_core.verb.build.BuildVerb object at 0x7f6f26444280>>, merge_install=False, metas=['./colcon.meta'], packages_above=None, packages_above_and_dependencies=None, packages_above_depth=None, packages_end=None, packages_ignore=None, packages_ignore_regex=None, packages_select=None, packages_select_build_failed=False, packages_select_by_dep=None, packages_select_regex=None, packages_select_test_failures=False, packages_skip=None, packages_skip_build_finished=False, packages_skip_by_dep=None, packages_skip_regex=None, packages_skip_test_passed=False, packages_skip_up_to=None, packages_start=None, packages_up_to=None, packages_up_to_regex=None, parallel_workers=8, paths=None, symlink_install=False, test_result_base=None, verb_extension=<colcon_core.verb.build.BuildVerb object at 0x7f6f26444280>, verb_name='build', verb_parser=<colcon_defaults.argument_parser.defaults.DefaultArgumentsDecorator object at 0x7f6f2630e430>)
[0.349s] Level 1:colcon.colcon_core.package_discovery:discover_packages(colcon_meta) check parameters
[0.349s] Level 1:colcon.colcon_core.package_discovery:discover_packages(recursive) check parameters
[0.349s] Level 1:colcon.colcon_core.package_discovery:discover_packages(ignore) check parameters
[0.349s] Level 1:colcon.colcon_core.package_discovery:discover_packages(path) check parameters
[0.349s] Level 1:colcon.colcon_core.package_discovery:discover_packages(colcon_meta) discover
[0.349s] Level 1:colcon.colcon_core.package_discovery:discover_packages(recursive) discover
[0.349s] INFO:colcon.colcon_core.package_discovery:Crawling recursively for packages in '/home/bizare/Desktop/Robotics_System'
[0.350s] Level 1:colcon.colcon_core.package_identification:_identify(.) by extensions ['ignore', 'ignore_ament_install']
[0.350s] Level 1:colcon.colcon_core.package_identification:_identify(.) by extension 'ignore'
[0.350s] Level 1:colcon.colcon_core.package_identification:_identify(.) by extension 'ignore_ament_install'
[0.350s] Level 1:colcon.colcon_core.package_identification:_identify(.) by extensions ['colcon_pkg']
[0.350s] Level 1:colcon.colcon_core.package_identification:_identify(.) by extension 'colcon_pkg'
[0.350s] Level 1:colcon.colcon_core.package_identification:_identify(.) by extensions ['colcon_meta']
[0.350s] Level 1:colcon.colcon_core.package_identification:_identify(.) by extension 'colcon_meta'
[0.350s] Level 1:colcon.colcon_core.package_identification:_identify(.) by extensions ['ros']
[0.350s] Level 1:colcon.colcon_core.package_identification:_identify(.) by extension 'ros'
[0.370s] Level 1:colcon.colcon_core.package_identification:_identify(.) by extensions ['cmake', 'python']
[0.370s] Level 1:colcon.colcon_core.package_identification:_identify(.) by extension 'cmake'
[0.370s] Level 1:colcon.colcon_core.package_identification:_identify(.) by extension 'python'
[0.370s] Level 1:colcon.colcon_core.package_identification:_identify(.) by extensions ['python_setup_py']
[0.370s] Level 1:colcon.colcon_core.package_identification:_identify(.) by extension 'python_setup_py'
[0.370s] Level 1:colcon.colcon_core.package_identification:_identify(build) by extensions ['ignore', 'ignore_ament_install']
[0.370s] Level 1:colcon.colcon_core.package_identification:_identify(build) by extension 'ignore'
[0.370s] Level 1:colcon.colcon_core.package_identification:_identify(build) ignored
[0.371s] Level 1:colcon.colcon_core.package_identification:_identify(cw1q4) by extensions ['ignore', 'ignore_ament_install']
[0.371s] Level 1:colcon.colcon_core.package_identification:_identify(cw1q4) by extension 'ignore'
[0.371s] Level 1:colcon.colcon_core.package_identification:_identify(cw1q4) by extension 'ignore_ament_install'
[0.371s] Level 1:colcon.colcon_core.package_identification:_identify(cw1q4) by extensions ['colcon_pkg']
[0.371s] Level 1:colcon.colcon_core.package_identification:_identify(cw1q4) by extension 'colcon_pkg'
[0.371s] Level 1:colcon.colcon_core.package_identification:_identify(cw1q4) by extensions ['colcon_meta']
[0.371s] Level 1:colcon.colcon_core.package_identification:_identify(cw1q4) by extension 'colcon_meta'
[0.371s] Level 1:colcon.colcon_core.package_identification:_identify(cw1q4) by extensions ['ros']
[0.371s] Level 1:colcon.colcon_core.package_identification:_identify(cw1q4) by extension 'ros'
[0.373s] DEBUG:colcon.colcon_core.package_identification:Package 'cw1q4' with type 'ros.ament_python' and name 'cw1q4'
[0.374s] Level 1:colcon.colcon_core.package_identification:_identify(cw1q4_interfaces) by extensions ['ignore', 'ignore_ament_install']
[0.374s] Level 1:colcon.colcon_core.package_identification:_identify(cw1q4_interfaces) by extension 'ignore'
[0.374s] Level 1:colcon.colcon_core.package_identification:_identify(cw1q4_interfaces) by extension 'ignore_ament_install'
[0.374s] Level 1:colcon.colcon_core.package_identification:_identify(cw1q4_interfaces) by extensions ['colcon_pkg']
[0.374s] Level 1:colcon.colcon_core.package_identification:_identify(cw1q4_interfaces) by extension 'colcon_pkg'
[0.374s] Level 1:colcon.colcon_core.package_identification:_identify(cw1q4_interfaces) by extensions ['colcon_meta']
[0.374s] Level 1:colcon.colcon_core.package_identification:_identify(cw1q4_interfaces) by extension 'colcon_meta'
[0.374s] Level 1:colcon.colcon_core.package_identification:_identify(cw1q4_interfaces) by extensions ['ros']
[0.374s] Level 1:colcon.colcon_core.package_identification:_identify(cw1q4_interfaces) by extension 'ros'
[0.375s] DEBUG:colcon.colcon_core.package_identification:Package 'cw1q4_interfaces' with type 'ros.ament_cmake' and name 'cw1q4_interfaces'
[0.375s] Level 1:colcon.colcon_core.package_identification:_identify(cw1q5) by extensions ['ignore', 'ignore_ament_install']
[0.375s] Level 1:colcon.colcon_core.package_identification:_identify(cw1q5) by extension 'ignore'
[0.375s] Level 1:colcon.colcon_core.package_identification:_identify(cw1q5) by extension 'ignore_ament_install'
[0.375s] Level 1:colcon.colcon_core.package_identification:_identify(cw1q5) by extensions ['colcon_pkg']
[0.375s] Level 1:colcon.colcon_core.package_identification:_identify(cw1q5) by extension 'colcon_pkg'
[0.375s] Level 1:colcon.colcon_core.package_identification:_identify(cw1q5) by extensions ['colcon_meta']
[0.375s] Level 1:colcon.colcon_core.package_identification:_identify(cw1q5) by extension 'colcon_meta'
[0.375s] Level 1:colcon.colcon_core.package_identification:_identify(cw1q5) by extensions ['ros']
[0.375s] Level 1:colcon.colcon_core.package_identification:_identify(cw1q5) by extension 'ros'
[0.376s] DEBUG:colcon.colcon_core.package_identification:Package 'cw1q5' with type 'ros.ament_python' and name 'cw1q5'
[0.376s] Level 1:colcon.colcon_core.package_identification:_identify(cw1q9) by extensions ['ignore', 'ignore_ament_install']
[0.376s] Level 1:colcon.colcon_core.package_identification:_identify(cw1q9) by extension 'ignore'
[0.376s] Level 1:colcon.colcon_core.package_identification:_identify(cw1q9) by extension 'ignore_ament_install'
[0.376s] Level 1:colcon.colcon_core.package_identification:_identify(cw1q9) by extensions ['colcon_pkg']
[0.376s] Level 1:colcon.colcon_core.package_identification:_identify(cw1q9) by extension 'colcon_pkg'
[0.376s] Level 1:colcon.colcon_core.package_identification:_identify(cw1q9) by extensions ['colcon_meta']
[0.376s] Level 1:colcon.colcon_core.package_identification:_identify(cw1q9) by extension 'colcon_meta'
[0.376s] Level 1:colcon.colcon_core.package_identification:_identify(cw1q9) by extensions ['ros']
[0.376s] Level 1:colcon.colcon_core.package_identification:_identify(cw1q9) by extension 'ros'
[0.377s] DEBUG:colcon.colcon_core.package_identification:Package 'cw1q9' with type 'ros.ament_python' and name 'cw1q9'
[0.377s] Level 1:colcon.colcon_core.package_identification:_identify(install) by extensions ['ignore', 'ignore_ament_install']
[0.377s] Level 1:colcon.colcon_core.package_identification:_identify(install) by extension 'ignore'
[0.377s] Level 1:colcon.colcon_core.package_identification:_identify(install) ignored
[0.378s] Level 1:colcon.colcon_core.package_identification:_identify(log) by extensions ['ignore', 'ignore_ament_install']
[0.378s] Level 1:colcon.colcon_core.package_identification:_identify(log) by extension 'ignore'
[0.378s] Level 1:colcon.colcon_core.package_identification:_identify(log) ignored
[0.378s] Level 1:colcon.colcon_core.package_identification:_identify(pic) by extensions ['ignore', 'ignore_ament_install']
[0.378s] Level 1:colcon.colcon_core.package_identification:_identify(pic) by extension 'ignore'
[0.378s] Level 1:colcon.colcon_core.package_identification:_identify(pic) by extension 'ignore_ament_install'
[0.378s] Level 1:colcon.colcon_core.package_identification:_identify(pic) by extensions ['colcon_pkg']
[0.378s] Level 1:colcon.colcon_core.package_identification:_identify(pic) by extension 'colcon_pkg'
[0.378s] Level 1:colcon.colcon_core.package_identification:_identify(pic) by extensions ['colcon_meta']
[0.378s] Level 1:colcon.colcon_core.package_identification:_identify(pic) by extension 'colcon_meta'
[0.378s] Level 1:colcon.colcon_core.package_identification:_identify(pic) by extensions ['ros']
[0.378s] Level 1:colcon.colcon_core.package_identification:_identify(pic) by extension 'ros'
[0.378s] Level 1:colcon.colcon_core.package_identification:_identify(pic) by extensions ['cmake', 'python']
[0.378s] Level 1:colcon.colcon_core.package_identification:_identify(pic) by extension 'cmake'
[0.378s] Level 1:colcon.colcon_core.package_identification:_identify(pic) by extension 'python'
[0.378s] Level 1:colcon.colcon_core.package_identification:_identify(pic) by extensions ['python_setup_py']
[0.378s] Level 1:colcon.colcon_core.package_identification:_identify(pic) by extension 'python_setup_py'
[0.379s] Level 1:colcon.colcon_core.package_identification:_identify(robot_description) by extensions ['ignore', 'ignore_ament_install']
[0.379s] Level 1:colcon.colcon_core.package_identification:_identify(robot_description) by extension 'ignore'
[0.379s] Level 1:colcon.colcon_core.package_identification:_identify(robot_description) by extension 'ignore_ament_install'
[0.379s] Level 1:colcon.colcon_core.package_identification:_identify(robot_description) by extensions ['colcon_pkg']
[0.379s] Level 1:colcon.colcon_core.package_identification:_identify(robot_description) by extension 'colcon_pkg'
[0.379s] Level 1:colcon.colcon_core.package_identification:_identify(robot_description) by extensions ['colcon_meta']
[0.379s] Level 1:colcon.colcon_core.package_identification:_identify(robot_description) by extension 'colcon_meta'
[0.379s] Level 1:colcon.colcon_core.package_identification:_identify(robot_description) by extensions ['ros']
[0.379s] Level 1:colcon.colcon_core.package_identification:_identify(robot_description) by extension 'ros'
[0.379s] Level 1:colcon.colcon_core.package_identification:_identify(robot_description) by extensions ['cmake', 'python']
[0.379s] Level 1:colcon.colcon_core.package_identification:_identify(robot_description) by extension 'cmake'
[0.379s] Level 1:colcon.colcon_core.package_identification:_identify(robot_description) by extension 'python'
[0.379s] Level 1:colcon.colcon_core.package_identification:_identify(robot_description) by extensions ['python_setup_py']
[0.379s] Level 1:colcon.colcon_core.package_identification:_identify(robot_description) by extension 'python_setup_py'
[0.379s] Level 1:colcon.colcon_core.package_identification:_identify(robot_description/open_manipulator_description) by extensions ['ignore', 'ignore_ament_install']
[0.379s] Level 1:colcon.colcon_core.package_identification:_identify(robot_description/open_manipulator_description) by extension 'ignore'
[0.379s] Level 1:colcon.colcon_core.package_identification:_identify(robot_description/open_manipulator_description) by extension 'ignore_ament_install'
[0.379s] Level 1:colcon.colcon_core.package_identification:_identify(robot_description/open_manipulator_description) by extensions ['colcon_pkg']
[0.379s] Level 1:colcon.colcon_core.package_identification:_identify(robot_description/open_manipulator_description) by extension 'colcon_pkg'
[0.379s] Level 1:colcon.colcon_core.package_identification:_identify(robot_description/open_manipulator_description) by extensions ['colcon_meta']
[0.380s] Level 1:colcon.colcon_core.package_identification:_identify(robot_description/open_manipulator_description) by extension 'colcon_meta'
[0.380s] Level 1:colcon.colcon_core.package_identification:_identify(robot_description/open_manipulator_description) by extensions ['ros']
[0.380s] Level 1:colcon.colcon_core.package_identification:_identify(robot_description/open_manipulator_description) by extension 'ros'
[0.380s] DEBUG:colcon.colcon_core.package_identification:Package 'robot_description/open_manipulator_description' with type 'ros.ament_cmake' and name 'open_manipulator_description'
[0.380s] Level 1:colcon.colcon_core.package_identification:_identify(robot_description/youbot_description) by extensions ['ignore', 'ignore_ament_install']
[0.381s] Level 1:colcon.colcon_core.package_identification:_identify(robot_description/youbot_description) by extension 'ignore'
[0.381s] Level 1:colcon.colcon_core.package_identification:_identify(robot_description/youbot_description) by extension 'ignore_ament_install'
[0.381s] Level 1:colcon.colcon_core.package_identification:_identify(robot_description/youbot_description) by extensions ['colcon_pkg']
[0.381s] Level 1:colcon.colcon_core.package_identification:_identify(robot_description/youbot_description) by extension 'colcon_pkg'
[0.381s] Level 1:colcon.colcon_core.package_identification:_identify(robot_description/youbot_description) by extensions ['colcon_meta']
[0.381s] Level 1:colcon.colcon_core.package_identification:_identify(robot_description/youbot_description) by extension 'colcon_meta'
[0.381s] Level 1:colcon.colcon_core.package_identification:_identify(robot_description/youbot_description) by extensions ['ros']
[0.381s] Level 1:colcon.colcon_core.package_identification:_identify(robot_description/youbot_description) by extension 'ros'
[0.381s] DEBUG:colcon.colcon_core.package_identification:Package 'robot_description/youbot_description' with type 'ros.ament_cmake' and name 'youbot_description'
[0.381s] Level 1:colcon.colcon_core.package_identification:_identify(youbot_simulator) by extensions ['ignore', 'ignore_ament_install']
[0.382s] Level 1:colcon.colcon_core.package_identification:_identify(youbot_simulator) by extension 'ignore'
[0.382s] Level 1:colcon.colcon_core.package_identification:_identify(youbot_simulator) by extension 'ignore_ament_install'
[0.382s] Level 1:colcon.colcon_core.package_identification:_identify(youbot_simulator) by extensions ['colcon_pkg']
[0.382s] Level 1:colcon.colcon_core.package_identification:_identify(youbot_simulator) by extension 'colcon_pkg'
[0.382s] Level 1:colcon.colcon_core.package_identification:_identify(youbot_simulator) by extensions ['colcon_meta']
[0.382s] Level 1:colcon.colcon_core.package_identification:_identify(youbot_simulator) by extension 'colcon_meta'
[0.382s] Level 1:colcon.colcon_core.package_identification:_identify(youbot_simulator) by extensions ['ros']
[0.382s] Level 1:colcon.colcon_core.package_identification:_identify(youbot_simulator) by extension 'ros'
[0.382s] DEBUG:colcon.colcon_core.package_identification:Package 'youbot_simulator' with type 'ros.ament_cmake' and name 'youbot_simulator'
[0.382s] Level 1:colcon.colcon_core.package_discovery:discover_packages(recursive) using defaults
[0.382s] Level 1:colcon.colcon_core.package_discovery:discover_packages(ignore) discover
[0.382s] Level 1:colcon.colcon_core.package_discovery:discover_packages(ignore) using defaults
[0.382s] Level 1:colcon.colcon_core.package_discovery:discover_packages(path) discover
[0.382s] Level 1:colcon.colcon_core.package_discovery:discover_packages(path) using defaults
[0.406s] Level 1:colcon.colcon_core.package_discovery:discover_packages(prefix_path) check parameters
[0.406s] Level 1:colcon.colcon_core.package_discovery:discover_packages(prefix_path) discover
[0.408s] DEBUG:colcon.colcon_installed_package_information.package_discovery:Found 7 installed packages in /home/bizare/Desktop/Robotics_System/install
[0.409s] DEBUG:colcon.colcon_installed_package_information.package_discovery:Found 267 installed packages in /opt/ros/foxy
[0.411s] Level 1:colcon.colcon_core.package_discovery:discover_packages(prefix_path) using defaults
[0.475s] Level 5:colcon.colcon_core.verb:set package 'cw1q4' build argument 'cmake_args' from command line to 'None'
[0.475s] Level 5:colcon.colcon_core.verb:set package 'cw1q4' build argument 'cmake_target' from command line to 'None'
[0.475s] Level 5:colcon.colcon_core.verb:set package 'cw1q4' build argument 'cmake_target_skip_unavailable' from command line to 'False'
[0.475s] Level 5:colcon.colcon_core.verb:set package 'cw1q4' build argument 'cmake_clean_cache' from command line to 'False'
[0.475s] Level 5:colcon.colcon_core.verb:set package 'cw1q4' build argument 'cmake_clean_first' from command line to 'False'
[0.475s] Level 5:colcon.colcon_core.verb:set package 'cw1q4' build argument 'cmake_force_configure' from command line to 'False'
[0.475s] Level 5:colcon.colcon_core.verb:set package 'cw1q4' build argument 'ament_cmake_args' from command line to 'None'
[0.475s] Level 5:colcon.colcon_core.verb:set package 'cw1q4' build argument 'catkin_cmake_args' from command line to 'None'
[0.476s] Level 5:colcon.colcon_core.verb:set package 'cw1q4' build argument 'catkin_skip_building_tests' from command line to 'False'
[0.476s] DEBUG:colcon.colcon_core.verb:Building package 'cw1q4' with the following arguments: {'ament_cmake_args': None, 'build_base': '/home/bizare/Desktop/Robotics_System/build/cw1q4', 'catkin_cmake_args': None, 'catkin_skip_building_tests': False, 'cmake_args': None, 'cmake_clean_cache': False, 'cmake_clean_first': False, 'cmake_force_configure': False, 'cmake_target': None, 'cmake_target_skip_unavailable': False, 'install_base': '/home/bizare/Desktop/Robotics_System/install/cw1q4', 'merge_install': False, 'path': '/home/bizare/Desktop/Robotics_System/cw1q4', 'symlink_install': False, 'test_result_base': None}
[0.476s] Level 5:colcon.colcon_core.verb:set package 'cw1q4_interfaces' build argument 'cmake_args' from command line to 'None'
[0.476s] Level 5:colcon.colcon_core.verb:set package 'cw1q4_interfaces' build argument 'cmake_target' from command line to 'None'
[0.476s] Level 5:colcon.colcon_core.verb:set package 'cw1q4_interfaces' build argument 'cmake_target_skip_unavailable' from command line to 'False'
[0.476s] Level 5:colcon.colcon_core.verb:set package 'cw1q4_interfaces' build argument 'cmake_clean_cache' from command line to 'False'
[0.476s] Level 5:colcon.colcon_core.verb:set package 'cw1q4_interfaces' build argument 'cmake_clean_first' from command line to 'False'
[0.476s] Level 5:colcon.colcon_core.verb:set package 'cw1q4_interfaces' build argument 'cmake_force_configure' from command line to 'False'
[0.476s] Level 5:colcon.colcon_core.verb:set package 'cw1q4_interfaces' build argument 'ament_cmake_args' from command line to 'None'
[0.476s] Level 5:colcon.colcon_core.verb:set package 'cw1q4_interfaces' build argument 'catkin_cmake_args' from command line to 'None'
[0.476s] Level 5:colcon.colcon_core.verb:set package 'cw1q4_interfaces' build argument 'catkin_skip_building_tests' from command line to 'False'
[0.476s] DEBUG:colcon.colcon_core.verb:Building package 'cw1q4_interfaces' with the following arguments: {'ament_cmake_args': None, 'build_base': '/home/bizare/Desktop/Robotics_System/build/cw1q4_interfaces', 'catkin_cmake_args': None, 'catkin_skip_building_tests': False, 'cmake_args': None, 'cmake_clean_cache': False, 'cmake_clean_first': False, 'cmake_force_configure': False, 'cmake_target': None, 'cmake_target_skip_unavailable': False, 'install_base': '/home/bizare/Desktop/Robotics_System/install/cw1q4_interfaces', 'merge_install': False, 'path': '/home/bizare/Desktop/Robotics_System/cw1q4_interfaces', 'symlink_install': False, 'test_result_base': None}
[0.476s] Level 5:colcon.colcon_core.verb:set package 'cw1q9' build argument 'cmake_args' from command line to 'None'
[0.477s] Level 5:colcon.colcon_core.verb:set package 'cw1q9' build argument 'cmake_target' from command line to 'None'
[0.477s] Level 5:colcon.colcon_core.verb:set package 'cw1q9' build argument 'cmake_target_skip_unavailable' from command line to 'False'
[0.477s] Level 5:colcon.colcon_core.verb:set package 'cw1q9' build argument 'cmake_clean_cache' from command line to 'False'
[0.477s] Level 5:colcon.colcon_core.verb:set package 'cw1q9' build argument 'cmake_clean_first' from command line to 'False'
[0.477s] Level 5:colcon.colcon_core.verb:set package 'cw1q9' build argument 'cmake_force_configure' from command line to 'False'
[0.477s] Level 5:colcon.colcon_core.verb:set package 'cw1q9' build argument 'ament_cmake_args' from command line to 'None'
[0.477s] Level 5:colcon.colcon_core.verb:set package 'cw1q9' build argument 'catkin_cmake_args' from command line to 'None'
[0.477s] Level 5:colcon.colcon_core.verb:set package 'cw1q9' build argument 'catkin_skip_building_tests' from command line to 'False'
[0.477s] DEBUG:colcon.colcon_core.verb:Building package 'cw1q9' with the following arguments: {'ament_cmake_args': None, 'build_base': '/home/bizare/Desktop/Robotics_System/build/cw1q9', 'catkin_cmake_args': None, 'catkin_skip_building_tests': False, 'cmake_args': None, 'cmake_clean_cache': False, 'cmake_clean_first': False, 'cmake_force_configure': False, 'cmake_target': None, 'cmake_target_skip_unavailable': False, 'install_base': '/home/bizare/Desktop/Robotics_System/install/cw1q9', 'merge_install': False, 'path': '/home/bizare/Desktop/Robotics_System/cw1q9', 'symlink_install': False, 'test_result_base': None}
[0.477s] Level 5:colcon.colcon_core.verb:set package 'open_manipulator_description' build argument 'cmake_args' from command line to 'None'
[0.477s] Level 5:colcon.colcon_core.verb:set package 'open_manipulator_description' build argument 'cmake_target' from command line to 'None'
[0.477s] Level 5:colcon.colcon_core.verb:set package 'open_manipulator_description' build argument 'cmake_target_skip_unavailable' from command line to 'False'
[0.477s] Level 5:colcon.colcon_core.verb:set package 'open_manipulator_description' build argument 'cmake_clean_cache' from command line to 'False'
[0.477s] Level 5:colcon.colcon_core.verb:set package 'open_manipulator_description' build argument 'cmake_clean_first' from command line to 'False'
[0.477s] Level 5:colcon.colcon_core.verb:set package 'open_manipulator_description' build argument 'cmake_force_configure' from command line to 'False'
[0.477s] Level 5:colcon.colcon_core.verb:set package 'open_manipulator_description' build argument 'ament_cmake_args' from command line to 'None'
[0.477s] Level 5:colcon.colcon_core.verb:set package 'open_manipulator_description' build argument 'catkin_cmake_args' from command line to 'None'
[0.477s] Level 5:colcon.colcon_core.verb:set package 'open_manipulator_description' build argument 'catkin_skip_building_tests' from command line to 'False'
[0.477s] DEBUG:colcon.colcon_core.verb:Building package 'open_manipulator_description' with the following arguments: {'ament_cmake_args': None, 'build_base': '/home/bizare/Desktop/Robotics_System/build/open_manipulator_description', 'catkin_cmake_args': None, 'catkin_skip_building_tests': False, 'cmake_args': None, 'cmake_clean_cache': False, 'cmake_clean_first': False, 'cmake_force_configure': False, 'cmake_target': None, 'cmake_target_skip_unavailable': False, 'install_base': '/home/bizare/Desktop/Robotics_System/install/open_manipulator_description', 'merge_install': False, 'path': '/home/bizare/Desktop/Robotics_System/robot_description/open_manipulator_description', 'symlink_install': False, 'test_result_base': None}
[0.478s] Level 5:colcon.colcon_core.verb:set package 'youbot_description' build argument 'cmake_args' from command line to 'None'
[0.478s] Level 5:colcon.colcon_core.verb:set package 'youbot_description' build argument 'cmake_target' from command line to 'None'
[0.478s] Level 5:colcon.colcon_core.verb:set package 'youbot_description' build argument 'cmake_target_skip_unavailable' from command line to 'False'
[0.478s] Level 5:colcon.colcon_core.verb:set package 'youbot_description' build argument 'cmake_clean_cache' from command line to 'False'
[0.478s] Level 5:colcon.colcon_core.verb:set package 'youbot_description' build argument 'cmake_clean_first' from command line to 'False'
[0.478s] Level 5:colcon.colcon_core.verb:set package 'youbot_description' build argument 'cmake_force_configure' from command line to 'False'
[0.478s] Level 5:colcon.colcon_core.verb:set package 'youbot_description' build argument 'ament_cmake_args' from command line to 'None'
[0.478s] Level 5:colcon.colcon_core.verb:set package 'youbot_description' build argument 'catkin_cmake_args' from command line to 'None'
[0.478s] Level 5:colcon.colcon_core.verb:set package 'youbot_description' build argument 'catkin_skip_building_tests' from command line to 'False'
[0.478s] DEBUG:colcon.colcon_core.verb:Building package 'youbot_description' with the following arguments: {'ament_cmake_args': None, 'build_base': '/home/bizare/Desktop/Robotics_System/build/youbot_description', 'catkin_cmake_args': None, 'catkin_skip_building_tests': False, 'cmake_args': None, 'cmake_clean_cache': False, 'cmake_clean_first': False, 'cmake_force_configure': False, 'cmake_target': None, 'cmake_target_skip_unavailable': False, 'install_base': '/home/bizare/Desktop/Robotics_System/install/youbot_description', 'merge_install': False, 'path': '/home/bizare/Desktop/Robotics_System/robot_description/youbot_description', 'symlink_install': False, 'test_result_base': None}
[0.478s] Level 5:colcon.colcon_core.verb:set package 'youbot_simulator' build argument 'cmake_args' from command line to 'None'
[0.478s] Level 5:colcon.colcon_core.verb:set package 'youbot_simulator' build argument 'cmake_target' from command line to 'None'
[0.478s] Level 5:colcon.colcon_core.verb:set package 'youbot_simulator' build argument 'cmake_target_skip_unavailable' from command line to 'False'
[0.478s] Level 5:colcon.colcon_core.verb:set package 'youbot_simulator' build argument 'cmake_clean_cache' from command line to 'False'
[0.478s] Level 5:colcon.colcon_core.verb:set package 'youbot_simulator' build argument 'cmake_clean_first' from command line to 'False'
[0.478s] Level 5:colcon.colcon_core.verb:set package 'youbot_simulator' build argument 'cmake_force_configure' from command line to 'False'
[0.478s] Level 5:colcon.colcon_core.verb:set package 'youbot_simulator' build argument 'ament_cmake_args' from command line to 'None'
[0.478s] Level 5:colcon.colcon_core.verb:set package 'youbot_simulator' build argument 'catkin_cmake_args' from command line to 'None'
[0.478s] Level 5:colcon.colcon_core.verb:set package 'youbot_simulator' build argument 'catkin_skip_building_tests' from command line to 'False'
[0.478s] DEBUG:colcon.colcon_core.verb:Building package 'youbot_simulator' with the following arguments: {'ament_cmake_args': None, 'build_base': '/home/bizare/Desktop/Robotics_System/build/youbot_simulator', 'catkin_cmake_args': None, 'catkin_skip_building_tests': False, 'cmake_args': None, 'cmake_clean_cache': False, 'cmake_clean_first': False, 'cmake_force_configure': False, 'cmake_target': None, 'cmake_target_skip_unavailable': False, 'install_base': '/home/bizare/Desktop/Robotics_System/install/youbot_simulator', 'merge_install': False, 'path': '/home/bizare/Desktop/Robotics_System/youbot_simulator', 'symlink_install': False, 'test_result_base': None}
[0.479s] Level 5:colcon.colcon_core.verb:set package 'cw1q5' build argument 'cmake_args' from command line to 'None'
[0.479s] Level 5:colcon.colcon_core.verb:set package 'cw1q5' build argument 'cmake_target' from command line to 'None'
[0.479s] Level 5:colcon.colcon_core.verb:set package 'cw1q5' build argument 'cmake_target_skip_unavailable' from command line to 'False'
[0.479s] Level 5:colcon.colcon_core.verb:set package 'cw1q5' build argument 'cmake_clean_cache' from command line to 'False'
[0.479s] Level 5:colcon.colcon_core.verb:set package 'cw1q5' build argument 'cmake_clean_first' from command line to 'False'
[0.479s] Level 5:colcon.colcon_core.verb:set package 'cw1q5' build argument 'cmake_force_configure' from command line to 'False'
[0.479s] Level 5:colcon.colcon_core.verb:set package 'cw1q5' build argument 'ament_cmake_args' from command line to 'None'
[0.479s] Level 5:colcon.colcon_core.verb:set package 'cw1q5' build argument 'catkin_cmake_args' from command line to 'None'
[0.479s] Level 5:colcon.colcon_core.verb:set package 'cw1q5' build argument 'catkin_skip_building_tests' from command line to 'False'
[0.479s] DEBUG:colcon.colcon_core.verb:Building package 'cw1q5' with the following arguments: {'ament_cmake_args': None, 'build_base': '/home/bizare/Desktop/Robotics_System/build/cw1q5', 'catkin_cmake_args': None, 'catkin_skip_building_tests': False, 'cmake_args': None, 'cmake_clean_cache': False, 'cmake_clean_first': False, 'cmake_force_configure': False, 'cmake_target': None, 'cmake_target_skip_unavailable': False, 'install_base': '/home/bizare/Desktop/Robotics_System/install/cw1q5', 'merge_install': False, 'path': '/home/bizare/Desktop/Robotics_System/cw1q5', 'symlink_install': False, 'test_result_base': None}
[0.479s] INFO:colcon.colcon_core.executor:Executing jobs using 'parallel' executor
[0.480s] DEBUG:colcon.colcon_parallel_executor.executor.parallel:run_until_complete
[0.480s] INFO:colcon.colcon_ros.task.ament_cmake.build:Building ROS package in '/home/bizare/Desktop/Robotics_System/robot_description/youbot_description' with build type 'ament_cmake'
[0.480s] INFO:colcon.colcon_cmake.task.cmake.build:Building CMake package in '/home/bizare/Desktop/Robotics_System/robot_description/youbot_description'
[0.483s] INFO:colcon.colcon_core.plugin_system:Skipping extension 'colcon_core.shell.bat': Not used on non-Windows systems
[0.483s] INFO:colcon.colcon_core.shell:Skip shell extension 'powershell' for command environment: Not usable outside of PowerShell
[0.483s] DEBUG:colcon.colcon_core.shell:Skip shell extension 'dsv' for command environment
[0.487s] INFO:colcon.colcon_ros.task.ament_python.build:Building ROS package in '/home/bizare/Desktop/Robotics_System/cw1q4' with build type 'ament_python'
[0.488s] Level 1:colcon.colcon_core.shell:create_environment_hook('cw1q4', 'ament_prefix_path')
[0.488s] INFO:colcon.colcon_core.shell:Creating environment hook '/home/bizare/Desktop/Robotics_System/install/cw1q4/share/cw1q4/hook/ament_prefix_path.ps1'
[0.490s] INFO:colcon.colcon_core.shell:Creating environment descriptor '/home/bizare/Desktop/Robotics_System/install/cw1q4/share/cw1q4/hook/ament_prefix_path.dsv'
[0.490s] INFO:colcon.colcon_core.shell:Creating environment hook '/home/bizare/Desktop/Robotics_System/install/cw1q4/share/cw1q4/hook/ament_prefix_path.sh'
[0.491s] INFO:colcon.colcon_core.shell:Skip shell extension 'powershell' for command environment: Not usable outside of PowerShell
[0.491s] DEBUG:colcon.colcon_core.shell:Skip shell extension 'dsv' for command environment
[0.495s] INFO:colcon.colcon_ros.task.ament_cmake.build:Building ROS package in '/home/bizare/Desktop/Robotics_System/cw1q4_interfaces' with build type 'ament_cmake'
[0.496s] INFO:colcon.colcon_cmake.task.cmake.build:Building CMake package in '/home/bizare/Desktop/Robotics_System/cw1q4_interfaces'
[0.496s] INFO:colcon.colcon_core.shell:Skip shell extension 'powershell' for command environment: Not usable outside of PowerShell
[0.496s] DEBUG:colcon.colcon_core.shell:Skip shell extension 'dsv' for command environment
[0.500s] INFO:colcon.colcon_ros.task.ament_python.build:Building ROS package in '/home/bizare/Desktop/Robotics_System/cw1q9' with build type 'ament_python'
[0.501s] Level 1:colcon.colcon_core.shell:create_environment_hook('cw1q9', 'ament_prefix_path')
[0.501s] INFO:colcon.colcon_core.shell:Creating environment hook '/home/bizare/Desktop/Robotics_System/install/cw1q9/share/cw1q9/hook/ament_prefix_path.ps1'
[0.502s] INFO:colcon.colcon_core.shell:Creating environment descriptor '/home/bizare/Desktop/Robotics_System/install/cw1q9/share/cw1q9/hook/ament_prefix_path.dsv'
[0.502s] INFO:colcon.colcon_core.shell:Creating environment hook '/home/bizare/Desktop/Robotics_System/install/cw1q9/share/cw1q9/hook/ament_prefix_path.sh'
[0.503s] INFO:colcon.colcon_core.shell:Skip shell extension 'powershell' for command environment: Not usable outside of PowerShell
[0.503s] DEBUG:colcon.colcon_core.shell:Skip shell extension 'dsv' for command environment
[0.506s] INFO:colcon.colcon_ros.task.ament_cmake.build:Building ROS package in '/home/bizare/Desktop/Robotics_System/robot_description/open_manipulator_description' with build type 'ament_cmake'
[0.507s] INFO:colcon.colcon_cmake.task.cmake.build:Building CMake package in '/home/bizare/Desktop/Robotics_System/robot_description/open_manipulator_description'
[0.507s] INFO:colcon.colcon_core.shell:Skip shell extension 'powershell' for command environment: Not usable outside of PowerShell
[0.507s] DEBUG:colcon.colcon_core.shell:Skip shell extension 'dsv' for command environment
[0.520s] DEBUG:colcon.colcon_core.event_handler.log_command:Invoking command in '/home/bizare/Desktop/Robotics_System/build/youbot_description': CMAKE_PREFIX_PATH=/home/bizare/Desktop/Robotics_System/install/youbot_simulator:/home/bizare/Desktop/Robotics_System/install/cw1q5:/home/bizare/Desktop/Robotics_System/install/cw1q9:/home/bizare/Desktop/Robotics_System/install/cw1q4:/opt/ros/foxy:/home/bizare/Desktop/Robotics_System/install/youbot_description:/home/bizare/Desktop/Robotics_System/install/open_manipulator_description:/home/bizare/Desktop/Robotics_System/install/cw1q4_interfaces /usr/bin/cmake --build /home/bizare/Desktop/Robotics_System/build/youbot_description -- -j8 -l8
[0.796s] INFO:colcon.colcon_core.task.python.build:Building Python package in '/home/bizare/Desktop/Robotics_System/cw1q4'
[0.796s] INFO:colcon.colcon_core.shell:Skip shell extension 'powershell' for command environment: Not usable outside of PowerShell
[0.796s] DEBUG:colcon.colcon_core.shell:Skip shell extension 'dsv' for command environment
[0.806s] DEBUG:colcon.colcon_core.event_handler.log_command:Invoking command in '/home/bizare/Desktop/Robotics_System/build/cw1q4_interfaces': CMAKE_PREFIX_PATH=/home/bizare/Desktop/Robotics_System/install/youbot_simulator:/home/bizare/Desktop/Robotics_System/install/cw1q5:/home/bizare/Desktop/Robotics_System/install/cw1q9:/home/bizare/Desktop/Robotics_System/install/cw1q4:/opt/ros/foxy:/home/bizare/Desktop/Robotics_System/install/youbot_description:/home/bizare/Desktop/Robotics_System/install/open_manipulator_description:/home/bizare/Desktop/Robotics_System/install/cw1q4_interfaces /usr/bin/cmake --build /home/bizare/Desktop/Robotics_System/build/cw1q4_interfaces -- -j8 -l8
[1.019s] INFO:colcon.colcon_core.task.python.build:Building Python package in '/home/bizare/Desktop/Robotics_System/cw1q9'
[1.019s] INFO:colcon.colcon_core.shell:Skip shell extension 'powershell' for command environment: Not usable outside of PowerShell
[1.019s] DEBUG:colcon.colcon_core.shell:Skip shell extension 'dsv' for command environment
[1.028s] DEBUG:colcon.colcon_core.event_handler.log_command:Invoking command in '/home/bizare/Desktop/Robotics_System/build/open_manipulator_description': CMAKE_PREFIX_PATH=/home/bizare/Desktop/Robotics_System/install/youbot_simulator:/home/bizare/Desktop/Robotics_System/install/cw1q5:/home/bizare/Desktop/Robotics_System/install/cw1q9:/home/bizare/Desktop/Robotics_System/install/cw1q4:/opt/ros/foxy:/home/bizare/Desktop/Robotics_System/install/youbot_description:/home/bizare/Desktop/Robotics_System/install/open_manipulator_description:/home/bizare/Desktop/Robotics_System/install/cw1q4_interfaces /usr/bin/cmake --build /home/bizare/Desktop/Robotics_System/build/open_manipulator_description -- -j8 -l8
[1.034s] DEBUG:colcon.colcon_core.event_handler.log_command:Invoked command in '/home/bizare/Desktop/Robotics_System/build/youbot_description' returned '0': CMAKE_PREFIX_PATH=/home/bizare/Desktop/Robotics_System/install/youbot_simulator:/home/bizare/Desktop/Robotics_System/install/cw1q5:/home/bizare/Desktop/Robotics_System/install/cw1q9:/home/bizare/Desktop/Robotics_System/install/cw1q4:/opt/ros/foxy:/home/bizare/Desktop/Robotics_System/install/youbot_description:/home/bizare/Desktop/Robotics_System/install/open_manipulator_description:/home/bizare/Desktop/Robotics_System/install/cw1q4_interfaces /usr/bin/cmake --build /home/bizare/Desktop/Robotics_System/build/youbot_description -- -j8 -l8
[1.046s] DEBUG:colcon.colcon_core.event_handler.log_command:Invoking command in '/home/bizare/Desktop/Robotics_System/build/youbot_description': CMAKE_PREFIX_PATH=/home/bizare/Desktop/Robotics_System/install/youbot_simulator:/home/bizare/Desktop/Robotics_System/install/cw1q5:/home/bizare/Desktop/Robotics_System/install/cw1q9:/home/bizare/Desktop/Robotics_System/install/cw1q4:/opt/ros/foxy:/home/bizare/Desktop/Robotics_System/install/youbot_description:/home/bizare/Desktop/Robotics_System/install/open_manipulator_description:/home/bizare/Desktop/Robotics_System/install/cw1q4_interfaces /usr/bin/cmake --install /home/bizare/Desktop/Robotics_System/build/youbot_description
[1.046s] DEBUG:colcon.colcon_core.event_handler.log_command:Invoked command in '/home/bizare/Desktop/Robotics_System/build/cw1q4_interfaces' returned '0': CMAKE_PREFIX_PATH=/home/bizare/Desktop/Robotics_System/install/youbot_simulator:/home/bizare/Desktop/Robotics_System/install/cw1q5:/home/bizare/Desktop/Robotics_System/install/cw1q9:/home/bizare/Desktop/Robotics_System/install/cw1q4:/opt/ros/foxy:/home/bizare/Desktop/Robotics_System/install/youbot_description:/home/bizare/Desktop/Robotics_System/install/open_manipulator_description:/home/bizare/Desktop/Robotics_System/install/cw1q4_interfaces /usr/bin/cmake --build /home/bizare/Desktop/Robotics_System/build/cw1q4_interfaces -- -j8 -l8
[1.049s] DEBUG:colcon.colcon_core.event_handler.log_command:Invoking command in '/home/bizare/Desktop/Robotics_System/build/cw1q4_interfaces': CMAKE_PREFIX_PATH=/home/bizare/Desktop/Robotics_System/install/youbot_simulator:/home/bizare/Desktop/Robotics_System/install/cw1q5:/home/bizare/Desktop/Robotics_System/install/cw1q9:/home/bizare/Desktop/Robotics_System/install/cw1q4:/opt/ros/foxy:/home/bizare/Desktop/Robotics_System/install/youbot_description:/home/bizare/Desktop/Robotics_System/install/open_manipulator_description:/home/bizare/Desktop/Robotics_System/install/cw1q4_interfaces /usr/bin/cmake --install /home/bizare/Desktop/Robotics_System/build/cw1q4_interfaces
[1.079s] Level 1:colcon.colcon_core.environment:create_environment_scripts_only(youbot_description)
[1.080s] DEBUG:colcon.colcon_core.event_handler.log_command:Invoked command in '/home/bizare/Desktop/Robotics_System/build/youbot_description' returned '0': CMAKE_PREFIX_PATH=/home/bizare/Desktop/Robotics_System/install/youbot_simulator:/home/bizare/Desktop/Robotics_System/install/cw1q5:/home/bizare/Desktop/Robotics_System/install/cw1q9:/home/bizare/Desktop/Robotics_System/install/cw1q4:/opt/ros/foxy:/home/bizare/Desktop/Robotics_System/install/youbot_description:/home/bizare/Desktop/Robotics_System/install/open_manipulator_description:/home/bizare/Desktop/Robotics_System/install/cw1q4_interfaces /usr/bin/cmake --install /home/bizare/Desktop/Robotics_System/build/youbot_description
[1.082s] Level 1:colcon.colcon_core.environment:checking '/home/bizare/Desktop/Robotics_System/install/youbot_description' for CMake module files
[1.082s] Level 1:colcon.colcon_core.environment:checking '/home/bizare/Desktop/Robotics_System/install/youbot_description' for CMake config files
[1.083s] Level 1:colcon.colcon_core.shell:create_environment_hook('youbot_description', 'cmake_prefix_path')
[1.083s] INFO:colcon.colcon_core.shell:Creating environment hook '/home/bizare/Desktop/Robotics_System/install/youbot_description/share/youbot_description/hook/cmake_prefix_path.ps1'
[1.083s] INFO:colcon.colcon_core.shell:Creating environment descriptor '/home/bizare/Desktop/Robotics_System/install/youbot_description/share/youbot_description/hook/cmake_prefix_path.dsv'
[1.084s] INFO:colcon.colcon_core.shell:Creating environment hook '/home/bizare/Desktop/Robotics_System/install/youbot_description/share/youbot_description/hook/cmake_prefix_path.sh'
[1.085s] Level 1:colcon.colcon_core.environment:checking '/home/bizare/Desktop/Robotics_System/install/youbot_description/bin'
[1.085s] Level 1:colcon.colcon_core.environment:checking '/home/bizare/Desktop/Robotics_System/install/youbot_description/lib/pkgconfig/youbot_description.pc'
[1.085s] Level 1:colcon.colcon_core.environment:checking '/home/bizare/Desktop/Robotics_System/install/youbot_description/lib/python3.8/site-packages'
[1.086s] Level 1:colcon.colcon_core.environment:checking '/home/bizare/Desktop/Robotics_System/install/youbot_description/bin'
[1.086s] INFO:colcon.colcon_core.shell:Creating package script '/home/bizare/Desktop/Robotics_System/install/youbot_description/share/youbot_description/package.ps1'
[1.087s] INFO:colcon.colcon_core.shell:Creating package descriptor '/home/bizare/Desktop/Robotics_System/install/youbot_description/share/youbot_description/package.dsv'
[1.087s] INFO:colcon.colcon_core.shell:Creating package script '/home/bizare/Desktop/Robotics_System/install/youbot_description/share/youbot_description/package.sh'
[1.088s] INFO:colcon.colcon_core.shell:Creating package script '/home/bizare/Desktop/Robotics_System/install/youbot_description/share/youbot_description/package.bash'
[1.089s] INFO:colcon.colcon_core.shell:Creating package script '/home/bizare/Desktop/Robotics_System/install/youbot_description/share/youbot_description/package.zsh'
[1.090s] Level 1:colcon.colcon_core.environment:create_file_with_runtime_dependencies(/home/bizare/Desktop/Robotics_System/install/youbot_description/share/colcon-core/packages/youbot_description)
[1.090s] Level 1:colcon.colcon_core.environment:create_environment_scripts_only(youbot_description)
[1.090s] Level 1:colcon.colcon_core.environment:checking '/home/bizare/Desktop/Robotics_System/install/youbot_description' for CMake module files
[1.091s] Level 1:colcon.colcon_core.environment:checking '/home/bizare/Desktop/Robotics_System/install/youbot_description' for CMake config files
[1.091s] Level 1:colcon.colcon_core.shell:create_environment_hook('youbot_description', 'cmake_prefix_path')
[1.091s] INFO:colcon.colcon_core.shell:Creating environment hook '/home/bizare/Desktop/Robotics_System/install/youbot_description/share/youbot_description/hook/cmake_prefix_path.ps1'
[1.092s] INFO:colcon.colcon_core.shell:Creating environment descriptor '/home/bizare/Desktop/Robotics_System/install/youbot_description/share/youbot_description/hook/cmake_prefix_path.dsv'
[1.092s] INFO:colcon.colcon_core.shell:Creating environment hook '/home/bizare/Desktop/Robotics_System/install/youbot_description/share/youbot_description/hook/cmake_prefix_path.sh'
[1.093s] Level 1:colcon.colcon_core.environment:checking '/home/bizare/Desktop/Robotics_System/install/youbot_description/bin'
[1.093s] Level 1:colcon.colcon_core.environment:checking '/home/bizare/Desktop/Robotics_System/install/youbot_description/lib/pkgconfig/youbot_description.pc'
[1.093s] Level 1:colcon.colcon_core.environment:checking '/home/bizare/Desktop/Robotics_System/install/youbot_description/lib/python3.8/site-packages'
[1.093s] Level 1:colcon.colcon_core.environment:checking '/home/bizare/Desktop/Robotics_System/install/youbot_description/bin'
[1.093s] INFO:colcon.colcon_core.shell:Creating package script '/home/bizare/Desktop/Robotics_System/install/youbot_description/share/youbot_description/package.ps1'
[1.094s] INFO:colcon.colcon_core.shell:Creating package descriptor '/home/bizare/Desktop/Robotics_System/install/youbot_description/share/youbot_description/package.dsv'
[1.094s] INFO:colcon.colcon_core.shell:Creating package script '/home/bizare/Desktop/Robotics_System/install/youbot_description/share/youbot_description/package.sh'
[1.095s] INFO:colcon.colcon_core.shell:Creating package script '/home/bizare/Desktop/Robotics_System/install/youbot_description/share/youbot_description/package.bash'
[1.095s] INFO:colcon.colcon_core.shell:Creating package script '/home/bizare/Desktop/Robotics_System/install/youbot_description/share/youbot_description/package.zsh'
[1.096s] Level 1:colcon.colcon_core.environment:create_file_with_runtime_dependencies(/home/bizare/Desktop/Robotics_System/install/youbot_description/share/colcon-core/packages/youbot_description)
[1.096s] INFO:colcon.colcon_ros.task.ament_cmake.build:Building ROS package in '/home/bizare/Desktop/Robotics_System/youbot_simulator' with build type 'ament_cmake'
[1.096s] INFO:colcon.colcon_cmake.task.cmake.build:Building CMake package in '/home/bizare/Desktop/Robotics_System/youbot_simulator'
[1.096s] INFO:colcon.colcon_core.shell:Skip shell extension 'powershell' for command environment: Not usable outside of PowerShell
[1.096s] DEBUG:colcon.colcon_core.shell:Skip shell extension 'dsv' for command environment
[1.103s] DEBUG:colcon.colcon_core.event_handler.log_command:Invoked command in '/home/bizare/Desktop/Robotics_System/build/open_manipulator_description' returned '0': CMAKE_PREFIX_PATH=/home/bizare/Desktop/Robotics_System/install/youbot_simulator:/home/bizare/Desktop/Robotics_System/install/cw1q5:/home/bizare/Desktop/Robotics_System/install/cw1q9:/home/bizare/Desktop/Robotics_System/install/cw1q4:/opt/ros/foxy:/home/bizare/Desktop/Robotics_System/install/youbot_description:/home/bizare/Desktop/Robotics_System/install/open_manipulator_description:/home/bizare/Desktop/Robotics_System/install/cw1q4_interfaces /usr/bin/cmake --build /home/bizare/Desktop/Robotics_System/build/open_manipulator_description -- -j8 -l8
[1.109s] DEBUG:colcon.colcon_core.event_handler.log_command:Invoking command in '/home/bizare/Desktop/Robotics_System/build/open_manipulator_description': CMAKE_PREFIX_PATH=/home/bizare/Desktop/Robotics_System/install/youbot_simulator:/home/bizare/Desktop/Robotics_System/install/cw1q5:/home/bizare/Desktop/Robotics_System/install/cw1q9:/home/bizare/Desktop/Robotics_System/install/cw1q4:/opt/ros/foxy:/home/bizare/Desktop/Robotics_System/install/youbot_description:/home/bizare/Desktop/Robotics_System/install/open_manipulator_description:/home/bizare/Desktop/Robotics_System/install/cw1q4_interfaces /usr/bin/cmake --install /home/bizare/Desktop/Robotics_System/build/open_manipulator_description
[1.127s] Level 1:colcon.colcon_core.environment:create_environment_scripts_only(cw1q4_interfaces)
[1.127s] Level 1:colcon.colcon_core.environment:checking '/home/bizare/Desktop/Robotics_System/install/cw1q4_interfaces' for CMake module files
[1.131s] Level 1:colcon.colcon_core.environment:checking '/home/bizare/Desktop/Robotics_System/install/cw1q4_interfaces' for CMake config files
[1.131s] DEBUG:colcon.colcon_core.event_handler.log_command:Invoking command in '/home/bizare/Desktop/Robotics_System/build/youbot_simulator': CMAKE_PREFIX_PATH=/home/bizare/Desktop/Robotics_System/install/cw1q5:/home/bizare/Desktop/Robotics_System/install/cw1q9:/home/bizare/Desktop/Robotics_System/install/cw1q4:/opt/ros/foxy:/home/bizare/Desktop/Robotics_System/install/youbot_description:/home/bizare/Desktop/Robotics_System/install/youbot_simulator:/home/bizare/Desktop/Robotics_System/install/open_manipulator_description:/home/bizare/Desktop/Robotics_System/install/cw1q4_interfaces /usr/bin/cmake --build /home/bizare/Desktop/Robotics_System/build/youbot_simulator -- -j8 -l8
[1.131s] DEBUG:colcon.colcon_core.event_handler.log_command:Invoked command in '/home/bizare/Desktop/Robotics_System/build/cw1q4_interfaces' returned '0': CMAKE_PREFIX_PATH=/home/bizare/Desktop/Robotics_System/install/youbot_simulator:/home/bizare/Desktop/Robotics_System/install/cw1q5:/home/bizare/Desktop/Robotics_System/install/cw1q9:/home/bizare/Desktop/Robotics_System/install/cw1q4:/opt/ros/foxy:/home/bizare/Desktop/Robotics_System/install/youbot_description:/home/bizare/Desktop/Robotics_System/install/open_manipulator_description:/home/bizare/Desktop/Robotics_System/install/cw1q4_interfaces /usr/bin/cmake --install /home/bizare/Desktop/Robotics_System/build/cw1q4_interfaces
[1.132s] Level 1:colcon.colcon_core.shell:create_environment_hook('cw1q4_interfaces', 'cmake_prefix_path')
[1.132s] INFO:colcon.colcon_core.shell:Creating environment hook '/home/bizare/Desktop/Robotics_System/install/cw1q4_interfaces/share/cw1q4_interfaces/hook/cmake_prefix_path.ps1'
[1.133s] INFO:colcon.colcon_core.shell:Creating environment descriptor '/home/bizare/Desktop/Robotics_System/install/cw1q4_interfaces/share/cw1q4_interfaces/hook/cmake_prefix_path.dsv'
[1.133s] INFO:colcon.colcon_core.shell:Creating environment hook '/home/bizare/Desktop/Robotics_System/install/cw1q4_interfaces/share/cw1q4_interfaces/hook/cmake_prefix_path.sh'
[1.134s] Level 1:colcon.colcon_core.environment:checking '/home/bizare/Desktop/Robotics_System/install/cw1q4_interfaces/lib'
[1.134s] Level 1:colcon.colcon_core.shell:create_environment_hook('cw1q4_interfaces', 'ld_library_path_lib')
[1.134s] INFO:colcon.colcon_core.shell:Creating environment hook '/home/bizare/Desktop/Robotics_System/install/cw1q4_interfaces/share/cw1q4_interfaces/hook/ld_library_path_lib.ps1'
[1.135s] INFO:colcon.colcon_core.shell:Creating environment descriptor '/home/bizare/Desktop/Robotics_System/install/cw1q4_interfaces/share/cw1q4_interfaces/hook/ld_library_path_lib.dsv'
[1.135s] INFO:colcon.colcon_core.shell:Creating environment hook '/home/bizare/Desktop/Robotics_System/install/cw1q4_interfaces/share/cw1q4_interfaces/hook/ld_library_path_lib.sh'
[1.136s] Level 1:colcon.colcon_core.environment:checking '/home/bizare/Desktop/Robotics_System/install/cw1q4_interfaces/bin'
[1.136s] Level 1:colcon.colcon_core.environment:checking '/home/bizare/Desktop/Robotics_System/install/cw1q4_interfaces/lib/pkgconfig/cw1q4_interfaces.pc'
[1.136s] Level 1:colcon.colcon_core.environment:checking '/home/bizare/Desktop/Robotics_System/install/cw1q4_interfaces/lib/python3.8/site-packages'
[1.136s] Level 1:colcon.colcon_core.shell:create_environment_hook('cw1q4_interfaces', 'pythonpath')
[1.136s] INFO:colcon.colcon_core.shell:Creating environment hook '/home/bizare/Desktop/Robotics_System/install/cw1q4_interfaces/share/cw1q4_interfaces/hook/pythonpath.ps1'
[1.136s] INFO:colcon.colcon_core.shell:Creating environment descriptor '/home/bizare/Desktop/Robotics_System/install/cw1q4_interfaces/share/cw1q4_interfaces/hook/pythonpath.dsv'
[1.137s] INFO:colcon.colcon_core.shell:Creating environment hook '/home/bizare/Desktop/Robotics_System/install/cw1q4_interfaces/share/cw1q4_interfaces/hook/pythonpath.sh'
[1.137s] Level 1:colcon.colcon_core.environment:checking '/home/bizare/Desktop/Robotics_System/install/cw1q4_interfaces/bin'
[1.138s] INFO:colcon.colcon_core.shell:Creating package script '/home/bizare/Desktop/Robotics_System/install/cw1q4_interfaces/share/cw1q4_interfaces/package.ps1'
[1.138s] INFO:colcon.colcon_core.shell:Creating package descriptor '/home/bizare/Desktop/Robotics_System/install/cw1q4_interfaces/share/cw1q4_interfaces/package.dsv'
[1.139s] INFO:colcon.colcon_core.shell:Creating package script '/home/bizare/Desktop/Robotics_System/install/cw1q4_interfaces/share/cw1q4_interfaces/package.sh'
[1.140s] INFO:colcon.colcon_core.shell:Creating package script '/home/bizare/Desktop/Robotics_System/install/cw1q4_interfaces/share/cw1q4_interfaces/package.bash'
[1.140s] INFO:colcon.colcon_core.shell:Creating package script '/home/bizare/Desktop/Robotics_System/install/cw1q4_interfaces/share/cw1q4_interfaces/package.zsh'
[1.141s] Level 1:colcon.colcon_core.environment:create_file_with_runtime_dependencies(/home/bizare/Desktop/Robotics_System/install/cw1q4_interfaces/share/colcon-core/packages/cw1q4_interfaces)
[1.142s] Level 1:colcon.colcon_core.environment:create_environment_scripts_only(cw1q4_interfaces)
[1.142s] Level 1:colcon.colcon_core.environment:checking '/home/bizare/Desktop/Robotics_System/install/cw1q4_interfaces' for CMake module files
[1.142s] Level 1:colcon.colcon_core.environment:checking '/home/bizare/Desktop/Robotics_System/install/cw1q4_interfaces' for CMake config files
[1.143s] Level 1:colcon.colcon_core.shell:create_environment_hook('cw1q4_interfaces', 'cmake_prefix_path')
[1.143s] INFO:colcon.colcon_core.shell:Creating environment hook '/home/bizare/Desktop/Robotics_System/install/cw1q4_interfaces/share/cw1q4_interfaces/hook/cmake_prefix_path.ps1'
[1.143s] INFO:colcon.colcon_core.shell:Creating environment descriptor '/home/bizare/Desktop/Robotics_System/install/cw1q4_interfaces/share/cw1q4_interfaces/hook/cmake_prefix_path.dsv'
[1.144s] INFO:colcon.colcon_core.shell:Creating environment hook '/home/bizare/Desktop/Robotics_System/install/cw1q4_interfaces/share/cw1q4_interfaces/hook/cmake_prefix_path.sh'
[1.144s] Level 1:colcon.colcon_core.environment:checking '/home/bizare/Desktop/Robotics_System/install/cw1q4_interfaces/lib'
[1.145s] Level 1:colcon.colcon_core.shell:create_environment_hook('cw1q4_interfaces', 'ld_library_path_lib')
[1.145s] INFO:colcon.colcon_core.shell:Creating environment hook '/home/bizare/Desktop/Robotics_System/install/cw1q4_interfaces/share/cw1q4_interfaces/hook/ld_library_path_lib.ps1'
[1.145s] INFO:colcon.colcon_core.shell:Creating environment descriptor '/home/bizare/Desktop/Robotics_System/install/cw1q4_interfaces/share/cw1q4_interfaces/hook/ld_library_path_lib.dsv'
[1.146s] INFO:colcon.colcon_core.shell:Creating environment hook '/home/bizare/Desktop/Robotics_System/install/cw1q4_interfaces/share/cw1q4_interfaces/hook/ld_library_path_lib.sh'
[1.147s] Level 1:colcon.colcon_core.environment:checking '/home/bizare/Desktop/Robotics_System/install/cw1q4_interfaces/bin'
[1.147s] Level 1:colcon.colcon_core.environment:checking '/home/bizare/Desktop/Robotics_System/install/cw1q4_interfaces/lib/pkgconfig/cw1q4_interfaces.pc'
[1.147s] Level 1:colcon.colcon_core.environment:checking '/home/bizare/Desktop/Robotics_System/install/cw1q4_interfaces/lib/python3.8/site-packages'
[1.147s] Level 1:colcon.colcon_core.shell:create_environment_hook('cw1q4_interfaces', 'pythonpath')
[1.147s] INFO:colcon.colcon_core.shell:Creating environment hook '/home/bizare/Desktop/Robotics_System/install/cw1q4_interfaces/share/cw1q4_interfaces/hook/pythonpath.ps1'
[1.148s] INFO:colcon.colcon_core.shell:Creating environment descriptor '/home/bizare/Desktop/Robotics_System/install/cw1q4_interfaces/share/cw1q4_interfaces/hook/pythonpath.dsv'
[1.148s] INFO:colcon.colcon_core.shell:Creating environment hook '/home/bizare/Desktop/Robotics_System/install/cw1q4_interfaces/share/cw1q4_interfaces/hook/pythonpath.sh'
[1.149s] Level 1:colcon.colcon_core.environment:checking '/home/bizare/Desktop/Robotics_System/install/cw1q4_interfaces/bin'
[1.150s] INFO:colcon.colcon_core.shell:Creating package script '/home/bizare/Desktop/Robotics_System/install/cw1q4_interfaces/share/cw1q4_interfaces/package.ps1'
[1.150s] INFO:colcon.colcon_core.shell:Creating package descriptor '/home/bizare/Desktop/Robotics_System/install/cw1q4_interfaces/share/cw1q4_interfaces/package.dsv'
[1.151s] INFO:colcon.colcon_core.shell:Creating package script '/home/bizare/Desktop/Robotics_System/install/cw1q4_interfaces/share/cw1q4_interfaces/package.sh'
[1.152s] INFO:colcon.colcon_core.shell:Creating package script '/home/bizare/Desktop/Robotics_System/install/cw1q4_interfaces/share/cw1q4_interfaces/package.bash'
[1.152s] INFO:colcon.colcon_core.shell:Creating package script '/home/bizare/Desktop/Robotics_System/install/cw1q4_interfaces/share/cw1q4_interfaces/package.zsh'
[1.153s] Level 1:colcon.colcon_core.environment:create_file_with_runtime_dependencies(/home/bizare/Desktop/Robotics_System/install/cw1q4_interfaces/share/colcon-core/packages/cw1q4_interfaces)
[1.154s] Level 1:colcon.colcon_core.environment:create_environment_scripts_only(open_manipulator_description)
[1.154s] Level 1:colcon.colcon_core.environment:checking '/home/bizare/Desktop/Robotics_System/install/open_manipulator_description' for CMake module files
[1.155s] DEBUG:colcon.colcon_core.event_handler.log_command:Invoked command in '/home/bizare/Desktop/Robotics_System/build/open_manipulator_description' returned '0': CMAKE_PREFIX_PATH=/home/bizare/Desktop/Robotics_System/install/youbot_simulator:/home/bizare/Desktop/Robotics_System/install/cw1q5:/home/bizare/Desktop/Robotics_System/install/cw1q9:/home/bizare/Desktop/Robotics_System/install/cw1q4:/opt/ros/foxy:/home/bizare/Desktop/Robotics_System/install/youbot_description:/home/bizare/Desktop/Robotics_System/install/open_manipulator_description:/home/bizare/Desktop/Robotics_System/install/cw1q4_interfaces /usr/bin/cmake --install /home/bizare/Desktop/Robotics_System/build/open_manipulator_description
[1.155s] Level 1:colcon.colcon_core.environment:checking '/home/bizare/Desktop/Robotics_System/install/open_manipulator_description' for CMake config files
[1.156s] Level 1:colcon.colcon_core.shell:create_environment_hook('open_manipulator_description', 'cmake_prefix_path')
[1.156s] INFO:colcon.colcon_core.shell:Creating environment hook '/home/bizare/Desktop/Robotics_System/install/open_manipulator_description/share/open_manipulator_description/hook/cmake_prefix_path.ps1'
[1.156s] INFO:colcon.colcon_core.shell:Creating environment descriptor '/home/bizare/Desktop/Robotics_System/install/open_manipulator_description/share/open_manipulator_description/hook/cmake_prefix_path.dsv'
[1.157s] INFO:colcon.colcon_core.shell:Creating environment hook '/home/bizare/Desktop/Robotics_System/install/open_manipulator_description/share/open_manipulator_description/hook/cmake_prefix_path.sh'
[1.157s] Level 1:colcon.colcon_core.environment:checking '/home/bizare/Desktop/Robotics_System/install/open_manipulator_description/bin'
[1.157s] Level 1:colcon.colcon_core.environment:checking '/home/bizare/Desktop/Robotics_System/install/open_manipulator_description/lib/pkgconfig/open_manipulator_description.pc'
[1.158s] Level 1:colcon.colcon_core.environment:checking '/home/bizare/Desktop/Robotics_System/install/open_manipulator_description/lib/python3.8/site-packages'
[1.158s] Level 1:colcon.colcon_core.environment:checking '/home/bizare/Desktop/Robotics_System/install/open_manipulator_description/bin'
[1.158s] INFO:colcon.colcon_core.shell:Creating package script '/home/bizare/Desktop/Robotics_System/install/open_manipulator_description/share/open_manipulator_description/package.ps1'
[1.159s] INFO:colcon.colcon_core.shell:Creating package descriptor '/home/bizare/Desktop/Robotics_System/install/open_manipulator_description/share/open_manipulator_description/package.dsv'
[1.159s] INFO:colcon.colcon_core.shell:Creating package script '/home/bizare/Desktop/Robotics_System/install/open_manipulator_description/share/open_manipulator_description/package.sh'
[1.160s] INFO:colcon.colcon_core.shell:Creating package script '/home/bizare/Desktop/Robotics_System/install/open_manipulator_description/share/open_manipulator_description/package.bash'
[1.160s] INFO:colcon.colcon_core.shell:Creating package script '/home/bizare/Desktop/Robotics_System/install/open_manipulator_description/share/open_manipulator_description/package.zsh'
[1.161s] Level 1:colcon.colcon_core.environment:create_file_with_runtime_dependencies(/home/bizare/Desktop/Robotics_System/install/open_manipulator_description/share/colcon-core/packages/open_manipulator_description)
[1.161s] Level 1:colcon.colcon_core.environment:create_environment_scripts_only(open_manipulator_description)
[1.161s] Level 1:colcon.colcon_core.environment:checking '/home/bizare/Desktop/Robotics_System/install/open_manipulator_description' for CMake module files
[1.162s] Level 1:colcon.colcon_core.environment:checking '/home/bizare/Desktop/Robotics_System/install/open_manipulator_description' for CMake config files
[1.162s] Level 1:colcon.colcon_core.shell:create_environment_hook('open_manipulator_description', 'cmake_prefix_path')
[1.162s] INFO:colcon.colcon_core.shell:Creating environment hook '/home/bizare/Desktop/Robotics_System/install/open_manipulator_description/share/open_manipulator_description/hook/cmake_prefix_path.ps1'
[1.163s] INFO:colcon.colcon_core.shell:Creating environment descriptor '/home/bizare/Desktop/Robotics_System/install/open_manipulator_description/share/open_manipulator_description/hook/cmake_prefix_path.dsv'
[1.163s] INFO:colcon.colcon_core.shell:Creating environment hook '/home/bizare/Desktop/Robotics_System/install/open_manipulator_description/share/open_manipulator_description/hook/cmake_prefix_path.sh'
[1.164s] Level 1:colcon.colcon_core.environment:checking '/home/bizare/Desktop/Robotics_System/install/open_manipulator_description/bin'
[1.164s] Level 1:colcon.colcon_core.environment:checking '/home/bizare/Desktop/Robotics_System/install/open_manipulator_description/lib/pkgconfig/open_manipulator_description.pc'
[1.164s] Level 1:colcon.colcon_core.environment:checking '/home/bizare/Desktop/Robotics_System/install/open_manipulator_description/lib/python3.8/site-packages'
[1.164s] Level 1:colcon.colcon_core.environment:checking '/home/bizare/Desktop/Robotics_System/install/open_manipulator_description/bin'
[1.164s] INFO:colcon.colcon_core.shell:Creating package script '/home/bizare/Desktop/Robotics_System/install/open_manipulator_description/share/open_manipulator_description/package.ps1'
[1.165s] INFO:colcon.colcon_core.shell:Creating package descriptor '/home/bizare/Desktop/Robotics_System/install/open_manipulator_description/share/open_manipulator_description/package.dsv'
[1.165s] INFO:colcon.colcon_core.shell:Creating package script '/home/bizare/Desktop/Robotics_System/install/open_manipulator_description/share/open_manipulator_description/package.sh'
[1.166s] INFO:colcon.colcon_core.shell:Creating package script '/home/bizare/Desktop/Robotics_System/install/open_manipulator_description/share/open_manipulator_description/package.bash'
[1.166s] INFO:colcon.colcon_core.shell:Creating package script '/home/bizare/Desktop/Robotics_System/install/open_manipulator_description/share/open_manipulator_description/package.zsh'
[1.167s] Level 1:colcon.colcon_core.environment:create_file_with_runtime_dependencies(/home/bizare/Desktop/Robotics_System/install/open_manipulator_description/share/colcon-core/packages/open_manipulator_description)
[1.172s] DEBUG:colcon.colcon_core.event_handler.log_command:Invoked command in '/home/bizare/Desktop/Robotics_System/build/youbot_simulator' returned '0': CMAKE_PREFIX_PATH=/home/bizare/Desktop/Robotics_System/install/cw1q5:/home/bizare/Desktop/Robotics_System/install/cw1q9:/home/bizare/Desktop/Robotics_System/install/cw1q4:/opt/ros/foxy:/home/bizare/Desktop/Robotics_System/install/youbot_description:/home/bizare/Desktop/Robotics_System/install/youbot_simulator:/home/bizare/Desktop/Robotics_System/install/open_manipulator_description:/home/bizare/Desktop/Robotics_System/install/cw1q4_interfaces /usr/bin/cmake --build /home/bizare/Desktop/Robotics_System/build/youbot_simulator -- -j8 -l8
[1.172s] DEBUG:colcon.colcon_core.event_handler.log_command:Invoking command in '/home/bizare/Desktop/Robotics_System/build/youbot_simulator': CMAKE_PREFIX_PATH=/home/bizare/Desktop/Robotics_System/install/cw1q5:/home/bizare/Desktop/Robotics_System/install/cw1q9:/home/bizare/Desktop/Robotics_System/install/cw1q4:/opt/ros/foxy:/home/bizare/Desktop/Robotics_System/install/youbot_description:/home/bizare/Desktop/Robotics_System/install/youbot_simulator:/home/bizare/Desktop/Robotics_System/install/open_manipulator_description:/home/bizare/Desktop/Robotics_System/install/cw1q4_interfaces /usr/bin/cmake --install /home/bizare/Desktop/Robotics_System/build/youbot_simulator
[1.185s] Level 1:colcon.colcon_core.environment:create_environment_scripts_only(youbot_simulator)
[1.185s] Level 1:colcon.colcon_core.environment:checking '/home/bizare/Desktop/Robotics_System/install/youbot_simulator' for CMake module files
[1.187s] DEBUG:colcon.colcon_core.event_handler.log_command:Invoked command in '/home/bizare/Desktop/Robotics_System/build/youbot_simulator' returned '0': CMAKE_PREFIX_PATH=/home/bizare/Desktop/Robotics_System/install/cw1q5:/home/bizare/Desktop/Robotics_System/install/cw1q9:/home/bizare/Desktop/Robotics_System/install/cw1q4:/opt/ros/foxy:/home/bizare/Desktop/Robotics_System/install/youbot_description:/home/bizare/Desktop/Robotics_System/install/youbot_simulator:/home/bizare/Desktop/Robotics_System/install/open_manipulator_description:/home/bizare/Desktop/Robotics_System/install/cw1q4_interfaces /usr/bin/cmake --install /home/bizare/Desktop/Robotics_System/build/youbot_simulator
[1.187s] Level 1:colcon.colcon_core.environment:checking '/home/bizare/Desktop/Robotics_System/install/youbot_simulator' for CMake config files
[1.187s] Level 1:colcon.colcon_core.shell:create_environment_hook('youbot_simulator', 'cmake_prefix_path')
[1.187s] INFO:colcon.colcon_core.shell:Creating environment hook '/home/bizare/Desktop/Robotics_System/install/youbot_simulator/share/youbot_simulator/hook/cmake_prefix_path.ps1'
[1.188s] INFO:colcon.colcon_core.shell:Creating environment descriptor '/home/bizare/Desktop/Robotics_System/install/youbot_simulator/share/youbot_simulator/hook/cmake_prefix_path.dsv'
[1.189s] INFO:colcon.colcon_core.shell:Creating environment hook '/home/bizare/Desktop/Robotics_System/install/youbot_simulator/share/youbot_simulator/hook/cmake_prefix_path.sh'
[1.190s] Level 1:colcon.colcon_core.environment:checking '/home/bizare/Desktop/Robotics_System/install/youbot_simulator/bin'
[1.190s] Level 1:colcon.colcon_core.environment:checking '/home/bizare/Desktop/Robotics_System/install/youbot_simulator/lib/pkgconfig/youbot_simulator.pc'
[1.190s] Level 1:colcon.colcon_core.environment:checking '/home/bizare/Desktop/Robotics_System/install/youbot_simulator/lib/python3.8/site-packages'
[1.190s] Level 1:colcon.colcon_core.environment:checking '/home/bizare/Desktop/Robotics_System/install/youbot_simulator/bin'
[1.190s] INFO:colcon.colcon_core.shell:Creating package script '/home/bizare/Desktop/Robotics_System/install/youbot_simulator/share/youbot_simulator/package.ps1'
[1.191s] INFO:colcon.colcon_core.shell:Creating package descriptor '/home/bizare/Desktop/Robotics_System/install/youbot_simulator/share/youbot_simulator/package.dsv'
[1.191s] INFO:colcon.colcon_core.shell:Creating package script '/home/bizare/Desktop/Robotics_System/install/youbot_simulator/share/youbot_simulator/package.sh'
[1.192s] INFO:colcon.colcon_core.shell:Creating package script '/home/bizare/Desktop/Robotics_System/install/youbot_simulator/share/youbot_simulator/package.bash'
[1.193s] INFO:colcon.colcon_core.shell:Creating package script '/home/bizare/Desktop/Robotics_System/install/youbot_simulator/share/youbot_simulator/package.zsh'
[1.193s] Level 1:colcon.colcon_core.environment:create_file_with_runtime_dependencies(/home/bizare/Desktop/Robotics_System/install/youbot_simulator/share/colcon-core/packages/youbot_simulator)
[1.194s] Level 1:colcon.colcon_core.environment:create_environment_scripts_only(youbot_simulator)
[1.194s] Level 1:colcon.colcon_core.environment:checking '/home/bizare/Desktop/Robotics_System/install/youbot_simulator' for CMake module files
[1.195s] Level 1:colcon.colcon_core.environment:checking '/home/bizare/Desktop/Robotics_System/install/youbot_simulator' for CMake config files
[1.196s] Level 1:colcon.colcon_core.shell:create_environment_hook('youbot_simulator', 'cmake_prefix_path')
[1.196s] INFO:colcon.colcon_core.shell:Creating environment hook '/home/bizare/Desktop/Robotics_System/install/youbot_simulator/share/youbot_simulator/hook/cmake_prefix_path.ps1'
[1.197s] INFO:colcon.colcon_core.shell:Creating environment descriptor '/home/bizare/Desktop/Robotics_System/install/youbot_simulator/share/youbot_simulator/hook/cmake_prefix_path.dsv'
[1.198s] INFO:colcon.colcon_core.shell:Creating environment hook '/home/bizare/Desktop/Robotics_System/install/youbot_simulator/share/youbot_simulator/hook/cmake_prefix_path.sh'
[1.198s] Level 1:colcon.colcon_core.environment:checking '/home/bizare/Desktop/Robotics_System/install/youbot_simulator/bin'
[1.199s] Level 1:colcon.colcon_core.environment:checking '/home/bizare/Desktop/Robotics_System/install/youbot_simulator/lib/pkgconfig/youbot_simulator.pc'
[1.199s] Level 1:colcon.colcon_core.environment:checking '/home/bizare/Desktop/Robotics_System/install/youbot_simulator/lib/python3.8/site-packages'
[1.199s] Level 1:colcon.colcon_core.environment:checking '/home/bizare/Desktop/Robotics_System/install/youbot_simulator/bin'
[1.200s] INFO:colcon.colcon_core.shell:Creating package script '/home/bizare/Desktop/Robotics_System/install/youbot_simulator/share/youbot_simulator/package.ps1'
[1.200s] INFO:colcon.colcon_core.shell:Creating package descriptor '/home/bizare/Desktop/Robotics_System/install/youbot_simulator/share/youbot_simulator/package.dsv'
[1.201s] INFO:colcon.colcon_core.shell:Creating package script '/home/bizare/Desktop/Robotics_System/install/youbot_simulator/share/youbot_simulator/package.sh'
[1.201s] INFO:colcon.colcon_core.shell:Creating package script '/home/bizare/Desktop/Robotics_System/install/youbot_simulator/share/youbot_simulator/package.bash'
[1.202s] INFO:colcon.colcon_core.shell:Creating package script '/home/bizare/Desktop/Robotics_System/install/youbot_simulator/share/youbot_simulator/package.zsh'
[1.202s] Level 1:colcon.colcon_core.environment:create_file_with_runtime_dependencies(/home/bizare/Desktop/Robotics_System/install/youbot_simulator/share/colcon-core/packages/youbot_simulator)
[1.203s] INFO:colcon.colcon_ros.task.ament_python.build:Building ROS package in '/home/bizare/Desktop/Robotics_System/cw1q5' with build type 'ament_python'
[1.203s] Level 1:colcon.colcon_core.shell:create_environment_hook('cw1q5', 'ament_prefix_path')
[1.204s] INFO:colcon.colcon_core.shell:Creating environment hook '/home/bizare/Desktop/Robotics_System/install/cw1q5/share/cw1q5/hook/ament_prefix_path.ps1'
[1.205s] INFO:colcon.colcon_core.shell:Creating environment descriptor '/home/bizare/Desktop/Robotics_System/install/cw1q5/share/cw1q5/hook/ament_prefix_path.dsv'
[1.206s] INFO:colcon.colcon_core.shell:Creating environment hook '/home/bizare/Desktop/Robotics_System/install/cw1q5/share/cw1q5/hook/ament_prefix_path.sh'
[1.206s] INFO:colcon.colcon_core.shell:Skip shell extension 'powershell' for command environment: Not usable outside of PowerShell
[1.207s] DEBUG:colcon.colcon_core.shell:Skip shell extension 'dsv' for command environment
[1.613s] INFO:colcon.colcon_core.task.python.build:Building Python package in '/home/bizare/Desktop/Robotics_System/cw1q5'
[1.614s] INFO:colcon.colcon_core.shell:Skip shell extension 'powershell' for command environment: Not usable outside of PowerShell
[1.614s] DEBUG:colcon.colcon_core.shell:Skip shell extension 'dsv' for command environment
[1.658s] DEBUG:colcon.colcon_core.event_handler.log_command:Invoking command in '/home/bizare/Desktop/Robotics_System/cw1q9': PYTHONPATH=/home/bizare/Desktop/Robotics_System/build/cw1q9/prefix_override:/usr/lib/python3/dist-packages/colcon_core/task/python/colcon_distutils_commands:/home/bizare/Desktop/Robotics_System/install/cw1q9/lib/python3.8/site-packages:${PYTHONPATH} /usr/bin/python3 -W ignore:setup.py install is deprecated -W ignore:easy_install command is deprecated setup.py egg_info --egg-base ../build/cw1q9 build --build-base /home/bizare/Desktop/Robotics_System/build/cw1q9/build install --record /home/bizare/Desktop/Robotics_System/build/cw1q9/install.log --install-scripts $base/lib/cw1q9 --single-version-externally-managed install_data
[1.660s] DEBUG:colcon.colcon_core.event_handler.log_command:Invoking command in '/home/bizare/Desktop/Robotics_System/cw1q4': PYTHONPATH=/home/bizare/Desktop/Robotics_System/build/cw1q4/prefix_override:/usr/lib/python3/dist-packages/colcon_core/task/python/colcon_distutils_commands:/home/bizare/Desktop/Robotics_System/install/cw1q4/lib/python3.8/site-packages:${PYTHONPATH} /usr/bin/python3 -W ignore:setup.py install is deprecated -W ignore:easy_install command is deprecated setup.py egg_info --egg-base ../build/cw1q4 build --build-base /home/bizare/Desktop/Robotics_System/build/cw1q4/build install --record /home/bizare/Desktop/Robotics_System/build/cw1q4/install.log --install-scripts $base/lib/cw1q4 --single-version-externally-managed install_data
[1.938s] Level 1:colcon.colcon_core.environment:checking '/home/bizare/Desktop/Robotics_System/install/cw1q9' for CMake module files
[1.939s] DEBUG:colcon.colcon_core.event_handler.log_command:Invoked command in '/home/bizare/Desktop/Robotics_System/cw1q9' returned '0': PYTHONPATH=/home/bizare/Desktop/Robotics_System/build/cw1q9/prefix_override:/usr/lib/python3/dist-packages/colcon_core/task/python/colcon_distutils_commands:/home/bizare/Desktop/Robotics_System/install/cw1q9/lib/python3.8/site-packages:${PYTHONPATH} /usr/bin/python3 -W ignore:setup.py install is deprecated -W ignore:easy_install command is deprecated setup.py egg_info --egg-base ../build/cw1q9 build --build-base /home/bizare/Desktop/Robotics_System/build/cw1q9/build install --record /home/bizare/Desktop/Robotics_System/build/cw1q9/install.log --install-scripts $base/lib/cw1q9 --single-version-externally-managed install_data
[1.939s] Level 1:colcon.colcon_core.environment:checking '/home/bizare/Desktop/Robotics_System/install/cw1q9' for CMake config files
[1.940s] Level 1:colcon.colcon_core.environment:checking '/home/bizare/Desktop/Robotics_System/install/cw1q9/lib'
[1.940s] Level 1:colcon.colcon_core.environment:checking '/home/bizare/Desktop/Robotics_System/install/cw1q9/bin'
[1.940s] Level 1:colcon.colcon_core.environment:checking '/home/bizare/Desktop/Robotics_System/install/cw1q9/lib/pkgconfig/cw1q9.pc'
[1.941s] Level 1:colcon.colcon_core.environment:checking '/home/bizare/Desktop/Robotics_System/install/cw1q9/lib/python3.8/site-packages'
[1.941s] Level 1:colcon.colcon_core.shell:create_environment_hook('cw1q9', 'pythonpath')
[1.941s] INFO:colcon.colcon_core.shell:Creating environment hook '/home/bizare/Desktop/Robotics_System/install/cw1q9/share/cw1q9/hook/pythonpath.ps1'
[1.941s] INFO:colcon.colcon_core.shell:Creating environment descriptor '/home/bizare/Desktop/Robotics_System/install/cw1q9/share/cw1q9/hook/pythonpath.dsv'
[1.942s] INFO:colcon.colcon_core.shell:Creating environment hook '/home/bizare/Desktop/Robotics_System/install/cw1q9/share/cw1q9/hook/pythonpath.sh'
[1.942s] Level 1:colcon.colcon_core.environment:checking '/home/bizare/Desktop/Robotics_System/install/cw1q9/bin'
[1.943s] Level 1:colcon.colcon_core.environment:create_environment_scripts_only(cw1q9)
[1.943s] INFO:colcon.colcon_core.shell:Creating package script '/home/bizare/Desktop/Robotics_System/install/cw1q9/share/cw1q9/package.ps1'
[1.944s] INFO:colcon.colcon_core.shell:Creating package descriptor '/home/bizare/Desktop/Robotics_System/install/cw1q9/share/cw1q9/package.dsv'
[1.944s] INFO:colcon.colcon_core.shell:Creating package script '/home/bizare/Desktop/Robotics_System/install/cw1q9/share/cw1q9/package.sh'
[1.945s] INFO:colcon.colcon_core.shell:Creating package script '/home/bizare/Desktop/Robotics_System/install/cw1q9/share/cw1q9/package.bash'
[1.946s] INFO:colcon.colcon_core.shell:Creating package script '/home/bizare/Desktop/Robotics_System/install/cw1q9/share/cw1q9/package.zsh'
[1.946s] Level 1:colcon.colcon_core.environment:create_file_with_runtime_dependencies(/home/bizare/Desktop/Robotics_System/install/cw1q9/share/colcon-core/packages/cw1q9)
[1.948s] Level 1:colcon.colcon_core.environment:checking '/home/bizare/Desktop/Robotics_System/install/cw1q4' for CMake module files
[1.948s] Level 1:colcon.colcon_core.environment:checking '/home/bizare/Desktop/Robotics_System/install/cw1q4' for CMake config files
[1.949s] DEBUG:colcon.colcon_core.event_handler.log_command:Invoked command in '/home/bizare/Desktop/Robotics_System/cw1q4' returned '0': PYTHONPATH=/home/bizare/Desktop/Robotics_System/build/cw1q4/prefix_override:/usr/lib/python3/dist-packages/colcon_core/task/python/colcon_distutils_commands:/home/bizare/Desktop/Robotics_System/install/cw1q4/lib/python3.8/site-packages:${PYTHONPATH} /usr/bin/python3 -W ignore:setup.py install is deprecated -W ignore:easy_install command is deprecated setup.py egg_info --egg-base ../build/cw1q4 build --build-base /home/bizare/Desktop/Robotics_System/build/cw1q4/build install --record /home/bizare/Desktop/Robotics_System/build/cw1q4/install.log --install-scripts $base/lib/cw1q4 --single-version-externally-managed install_data
[1.950s] Level 1:colcon.colcon_core.environment:checking '/home/bizare/Desktop/Robotics_System/install/cw1q4/lib'
[1.950s] Level 1:colcon.colcon_core.environment:checking '/home/bizare/Desktop/Robotics_System/install/cw1q4/bin'
[1.950s] Level 1:colcon.colcon_core.environment:checking '/home/bizare/Desktop/Robotics_System/install/cw1q4/lib/pkgconfig/cw1q4.pc'
[1.950s] Level 1:colcon.colcon_core.environment:checking '/home/bizare/Desktop/Robotics_System/install/cw1q4/lib/python3.8/site-packages'
[1.950s] Level 1:colcon.colcon_core.shell:create_environment_hook('cw1q4', 'pythonpath')
[1.950s] INFO:colcon.colcon_core.shell:Creating environment hook '/home/bizare/Desktop/Robotics_System/install/cw1q4/share/cw1q4/hook/pythonpath.ps1'
[1.951s] INFO:colcon.colcon_core.shell:Creating environment descriptor '/home/bizare/Desktop/Robotics_System/install/cw1q4/share/cw1q4/hook/pythonpath.dsv'
[1.951s] INFO:colcon.colcon_core.shell:Creating environment hook '/home/bizare/Desktop/Robotics_System/install/cw1q4/share/cw1q4/hook/pythonpath.sh'
[1.952s] Level 1:colcon.colcon_core.environment:checking '/home/bizare/Desktop/Robotics_System/install/cw1q4/bin'
[1.952s] Level 1:colcon.colcon_core.environment:create_environment_scripts_only(cw1q4)
[1.952s] INFO:colcon.colcon_core.shell:Creating package script '/home/bizare/Desktop/Robotics_System/install/cw1q4/share/cw1q4/package.ps1'
[1.953s] INFO:colcon.colcon_core.shell:Creating package descriptor '/home/bizare/Desktop/Robotics_System/install/cw1q4/share/cw1q4/package.dsv'
[1.953s] INFO:colcon.colcon_core.shell:Creating package script '/home/bizare/Desktop/Robotics_System/install/cw1q4/share/cw1q4/package.sh'
[1.954s] INFO:colcon.colcon_core.shell:Creating package script '/home/bizare/Desktop/Robotics_System/install/cw1q4/share/cw1q4/package.bash'
[1.954s] INFO:colcon.colcon_core.shell:Creating package script '/home/bizare/Desktop/Robotics_System/install/cw1q4/share/cw1q4/package.zsh'
[1.955s] Level 1:colcon.colcon_core.environment:create_file_with_runtime_dependencies(/home/bizare/Desktop/Robotics_System/install/cw1q4/share/colcon-core/packages/cw1q4)
[1.975s] DEBUG:colcon.colcon_core.event_handler.log_command:Invoking command in '/home/bizare/Desktop/Robotics_System/cw1q5': PYTHONPATH=/home/bizare/Desktop/Robotics_System/build/cw1q5/prefix_override:/usr/lib/python3/dist-packages/colcon_core/task/python/colcon_distutils_commands:/home/bizare/Desktop/Robotics_System/install/cw1q5/lib/python3.8/site-packages:${PYTHONPATH} /usr/bin/python3 -W ignore:setup.py install is deprecated -W ignore:easy_install command is deprecated setup.py egg_info --egg-base ../build/cw1q5 build --build-base /home/bizare/Desktop/Robotics_System/build/cw1q5/build install --record /home/bizare/Desktop/Robotics_System/build/cw1q5/install.log --install-scripts $base/lib/cw1q5 --single-version-externally-managed install_data
[2.209s] Level 1:colcon.colcon_core.environment:checking '/home/bizare/Desktop/Robotics_System/install/cw1q5' for CMake module files
[2.210s] DEBUG:colcon.colcon_core.event_handler.log_command:Invoked command in '/home/bizare/Desktop/Robotics_System/cw1q5' returned '0': PYTHONPATH=/home/bizare/Desktop/Robotics_System/build/cw1q5/prefix_override:/usr/lib/python3/dist-packages/colcon_core/task/python/colcon_distutils_commands:/home/bizare/Desktop/Robotics_System/install/cw1q5/lib/python3.8/site-packages:${PYTHONPATH} /usr/bin/python3 -W ignore:setup.py install is deprecated -W ignore:easy_install command is deprecated setup.py egg_info --egg-base ../build/cw1q5 build --build-base /home/bizare/Desktop/Robotics_System/build/cw1q5/build install --record /home/bizare/Desktop/Robotics_System/build/cw1q5/install.log --install-scripts $base/lib/cw1q5 --single-version-externally-managed install_data
[2.210s] Level 1:colcon.colcon_core.environment:checking '/home/bizare/Desktop/Robotics_System/install/cw1q5' for CMake config files
[2.211s] Level 1:colcon.colcon_core.environment:checking '/home/bizare/Desktop/Robotics_System/install/cw1q5/lib'
[2.211s] Level 1:colcon.colcon_core.environment:checking '/home/bizare/Desktop/Robotics_System/install/cw1q5/bin'
[2.211s] Level 1:colcon.colcon_core.environment:checking '/home/bizare/Desktop/Robotics_System/install/cw1q5/lib/pkgconfig/cw1q5.pc'
[2.211s] Level 1:colcon.colcon_core.environment:checking '/home/bizare/Desktop/Robotics_System/install/cw1q5/lib/python3.8/site-packages'
[2.211s] Level 1:colcon.colcon_core.shell:create_environment_hook('cw1q5', 'pythonpath')
[2.211s] INFO:colcon.colcon_core.shell:Creating environment hook '/home/bizare/Desktop/Robotics_System/install/cw1q5/share/cw1q5/hook/pythonpath.ps1'
[2.212s] INFO:colcon.colcon_core.shell:Creating environment descriptor '/home/bizare/Desktop/Robotics_System/install/cw1q5/share/cw1q5/hook/pythonpath.dsv'
[2.212s] INFO:colcon.colcon_core.shell:Creating environment hook '/home/bizare/Desktop/Robotics_System/install/cw1q5/share/cw1q5/hook/pythonpath.sh'
[2.213s] Level 1:colcon.colcon_core.environment:checking '/home/bizare/Desktop/Robotics_System/install/cw1q5/bin'
[2.213s] Level 1:colcon.colcon_core.environment:create_environment_scripts_only(cw1q5)
[2.213s] INFO:colcon.colcon_core.shell:Creating package script '/home/bizare/Desktop/Robotics_System/install/cw1q5/share/cw1q5/package.ps1'
[2.214s] INFO:colcon.colcon_core.shell:Creating package descriptor '/home/bizare/Desktop/Robotics_System/install/cw1q5/share/cw1q5/package.dsv'
[2.214s] INFO:colcon.colcon_core.shell:Creating package script '/home/bizare/Desktop/Robotics_System/install/cw1q5/share/cw1q5/package.sh'
[2.215s] INFO:colcon.colcon_core.shell:Creating package script '/home/bizare/Desktop/Robotics_System/install/cw1q5/share/cw1q5/package.bash'
[2.215s] INFO:colcon.colcon_core.shell:Creating package script '/home/bizare/Desktop/Robotics_System/install/cw1q5/share/cw1q5/package.zsh'
[2.216s] Level 1:colcon.colcon_core.environment:create_file_with_runtime_dependencies(/home/bizare/Desktop/Robotics_System/install/cw1q5/share/colcon-core/packages/cw1q5)
[2.216s] DEBUG:colcon.colcon_parallel_executor.executor.parallel:closing loop
[2.216s] DEBUG:colcon.colcon_parallel_executor.executor.parallel:loop closed
[2.217s] DEBUG:colcon.colcon_parallel_executor.executor.parallel:run_until_complete finished with '0'
[2.217s] DEBUG:colcon.colcon_core.event_reactor:joining thread
[2.222s] INFO:colcon.colcon_core.plugin_system:Skipping extension 'colcon_notification.desktop_notification.terminal_notifier': Not used on non-Darwin systems
[2.222s] INFO:colcon.colcon_core.plugin_system:Skipping extension 'colcon_notification.desktop_notification.win32': Not used on non-Windows systems
[2.222s] INFO:colcon.colcon_notification.desktop_notification:Sending desktop notification using 'notify2'
[2.231s] DEBUG:colcon.colcon_core.event_reactor:joined thread
[2.232s] INFO:colcon.colcon_core.shell:Creating prefix script '/home/bizare/Desktop/Robotics_System/install/local_setup.ps1'
[2.233s] INFO:colcon.colcon_core.shell:Creating prefix util module '/home/bizare/Desktop/Robotics_System/install/_local_setup_util_ps1.py'
[2.234s] INFO:colcon.colcon_core.shell:Creating prefix chain script '/home/bizare/Desktop/Robotics_System/install/setup.ps1'
[2.235s] INFO:colcon.colcon_core.shell:Creating prefix script '/home/bizare/Desktop/Robotics_System/install/local_setup.sh'
[2.235s] INFO:colcon.colcon_core.shell:Creating prefix util module '/home/bizare/Desktop/Robotics_System/install/_local_setup_util_sh.py'
[2.236s] INFO:colcon.colcon_core.shell:Creating prefix chain script '/home/bizare/Desktop/Robotics_System/install/setup.sh'
[2.237s] INFO:colcon.colcon_core.shell:Creating prefix script '/home/bizare/Desktop/Robotics_System/install/local_setup.bash'
[2.238s] INFO:colcon.colcon_core.shell:Creating prefix chain script '/home/bizare/Desktop/Robotics_System/install/setup.bash'
[2.239s] INFO:colcon.colcon_core.shell:Creating prefix script '/home/bizare/Desktop/Robotics_System/install/local_setup.zsh'
[2.239s] INFO:colcon.colcon_core.shell:Creating prefix chain script '/home/bizare/Desktop/Robotics_System/install/setup.zsh'
