[0.929s] Invoking command in '/home/bizare/Desktop/Robotics_System/cw1q9': PYTHONPATH=/home/bizare/Desktop/Robotics_System/build/cw1q9/prefix_override:/usr/lib/python3/dist-packages/colcon_core/task/python/colcon_distutils_commands:/home/bizare/Desktop/Robotics_System/install/cw1q9/lib/python3.8/site-packages:${PYTHONPATH} /usr/bin/python3 -W ignore:setup.py install is deprecated -W ignore:easy_install command is deprecated setup.py egg_info --egg-base ../build/cw1q9 build --build-base /home/bizare/Desktop/Robotics_System/build/cw1q9/build install --record /home/bizare/Desktop/Robotics_System/build/cw1q9/install.log --install-scripts $base/lib/cw1q9 --single-version-externally-managed install_data
[1.111s] running egg_info
[1.112s] writing ../build/cw1q9/cw1q9.egg-info/PKG-INFO
[1.112s] writing dependency_links to ../build/cw1q9/cw1q9.egg-info/dependency_links.txt
[1.113s] writing entry points to ../build/cw1q9/cw1q9.egg-info/entry_points.txt
[1.113s] writing requirements to ../build/cw1q9/cw1q9.egg-info/requires.txt
[1.113s] writing top-level names to ../build/cw1q9/cw1q9.egg-info/top_level.txt
[1.145s] reading manifest file '../build/cw1q9/cw1q9.egg-info/SOURCES.txt'
[1.145s] writing manifest file '../build/cw1q9/cw1q9.egg-info/SOURCES.txt'
[1.146s] running build
[1.146s] running build_py
[1.146s] running install
[1.147s] running install_lib
[1.149s] running install_data
[1.149s] running install_egg_info
[1.151s] removing '/home/bizare/Desktop/Robotics_System/install/cw1q9/lib/python3.8/site-packages/cw1q9-0.0.0-py3.8.egg-info' (and everything under it)
[1.151s] Copying ../build/cw1q9/cw1q9.egg-info to /home/bizare/Desktop/Robotics_System/install/cw1q9/lib/python3.8/site-packages/cw1q9-0.0.0-py3.8.egg-info
[1.152s] running install_scripts
[1.167s] Installing youbot_student_node script to /home/bizare/Desktop/Robotics_System/install/cw1q9/lib/cw1q9
[1.168s] writing list of installed files to '/home/bizare/Desktop/Robotics_System/build/cw1q9/install.log'
[1.192s] Invoked command in '/home/bizare/Desktop/Robotics_System/cw1q9' returned '0': PYTHONPATH=/home/bizare/Desktop/Robotics_System/build/cw1q9/prefix_override:/usr/lib/python3/dist-packages/colcon_core/task/python/colcon_distutils_commands:/home/bizare/Desktop/Robotics_System/install/cw1q9/lib/python3.8/site-packages:${PYTHONPATH} /usr/bin/python3 -W ignore:setup.py install is deprecated -W ignore:easy_install command is deprecated setup.py egg_info --egg-base ../build/cw1q9 build --build-base /home/bizare/Desktop/Robotics_System/build/cw1q9/build install --record /home/bizare/Desktop/Robotics_System/build/cw1q9/install.log --install-scripts $base/lib/cw1q9 --single-version-externally-managed install_data
