[0.628s] Invoking command in '/home/bizare/Desktop/Robotics_System/cw1q5': PYTHONPATH=/home/bizare/Desktop/Robotics_System/build/cw1q5/prefix_override:/usr/lib/python3/dist-packages/colcon_core/task/python/colcon_distutils_commands:/home/bizare/Desktop/Robotics_System/install/cw1q5/lib/python3.8/site-packages:${PYTHONPATH} /usr/bin/python3 -W ignore:setup.py install is deprecated -W ignore:easy_install command is deprecated setup.py egg_info --egg-base ../build/cw1q5 build --build-base /home/bizare/Desktop/Robotics_System/build/cw1q5/build install --record /home/bizare/Desktop/Robotics_System/build/cw1q5/install.log --install-scripts $base/lib/cw1q5 --single-version-externally-managed install_data
[0.806s] running egg_info
[0.806s] writing ../build/cw1q5/cw1q5.egg-info/PKG-INFO
[0.807s] writing dependency_links to ../build/cw1q5/cw1q5.egg-info/dependency_links.txt
[0.807s] writing entry points to ../build/cw1q5/cw1q5.egg-info/entry_points.txt
[0.807s] writing requirements to ../build/cw1q5/cw1q5.egg-info/requires.txt
[0.807s] writing top-level names to ../build/cw1q5/cw1q5.egg-info/top_level.txt
[0.836s] reading manifest file '../build/cw1q5/cw1q5.egg-info/SOURCES.txt'
[0.837s] writing manifest file '../build/cw1q5/cw1q5.egg-info/SOURCES.txt'
[0.837s] running build
[0.837s] running build_py
[0.837s] copying cw1q5/cw1q5d_node.py -> /home/bizare/Desktop/Robotics_System/build/cw1q5/build/lib/cw1q5
[0.838s] running install
[0.838s] running install_lib
[0.839s] copying /home/bizare/Desktop/Robotics_System/build/cw1q5/build/lib/cw1q5/cw1q5d_node.py -> /home/bizare/Desktop/Robotics_System/install/cw1q5/lib/python3.8/site-packages/cw1q5
[0.840s] byte-compiling /home/bizare/Desktop/Robotics_System/install/cw1q5/lib/python3.8/site-packages/cw1q5/cw1q5d_node.py to cw1q5d_node.cpython-38.pyc
[0.841s] running install_data
[0.842s] running install_egg_info
[0.843s] removing '/home/bizare/Desktop/Robotics_System/install/cw1q5/lib/python3.8/site-packages/cw1q5-0.0.0-py3.8.egg-info' (and everything under it)
[0.843s] Copying ../build/cw1q5/cw1q5.egg-info to /home/bizare/Desktop/Robotics_System/install/cw1q5/lib/python3.8/site-packages/cw1q5-0.0.0-py3.8.egg-info
[0.844s] running install_scripts
[0.861s] Installing cw1q5b_node script to /home/bizare/Desktop/Robotics_System/install/cw1q5/lib/cw1q5
[0.861s] Installing cw1q5d_node script to /home/bizare/Desktop/Robotics_System/install/cw1q5/lib/cw1q5
[0.862s] writing list of installed files to '/home/bizare/Desktop/Robotics_System/build/cw1q5/install.log'
[0.879s] Invoked command in '/home/bizare/Desktop/Robotics_System/cw1q5' returned '0': PYTHONPATH=/home/bizare/Desktop/Robotics_System/build/cw1q5/prefix_override:/usr/lib/python3/dist-packages/colcon_core/task/python/colcon_distutils_commands:/home/bizare/Desktop/Robotics_System/install/cw1q5/lib/python3.8/site-packages:${PYTHONPATH} /usr/bin/python3 -W ignore:setup.py install is deprecated -W ignore:easy_install command is deprecated setup.py egg_info --egg-base ../build/cw1q5 build --build-base /home/bizare/Desktop/Robotics_System/build/cw1q5/build install --record /home/bizare/Desktop/Robotics_System/build/cw1q5/install.log --install-scripts $base/lib/cw1q5 --single-version-externally-managed install_data
