[  2%] Built target cw1q4_interfaces__cpp
[ 12%] Built target cw1q4_interfaces__rosidl_generator_c
[ 33%] Built target cw1q4_interfaces__rosidl_typesupport_c
[ 33%] Built target cw1q4_interfaces__rosidl_typesupport_introspection_cpp
[ 43%] Built target cw1q4_interfaces__rosidl_typesupport_cpp
[ 53%] Built target cw1q4_interfaces__rosidl_typesupport_fastrtps_cpp
[ 64%] Built target cw1q4_interfaces__rosidl_typesupport_introspection_c
[ 74%] Built target cw1q4_interfaces__rosidl_typesupport_fastrtps_c
[ 74%] Built target cw1q4_interfaces
[ 76%] Built target cw1q4_interfaces__py
[ 84%] Built target cw1q4_interfaces__python
[ 94%] Built target cw1q4_interfaces__rosidl_typesupport_c__pyext
[ 94%] Built target cw1q4_interfaces__rosidl_typesupport_introspection_c__pyext
[100%] Built target cw1q4_interfaces__rosidl_typesupport_fastrtps_c__pyext
-- Install configuration: ""
-- Up-to-date: /home/bizare/Desktop/Robotics_System/install/cw1q4_interfaces/share/ament_index/resource_index/rosidl_interfaces/cw1q4_interfaces
-- Up-to-date: /home/bizare/Desktop/Robotics_System/install/cw1q4_interfaces/include/cw1q4_interfaces
-- Up-to-date: /home/bizare/Desktop/Robotics_System/install/cw1q4_interfaces/include/cw1q4_interfaces/msg
-- Up-to-date: /home/bizare/Desktop/Robotics_System/install/cw1q4_interfaces/include/cw1q4_interfaces/msg/rosidl_generator_c__visibility_control.h
-- Up-to-date: /home/bizare/Desktop/Robotics_System/install/cw1q4_interfaces/include/cw1q4_interfaces/srv
-- Up-to-date: /home/bizare/Desktop/Robotics_System/install/cw1q4_interfaces/include/cw1q4_interfaces/srv/detail
-- Up-to-date: /home/bizare/Desktop/Robotics_System/install/cw1q4_interfaces/include/cw1q4_interfaces/srv/detail/quat_to_euler__functions.c
-- Up-to-date: /home/bizare/Desktop/Robotics_System/install/cw1q4_interfaces/include/cw1q4_interfaces/srv/detail/quat_to_euler__type_support.h
-- Up-to-date: /home/bizare/Desktop/Robotics_System/install/cw1q4_interfaces/include/cw1q4_interfaces/srv/detail/quat_to_euler__functions.h
-- Up-to-date: /home/bizare/Desktop/Robotics_System/install/cw1q4_interfaces/include/cw1q4_interfaces/srv/detail/quat_to_rodrigues__struct.h
-- Up-to-date: /home/bizare/Desktop/Robotics_System/install/cw1q4_interfaces/include/cw1q4_interfaces/srv/detail/quat_to_euler__struct.h
-- Up-to-date: /home/bizare/Desktop/Robotics_System/install/cw1q4_interfaces/include/cw1q4_interfaces/srv/detail/quat_to_rodrigues__functions.c
-- Up-to-date: /home/bizare/Desktop/Robotics_System/install/cw1q4_interfaces/include/cw1q4_interfaces/srv/detail/quat_to_rodrigues__functions.h
-- Up-to-date: /home/bizare/Desktop/Robotics_System/install/cw1q4_interfaces/include/cw1q4_interfaces/srv/detail/quat_to_rodrigues__type_support.h
-- Up-to-date: /home/bizare/Desktop/Robotics_System/install/cw1q4_interfaces/include/cw1q4_interfaces/srv/quat_to_rodrigues.h
-- Up-to-date: /home/bizare/Desktop/Robotics_System/install/cw1q4_interfaces/include/cw1q4_interfaces/srv/quat_to_euler.h
-- Up-to-date: /home/bizare/Desktop/Robotics_System/install/cw1q4_interfaces/share/cw1q4_interfaces/environment/library_path.sh
-- Up-to-date: /home/bizare/Desktop/Robotics_System/install/cw1q4_interfaces/share/cw1q4_interfaces/environment/library_path.dsv
-- Up-to-date: /home/bizare/Desktop/Robotics_System/install/cw1q4_interfaces/lib/libcw1q4_interfaces__rosidl_generator_c.so
-- Up-to-date: /home/bizare/Desktop/Robotics_System/install/cw1q4_interfaces/include/cw1q4_interfaces
-- Up-to-date: /home/bizare/Desktop/Robotics_System/install/cw1q4_interfaces/include/cw1q4_interfaces/msg
-- Up-to-date: /home/bizare/Desktop/Robotics_System/install/cw1q4_interfaces/include/cw1q4_interfaces/msg/rosidl_typesupport_fastrtps_c__visibility_control.h
-- Up-to-date: /home/bizare/Desktop/Robotics_System/install/cw1q4_interfaces/include/cw1q4_interfaces/srv
-- Up-to-date: /home/bizare/Desktop/Robotics_System/install/cw1q4_interfaces/include/cw1q4_interfaces/srv/detail
-- Up-to-date: /home/bizare/Desktop/Robotics_System/install/cw1q4_interfaces/include/cw1q4_interfaces/srv/detail/quat_to_euler__rosidl_typesupport_fastrtps_c.h
-- Up-to-date: /home/bizare/Desktop/Robotics_System/install/cw1q4_interfaces/include/cw1q4_interfaces/srv/detail/quat_to_rodrigues__rosidl_typesupport_fastrtps_c.h
-- Up-to-date: /home/bizare/Desktop/Robotics_System/install/cw1q4_interfaces/lib/libcw1q4_interfaces__rosidl_typesupport_fastrtps_c.so
-- Up-to-date: /home/bizare/Desktop/Robotics_System/install/cw1q4_interfaces/include/cw1q4_interfaces
-- Up-to-date: /home/bizare/Desktop/Robotics_System/install/cw1q4_interfaces/include/cw1q4_interfaces/msg
-- Up-to-date: /home/bizare/Desktop/Robotics_System/install/cw1q4_interfaces/include/cw1q4_interfaces/msg/rosidl_typesupport_fastrtps_cpp__visibility_control.h
-- Up-to-date: /home/bizare/Desktop/Robotics_System/install/cw1q4_interfaces/include/cw1q4_interfaces/srv
-- Up-to-date: /home/bizare/Desktop/Robotics_System/install/cw1q4_interfaces/include/cw1q4_interfaces/srv/detail
-- Up-to-date: /home/bizare/Desktop/Robotics_System/install/cw1q4_interfaces/include/cw1q4_interfaces/srv/detail/quat_to_euler__rosidl_typesupport_fastrtps_cpp.hpp
-- Up-to-date: /home/bizare/Desktop/Robotics_System/install/cw1q4_interfaces/include/cw1q4_interfaces/srv/detail/quat_to_rodrigues__rosidl_typesupport_fastrtps_cpp.hpp
-- Up-to-date: /home/bizare/Desktop/Robotics_System/install/cw1q4_interfaces/include/cw1q4_interfaces/srv/detail/dds_fastrtps
-- Up-to-date: /home/bizare/Desktop/Robotics_System/install/cw1q4_interfaces/lib/libcw1q4_interfaces__rosidl_typesupport_fastrtps_cpp.so
-- Up-to-date: /home/bizare/Desktop/Robotics_System/install/cw1q4_interfaces/include/cw1q4_interfaces
-- Up-to-date: /home/bizare/Desktop/Robotics_System/install/cw1q4_interfaces/include/cw1q4_interfaces/msg
-- Up-to-date: /home/bizare/Desktop/Robotics_System/install/cw1q4_interfaces/include/cw1q4_interfaces/msg/rosidl_typesupport_introspection_c__visibility_control.h
-- Up-to-date: /home/bizare/Desktop/Robotics_System/install/cw1q4_interfaces/include/cw1q4_interfaces/srv
-- Up-to-date: /home/bizare/Desktop/Robotics_System/install/cw1q4_interfaces/include/cw1q4_interfaces/srv/detail
-- Up-to-date: /home/bizare/Desktop/Robotics_System/install/cw1q4_interfaces/include/cw1q4_interfaces/srv/detail/quat_to_euler__rosidl_typesupport_introspection_c.h
-- Up-to-date: /home/bizare/Desktop/Robotics_System/install/cw1q4_interfaces/include/cw1q4_interfaces/srv/detail/quat_to_rodrigues__rosidl_typesupport_introspection_c.h
-- Up-to-date: /home/bizare/Desktop/Robotics_System/install/cw1q4_interfaces/include/cw1q4_interfaces/srv/detail/quat_to_euler__type_support.c
-- Up-to-date: /home/bizare/Desktop/Robotics_System/install/cw1q4_interfaces/include/cw1q4_interfaces/srv/detail/quat_to_rodrigues__type_support.c
-- Up-to-date: /home/bizare/Desktop/Robotics_System/install/cw1q4_interfaces/lib/libcw1q4_interfaces__rosidl_typesupport_introspection_c.so
-- Up-to-date: /home/bizare/Desktop/Robotics_System/install/cw1q4_interfaces/lib/libcw1q4_interfaces__rosidl_typesupport_c.so
-- Up-to-date: /home/bizare/Desktop/Robotics_System/install/cw1q4_interfaces/include/cw1q4_interfaces
-- Up-to-date: /home/bizare/Desktop/Robotics_System/install/cw1q4_interfaces/include/cw1q4_interfaces/msg
-- Up-to-date: /home/bizare/Desktop/Robotics_System/install/cw1q4_interfaces/include/cw1q4_interfaces/msg/rosidl_generator_cpp__visibility_control.hpp
-- Up-to-date: /home/bizare/Desktop/Robotics_System/install/cw1q4_interfaces/include/cw1q4_interfaces/srv
-- Up-to-date: /home/bizare/Desktop/Robotics_System/install/cw1q4_interfaces/include/cw1q4_interfaces/srv/quat_to_euler.hpp
-- Up-to-date: /home/bizare/Desktop/Robotics_System/install/cw1q4_interfaces/include/cw1q4_interfaces/srv/detail
-- Up-to-date: /home/bizare/Desktop/Robotics_System/install/cw1q4_interfaces/include/cw1q4_interfaces/srv/detail/quat_to_euler__struct.hpp
-- Up-to-date: /home/bizare/Desktop/Robotics_System/install/cw1q4_interfaces/include/cw1q4_interfaces/srv/detail/quat_to_euler__builder.hpp
-- Up-to-date: /home/bizare/Desktop/Robotics_System/install/cw1q4_interfaces/include/cw1q4_interfaces/srv/detail/quat_to_rodrigues__type_support.hpp
-- Up-to-date: /home/bizare/Desktop/Robotics_System/install/cw1q4_interfaces/include/cw1q4_interfaces/srv/detail/quat_to_euler__type_support.hpp
-- Up-to-date: /home/bizare/Desktop/Robotics_System/install/cw1q4_interfaces/include/cw1q4_interfaces/srv/detail/quat_to_euler__traits.hpp
-- Up-to-date: /home/bizare/Desktop/Robotics_System/install/cw1q4_interfaces/include/cw1q4_interfaces/srv/detail/quat_to_rodrigues__struct.hpp
-- Up-to-date: /home/bizare/Desktop/Robotics_System/install/cw1q4_interfaces/include/cw1q4_interfaces/srv/detail/quat_to_rodrigues__traits.hpp
-- Up-to-date: /home/bizare/Desktop/Robotics_System/install/cw1q4_interfaces/include/cw1q4_interfaces/srv/detail/quat_to_rodrigues__builder.hpp
-- Up-to-date: /home/bizare/Desktop/Robotics_System/install/cw1q4_interfaces/include/cw1q4_interfaces/srv/quat_to_rodrigues.hpp
-- Up-to-date: /home/bizare/Desktop/Robotics_System/install/cw1q4_interfaces/include/cw1q4_interfaces
-- Up-to-date: /home/bizare/Desktop/Robotics_System/install/cw1q4_interfaces/include/cw1q4_interfaces/srv
-- Up-to-date: /home/bizare/Desktop/Robotics_System/install/cw1q4_interfaces/include/cw1q4_interfaces/srv/detail
-- Up-to-date: /home/bizare/Desktop/Robotics_System/install/cw1q4_interfaces/include/cw1q4_interfaces/srv/detail/quat_to_rodrigues__rosidl_typesupport_introspection_cpp.hpp
-- Up-to-date: /home/bizare/Desktop/Robotics_System/install/cw1q4_interfaces/include/cw1q4_interfaces/srv/detail/quat_to_euler__rosidl_typesupport_introspection_cpp.hpp
-- Up-to-date: /home/bizare/Desktop/Robotics_System/install/cw1q4_interfaces/include/cw1q4_interfaces/srv/detail/quat_to_euler__type_support.cpp
-- Up-to-date: /home/bizare/Desktop/Robotics_System/install/cw1q4_interfaces/include/cw1q4_interfaces/srv/detail/quat_to_rodrigues__type_support.cpp
-- Up-to-date: /home/bizare/Desktop/Robotics_System/install/cw1q4_interfaces/lib/libcw1q4_interfaces__rosidl_typesupport_introspection_cpp.so
-- Up-to-date: /home/bizare/Desktop/Robotics_System/install/cw1q4_interfaces/lib/libcw1q4_interfaces__rosidl_typesupport_cpp.so
-- Up-to-date: /home/bizare/Desktop/Robotics_System/install/cw1q4_interfaces/share/cw1q4_interfaces/environment/pythonpath.sh
-- Up-to-date: /home/bizare/Desktop/Robotics_System/install/cw1q4_interfaces/share/cw1q4_interfaces/environment/pythonpath.dsv
-- Up-to-date: /home/bizare/Desktop/Robotics_System/install/cw1q4_interfaces/lib/python3.8/site-packages/cw1q4_interfaces/__init__.py
-- Up-to-date: /home/bizare/Desktop/Robotics_System/install/cw1q4_interfaces/lib/python3.8/site-packages/cw1q4_interfaces/srv
-- Up-to-date: /home/bizare/Desktop/Robotics_System/install/cw1q4_interfaces/lib/python3.8/site-packages/cw1q4_interfaces/srv/_quat_to_euler_s.c
-- Up-to-date: /home/bizare/Desktop/Robotics_System/install/cw1q4_interfaces/lib/python3.8/site-packages/cw1q4_interfaces/srv/__init__.py
-- Up-to-date: /home/bizare/Desktop/Robotics_System/install/cw1q4_interfaces/lib/python3.8/site-packages/cw1q4_interfaces/srv/_quat_to_euler.py
-- Up-to-date: /home/bizare/Desktop/Robotics_System/install/cw1q4_interfaces/lib/python3.8/site-packages/cw1q4_interfaces/srv/_quat_to_rodrigues_s.c
-- Up-to-date: /home/bizare/Desktop/Robotics_System/install/cw1q4_interfaces/lib/python3.8/site-packages/cw1q4_interfaces/srv/_quat_to_rodrigues.py
-- Up-to-date: /home/bizare/Desktop/Robotics_System/install/cw1q4_interfaces/lib/python3.8/site-packages/cw1q4_interfaces/cw1q4_interfaces_s__rosidl_typesupport_fastrtps_c.cpython-38-x86_64-linux-gnu.so
-- Up-to-date: /home/bizare/Desktop/Robotics_System/install/cw1q4_interfaces/lib/python3.8/site-packages/cw1q4_interfaces/cw1q4_interfaces_s__rosidl_typesupport_introspection_c.cpython-38-x86_64-linux-gnu.so
-- Up-to-date: /home/bizare/Desktop/Robotics_System/install/cw1q4_interfaces/lib/python3.8/site-packages/cw1q4_interfaces/cw1q4_interfaces_s__rosidl_typesupport_c.cpython-38-x86_64-linux-gnu.so
-- Up-to-date: /home/bizare/Desktop/Robotics_System/install/cw1q4_interfaces/lib/libcw1q4_interfaces__python.so
-- Up-to-date: /home/bizare/Desktop/Robotics_System/install/cw1q4_interfaces/share/cw1q4_interfaces/srv/QuatToEuler.idl
-- Up-to-date: /home/bizare/Desktop/Robotics_System/install/cw1q4_interfaces/share/cw1q4_interfaces/srv/QuatToRodrigues.idl
-- Up-to-date: /home/bizare/Desktop/Robotics_System/install/cw1q4_interfaces/share/cw1q4_interfaces/srv/QuatToEuler.srv
-- Up-to-date: /home/bizare/Desktop/Robotics_System/install/cw1q4_interfaces/share/cw1q4_interfaces/srv/QuatToEuler_Request.msg
-- Up-to-date: /home/bizare/Desktop/Robotics_System/install/cw1q4_interfaces/share/cw1q4_interfaces/srv/QuatToEuler_Response.msg
-- Up-to-date: /home/bizare/Desktop/Robotics_System/install/cw1q4_interfaces/share/cw1q4_interfaces/srv/QuatToRodrigues.srv
-- Up-to-date: /home/bizare/Desktop/Robotics_System/install/cw1q4_interfaces/share/cw1q4_interfaces/srv/QuatToRodrigues_Request.msg
-- Up-to-date: /home/bizare/Desktop/Robotics_System/install/cw1q4_interfaces/share/cw1q4_interfaces/srv/QuatToRodrigues_Response.msg
-- Up-to-date: /home/bizare/Desktop/Robotics_System/install/cw1q4_interfaces/share/ament_index/resource_index/package_run_dependencies/cw1q4_interfaces
-- Up-to-date: /home/bizare/Desktop/Robotics_System/install/cw1q4_interfaces/share/ament_index/resource_index/parent_prefix_path/cw1q4_interfaces
-- Up-to-date: /home/bizare/Desktop/Robotics_System/install/cw1q4_interfaces/share/cw1q4_interfaces/environment/ament_prefix_path.sh
-- Up-to-date: /home/bizare/Desktop/Robotics_System/install/cw1q4_interfaces/share/cw1q4_interfaces/environment/ament_prefix_path.dsv
-- Up-to-date: /home/bizare/Desktop/Robotics_System/install/cw1q4_interfaces/share/cw1q4_interfaces/environment/path.sh
-- Up-to-date: /home/bizare/Desktop/Robotics_System/install/cw1q4_interfaces/share/cw1q4_interfaces/environment/path.dsv
-- Up-to-date: /home/bizare/Desktop/Robotics_System/install/cw1q4_interfaces/share/cw1q4_interfaces/local_setup.bash
-- Up-to-date: /home/bizare/Desktop/Robotics_System/install/cw1q4_interfaces/share/cw1q4_interfaces/local_setup.sh
-- Up-to-date: /home/bizare/Desktop/Robotics_System/install/cw1q4_interfaces/share/cw1q4_interfaces/local_setup.zsh
-- Up-to-date: /home/bizare/Desktop/Robotics_System/install/cw1q4_interfaces/share/cw1q4_interfaces/local_setup.dsv
-- Installing: /home/bizare/Desktop/Robotics_System/install/cw1q4_interfaces/share/cw1q4_interfaces/package.dsv
-- Up-to-date: /home/bizare/Desktop/Robotics_System/install/cw1q4_interfaces/share/ament_index/resource_index/packages/cw1q4_interfaces
-- Up-to-date: /home/bizare/Desktop/Robotics_System/install/cw1q4_interfaces/share/cw1q4_interfaces/cmake/cw1q4_interfaces__rosidl_generator_cExport.cmake
-- Up-to-date: /home/bizare/Desktop/Robotics_System/install/cw1q4_interfaces/share/cw1q4_interfaces/cmake/cw1q4_interfaces__rosidl_generator_cExport-noconfig.cmake
-- Up-to-date: /home/bizare/Desktop/Robotics_System/install/cw1q4_interfaces/share/cw1q4_interfaces/cmake/cw1q4_interfaces__rosidl_typesupport_introspection_cExport.cmake
-- Up-to-date: /home/bizare/Desktop/Robotics_System/install/cw1q4_interfaces/share/cw1q4_interfaces/cmake/cw1q4_interfaces__rosidl_typesupport_introspection_cExport-noconfig.cmake
-- Up-to-date: /home/bizare/Desktop/Robotics_System/install/cw1q4_interfaces/share/cw1q4_interfaces/cmake/cw1q4_interfaces__rosidl_typesupport_cExport.cmake
-- Up-to-date: /home/bizare/Desktop/Robotics_System/install/cw1q4_interfaces/share/cw1q4_interfaces/cmake/cw1q4_interfaces__rosidl_typesupport_cExport-noconfig.cmake
-- Up-to-date: /home/bizare/Desktop/Robotics_System/install/cw1q4_interfaces/share/cw1q4_interfaces/cmake/cw1q4_interfaces__rosidl_generator_cppExport.cmake
-- Up-to-date: /home/bizare/Desktop/Robotics_System/install/cw1q4_interfaces/share/cw1q4_interfaces/cmake/cw1q4_interfaces__rosidl_typesupport_introspection_cppExport.cmake
-- Up-to-date: /home/bizare/Desktop/Robotics_System/install/cw1q4_interfaces/share/cw1q4_interfaces/cmake/cw1q4_interfaces__rosidl_typesupport_introspection_cppExport-noconfig.cmake
-- Up-to-date: /home/bizare/Desktop/Robotics_System/install/cw1q4_interfaces/share/cw1q4_interfaces/cmake/cw1q4_interfaces__rosidl_typesupport_cppExport.cmake
-- Up-to-date: /home/bizare/Desktop/Robotics_System/install/cw1q4_interfaces/share/cw1q4_interfaces/cmake/cw1q4_interfaces__rosidl_typesupport_cppExport-noconfig.cmake
-- Up-to-date: /home/bizare/Desktop/Robotics_System/install/cw1q4_interfaces/share/cw1q4_interfaces/cmake/rosidl_cmake-extras.cmake
-- Up-to-date: /home/bizare/Desktop/Robotics_System/install/cw1q4_interfaces/share/cw1q4_interfaces/cmake/ament_cmake_export_dependencies-extras.cmake
-- Up-to-date: /home/bizare/Desktop/Robotics_System/install/cw1q4_interfaces/share/cw1q4_interfaces/cmake/ament_cmake_export_libraries-extras.cmake
-- Up-to-date: /home/bizare/Desktop/Robotics_System/install/cw1q4_interfaces/share/cw1q4_interfaces/cmake/ament_cmake_export_targets-extras.cmake
-- Up-to-date: /home/bizare/Desktop/Robotics_System/install/cw1q4_interfaces/share/cw1q4_interfaces/cmake/ament_cmake_export_include_directories-extras.cmake
-- Up-to-date: /home/bizare/Desktop/Robotics_System/install/cw1q4_interfaces/share/cw1q4_interfaces/cmake/rosidl_cmake_export_typesupport_libraries-extras.cmake
-- Up-to-date: /home/bizare/Desktop/Robotics_System/install/cw1q4_interfaces/share/cw1q4_interfaces/cmake/rosidl_cmake_export_typesupport_targets-extras.cmake
-- Up-to-date: /home/bizare/Desktop/Robotics_System/install/cw1q4_interfaces/share/cw1q4_interfaces/cmake/cw1q4_interfacesConfig.cmake
-- Up-to-date: /home/bizare/Desktop/Robotics_System/install/cw1q4_interfaces/share/cw1q4_interfaces/cmake/cw1q4_interfacesConfig-version.cmake
-- Up-to-date: /home/bizare/Desktop/Robotics_System/install/cw1q4_interfaces/share/cw1q4_interfaces/package.xml
