[0.220s] Invoking command in '/home/bizare/Desktop/Robotics_System/build/cw1q4_interfaces': CMAKE_PREFIX_PATH=${CMAKE_PREFIX_PATH}:/home/bizare/Desktop/Robotics_System/install/cw1q9:/home/bizare/Desktop/Robotics_System/install/cw1q5:/home/bizare/Desktop/Robotics_System/install/cw1q4:/opt/ros/foxy /usr/bin/cmake --build /home/bizare/Desktop/Robotics_System/build/cw1q4_interfaces -- -j8 -l8
[0.441s] [  2%] Built target cw1q4_interfaces__cpp
[0.441s] [ 12%] Built target cw1q4_interfaces__rosidl_generator_c
[0.441s] [ 33%] Built target cw1q4_interfaces__rosidl_typesupport_c
[0.441s] [ 33%] Built target cw1q4_interfaces__rosidl_typesupport_introspection_cpp
[0.442s] [ 43%] Built target cw1q4_interfaces__rosidl_typesupport_cpp
[0.442s] [ 53%] Built target cw1q4_interfaces__rosidl_typesupport_fastrtps_cpp
[0.442s] [ 64%] Built target cw1q4_interfaces__rosidl_typesupport_introspection_c
[0.442s] [ 74%] Built target cw1q4_interfaces__rosidl_typesupport_fastrtps_c
[0.442s] [ 74%] Built target cw1q4_interfaces
[0.442s] [ 76%] Built target cw1q4_interfaces__py
[0.442s] [ 84%] Built target cw1q4_interfaces__python
[0.463s] [ 94%] Built target cw1q4_interfaces__rosidl_typesupport_c__pyext
[0.464s] [ 94%] Built target cw1q4_interfaces__rosidl_typesupport_introspection_c__pyext
[0.468s] [100%] Built target cw1q4_interfaces__rosidl_typesupport_fastrtps_c__pyext
[0.651s] Invoked command in '/home/bizare/Desktop/Robotics_System/build/cw1q4_interfaces' returned '0': CMAKE_PREFIX_PATH=${CMAKE_PREFIX_PATH}:/home/bizare/Desktop/Robotics_System/install/cw1q9:/home/bizare/Desktop/Robotics_System/install/cw1q5:/home/bizare/Desktop/Robotics_System/install/cw1q4:/opt/ros/foxy /usr/bin/cmake --build /home/bizare/Desktop/Robotics_System/build/cw1q4_interfaces -- -j8 -l8
[0.665s] Invoking command in '/home/bizare/Desktop/Robotics_System/build/cw1q4_interfaces': CMAKE_PREFIX_PATH=${CMAKE_PREFIX_PATH}:/home/bizare/Desktop/Robotics_System/install/cw1q9:/home/bizare/Desktop/Robotics_System/install/cw1q5:/home/bizare/Desktop/Robotics_System/install/cw1q4:/opt/ros/foxy /usr/bin/cmake --install /home/bizare/Desktop/Robotics_System/build/cw1q4_interfaces
[0.674s] -- Install configuration: ""
[0.674s] -- Up-to-date: /home/bizare/Desktop/Robotics_System/install/cw1q4_interfaces/share/ament_index/resource_index/rosidl_interfaces/cw1q4_interfaces
[0.674s] -- Up-to-date: /home/bizare/Desktop/Robotics_System/install/cw1q4_interfaces/include/cw1q4_interfaces
[0.675s] -- Up-to-date: /home/bizare/Desktop/Robotics_System/install/cw1q4_interfaces/include/cw1q4_interfaces/msg
[0.675s] -- Up-to-date: /home/bizare/Desktop/Robotics_System/install/cw1q4_interfaces/include/cw1q4_interfaces/msg/rosidl_generator_c__visibility_control.h
[0.675s] -- Up-to-date: /home/bizare/Desktop/Robotics_System/install/cw1q4_interfaces/include/cw1q4_interfaces/srv
[0.675s] -- Up-to-date: /home/bizare/Desktop/Robotics_System/install/cw1q4_interfaces/include/cw1q4_interfaces/srv/detail
[0.675s] -- Up-to-date: /home/bizare/Desktop/Robotics_System/install/cw1q4_interfaces/include/cw1q4_interfaces/srv/detail/quat_to_euler__functions.c
[0.675s] -- Up-to-date: /home/bizare/Desktop/Robotics_System/install/cw1q4_interfaces/include/cw1q4_interfaces/srv/detail/quat_to_euler__type_support.h
[0.675s] -- Up-to-date: /home/bizare/Desktop/Robotics_System/install/cw1q4_interfaces/include/cw1q4_interfaces/srv/detail/quat_to_euler__functions.h
[0.675s] -- Up-to-date: /home/bizare/Desktop/Robotics_System/install/cw1q4_interfaces/include/cw1q4_interfaces/srv/detail/quat_to_rodrigues__struct.h
[0.675s] -- Up-to-date: /home/bizare/Desktop/Robotics_System/install/cw1q4_interfaces/include/cw1q4_interfaces/srv/detail/quat_to_euler__struct.h
[0.676s] -- Up-to-date: /home/bizare/Desktop/Robotics_System/install/cw1q4_interfaces/include/cw1q4_interfaces/srv/detail/quat_to_rodrigues__functions.c
[0.676s] -- Up-to-date: /home/bizare/Desktop/Robotics_System/install/cw1q4_interfaces/include/cw1q4_interfaces/srv/detail/quat_to_rodrigues__functions.h
[0.676s] -- Up-to-date: /home/bizare/Desktop/Robotics_System/install/cw1q4_interfaces/include/cw1q4_interfaces/srv/detail/quat_to_rodrigues__type_support.h
[0.676s] -- Up-to-date: /home/bizare/Desktop/Robotics_System/install/cw1q4_interfaces/include/cw1q4_interfaces/srv/quat_to_rodrigues.h
[0.676s] -- Up-to-date: /home/bizare/Desktop/Robotics_System/install/cw1q4_interfaces/include/cw1q4_interfaces/srv/quat_to_euler.h
[0.676s] -- Up-to-date: /home/bizare/Desktop/Robotics_System/install/cw1q4_interfaces/share/cw1q4_interfaces/environment/library_path.sh
[0.676s] -- Up-to-date: /home/bizare/Desktop/Robotics_System/install/cw1q4_interfaces/share/cw1q4_interfaces/environment/library_path.dsv
[0.676s] -- Up-to-date: /home/bizare/Desktop/Robotics_System/install/cw1q4_interfaces/lib/libcw1q4_interfaces__rosidl_generator_c.so
[0.676s] -- Up-to-date: /home/bizare/Desktop/Robotics_System/install/cw1q4_interfaces/include/cw1q4_interfaces
[0.676s] -- Up-to-date: /home/bizare/Desktop/Robotics_System/install/cw1q4_interfaces/include/cw1q4_interfaces/msg
[0.676s] -- Up-to-date: /home/bizare/Desktop/Robotics_System/install/cw1q4_interfaces/include/cw1q4_interfaces/msg/rosidl_typesupport_fastrtps_c__visibility_control.h
[0.677s] -- Up-to-date: /home/bizare/Desktop/Robotics_System/install/cw1q4_interfaces/include/cw1q4_interfaces/srv
[0.677s] -- Up-to-date: /home/bizare/Desktop/Robotics_System/install/cw1q4_interfaces/include/cw1q4_interfaces/srv/detail
[0.677s] -- Up-to-date: /home/bizare/Desktop/Robotics_System/install/cw1q4_interfaces/include/cw1q4_interfaces/srv/detail/quat_to_euler__rosidl_typesupport_fastrtps_c.h
[0.677s] -- Up-to-date: /home/bizare/Desktop/Robotics_System/install/cw1q4_interfaces/include/cw1q4_interfaces/srv/detail/quat_to_rodrigues__rosidl_typesupport_fastrtps_c.h
[0.677s] -- Up-to-date: /home/bizare/Desktop/Robotics_System/install/cw1q4_interfaces/lib/libcw1q4_interfaces__rosidl_typesupport_fastrtps_c.so
[0.677s] -- Up-to-date: /home/bizare/Desktop/Robotics_System/install/cw1q4_interfaces/include/cw1q4_interfaces
[0.677s] -- Up-to-date: /home/bizare/Desktop/Robotics_System/install/cw1q4_interfaces/include/cw1q4_interfaces/msg
[0.677s] -- Up-to-date: /home/bizare/Desktop/Robotics_System/install/cw1q4_interfaces/include/cw1q4_interfaces/msg/rosidl_typesupport_fastrtps_cpp__visibility_control.h
[0.678s] -- Up-to-date: /home/bizare/Desktop/Robotics_System/install/cw1q4_interfaces/include/cw1q4_interfaces/srv
[0.678s] -- Up-to-date: /home/bizare/Desktop/Robotics_System/install/cw1q4_interfaces/include/cw1q4_interfaces/srv/detail
[0.678s] -- Up-to-date: /home/bizare/Desktop/Robotics_System/install/cw1q4_interfaces/include/cw1q4_interfaces/srv/detail/quat_to_euler__rosidl_typesupport_fastrtps_cpp.hpp
[0.678s] -- Up-to-date: /home/bizare/Desktop/Robotics_System/install/cw1q4_interfaces/include/cw1q4_interfaces/srv/detail/quat_to_rodrigues__rosidl_typesupport_fastrtps_cpp.hpp
[0.678s] -- Up-to-date: /home/bizare/Desktop/Robotics_System/install/cw1q4_interfaces/include/cw1q4_interfaces/srv/detail/dds_fastrtps
[0.678s] -- Up-to-date: /home/bizare/Desktop/Robotics_System/install/cw1q4_interfaces/lib/libcw1q4_interfaces__rosidl_typesupport_fastrtps_cpp.so
[0.678s] -- Up-to-date: /home/bizare/Desktop/Robotics_System/install/cw1q4_interfaces/include/cw1q4_interfaces
[0.678s] -- Up-to-date: /home/bizare/Desktop/Robotics_System/install/cw1q4_interfaces/include/cw1q4_interfaces/msg
[0.678s] -- Up-to-date: /home/bizare/Desktop/Robotics_System/install/cw1q4_interfaces/include/cw1q4_interfaces/msg/rosidl_typesupport_introspection_c__visibility_control.h
[0.678s] -- Up-to-date: /home/bizare/Desktop/Robotics_System/install/cw1q4_interfaces/include/cw1q4_interfaces/srv
[0.678s] -- Up-to-date: /home/bizare/Desktop/Robotics_System/install/cw1q4_interfaces/include/cw1q4_interfaces/srv/detail
[0.679s] -- Up-to-date: /home/bizare/Desktop/Robotics_System/install/cw1q4_interfaces/include/cw1q4_interfaces/srv/detail/quat_to_euler__rosidl_typesupport_introspection_c.h
[0.679s] -- Up-to-date: /home/bizare/Desktop/Robotics_System/install/cw1q4_interfaces/include/cw1q4_interfaces/srv/detail/quat_to_rodrigues__rosidl_typesupport_introspection_c.h
[0.679s] -- Up-to-date: /home/bizare/Desktop/Robotics_System/install/cw1q4_interfaces/include/cw1q4_interfaces/srv/detail/quat_to_euler__type_support.c
[0.679s] -- Up-to-date: /home/bizare/Desktop/Robotics_System/install/cw1q4_interfaces/include/cw1q4_interfaces/srv/detail/quat_to_rodrigues__type_support.c
[0.679s] -- Up-to-date: /home/bizare/Desktop/Robotics_System/install/cw1q4_interfaces/lib/libcw1q4_interfaces__rosidl_typesupport_introspection_c.so
[0.679s] -- Up-to-date: /home/bizare/Desktop/Robotics_System/install/cw1q4_interfaces/lib/libcw1q4_interfaces__rosidl_typesupport_c.so
[0.680s] -- Up-to-date: /home/bizare/Desktop/Robotics_System/install/cw1q4_interfaces/include/cw1q4_interfaces
[0.680s] -- Up-to-date: /home/bizare/Desktop/Robotics_System/install/cw1q4_interfaces/include/cw1q4_interfaces/msg
[0.680s] -- Up-to-date: /home/bizare/Desktop/Robotics_System/install/cw1q4_interfaces/include/cw1q4_interfaces/msg/rosidl_generator_cpp__visibility_control.hpp
[0.680s] -- Up-to-date: /home/bizare/Desktop/Robotics_System/install/cw1q4_interfaces/include/cw1q4_interfaces/srv
[0.680s] -- Up-to-date: /home/bizare/Desktop/Robotics_System/install/cw1q4_interfaces/include/cw1q4_interfaces/srv/quat_to_euler.hpp
[0.680s] -- Up-to-date: /home/bizare/Desktop/Robotics_System/install/cw1q4_interfaces/include/cw1q4_interfaces/srv/detail
[0.680s] -- Up-to-date: /home/bizare/Desktop/Robotics_System/install/cw1q4_interfaces/include/cw1q4_interfaces/srv/detail/quat_to_euler__struct.hpp
[0.680s] -- Up-to-date: /home/bizare/Desktop/Robotics_System/install/cw1q4_interfaces/include/cw1q4_interfaces/srv/detail/quat_to_euler__builder.hpp
[0.680s] -- Up-to-date: /home/bizare/Desktop/Robotics_System/install/cw1q4_interfaces/include/cw1q4_interfaces/srv/detail/quat_to_rodrigues__type_support.hpp
[0.680s] -- Up-to-date: /home/bizare/Desktop/Robotics_System/install/cw1q4_interfaces/include/cw1q4_interfaces/srv/detail/quat_to_euler__type_support.hpp
[0.680s] -- Up-to-date: /home/bizare/Desktop/Robotics_System/install/cw1q4_interfaces/include/cw1q4_interfaces/srv/detail/quat_to_euler__traits.hpp
[0.680s] -- Up-to-date: /home/bizare/Desktop/Robotics_System/install/cw1q4_interfaces/include/cw1q4_interfaces/srv/detail/quat_to_rodrigues__struct.hpp
[0.681s] -- Up-to-date: /home/bizare/Desktop/Robotics_System/install/cw1q4_interfaces/include/cw1q4_interfaces/srv/detail/quat_to_rodrigues__traits.hpp
[0.681s] -- Up-to-date: /home/bizare/Desktop/Robotics_System/install/cw1q4_interfaces/include/cw1q4_interfaces/srv/detail/quat_to_rodrigues__builder.hpp
[0.681s] -- Up-to-date: /home/bizare/Desktop/Robotics_System/install/cw1q4_interfaces/include/cw1q4_interfaces/srv/quat_to_rodrigues.hpp
[0.681s] -- Up-to-date: /home/bizare/Desktop/Robotics_System/install/cw1q4_interfaces/include/cw1q4_interfaces
[0.681s] -- Up-to-date: /home/bizare/Desktop/Robotics_System/install/cw1q4_interfaces/include/cw1q4_interfaces/srv
[0.681s] -- Up-to-date: /home/bizare/Desktop/Robotics_System/install/cw1q4_interfaces/include/cw1q4_interfaces/srv/detail
[0.681s] -- Up-to-date: /home/bizare/Desktop/Robotics_System/install/cw1q4_interfaces/include/cw1q4_interfaces/srv/detail/quat_to_rodrigues__rosidl_typesupport_introspection_cpp.hpp
[0.681s] -- Up-to-date: /home/bizare/Desktop/Robotics_System/install/cw1q4_interfaces/include/cw1q4_interfaces/srv/detail/quat_to_euler__rosidl_typesupport_introspection_cpp.hpp
[0.681s] -- Up-to-date: /home/bizare/Desktop/Robotics_System/install/cw1q4_interfaces/include/cw1q4_interfaces/srv/detail/quat_to_euler__type_support.cpp
[0.691s] -- Up-to-date: /home/bizare/Desktop/Robotics_System/install/cw1q4_interfaces/include/cw1q4_interfaces/srv/detail/quat_to_rodrigues__type_support.cpp
[0.691s] -- Up-to-date: /home/bizare/Desktop/Robotics_System/install/cw1q4_interfaces/lib/libcw1q4_interfaces__rosidl_typesupport_introspection_cpp.so
[0.691s] -- Up-to-date: /home/bizare/Desktop/Robotics_System/install/cw1q4_interfaces/lib/libcw1q4_interfaces__rosidl_typesupport_cpp.so
[0.691s] -- Up-to-date: /home/bizare/Desktop/Robotics_System/install/cw1q4_interfaces/share/cw1q4_interfaces/environment/pythonpath.sh
[0.691s] -- Up-to-date: /home/bizare/Desktop/Robotics_System/install/cw1q4_interfaces/share/cw1q4_interfaces/environment/pythonpath.dsv
[0.691s] -- Up-to-date: /home/bizare/Desktop/Robotics_System/install/cw1q4_interfaces/lib/python3.8/site-packages/cw1q4_interfaces/__init__.py
[0.710s] -- Up-to-date: /home/bizare/Desktop/Robotics_System/install/cw1q4_interfaces/lib/python3.8/site-packages/cw1q4_interfaces/srv
[0.710s] -- Up-to-date: /home/bizare/Desktop/Robotics_System/install/cw1q4_interfaces/lib/python3.8/site-packages/cw1q4_interfaces/srv/_quat_to_euler_s.c
[0.710s] -- Up-to-date: /home/bizare/Desktop/Robotics_System/install/cw1q4_interfaces/lib/python3.8/site-packages/cw1q4_interfaces/srv/__init__.py
[0.710s] -- Up-to-date: /home/bizare/Desktop/Robotics_System/install/cw1q4_interfaces/lib/python3.8/site-packages/cw1q4_interfaces/srv/_quat_to_euler.py
[0.710s] -- Up-to-date: /home/bizare/Desktop/Robotics_System/install/cw1q4_interfaces/lib/python3.8/site-packages/cw1q4_interfaces/srv/_quat_to_rodrigues_s.c
[0.710s] -- Up-to-date: /home/bizare/Desktop/Robotics_System/install/cw1q4_interfaces/lib/python3.8/site-packages/cw1q4_interfaces/srv/_quat_to_rodrigues.py
[0.711s] -- Up-to-date: /home/bizare/Desktop/Robotics_System/install/cw1q4_interfaces/lib/python3.8/site-packages/cw1q4_interfaces/cw1q4_interfaces_s__rosidl_typesupport_fastrtps_c.cpython-38-x86_64-linux-gnu.so
[0.711s] -- Up-to-date: /home/bizare/Desktop/Robotics_System/install/cw1q4_interfaces/lib/python3.8/site-packages/cw1q4_interfaces/cw1q4_interfaces_s__rosidl_typesupport_introspection_c.cpython-38-x86_64-linux-gnu.so
[0.712s] -- Up-to-date: /home/bizare/Desktop/Robotics_System/install/cw1q4_interfaces/lib/python3.8/site-packages/cw1q4_interfaces/cw1q4_interfaces_s__rosidl_typesupport_c.cpython-38-x86_64-linux-gnu.so
[0.712s] -- Up-to-date: /home/bizare/Desktop/Robotics_System/install/cw1q4_interfaces/lib/libcw1q4_interfaces__python.so
[0.713s] -- Up-to-date: /home/bizare/Desktop/Robotics_System/install/cw1q4_interfaces/share/cw1q4_interfaces/srv/QuatToEuler.idl
[0.713s] -- Up-to-date: /home/bizare/Desktop/Robotics_System/install/cw1q4_interfaces/share/cw1q4_interfaces/srv/QuatToRodrigues.idl
[0.713s] -- Up-to-date: /home/bizare/Desktop/Robotics_System/install/cw1q4_interfaces/share/cw1q4_interfaces/srv/QuatToEuler.srv
[0.713s] -- Up-to-date: /home/bizare/Desktop/Robotics_System/install/cw1q4_interfaces/share/cw1q4_interfaces/srv/QuatToEuler_Request.msg
[0.713s] -- Up-to-date: /home/bizare/Desktop/Robotics_System/install/cw1q4_interfaces/share/cw1q4_interfaces/srv/QuatToEuler_Response.msg
[0.713s] -- Up-to-date: /home/bizare/Desktop/Robotics_System/install/cw1q4_interfaces/share/cw1q4_interfaces/srv/QuatToRodrigues.srv
[0.714s] -- Up-to-date: /home/bizare/Desktop/Robotics_System/install/cw1q4_interfaces/share/cw1q4_interfaces/srv/QuatToRodrigues_Request.msg
[0.714s] -- Up-to-date: /home/bizare/Desktop/Robotics_System/install/cw1q4_interfaces/share/cw1q4_interfaces/srv/QuatToRodrigues_Response.msg
[0.714s] -- Up-to-date: /home/bizare/Desktop/Robotics_System/install/cw1q4_interfaces/share/ament_index/resource_index/package_run_dependencies/cw1q4_interfaces
[0.714s] -- Up-to-date: /home/bizare/Desktop/Robotics_System/install/cw1q4_interfaces/share/ament_index/resource_index/parent_prefix_path/cw1q4_interfaces
[0.714s] -- Up-to-date: /home/bizare/Desktop/Robotics_System/install/cw1q4_interfaces/share/cw1q4_interfaces/environment/ament_prefix_path.sh
[0.714s] -- Up-to-date: /home/bizare/Desktop/Robotics_System/install/cw1q4_interfaces/share/cw1q4_interfaces/environment/ament_prefix_path.dsv
[0.714s] -- Up-to-date: /home/bizare/Desktop/Robotics_System/install/cw1q4_interfaces/share/cw1q4_interfaces/environment/path.sh
[0.714s] -- Up-to-date: /home/bizare/Desktop/Robotics_System/install/cw1q4_interfaces/share/cw1q4_interfaces/environment/path.dsv
[0.714s] -- Up-to-date: /home/bizare/Desktop/Robotics_System/install/cw1q4_interfaces/share/cw1q4_interfaces/local_setup.bash
[0.714s] -- Up-to-date: /home/bizare/Desktop/Robotics_System/install/cw1q4_interfaces/share/cw1q4_interfaces/local_setup.sh
[0.714s] -- Up-to-date: /home/bizare/Desktop/Robotics_System/install/cw1q4_interfaces/share/cw1q4_interfaces/local_setup.zsh
[0.715s] -- Up-to-date: /home/bizare/Desktop/Robotics_System/install/cw1q4_interfaces/share/cw1q4_interfaces/local_setup.dsv
[0.715s] -- Installing: /home/bizare/Desktop/Robotics_System/install/cw1q4_interfaces/share/cw1q4_interfaces/package.dsv
[0.715s] -- Up-to-date: /home/bizare/Desktop/Robotics_System/install/cw1q4_interfaces/share/ament_index/resource_index/packages/cw1q4_interfaces
[0.715s] -- Up-to-date: /home/bizare/Desktop/Robotics_System/install/cw1q4_interfaces/share/cw1q4_interfaces/cmake/cw1q4_interfaces__rosidl_generator_cExport.cmake
[0.716s] -- Up-to-date: /home/bizare/Desktop/Robotics_System/install/cw1q4_interfaces/share/cw1q4_interfaces/cmake/cw1q4_interfaces__rosidl_generator_cExport-noconfig.cmake
[0.716s] -- Up-to-date: /home/bizare/Desktop/Robotics_System/install/cw1q4_interfaces/share/cw1q4_interfaces/cmake/cw1q4_interfaces__rosidl_typesupport_introspection_cExport.cmake
[0.716s] -- Up-to-date: /home/bizare/Desktop/Robotics_System/install/cw1q4_interfaces/share/cw1q4_interfaces/cmake/cw1q4_interfaces__rosidl_typesupport_introspection_cExport-noconfig.cmake
[0.716s] -- Up-to-date: /home/bizare/Desktop/Robotics_System/install/cw1q4_interfaces/share/cw1q4_interfaces/cmake/cw1q4_interfaces__rosidl_typesupport_cExport.cmake
[0.716s] -- Up-to-date: /home/bizare/Desktop/Robotics_System/install/cw1q4_interfaces/share/cw1q4_interfaces/cmake/cw1q4_interfaces__rosidl_typesupport_cExport-noconfig.cmake
[0.716s] -- Up-to-date: /home/bizare/Desktop/Robotics_System/install/cw1q4_interfaces/share/cw1q4_interfaces/cmake/cw1q4_interfaces__rosidl_generator_cppExport.cmake
[0.716s] -- Up-to-date: /home/bizare/Desktop/Robotics_System/install/cw1q4_interfaces/share/cw1q4_interfaces/cmake/cw1q4_interfaces__rosidl_typesupport_introspection_cppExport.cmake
[0.716s] -- Up-to-date: /home/bizare/Desktop/Robotics_System/install/cw1q4_interfaces/share/cw1q4_interfaces/cmake/cw1q4_interfaces__rosidl_typesupport_introspection_cppExport-noconfig.cmake
[0.716s] -- Up-to-date: /home/bizare/Desktop/Robotics_System/install/cw1q4_interfaces/share/cw1q4_interfaces/cmake/cw1q4_interfaces__rosidl_typesupport_cppExport.cmake
[0.716s] -- Up-to-date: /home/bizare/Desktop/Robotics_System/install/cw1q4_interfaces/share/cw1q4_interfaces/cmake/cw1q4_interfaces__rosidl_typesupport_cppExport-noconfig.cmake
[0.716s] -- Up-to-date: /home/bizare/Desktop/Robotics_System/install/cw1q4_interfaces/share/cw1q4_interfaces/cmake/rosidl_cmake-extras.cmake
[0.716s] -- Up-to-date: /home/bizare/Desktop/Robotics_System/install/cw1q4_interfaces/share/cw1q4_interfaces/cmake/ament_cmake_export_dependencies-extras.cmake
[0.716s] -- Up-to-date: /home/bizare/Desktop/Robotics_System/install/cw1q4_interfaces/share/cw1q4_interfaces/cmake/ament_cmake_export_libraries-extras.cmake
[0.717s] -- Up-to-date: /home/bizare/Desktop/Robotics_System/install/cw1q4_interfaces/share/cw1q4_interfaces/cmake/ament_cmake_export_targets-extras.cmake
[0.717s] -- Up-to-date: /home/bizare/Desktop/Robotics_System/install/cw1q4_interfaces/share/cw1q4_interfaces/cmake/ament_cmake_export_include_directories-extras.cmake
[0.717s] -- Up-to-date: /home/bizare/Desktop/Robotics_System/install/cw1q4_interfaces/share/cw1q4_interfaces/cmake/rosidl_cmake_export_typesupport_libraries-extras.cmake
[0.717s] -- Up-to-date: /home/bizare/Desktop/Robotics_System/install/cw1q4_interfaces/share/cw1q4_interfaces/cmake/rosidl_cmake_export_typesupport_targets-extras.cmake
[0.717s] -- Up-to-date: /home/bizare/Desktop/Robotics_System/install/cw1q4_interfaces/share/cw1q4_interfaces/cmake/cw1q4_interfacesConfig.cmake
[0.717s] -- Up-to-date: /home/bizare/Desktop/Robotics_System/install/cw1q4_interfaces/share/cw1q4_interfaces/cmake/cw1q4_interfacesConfig-version.cmake
[0.717s] -- Up-to-date: /home/bizare/Desktop/Robotics_System/install/cw1q4_interfaces/share/cw1q4_interfaces/package.xml
[0.722s] Invoked command in '/home/bizare/Desktop/Robotics_System/build/cw1q4_interfaces' returned '0': CMAKE_PREFIX_PATH=${CMAKE_PREFIX_PATH}:/home/bizare/Desktop/Robotics_System/install/cw1q9:/home/bizare/Desktop/Robotics_System/install/cw1q5:/home/bizare/Desktop/Robotics_System/install/cw1q4:/opt/ros/foxy /usr/bin/cmake --install /home/bizare/Desktop/Robotics_System/build/cw1q4_interfaces
