[0.458s] Invoking command in '/home/bizare/Desktop/Robotics_System/build/cw1q4_interfaces': CMAKE_PREFIX_PATH=${CMAKE_PREFIX_PATH}:/home/bizare/Desktop/Robotics_System/install/cw1q5:/home/bizare/Desktop/Robotics_System/install/cw1q9:/home/bizare/Desktop/Robotics_System/install/cw1q4:/opt/ros/foxy /usr/bin/cmake /home/bizare/Desktop/Robotics_System/cw1q4_interfaces -DCMAKE_INSTALL_PREFIX=/home/bizare/Desktop/Robotics_System/install/cw1q4_interfaces
[0.924s] -- The C compiler identification is GNU 9.4.0
[0.925s] -- The CXX compiler identification is GNU 9.4.0
[0.925s] -- Check for working C compiler: /usr/bin/cc
[0.925s] -- Check for working C compiler: /usr/bin/cc -- works
[0.925s] -- Detecting C compiler ABI info
[1.002s] -- Detecting C compiler ABI info - done
[1.025s] -- Detecting C compile features
[1.025s] -- Detecting C compile features - done
[1.031s] -- Check for working CXX compiler: /usr/bin/c++
[1.245s] -- Check for working CXX compiler: /usr/bin/c++ -- works
[1.247s] -- Detecting CXX compiler ABI info
[1.409s] -- Detecting CXX compiler ABI info - done
[1.466s] -- Detecting CXX compile features
[1.467s] -- Detecting CXX compile features - done
[1.475s] -- Found ament_cmake: 0.9.12 (/opt/ros/foxy/share/ament_cmake/cmake)
[1.533s] -- Found PythonInterp: /usr/bin/python3 (found suitable version "3.8.10", minimum required is "3") 
[1.533s] -- Using PYTHON_EXECUTABLE: /usr/bin/python3
[1.969s] -- Found rosidl_default_generators: 1.0.1 (/opt/ros/foxy/share/rosidl_default_generators/cmake)
[1.992s] -- Using all available rosidl_typesupport_c: rosidl_typesupport_fastrtps_c;rosidl_typesupport_introspection_c
[2.031s] -- Found rosidl_adapter: 1.3.1 (/opt/ros/foxy/share/rosidl_adapter/cmake)
[2.360s] -- Found OpenSSL: /usr/lib/x86_64-linux-gnu/libcrypto.so (found version "1.1.1f")  
[2.426s] -- Found FastRTPS: /opt/ros/foxy/include  
[2.599s] -- Using all available rosidl_typesupport_cpp: rosidl_typesupport_fastrtps_cpp;rosidl_typesupport_introspection_cpp
[2.683s] -- Found geometry_msgs: 2.0.5 (/opt/ros/foxy/share/geometry_msgs/cmake)
[2.890s] -- Found PythonInterp: /usr/bin/python3 (found version "3.8.10") 
[3.312s] -- Found ament_cmake_ros: 0.9.2 (/opt/ros/foxy/share/ament_cmake_ros/cmake)
[3.840s] -- Using all available rosidl_typesupport_c: rosidl_typesupport_fastrtps_c;rosidl_typesupport_introspection_c
[4.047s] -- Using all available rosidl_typesupport_cpp: rosidl_typesupport_fastrtps_cpp;rosidl_typesupport_introspection_cpp
[4.094s] -- Found PythonInterp: /usr/bin/python3 (found suitable version "3.8.10", minimum required is "3.5") 
[4.096s] -- Found python_cmake_module: 0.8.1 (/opt/ros/foxy/share/python_cmake_module/cmake)
[4.153s] -- Found PythonLibs: /usr/lib/x86_64-linux-gnu/libpython3.8.so (found suitable version "3.8.10", minimum required is "3.5") 
[4.153s] -- Using PYTHON_EXECUTABLE: /usr/bin/python3
[4.153s] -- Using PYTHON_INCLUDE_DIRS: /usr/include/python3.8
[4.153s] -- Using PYTHON_LIBRARIES: /usr/lib/x86_64-linux-gnu/libpython3.8.so
[4.191s] -- Found PythonExtra: .so  
[4.428s] -- Configuring done
[4.558s] -- Generating done
[4.592s] -- Build files have been written to: /home/bizare/Desktop/Robotics_System/build/cw1q4_interfaces
[4.605s] Invoked command in '/home/bizare/Desktop/Robotics_System/build/cw1q4_interfaces' returned '0': CMAKE_PREFIX_PATH=${CMAKE_PREFIX_PATH}:/home/bizare/Desktop/Robotics_System/install/cw1q5:/home/bizare/Desktop/Robotics_System/install/cw1q9:/home/bizare/Desktop/Robotics_System/install/cw1q4:/opt/ros/foxy /usr/bin/cmake /home/bizare/Desktop/Robotics_System/cw1q4_interfaces -DCMAKE_INSTALL_PREFIX=/home/bizare/Desktop/Robotics_System/install/cw1q4_interfaces
[4.608s] Invoking command in '/home/bizare/Desktop/Robotics_System/build/cw1q4_interfaces': CMAKE_PREFIX_PATH=${CMAKE_PREFIX_PATH}:/home/bizare/Desktop/Robotics_System/install/cw1q5:/home/bizare/Desktop/Robotics_System/install/cw1q9:/home/bizare/Desktop/Robotics_System/install/cw1q4:/opt/ros/foxy /usr/bin/cmake --build /home/bizare/Desktop/Robotics_System/build/cw1q4_interfaces -- -j8 -l8
[4.687s] [  2%] [34m[1mGenerating C code for ROS interfaces[0m
[4.687s] [35m[1mScanning dependencies of target cw1q4_interfaces__cpp[0m
[4.710s] [  5%] [34m[1mGenerating C++ code for ROS interfaces[0m
[5.444s] [  5%] Built target cw1q4_interfaces__cpp
[5.468s] [  7%] [34m[1mGenerating C++ type support dispatch for ROS interfaces[0m
[5.472s] [ 10%] [34m[1mGenerating C++ introspection for ROS interfaces[0m
[5.473s] [ 12%] [34m[1mGenerating C++ type support for eProsima Fast-RTPS[0m
[5.563s] [35m[1mScanning dependencies of target cw1q4_interfaces__rosidl_generator_c[0m
[5.617s] [ 15%] [32mBuilding C object CMakeFiles/cw1q4_interfaces__rosidl_generator_c.dir/rosidl_generator_c/cw1q4_interfaces/srv/detail/quat_to_euler__functions.c.o[0m
[5.634s] [ 17%] [32mBuilding C object CMakeFiles/cw1q4_interfaces__rosidl_generator_c.dir/rosidl_generator_c/cw1q4_interfaces/srv/detail/quat_to_rodrigues__functions.c.o[0m
[5.842s] [ 20%] [32m[1mLinking C shared library libcw1q4_interfaces__rosidl_generator_c.so[0m
[5.966s] [ 20%] Built target cw1q4_interfaces__rosidl_generator_c
[5.990s] [ 23%] [34m[1mGenerating C type support dispatch for ROS interfaces[0m
[5.995s] [ 25%] [34m[1mGenerating C introspection for ROS interfaces[0m
[6.019s] [35m[1mScanning dependencies of target cw1q4_interfaces__rosidl_typesupport_cpp[0m
[6.073s] [ 28%] [32mBuilding CXX object CMakeFiles/cw1q4_interfaces__rosidl_typesupport_cpp.dir/rosidl_typesupport_cpp/cw1q4_interfaces/srv/quat_to_euler__type_support.cpp.o[0m
[6.080s] [ 30%] [32mBuilding CXX object CMakeFiles/cw1q4_interfaces__rosidl_typesupport_cpp.dir/rosidl_typesupport_cpp/cw1q4_interfaces/srv/quat_to_rodrigues__type_support.cpp.o[0m
[6.180s] [35m[1mScanning dependencies of target cw1q4_interfaces__rosidl_typesupport_introspection_cpp[0m
[6.198s] [35m[1mScanning dependencies of target cw1q4_interfaces__rosidl_typesupport_fastrtps_cpp[0m
[6.239s] [ 33%] [32mBuilding CXX object CMakeFiles/cw1q4_interfaces__rosidl_typesupport_introspection_cpp.dir/rosidl_typesupport_introspection_cpp/cw1q4_interfaces/srv/detail/quat_to_euler__type_support.cpp.o[0m
[6.265s] [ 35%] [32mBuilding CXX object CMakeFiles/cw1q4_interfaces__rosidl_typesupport_introspection_cpp.dir/rosidl_typesupport_introspection_cpp/cw1q4_interfaces/srv/detail/quat_to_rodrigues__type_support.cpp.o[0m
[6.306s] [ 38%] [32mBuilding CXX object CMakeFiles/cw1q4_interfaces__rosidl_typesupport_fastrtps_cpp.dir/rosidl_typesupport_fastrtps_cpp/cw1q4_interfaces/srv/detail/dds_fastrtps/quat_to_euler__type_support.cpp.o[0m
[6.313s] [ 41%] [32mBuilding CXX object CMakeFiles/cw1q4_interfaces__rosidl_typesupport_fastrtps_cpp.dir/rosidl_typesupport_fastrtps_cpp/cw1q4_interfaces/srv/detail/dds_fastrtps/quat_to_rodrigues__type_support.cpp.o[0m
[6.686s] [35m[1mScanning dependencies of target cw1q4_interfaces__rosidl_typesupport_c[0m
[6.770s] [ 43%] [32mBuilding CXX object CMakeFiles/cw1q4_interfaces__rosidl_typesupport_c.dir/rosidl_typesupport_c/cw1q4_interfaces/srv/quat_to_euler__type_support.cpp.o[0m
[6.872s] [ 46%] [32mBuilding CXX object CMakeFiles/cw1q4_interfaces__rosidl_typesupport_c.dir/rosidl_typesupport_c/cw1q4_interfaces/srv/quat_to_rodrigues__type_support.cpp.o[0m
[6.948s] [35m[1mScanning dependencies of target cw1q4_interfaces__rosidl_typesupport_introspection_c[0m
[6.967s] [ 48%] [32m[1mLinking CXX shared library libcw1q4_interfaces__rosidl_typesupport_introspection_cpp.so[0m
[6.983s] [ 51%] [32m[1mLinking CXX shared library libcw1q4_interfaces__rosidl_typesupport_c.so[0m
[6.994s] [ 53%] [32m[1mLinking CXX shared library libcw1q4_interfaces__rosidl_typesupport_cpp.so[0m
[7.001s] [ 56%] [32mBuilding C object CMakeFiles/cw1q4_interfaces__rosidl_typesupport_introspection_c.dir/rosidl_typesupport_introspection_c/cw1q4_interfaces/srv/detail/quat_to_rodrigues__type_support.c.o[0m
[7.002s] [ 58%] [32mBuilding C object CMakeFiles/cw1q4_interfaces__rosidl_typesupport_introspection_c.dir/rosidl_typesupport_introspection_c/cw1q4_interfaces/srv/detail/quat_to_euler__type_support.c.o[0m
[7.106s] [ 61%] [32m[1mLinking C shared library libcw1q4_interfaces__rosidl_typesupport_introspection_c.so[0m
[7.112s] [ 61%] Built target cw1q4_interfaces__rosidl_typesupport_c
[7.124s] [ 61%] Built target cw1q4_interfaces__rosidl_typesupport_cpp
[7.130s] [ 61%] Built target cw1q4_interfaces__rosidl_typesupport_introspection_cpp
[7.191s] [ 61%] Built target cw1q4_interfaces__rosidl_typesupport_introspection_c
[7.363s] [ 64%] [32m[1mLinking CXX shared library libcw1q4_interfaces__rosidl_typesupport_fastrtps_cpp.so[0m
[7.566s] [ 64%] Built target cw1q4_interfaces__rosidl_typesupport_fastrtps_cpp
[7.585s] [ 66%] [34m[1mGenerating C type support for eProsima Fast-RTPS[0m
[8.193s] [35m[1mScanning dependencies of target cw1q4_interfaces__rosidl_typesupport_fastrtps_c[0m
[8.273s] [ 69%] [32mBuilding CXX object CMakeFiles/cw1q4_interfaces__rosidl_typesupport_fastrtps_c.dir/rosidl_typesupport_fastrtps_c/cw1q4_interfaces/srv/detail/quat_to_rodrigues__type_support_c.cpp.o[0m
[8.274s] [ 71%] [32mBuilding CXX object CMakeFiles/cw1q4_interfaces__rosidl_typesupport_fastrtps_c.dir/rosidl_typesupport_fastrtps_c/cw1q4_interfaces/srv/detail/quat_to_euler__type_support_c.cpp.o[0m
[8.927s] [ 74%] [32m[1mLinking CXX shared library libcw1q4_interfaces__rosidl_typesupport_fastrtps_c.so[0m
[9.072s] [ 74%] Built target cw1q4_interfaces__rosidl_typesupport_fastrtps_c
[9.091s] [35m[1mScanning dependencies of target cw1q4_interfaces[0m
[9.112s] [ 74%] Built target cw1q4_interfaces
[9.131s] [35m[1mScanning dependencies of target cw1q4_interfaces__py[0m
[9.150s] [ 76%] [34m[1mGenerating Python code for ROS interfaces[0m
[10.504s] [ 76%] Built target cw1q4_interfaces__py
[10.523s] [35m[1mScanning dependencies of target cw1q4_interfaces__python[0m
[10.623s] [ 79%] [32mBuilding C object CMakeFiles/cw1q4_interfaces__python.dir/rosidl_generator_py/cw1q4_interfaces/srv/_quat_to_rodrigues_s.c.o[0m
[10.631s] [ 82%] [32mBuilding C object CMakeFiles/cw1q4_interfaces__python.dir/rosidl_generator_py/cw1q4_interfaces/srv/_quat_to_euler_s.c.o[0m
[10.832s] [ 84%] [32m[1mLinking C shared library rosidl_generator_py/cw1q4_interfaces/libcw1q4_interfaces__python.so[0m
[10.910s] [ 84%] Built target cw1q4_interfaces__python
[10.930s] [35m[1mScanning dependencies of target cw1q4_interfaces__rosidl_typesupport_introspection_c__pyext[0m
[10.930s] [35m[1mScanning dependencies of target cw1q4_interfaces__rosidl_typesupport_c__pyext[0m
[10.930s] [35m[1mScanning dependencies of target cw1q4_interfaces__rosidl_typesupport_fastrtps_c__pyext[0m
[10.984s] [ 87%] [32mBuilding C object CMakeFiles/cw1q4_interfaces__rosidl_typesupport_c__pyext.dir/rosidl_generator_py/cw1q4_interfaces/_cw1q4_interfaces_s.ep.rosidl_typesupport_c.c.o[0m
[10.987s] [ 89%] [32mBuilding C object CMakeFiles/cw1q4_interfaces__rosidl_typesupport_introspection_c__pyext.dir/rosidl_generator_py/cw1q4_interfaces/_cw1q4_interfaces_s.ep.rosidl_typesupport_introspection_c.c.o[0m
[10.988s] [ 92%] [32mBuilding C object CMakeFiles/cw1q4_interfaces__rosidl_typesupport_fastrtps_c__pyext.dir/rosidl_generator_py/cw1q4_interfaces/_cw1q4_interfaces_s.ep.rosidl_typesupport_fastrtps_c.c.o[0m
[11.153s] [ 94%] [32m[1mLinking C shared library rosidl_generator_py/cw1q4_interfaces/cw1q4_interfaces_s__rosidl_typesupport_c.cpython-38-x86_64-linux-gnu.so[0m
[11.162s] [ 97%] [32m[1mLinking C shared library rosidl_generator_py/cw1q4_interfaces/cw1q4_interfaces_s__rosidl_typesupport_introspection_c.cpython-38-x86_64-linux-gnu.so[0m
[11.171s] [100%] [32m[1mLinking CXX shared library rosidl_generator_py/cw1q4_interfaces/cw1q4_interfaces_s__rosidl_typesupport_fastrtps_c.cpython-38-x86_64-linux-gnu.so[0m
[11.240s] [100%] Built target cw1q4_interfaces__rosidl_typesupport_c__pyext
[11.247s] [100%] Built target cw1q4_interfaces__rosidl_typesupport_introspection_c__pyext
[11.311s] [100%] Built target cw1q4_interfaces__rosidl_typesupport_fastrtps_c__pyext
[11.344s] Invoked command in '/home/bizare/Desktop/Robotics_System/build/cw1q4_interfaces' returned '0': CMAKE_PREFIX_PATH=${CMAKE_PREFIX_PATH}:/home/bizare/Desktop/Robotics_System/install/cw1q5:/home/bizare/Desktop/Robotics_System/install/cw1q9:/home/bizare/Desktop/Robotics_System/install/cw1q4:/opt/ros/foxy /usr/bin/cmake --build /home/bizare/Desktop/Robotics_System/build/cw1q4_interfaces -- -j8 -l8
[11.351s] Invoking command in '/home/bizare/Desktop/Robotics_System/build/cw1q4_interfaces': CMAKE_PREFIX_PATH=${CMAKE_PREFIX_PATH}:/home/bizare/Desktop/Robotics_System/install/cw1q5:/home/bizare/Desktop/Robotics_System/install/cw1q9:/home/bizare/Desktop/Robotics_System/install/cw1q4:/opt/ros/foxy /usr/bin/cmake --install /home/bizare/Desktop/Robotics_System/build/cw1q4_interfaces
[11.369s] -- Install configuration: ""
[11.370s] -- Installing: /home/bizare/Desktop/Robotics_System/install/cw1q4_interfaces/share/ament_index/resource_index/rosidl_interfaces/cw1q4_interfaces
[11.370s] -- Installing: /home/bizare/Desktop/Robotics_System/install/cw1q4_interfaces/include/cw1q4_interfaces
[11.370s] -- Installing: /home/bizare/Desktop/Robotics_System/install/cw1q4_interfaces/include/cw1q4_interfaces/msg
[11.370s] -- Installing: /home/bizare/Desktop/Robotics_System/install/cw1q4_interfaces/include/cw1q4_interfaces/msg/rosidl_generator_c__visibility_control.h
[11.371s] -- Installing: /home/bizare/Desktop/Robotics_System/install/cw1q4_interfaces/include/cw1q4_interfaces/srv
[11.371s] -- Installing: /home/bizare/Desktop/Robotics_System/install/cw1q4_interfaces/include/cw1q4_interfaces/srv/detail
[11.371s] -- Installing: /home/bizare/Desktop/Robotics_System/install/cw1q4_interfaces/include/cw1q4_interfaces/srv/detail/quat_to_euler__functions.c
[11.372s] -- Installing: /home/bizare/Desktop/Robotics_System/install/cw1q4_interfaces/include/cw1q4_interfaces/srv/detail/quat_to_euler__type_support.h
[11.372s] -- Installing: /home/bizare/Desktop/Robotics_System/install/cw1q4_interfaces/include/cw1q4_interfaces/srv/detail/quat_to_euler__functions.h
[11.372s] -- Installing: /home/bizare/Desktop/Robotics_System/install/cw1q4_interfaces/include/cw1q4_interfaces/srv/detail/quat_to_rodrigues__struct.h
[11.372s] -- Installing: /home/bizare/Desktop/Robotics_System/install/cw1q4_interfaces/include/cw1q4_interfaces/srv/detail/quat_to_euler__struct.h
[11.373s] -- Installing: /home/bizare/Desktop/Robotics_System/install/cw1q4_interfaces/include/cw1q4_interfaces/srv/detail/quat_to_rodrigues__functions.c
[11.373s] -- Installing: /home/bizare/Desktop/Robotics_System/install/cw1q4_interfaces/include/cw1q4_interfaces/srv/detail/quat_to_rodrigues__functions.h
[11.373s] -- Installing: /home/bizare/Desktop/Robotics_System/install/cw1q4_interfaces/include/cw1q4_interfaces/srv/detail/quat_to_rodrigues__type_support.h
[11.374s] -- Installing: /home/bizare/Desktop/Robotics_System/install/cw1q4_interfaces/include/cw1q4_interfaces/srv/quat_to_rodrigues.h
[11.375s] -- Installing: /home/bizare/Desktop/Robotics_System/install/cw1q4_interfaces/include/cw1q4_interfaces/srv/quat_to_euler.h
[11.375s] -- Installing: /home/bizare/Desktop/Robotics_System/install/cw1q4_interfaces/share/cw1q4_interfaces/environment/library_path.sh
[11.375s] -- Installing: /home/bizare/Desktop/Robotics_System/install/cw1q4_interfaces/share/cw1q4_interfaces/environment/library_path.dsv
[11.376s] -- Installing: /home/bizare/Desktop/Robotics_System/install/cw1q4_interfaces/lib/libcw1q4_interfaces__rosidl_generator_c.so
[11.376s] -- Set runtime path of "/home/bizare/Desktop/Robotics_System/install/cw1q4_interfaces/lib/libcw1q4_interfaces__rosidl_generator_c.so" to ""
[11.377s] -- Up-to-date: /home/bizare/Desktop/Robotics_System/install/cw1q4_interfaces/include/cw1q4_interfaces
[11.377s] -- Up-to-date: /home/bizare/Desktop/Robotics_System/install/cw1q4_interfaces/include/cw1q4_interfaces/msg
[11.377s] -- Installing: /home/bizare/Desktop/Robotics_System/install/cw1q4_interfaces/include/cw1q4_interfaces/msg/rosidl_typesupport_fastrtps_c__visibility_control.h
[11.377s] -- Up-to-date: /home/bizare/Desktop/Robotics_System/install/cw1q4_interfaces/include/cw1q4_interfaces/srv
[11.377s] -- Up-to-date: /home/bizare/Desktop/Robotics_System/install/cw1q4_interfaces/include/cw1q4_interfaces/srv/detail
[11.378s] -- Installing: /home/bizare/Desktop/Robotics_System/install/cw1q4_interfaces/include/cw1q4_interfaces/srv/detail/quat_to_euler__rosidl_typesupport_fastrtps_c.h
[11.378s] -- Installing: /home/bizare/Desktop/Robotics_System/install/cw1q4_interfaces/include/cw1q4_interfaces/srv/detail/quat_to_rodrigues__rosidl_typesupport_fastrtps_c.h
[11.378s] -- Installing: /home/bizare/Desktop/Robotics_System/install/cw1q4_interfaces/lib/libcw1q4_interfaces__rosidl_typesupport_fastrtps_c.so
[11.378s] -- Set runtime path of "/home/bizare/Desktop/Robotics_System/install/cw1q4_interfaces/lib/libcw1q4_interfaces__rosidl_typesupport_fastrtps_c.so" to ""
[11.378s] -- Up-to-date: /home/bizare/Desktop/Robotics_System/install/cw1q4_interfaces/include/cw1q4_interfaces
[11.379s] -- Up-to-date: /home/bizare/Desktop/Robotics_System/install/cw1q4_interfaces/include/cw1q4_interfaces/msg
[11.379s] -- Installing: /home/bizare/Desktop/Robotics_System/install/cw1q4_interfaces/include/cw1q4_interfaces/msg/rosidl_typesupport_fastrtps_cpp__visibility_control.h
[11.380s] -- Up-to-date: /home/bizare/Desktop/Robotics_System/install/cw1q4_interfaces/include/cw1q4_interfaces/srv
[11.380s] -- Up-to-date: /home/bizare/Desktop/Robotics_System/install/cw1q4_interfaces/include/cw1q4_interfaces/srv/detail
[11.380s] -- Installing: /home/bizare/Desktop/Robotics_System/install/cw1q4_interfaces/include/cw1q4_interfaces/srv/detail/quat_to_euler__rosidl_typesupport_fastrtps_cpp.hpp
[11.381s] -- Installing: /home/bizare/Desktop/Robotics_System/install/cw1q4_interfaces/include/cw1q4_interfaces/srv/detail/quat_to_rodrigues__rosidl_typesupport_fastrtps_cpp.hpp
[11.381s] -- Installing: /home/bizare/Desktop/Robotics_System/install/cw1q4_interfaces/include/cw1q4_interfaces/srv/detail/dds_fastrtps
[11.381s] -- Installing: /home/bizare/Desktop/Robotics_System/install/cw1q4_interfaces/lib/libcw1q4_interfaces__rosidl_typesupport_fastrtps_cpp.so
[11.381s] -- Set runtime path of "/home/bizare/Desktop/Robotics_System/install/cw1q4_interfaces/lib/libcw1q4_interfaces__rosidl_typesupport_fastrtps_cpp.so" to ""
[11.381s] -- Up-to-date: /home/bizare/Desktop/Robotics_System/install/cw1q4_interfaces/include/cw1q4_interfaces
[11.381s] -- Up-to-date: /home/bizare/Desktop/Robotics_System/install/cw1q4_interfaces/include/cw1q4_interfaces/msg
[11.382s] -- Installing: /home/bizare/Desktop/Robotics_System/install/cw1q4_interfaces/include/cw1q4_interfaces/msg/rosidl_typesupport_introspection_c__visibility_control.h
[11.382s] -- Up-to-date: /home/bizare/Desktop/Robotics_System/install/cw1q4_interfaces/include/cw1q4_interfaces/srv
[11.382s] -- Up-to-date: /home/bizare/Desktop/Robotics_System/install/cw1q4_interfaces/include/cw1q4_interfaces/srv/detail
[11.382s] -- Installing: /home/bizare/Desktop/Robotics_System/install/cw1q4_interfaces/include/cw1q4_interfaces/srv/detail/quat_to_euler__rosidl_typesupport_introspection_c.h
[11.383s] -- Installing: /home/bizare/Desktop/Robotics_System/install/cw1q4_interfaces/include/cw1q4_interfaces/srv/detail/quat_to_rodrigues__rosidl_typesupport_introspection_c.h
[11.383s] -- Installing: /home/bizare/Desktop/Robotics_System/install/cw1q4_interfaces/include/cw1q4_interfaces/srv/detail/quat_to_euler__type_support.c
[11.384s] -- Installing: /home/bizare/Desktop/Robotics_System/install/cw1q4_interfaces/include/cw1q4_interfaces/srv/detail/quat_to_rodrigues__type_support.c
[11.384s] -- Installing: /home/bizare/Desktop/Robotics_System/install/cw1q4_interfaces/lib/libcw1q4_interfaces__rosidl_typesupport_introspection_c.so
[11.384s] -- Set runtime path of "/home/bizare/Desktop/Robotics_System/install/cw1q4_interfaces/lib/libcw1q4_interfaces__rosidl_typesupport_introspection_c.so" to ""
[11.385s] -- Installing: /home/bizare/Desktop/Robotics_System/install/cw1q4_interfaces/lib/libcw1q4_interfaces__rosidl_typesupport_c.so
[11.385s] -- Set runtime path of "/home/bizare/Desktop/Robotics_System/install/cw1q4_interfaces/lib/libcw1q4_interfaces__rosidl_typesupport_c.so" to ""
[11.385s] -- Up-to-date: /home/bizare/Desktop/Robotics_System/install/cw1q4_interfaces/include/cw1q4_interfaces
[11.385s] -- Up-to-date: /home/bizare/Desktop/Robotics_System/install/cw1q4_interfaces/include/cw1q4_interfaces/msg
[11.386s] -- Installing: /home/bizare/Desktop/Robotics_System/install/cw1q4_interfaces/include/cw1q4_interfaces/msg/rosidl_generator_cpp__visibility_control.hpp
[11.386s] -- Up-to-date: /home/bizare/Desktop/Robotics_System/install/cw1q4_interfaces/include/cw1q4_interfaces/srv
[11.387s] -- Installing: /home/bizare/Desktop/Robotics_System/install/cw1q4_interfaces/include/cw1q4_interfaces/srv/quat_to_euler.hpp
[11.387s] -- Up-to-date: /home/bizare/Desktop/Robotics_System/install/cw1q4_interfaces/include/cw1q4_interfaces/srv/detail
[11.387s] -- Installing: /home/bizare/Desktop/Robotics_System/install/cw1q4_interfaces/include/cw1q4_interfaces/srv/detail/quat_to_euler__struct.hpp
[11.388s] -- Installing: /home/bizare/Desktop/Robotics_System/install/cw1q4_interfaces/include/cw1q4_interfaces/srv/detail/quat_to_euler__builder.hpp
[11.388s] -- Installing: /home/bizare/Desktop/Robotics_System/install/cw1q4_interfaces/include/cw1q4_interfaces/srv/detail/quat_to_rodrigues__type_support.hpp
[11.388s] -- Installing: /home/bizare/Desktop/Robotics_System/install/cw1q4_interfaces/include/cw1q4_interfaces/srv/detail/quat_to_euler__type_support.hpp
[11.388s] -- Installing: /home/bizare/Desktop/Robotics_System/install/cw1q4_interfaces/include/cw1q4_interfaces/srv/detail/quat_to_euler__traits.hpp
[11.389s] -- Installing: /home/bizare/Desktop/Robotics_System/install/cw1q4_interfaces/include/cw1q4_interfaces/srv/detail/quat_to_rodrigues__struct.hpp
[11.389s] -- Installing: /home/bizare/Desktop/Robotics_System/install/cw1q4_interfaces/include/cw1q4_interfaces/srv/detail/quat_to_rodrigues__traits.hpp
[11.389s] -- Installing: /home/bizare/Desktop/Robotics_System/install/cw1q4_interfaces/include/cw1q4_interfaces/srv/detail/quat_to_rodrigues__builder.hpp
[11.389s] -- Installing: /home/bizare/Desktop/Robotics_System/install/cw1q4_interfaces/include/cw1q4_interfaces/srv/quat_to_rodrigues.hpp
[11.389s] -- Up-to-date: /home/bizare/Desktop/Robotics_System/install/cw1q4_interfaces/include/cw1q4_interfaces
[11.389s] -- Up-to-date: /home/bizare/Desktop/Robotics_System/install/cw1q4_interfaces/include/cw1q4_interfaces/srv
[11.390s] -- Up-to-date: /home/bizare/Desktop/Robotics_System/install/cw1q4_interfaces/include/cw1q4_interfaces/srv/detail
[11.390s] -- Installing: /home/bizare/Desktop/Robotics_System/install/cw1q4_interfaces/include/cw1q4_interfaces/srv/detail/quat_to_rodrigues__rosidl_typesupport_introspection_cpp.hpp
[11.390s] -- Installing: /home/bizare/Desktop/Robotics_System/install/cw1q4_interfaces/include/cw1q4_interfaces/srv/detail/quat_to_euler__rosidl_typesupport_introspection_cpp.hpp
[11.390s] -- Installing: /home/bizare/Desktop/Robotics_System/install/cw1q4_interfaces/include/cw1q4_interfaces/srv/detail/quat_to_euler__type_support.cpp
[11.390s] -- Installing: /home/bizare/Desktop/Robotics_System/install/cw1q4_interfaces/include/cw1q4_interfaces/srv/detail/quat_to_rodrigues__type_support.cpp
[11.391s] -- Installing: /home/bizare/Desktop/Robotics_System/install/cw1q4_interfaces/lib/libcw1q4_interfaces__rosidl_typesupport_introspection_cpp.so
[11.391s] -- Set runtime path of "/home/bizare/Desktop/Robotics_System/install/cw1q4_interfaces/lib/libcw1q4_interfaces__rosidl_typesupport_introspection_cpp.so" to ""
[11.391s] -- Installing: /home/bizare/Desktop/Robotics_System/install/cw1q4_interfaces/lib/libcw1q4_interfaces__rosidl_typesupport_cpp.so
[11.391s] -- Set runtime path of "/home/bizare/Desktop/Robotics_System/install/cw1q4_interfaces/lib/libcw1q4_interfaces__rosidl_typesupport_cpp.so" to ""
[11.391s] -- Installing: /home/bizare/Desktop/Robotics_System/install/cw1q4_interfaces/share/cw1q4_interfaces/environment/pythonpath.sh
[11.392s] -- Installing: /home/bizare/Desktop/Robotics_System/install/cw1q4_interfaces/share/cw1q4_interfaces/environment/pythonpath.dsv
[11.392s] -- Installing: /home/bizare/Desktop/Robotics_System/install/cw1q4_interfaces/lib/python3.8/site-packages/cw1q4_interfaces/__init__.py
[11.482s] Compiling '/home/bizare/Desktop/Robotics_System/install/cw1q4_interfaces/lib/python3.8/site-packages/cw1q4_interfaces/__init__.py'...
[11.489s] -- Installing: /home/bizare/Desktop/Robotics_System/install/cw1q4_interfaces/lib/python3.8/site-packages/cw1q4_interfaces/srv
[11.489s] -- Installing: /home/bizare/Desktop/Robotics_System/install/cw1q4_interfaces/lib/python3.8/site-packages/cw1q4_interfaces/srv/_quat_to_euler_s.c
[11.490s] -- Installing: /home/bizare/Desktop/Robotics_System/install/cw1q4_interfaces/lib/python3.8/site-packages/cw1q4_interfaces/srv/__init__.py
[11.490s] -- Installing: /home/bizare/Desktop/Robotics_System/install/cw1q4_interfaces/lib/python3.8/site-packages/cw1q4_interfaces/srv/_quat_to_euler.py
[11.490s] -- Installing: /home/bizare/Desktop/Robotics_System/install/cw1q4_interfaces/lib/python3.8/site-packages/cw1q4_interfaces/srv/_quat_to_rodrigues_s.c
[11.490s] -- Installing: /home/bizare/Desktop/Robotics_System/install/cw1q4_interfaces/lib/python3.8/site-packages/cw1q4_interfaces/srv/_quat_to_rodrigues.py
[11.491s] -- Installing: /home/bizare/Desktop/Robotics_System/install/cw1q4_interfaces/lib/python3.8/site-packages/cw1q4_interfaces/cw1q4_interfaces_s__rosidl_typesupport_fastrtps_c.cpython-38-x86_64-linux-gnu.so
[11.491s] -- Set runtime path of "/home/bizare/Desktop/Robotics_System/install/cw1q4_interfaces/lib/python3.8/site-packages/cw1q4_interfaces/cw1q4_interfaces_s__rosidl_typesupport_fastrtps_c.cpython-38-x86_64-linux-gnu.so" to ""
[11.492s] -- Installing: /home/bizare/Desktop/Robotics_System/install/cw1q4_interfaces/lib/python3.8/site-packages/cw1q4_interfaces/cw1q4_interfaces_s__rosidl_typesupport_introspection_c.cpython-38-x86_64-linux-gnu.so
[11.493s] -- Set runtime path of "/home/bizare/Desktop/Robotics_System/install/cw1q4_interfaces/lib/python3.8/site-packages/cw1q4_interfaces/cw1q4_interfaces_s__rosidl_typesupport_introspection_c.cpython-38-x86_64-linux-gnu.so" to ""
[11.493s] -- Installing: /home/bizare/Desktop/Robotics_System/install/cw1q4_interfaces/lib/python3.8/site-packages/cw1q4_interfaces/cw1q4_interfaces_s__rosidl_typesupport_c.cpython-38-x86_64-linux-gnu.so
[11.494s] -- Set runtime path of "/home/bizare/Desktop/Robotics_System/install/cw1q4_interfaces/lib/python3.8/site-packages/cw1q4_interfaces/cw1q4_interfaces_s__rosidl_typesupport_c.cpython-38-x86_64-linux-gnu.so" to ""
[11.494s] -- Installing: /home/bizare/Desktop/Robotics_System/install/cw1q4_interfaces/lib/libcw1q4_interfaces__python.so
[11.494s] -- Set runtime path of "/home/bizare/Desktop/Robotics_System/install/cw1q4_interfaces/lib/libcw1q4_interfaces__python.so" to ""
[11.495s] -- Installing: /home/bizare/Desktop/Robotics_System/install/cw1q4_interfaces/share/cw1q4_interfaces/srv/QuatToEuler.idl
[11.495s] -- Installing: /home/bizare/Desktop/Robotics_System/install/cw1q4_interfaces/share/cw1q4_interfaces/srv/QuatToRodrigues.idl
[11.495s] -- Installing: /home/bizare/Desktop/Robotics_System/install/cw1q4_interfaces/share/cw1q4_interfaces/srv/QuatToEuler.srv
[11.495s] -- Installing: /home/bizare/Desktop/Robotics_System/install/cw1q4_interfaces/share/cw1q4_interfaces/srv/QuatToEuler_Request.msg
[11.496s] -- Installing: /home/bizare/Desktop/Robotics_System/install/cw1q4_interfaces/share/cw1q4_interfaces/srv/QuatToEuler_Response.msg
[11.496s] -- Installing: /home/bizare/Desktop/Robotics_System/install/cw1q4_interfaces/share/cw1q4_interfaces/srv/QuatToRodrigues.srv
[11.496s] -- Installing: /home/bizare/Desktop/Robotics_System/install/cw1q4_interfaces/share/cw1q4_interfaces/srv/QuatToRodrigues_Request.msg
[11.496s] -- Installing: /home/bizare/Desktop/Robotics_System/install/cw1q4_interfaces/share/cw1q4_interfaces/srv/QuatToRodrigues_Response.msg
[11.497s] -- Installing: /home/bizare/Desktop/Robotics_System/install/cw1q4_interfaces/share/ament_index/resource_index/package_run_dependencies/cw1q4_interfaces
[11.497s] -- Installing: /home/bizare/Desktop/Robotics_System/install/cw1q4_interfaces/share/ament_index/resource_index/parent_prefix_path/cw1q4_interfaces
[11.498s] -- Installing: /home/bizare/Desktop/Robotics_System/install/cw1q4_interfaces/share/cw1q4_interfaces/environment/ament_prefix_path.sh
[11.498s] -- Installing: /home/bizare/Desktop/Robotics_System/install/cw1q4_interfaces/share/cw1q4_interfaces/environment/ament_prefix_path.dsv
[11.498s] -- Installing: /home/bizare/Desktop/Robotics_System/install/cw1q4_interfaces/share/cw1q4_interfaces/environment/path.sh
[11.498s] -- Installing: /home/bizare/Desktop/Robotics_System/install/cw1q4_interfaces/share/cw1q4_interfaces/environment/path.dsv
[11.498s] -- Installing: /home/bizare/Desktop/Robotics_System/install/cw1q4_interfaces/share/cw1q4_interfaces/local_setup.bash
[11.499s] -- Installing: /home/bizare/Desktop/Robotics_System/install/cw1q4_interfaces/share/cw1q4_interfaces/local_setup.sh
[11.499s] -- Installing: /home/bizare/Desktop/Robotics_System/install/cw1q4_interfaces/share/cw1q4_interfaces/local_setup.zsh
[11.499s] -- Installing: /home/bizare/Desktop/Robotics_System/install/cw1q4_interfaces/share/cw1q4_interfaces/local_setup.dsv
[11.500s] -- Installing: /home/bizare/Desktop/Robotics_System/install/cw1q4_interfaces/share/cw1q4_interfaces/package.dsv
[11.500s] -- Installing: /home/bizare/Desktop/Robotics_System/install/cw1q4_interfaces/share/ament_index/resource_index/packages/cw1q4_interfaces
[11.500s] -- Installing: /home/bizare/Desktop/Robotics_System/install/cw1q4_interfaces/share/cw1q4_interfaces/cmake/cw1q4_interfaces__rosidl_generator_cExport.cmake
[11.500s] -- Installing: /home/bizare/Desktop/Robotics_System/install/cw1q4_interfaces/share/cw1q4_interfaces/cmake/cw1q4_interfaces__rosidl_generator_cExport-noconfig.cmake
[11.501s] -- Installing: /home/bizare/Desktop/Robotics_System/install/cw1q4_interfaces/share/cw1q4_interfaces/cmake/cw1q4_interfaces__rosidl_typesupport_introspection_cExport.cmake
[11.501s] -- Installing: /home/bizare/Desktop/Robotics_System/install/cw1q4_interfaces/share/cw1q4_interfaces/cmake/cw1q4_interfaces__rosidl_typesupport_introspection_cExport-noconfig.cmake
[11.502s] -- Installing: /home/bizare/Desktop/Robotics_System/install/cw1q4_interfaces/share/cw1q4_interfaces/cmake/cw1q4_interfaces__rosidl_typesupport_cExport.cmake
[11.502s] -- Installing: /home/bizare/Desktop/Robotics_System/install/cw1q4_interfaces/share/cw1q4_interfaces/cmake/cw1q4_interfaces__rosidl_typesupport_cExport-noconfig.cmake
[11.502s] -- Installing: /home/bizare/Desktop/Robotics_System/install/cw1q4_interfaces/share/cw1q4_interfaces/cmake/cw1q4_interfaces__rosidl_generator_cppExport.cmake
[11.503s] -- Installing: /home/bizare/Desktop/Robotics_System/install/cw1q4_interfaces/share/cw1q4_interfaces/cmake/cw1q4_interfaces__rosidl_typesupport_introspection_cppExport.cmake
[11.503s] -- Installing: /home/bizare/Desktop/Robotics_System/install/cw1q4_interfaces/share/cw1q4_interfaces/cmake/cw1q4_interfaces__rosidl_typesupport_introspection_cppExport-noconfig.cmake
[11.503s] -- Installing: /home/bizare/Desktop/Robotics_System/install/cw1q4_interfaces/share/cw1q4_interfaces/cmake/cw1q4_interfaces__rosidl_typesupport_cppExport.cmake
[11.504s] -- Installing: /home/bizare/Desktop/Robotics_System/install/cw1q4_interfaces/share/cw1q4_interfaces/cmake/cw1q4_interfaces__rosidl_typesupport_cppExport-noconfig.cmake
[11.504s] -- Installing: /home/bizare/Desktop/Robotics_System/install/cw1q4_interfaces/share/cw1q4_interfaces/cmake/rosidl_cmake-extras.cmake
[11.504s] -- Installing: /home/bizare/Desktop/Robotics_System/install/cw1q4_interfaces/share/cw1q4_interfaces/cmake/ament_cmake_export_dependencies-extras.cmake
[11.504s] -- Installing: /home/bizare/Desktop/Robotics_System/install/cw1q4_interfaces/share/cw1q4_interfaces/cmake/ament_cmake_export_libraries-extras.cmake
[11.505s] -- Installing: /home/bizare/Desktop/Robotics_System/install/cw1q4_interfaces/share/cw1q4_interfaces/cmake/ament_cmake_export_targets-extras.cmake
[11.505s] -- Installing: /home/bizare/Desktop/Robotics_System/install/cw1q4_interfaces/share/cw1q4_interfaces/cmake/ament_cmake_export_include_directories-extras.cmake
[11.505s] -- Installing: /home/bizare/Desktop/Robotics_System/install/cw1q4_interfaces/share/cw1q4_interfaces/cmake/rosidl_cmake_export_typesupport_libraries-extras.cmake
[11.506s] -- Installing: /home/bizare/Desktop/Robotics_System/install/cw1q4_interfaces/share/cw1q4_interfaces/cmake/rosidl_cmake_export_typesupport_targets-extras.cmake
[11.506s] -- Installing: /home/bizare/Desktop/Robotics_System/install/cw1q4_interfaces/share/cw1q4_interfaces/cmake/cw1q4_interfacesConfig.cmake
[11.506s] -- Installing: /home/bizare/Desktop/Robotics_System/install/cw1q4_interfaces/share/cw1q4_interfaces/cmake/cw1q4_interfacesConfig-version.cmake
[11.506s] -- Installing: /home/bizare/Desktop/Robotics_System/install/cw1q4_interfaces/share/cw1q4_interfaces/package.xml
[11.511s] Invoked command in '/home/bizare/Desktop/Robotics_System/build/cw1q4_interfaces' returned '0': CMAKE_PREFIX_PATH=${CMAKE_PREFIX_PATH}:/home/bizare/Desktop/Robotics_System/install/cw1q5:/home/bizare/Desktop/Robotics_System/install/cw1q9:/home/bizare/Desktop/Robotics_System/install/cw1q4:/opt/ros/foxy /usr/bin/cmake --install /home/bizare/Desktop/Robotics_System/build/cw1q4_interfaces
