[0.306s] DEBUG:colcon:Command line arguments: ['/usr/bin/colcon', 'build']
[0.307s] DEBUG:colcon:Parsed command line arguments: Namespace(allow_overriding=[], ament_cmake_args=None, base_paths=['.'], build_base='build', catkin_cmake_args=None, catkin_skip_building_tests=False, cmake_args=None, cmake_clean_cache=False, cmake_clean_first=False, cmake_force_configure=False, cmake_target=None, cmake_target_skip_unavailable=False, continue_on_error=False, event_handlers=None, executor='parallel', ignore_user_meta=False, install_base='install', log_base=None, log_level=None, main=<bound method BuildVerb.main of <colcon_core.verb.build.BuildVerb object at 0x7f4dbe0c5580>>, merge_install=False, metas=['./colcon.meta'], packages_above=None, packages_above_and_dependencies=None, packages_above_depth=None, packages_end=None, packages_ignore=None, packages_ignore_regex=None, packages_select=None, packages_select_build_failed=False, packages_select_by_dep=None, packages_select_regex=None, packages_select_test_failures=False, packages_skip=None, packages_skip_build_finished=False, packages_skip_by_dep=None, packages_skip_regex=None, packages_skip_test_passed=False, packages_skip_up_to=None, packages_start=None, packages_up_to=None, packages_up_to_regex=None, parallel_workers=8, paths=None, symlink_install=False, test_result_base=None, verb_extension=<colcon_core.verb.build.BuildVerb object at 0x7f4dbe0c5580>, verb_name='build', verb_parser=<colcon_defaults.argument_parser.defaults.DefaultArgumentsDecorator object at 0x7f4dbdf8c730>)
[0.547s] Level 1:colcon.colcon_core.package_discovery:discover_packages(colcon_meta) check parameters
[0.547s] Level 1:colcon.colcon_core.package_discovery:discover_packages(recursive) check parameters
[0.547s] Level 1:colcon.colcon_core.package_discovery:discover_packages(ignore) check parameters
[0.547s] Level 1:colcon.colcon_core.package_discovery:discover_packages(path) check parameters
[0.547s] Level 1:colcon.colcon_core.package_discovery:discover_packages(colcon_meta) discover
[0.548s] Level 1:colcon.colcon_core.package_discovery:discover_packages(recursive) discover
[0.548s] INFO:colcon.colcon_core.package_discovery:Crawling recursively for packages in '/home/bizare/Desktop/Robotics_System'
[0.548s] Level 1:colcon.colcon_core.package_identification:_identify(.) by extensions ['ignore', 'ignore_ament_install']
[0.548s] Level 1:colcon.colcon_core.package_identification:_identify(.) by extension 'ignore'
[0.548s] Level 1:colcon.colcon_core.package_identification:_identify(.) by extension 'ignore_ament_install'
[0.548s] Level 1:colcon.colcon_core.package_identification:_identify(.) by extensions ['colcon_pkg']
[0.548s] Level 1:colcon.colcon_core.package_identification:_identify(.) by extension 'colcon_pkg'
[0.548s] Level 1:colcon.colcon_core.package_identification:_identify(.) by extensions ['colcon_meta']
[0.548s] Level 1:colcon.colcon_core.package_identification:_identify(.) by extension 'colcon_meta'
[0.549s] Level 1:colcon.colcon_core.package_identification:_identify(.) by extensions ['ros']
[0.549s] Level 1:colcon.colcon_core.package_identification:_identify(.) by extension 'ros'
[0.566s] Level 1:colcon.colcon_core.package_identification:_identify(.) by extensions ['cmake', 'python']
[0.566s] Level 1:colcon.colcon_core.package_identification:_identify(.) by extension 'cmake'
[0.567s] Level 1:colcon.colcon_core.package_identification:_identify(.) by extension 'python'
[0.567s] Level 1:colcon.colcon_core.package_identification:_identify(.) by extensions ['python_setup_py']
[0.567s] Level 1:colcon.colcon_core.package_identification:_identify(.) by extension 'python_setup_py'
[0.567s] Level 1:colcon.colcon_core.package_identification:_identify(build) by extensions ['ignore', 'ignore_ament_install']
[0.567s] Level 1:colcon.colcon_core.package_identification:_identify(build) by extension 'ignore'
[0.567s] Level 1:colcon.colcon_core.package_identification:_identify(build) ignored
[0.567s] Level 1:colcon.colcon_core.package_identification:_identify(cw1q4) by extensions ['ignore', 'ignore_ament_install']
[0.568s] Level 1:colcon.colcon_core.package_identification:_identify(cw1q4) by extension 'ignore'
[0.568s] Level 1:colcon.colcon_core.package_identification:_identify(cw1q4) by extension 'ignore_ament_install'
[0.568s] Level 1:colcon.colcon_core.package_identification:_identify(cw1q4) by extensions ['colcon_pkg']
[0.568s] Level 1:colcon.colcon_core.package_identification:_identify(cw1q4) by extension 'colcon_pkg'
[0.568s] Level 1:colcon.colcon_core.package_identification:_identify(cw1q4) by extensions ['colcon_meta']
[0.568s] Level 1:colcon.colcon_core.package_identification:_identify(cw1q4) by extension 'colcon_meta'
[0.568s] Level 1:colcon.colcon_core.package_identification:_identify(cw1q4) by extensions ['ros']
[0.568s] Level 1:colcon.colcon_core.package_identification:_identify(cw1q4) by extension 'ros'
[0.572s] DEBUG:colcon.colcon_core.package_identification:Package 'cw1q4' with type 'ros.ament_python' and name 'cw1q4'
[0.572s] Level 1:colcon.colcon_core.package_identification:_identify(cw1q4_interfaces) by extensions ['ignore', 'ignore_ament_install']
[0.572s] Level 1:colcon.colcon_core.package_identification:_identify(cw1q4_interfaces) by extension 'ignore'
[0.573s] Level 1:colcon.colcon_core.package_identification:_identify(cw1q4_interfaces) by extension 'ignore_ament_install'
[0.573s] Level 1:colcon.colcon_core.package_identification:_identify(cw1q4_interfaces) by extensions ['colcon_pkg']
[0.573s] Level 1:colcon.colcon_core.package_identification:_identify(cw1q4_interfaces) by extension 'colcon_pkg'
[0.573s] Level 1:colcon.colcon_core.package_identification:_identify(cw1q4_interfaces) by extensions ['colcon_meta']
[0.573s] Level 1:colcon.colcon_core.package_identification:_identify(cw1q4_interfaces) by extension 'colcon_meta'
[0.573s] Level 1:colcon.colcon_core.package_identification:_identify(cw1q4_interfaces) by extensions ['ros']
[0.573s] Level 1:colcon.colcon_core.package_identification:_identify(cw1q4_interfaces) by extension 'ros'
[0.574s] DEBUG:colcon.colcon_core.package_identification:Package 'cw1q4_interfaces' with type 'ros.ament_cmake' and name 'cw1q4_interfaces'
[0.574s] Level 1:colcon.colcon_core.package_identification:_identify(cw1q5) by extensions ['ignore', 'ignore_ament_install']
[0.575s] Level 1:colcon.colcon_core.package_identification:_identify(cw1q5) by extension 'ignore'
[0.575s] Level 1:colcon.colcon_core.package_identification:_identify(cw1q5) by extension 'ignore_ament_install'
[0.575s] Level 1:colcon.colcon_core.package_identification:_identify(cw1q5) by extensions ['colcon_pkg']
[0.575s] Level 1:colcon.colcon_core.package_identification:_identify(cw1q5) by extension 'colcon_pkg'
[0.575s] Level 1:colcon.colcon_core.package_identification:_identify(cw1q5) by extensions ['colcon_meta']
[0.575s] Level 1:colcon.colcon_core.package_identification:_identify(cw1q5) by extension 'colcon_meta'
[0.575s] Level 1:colcon.colcon_core.package_identification:_identify(cw1q5) by extensions ['ros']
[0.575s] Level 1:colcon.colcon_core.package_identification:_identify(cw1q5) by extension 'ros'
[0.576s] DEBUG:colcon.colcon_core.package_identification:Package 'cw1q5' with type 'ros.ament_python' and name 'cw1q5'
[0.576s] Level 1:colcon.colcon_core.package_identification:_identify(cw1q9) by extensions ['ignore', 'ignore_ament_install']
[0.577s] Level 1:colcon.colcon_core.package_identification:_identify(cw1q9) by extension 'ignore'
[0.577s] Level 1:colcon.colcon_core.package_identification:_identify(cw1q9) by extension 'ignore_ament_install'
[0.577s] Level 1:colcon.colcon_core.package_identification:_identify(cw1q9) by extensions ['colcon_pkg']
[0.577s] Level 1:colcon.colcon_core.package_identification:_identify(cw1q9) by extension 'colcon_pkg'
[0.577s] Level 1:colcon.colcon_core.package_identification:_identify(cw1q9) by extensions ['colcon_meta']
[0.577s] Level 1:colcon.colcon_core.package_identification:_identify(cw1q9) by extension 'colcon_meta'
[0.577s] Level 1:colcon.colcon_core.package_identification:_identify(cw1q9) by extensions ['ros']
[0.577s] Level 1:colcon.colcon_core.package_identification:_identify(cw1q9) by extension 'ros'
[0.579s] DEBUG:colcon.colcon_core.package_identification:Package 'cw1q9' with type 'ros.ament_python' and name 'cw1q9'
[0.579s] Level 1:colcon.colcon_core.package_identification:_identify(install) by extensions ['ignore', 'ignore_ament_install']
[0.579s] Level 1:colcon.colcon_core.package_identification:_identify(install) by extension 'ignore'
[0.579s] Level 1:colcon.colcon_core.package_identification:_identify(install) ignored
[0.580s] Level 1:colcon.colcon_core.package_identification:_identify(log) by extensions ['ignore', 'ignore_ament_install']
[0.580s] Level 1:colcon.colcon_core.package_identification:_identify(log) by extension 'ignore'
[0.580s] Level 1:colcon.colcon_core.package_identification:_identify(log) ignored
[0.580s] Level 1:colcon.colcon_core.package_identification:_identify(pic) by extensions ['ignore', 'ignore_ament_install']
[0.580s] Level 1:colcon.colcon_core.package_identification:_identify(pic) by extension 'ignore'
[0.581s] Level 1:colcon.colcon_core.package_identification:_identify(pic) by extension 'ignore_ament_install'
[0.581s] Level 1:colcon.colcon_core.package_identification:_identify(pic) by extensions ['colcon_pkg']
[0.581s] Level 1:colcon.colcon_core.package_identification:_identify(pic) by extension 'colcon_pkg'
[0.581s] Level 1:colcon.colcon_core.package_identification:_identify(pic) by extensions ['colcon_meta']
[0.581s] Level 1:colcon.colcon_core.package_identification:_identify(pic) by extension 'colcon_meta'
[0.581s] Level 1:colcon.colcon_core.package_identification:_identify(pic) by extensions ['ros']
[0.581s] Level 1:colcon.colcon_core.package_identification:_identify(pic) by extension 'ros'
[0.581s] Level 1:colcon.colcon_core.package_identification:_identify(pic) by extensions ['cmake', 'python']
[0.581s] Level 1:colcon.colcon_core.package_identification:_identify(pic) by extension 'cmake'
[0.581s] Level 1:colcon.colcon_core.package_identification:_identify(pic) by extension 'python'
[0.581s] Level 1:colcon.colcon_core.package_identification:_identify(pic) by extensions ['python_setup_py']
[0.581s] Level 1:colcon.colcon_core.package_identification:_identify(pic) by extension 'python_setup_py'
[0.582s] Level 1:colcon.colcon_core.package_identification:_identify(robot_description) by extensions ['ignore', 'ignore_ament_install']
[0.582s] Level 1:colcon.colcon_core.package_identification:_identify(robot_description) by extension 'ignore'
[0.582s] Level 1:colcon.colcon_core.package_identification:_identify(robot_description) by extension 'ignore_ament_install'
[0.582s] Level 1:colcon.colcon_core.package_identification:_identify(robot_description) by extensions ['colcon_pkg']
[0.582s] Level 1:colcon.colcon_core.package_identification:_identify(robot_description) by extension 'colcon_pkg'
[0.582s] Level 1:colcon.colcon_core.package_identification:_identify(robot_description) by extensions ['colcon_meta']
[0.582s] Level 1:colcon.colcon_core.package_identification:_identify(robot_description) by extension 'colcon_meta'
[0.582s] Level 1:colcon.colcon_core.package_identification:_identify(robot_description) by extensions ['ros']
[0.582s] Level 1:colcon.colcon_core.package_identification:_identify(robot_description) by extension 'ros'
[0.582s] Level 1:colcon.colcon_core.package_identification:_identify(robot_description) by extensions ['cmake', 'python']
[0.582s] Level 1:colcon.colcon_core.package_identification:_identify(robot_description) by extension 'cmake'
[0.583s] Level 1:colcon.colcon_core.package_identification:_identify(robot_description) by extension 'python'
[0.583s] Level 1:colcon.colcon_core.package_identification:_identify(robot_description) by extensions ['python_setup_py']
[0.583s] Level 1:colcon.colcon_core.package_identification:_identify(robot_description) by extension 'python_setup_py'
[0.583s] Level 1:colcon.colcon_core.package_identification:_identify(robot_description/open_manipulator_description) by extensions ['ignore', 'ignore_ament_install']
[0.583s] Level 1:colcon.colcon_core.package_identification:_identify(robot_description/open_manipulator_description) by extension 'ignore'
[0.583s] Level 1:colcon.colcon_core.package_identification:_identify(robot_description/open_manipulator_description) by extension 'ignore_ament_install'
[0.583s] Level 1:colcon.colcon_core.package_identification:_identify(robot_description/open_manipulator_description) by extensions ['colcon_pkg']
[0.583s] Level 1:colcon.colcon_core.package_identification:_identify(robot_description/open_manipulator_description) by extension 'colcon_pkg'
[0.583s] Level 1:colcon.colcon_core.package_identification:_identify(robot_description/open_manipulator_description) by extensions ['colcon_meta']
[0.583s] Level 1:colcon.colcon_core.package_identification:_identify(robot_description/open_manipulator_description) by extension 'colcon_meta'
[0.584s] Level 1:colcon.colcon_core.package_identification:_identify(robot_description/open_manipulator_description) by extensions ['ros']
[0.584s] Level 1:colcon.colcon_core.package_identification:_identify(robot_description/open_manipulator_description) by extension 'ros'
[0.585s] DEBUG:colcon.colcon_core.package_identification:Package 'robot_description/open_manipulator_description' with type 'ros.ament_cmake' and name 'open_manipulator_description'
[0.585s] Level 1:colcon.colcon_core.package_identification:_identify(robot_description/youbot_description) by extensions ['ignore', 'ignore_ament_install']
[0.585s] Level 1:colcon.colcon_core.package_identification:_identify(robot_description/youbot_description) by extension 'ignore'
[0.586s] Level 1:colcon.colcon_core.package_identification:_identify(robot_description/youbot_description) by extension 'ignore_ament_install'
[0.586s] Level 1:colcon.colcon_core.package_identification:_identify(robot_description/youbot_description) by extensions ['colcon_pkg']
[0.586s] Level 1:colcon.colcon_core.package_identification:_identify(robot_description/youbot_description) by extension 'colcon_pkg'
[0.586s] Level 1:colcon.colcon_core.package_identification:_identify(robot_description/youbot_description) by extensions ['colcon_meta']
[0.586s] Level 1:colcon.colcon_core.package_identification:_identify(robot_description/youbot_description) by extension 'colcon_meta'
[0.586s] Level 1:colcon.colcon_core.package_identification:_identify(robot_description/youbot_description) by extensions ['ros']
[0.586s] Level 1:colcon.colcon_core.package_identification:_identify(robot_description/youbot_description) by extension 'ros'
[0.587s] DEBUG:colcon.colcon_core.package_identification:Package 'robot_description/youbot_description' with type 'ros.ament_cmake' and name 'youbot_description'
[0.587s] Level 1:colcon.colcon_core.package_identification:_identify(youbot_simulator) by extensions ['ignore', 'ignore_ament_install']
[0.587s] Level 1:colcon.colcon_core.package_identification:_identify(youbot_simulator) by extension 'ignore'
[0.588s] Level 1:colcon.colcon_core.package_identification:_identify(youbot_simulator) by extension 'ignore_ament_install'
[0.588s] Level 1:colcon.colcon_core.package_identification:_identify(youbot_simulator) by extensions ['colcon_pkg']
[0.588s] Level 1:colcon.colcon_core.package_identification:_identify(youbot_simulator) by extension 'colcon_pkg'
[0.588s] Level 1:colcon.colcon_core.package_identification:_identify(youbot_simulator) by extensions ['colcon_meta']
[0.588s] Level 1:colcon.colcon_core.package_identification:_identify(youbot_simulator) by extension 'colcon_meta'
[0.588s] Level 1:colcon.colcon_core.package_identification:_identify(youbot_simulator) by extensions ['ros']
[0.588s] Level 1:colcon.colcon_core.package_identification:_identify(youbot_simulator) by extension 'ros'
[0.589s] DEBUG:colcon.colcon_core.package_identification:Package 'youbot_simulator' with type 'ros.ament_cmake' and name 'youbot_simulator'
[0.589s] Level 1:colcon.colcon_core.package_discovery:discover_packages(recursive) using defaults
[0.589s] Level 1:colcon.colcon_core.package_discovery:discover_packages(ignore) discover
[0.589s] Level 1:colcon.colcon_core.package_discovery:discover_packages(ignore) using defaults
[0.589s] Level 1:colcon.colcon_core.package_discovery:discover_packages(path) discover
[0.589s] Level 1:colcon.colcon_core.package_discovery:discover_packages(path) using defaults
[0.616s] Level 1:colcon.colcon_core.package_discovery:discover_packages(prefix_path) check parameters
[0.616s] Level 1:colcon.colcon_core.package_discovery:discover_packages(prefix_path) discover
[0.620s] DEBUG:colcon.colcon_installed_package_information.package_discovery:Found 7 installed packages in /home/bizare/Desktop/Robotics_System/install
[0.622s] DEBUG:colcon.colcon_installed_package_information.package_discovery:Found 267 installed packages in /opt/ros/foxy
[0.624s] Level 1:colcon.colcon_core.package_discovery:discover_packages(prefix_path) using defaults
[0.737s] Level 5:colcon.colcon_core.verb:set package 'cw1q4' build argument 'cmake_args' from command line to 'None'
[0.737s] Level 5:colcon.colcon_core.verb:set package 'cw1q4' build argument 'cmake_target' from command line to 'None'
[0.737s] Level 5:colcon.colcon_core.verb:set package 'cw1q4' build argument 'cmake_target_skip_unavailable' from command line to 'False'
[0.738s] Level 5:colcon.colcon_core.verb:set package 'cw1q4' build argument 'cmake_clean_cache' from command line to 'False'
[0.738s] Level 5:colcon.colcon_core.verb:set package 'cw1q4' build argument 'cmake_clean_first' from command line to 'False'
[0.738s] Level 5:colcon.colcon_core.verb:set package 'cw1q4' build argument 'cmake_force_configure' from command line to 'False'
[0.738s] Level 5:colcon.colcon_core.verb:set package 'cw1q4' build argument 'ament_cmake_args' from command line to 'None'
[0.738s] Level 5:colcon.colcon_core.verb:set package 'cw1q4' build argument 'catkin_cmake_args' from command line to 'None'
[0.738s] Level 5:colcon.colcon_core.verb:set package 'cw1q4' build argument 'catkin_skip_building_tests' from command line to 'False'
[0.738s] DEBUG:colcon.colcon_core.verb:Building package 'cw1q4' with the following arguments: {'ament_cmake_args': None, 'build_base': '/home/bizare/Desktop/Robotics_System/build/cw1q4', 'catkin_cmake_args': None, 'catkin_skip_building_tests': False, 'cmake_args': None, 'cmake_clean_cache': False, 'cmake_clean_first': False, 'cmake_force_configure': False, 'cmake_target': None, 'cmake_target_skip_unavailable': False, 'install_base': '/home/bizare/Desktop/Robotics_System/install/cw1q4', 'merge_install': False, 'path': '/home/bizare/Desktop/Robotics_System/cw1q4', 'symlink_install': False, 'test_result_base': None}
[0.738s] Level 5:colcon.colcon_core.verb:set package 'cw1q4_interfaces' build argument 'cmake_args' from command line to 'None'
[0.739s] Level 5:colcon.colcon_core.verb:set package 'cw1q4_interfaces' build argument 'cmake_target' from command line to 'None'
[0.739s] Level 5:colcon.colcon_core.verb:set package 'cw1q4_interfaces' build argument 'cmake_target_skip_unavailable' from command line to 'False'
[0.739s] Level 5:colcon.colcon_core.verb:set package 'cw1q4_interfaces' build argument 'cmake_clean_cache' from command line to 'False'
[0.739s] Level 5:colcon.colcon_core.verb:set package 'cw1q4_interfaces' build argument 'cmake_clean_first' from command line to 'False'
[0.739s] Level 5:colcon.colcon_core.verb:set package 'cw1q4_interfaces' build argument 'cmake_force_configure' from command line to 'False'
[0.739s] Level 5:colcon.colcon_core.verb:set package 'cw1q4_interfaces' build argument 'ament_cmake_args' from command line to 'None'
[0.739s] Level 5:colcon.colcon_core.verb:set package 'cw1q4_interfaces' build argument 'catkin_cmake_args' from command line to 'None'
[0.739s] Level 5:colcon.colcon_core.verb:set package 'cw1q4_interfaces' build argument 'catkin_skip_building_tests' from command line to 'False'
[0.739s] DEBUG:colcon.colcon_core.verb:Building package 'cw1q4_interfaces' with the following arguments: {'ament_cmake_args': None, 'build_base': '/home/bizare/Desktop/Robotics_System/build/cw1q4_interfaces', 'catkin_cmake_args': None, 'catkin_skip_building_tests': False, 'cmake_args': None, 'cmake_clean_cache': False, 'cmake_clean_first': False, 'cmake_force_configure': False, 'cmake_target': None, 'cmake_target_skip_unavailable': False, 'install_base': '/home/bizare/Desktop/Robotics_System/install/cw1q4_interfaces', 'merge_install': False, 'path': '/home/bizare/Desktop/Robotics_System/cw1q4_interfaces', 'symlink_install': False, 'test_result_base': None}
[0.740s] Level 5:colcon.colcon_core.verb:set package 'cw1q9' build argument 'cmake_args' from command line to 'None'
[0.740s] Level 5:colcon.colcon_core.verb:set package 'cw1q9' build argument 'cmake_target' from command line to 'None'
[0.740s] Level 5:colcon.colcon_core.verb:set package 'cw1q9' build argument 'cmake_target_skip_unavailable' from command line to 'False'
[0.740s] Level 5:colcon.colcon_core.verb:set package 'cw1q9' build argument 'cmake_clean_cache' from command line to 'False'
[0.740s] Level 5:colcon.colcon_core.verb:set package 'cw1q9' build argument 'cmake_clean_first' from command line to 'False'
[0.740s] Level 5:colcon.colcon_core.verb:set package 'cw1q9' build argument 'cmake_force_configure' from command line to 'False'
[0.740s] Level 5:colcon.colcon_core.verb:set package 'cw1q9' build argument 'ament_cmake_args' from command line to 'None'
[0.740s] Level 5:colcon.colcon_core.verb:set package 'cw1q9' build argument 'catkin_cmake_args' from command line to 'None'
[0.740s] Level 5:colcon.colcon_core.verb:set package 'cw1q9' build argument 'catkin_skip_building_tests' from command line to 'False'
[0.740s] DEBUG:colcon.colcon_core.verb:Building package 'cw1q9' with the following arguments: {'ament_cmake_args': None, 'build_base': '/home/bizare/Desktop/Robotics_System/build/cw1q9', 'catkin_cmake_args': None, 'catkin_skip_building_tests': False, 'cmake_args': None, 'cmake_clean_cache': False, 'cmake_clean_first': False, 'cmake_force_configure': False, 'cmake_target': None, 'cmake_target_skip_unavailable': False, 'install_base': '/home/bizare/Desktop/Robotics_System/install/cw1q9', 'merge_install': False, 'path': '/home/bizare/Desktop/Robotics_System/cw1q9', 'symlink_install': False, 'test_result_base': None}
[0.741s] Level 5:colcon.colcon_core.verb:set package 'open_manipulator_description' build argument 'cmake_args' from command line to 'None'
[0.741s] Level 5:colcon.colcon_core.verb:set package 'open_manipulator_description' build argument 'cmake_target' from command line to 'None'
[0.741s] Level 5:colcon.colcon_core.verb:set package 'open_manipulator_description' build argument 'cmake_target_skip_unavailable' from command line to 'False'
[0.741s] Level 5:colcon.colcon_core.verb:set package 'open_manipulator_description' build argument 'cmake_clean_cache' from command line to 'False'
[0.741s] Level 5:colcon.colcon_core.verb:set package 'open_manipulator_description' build argument 'cmake_clean_first' from command line to 'False'
[0.741s] Level 5:colcon.colcon_core.verb:set package 'open_manipulator_description' build argument 'cmake_force_configure' from command line to 'False'
[0.741s] Level 5:colcon.colcon_core.verb:set package 'open_manipulator_description' build argument 'ament_cmake_args' from command line to 'None'
[0.741s] Level 5:colcon.colcon_core.verb:set package 'open_manipulator_description' build argument 'catkin_cmake_args' from command line to 'None'
[0.741s] Level 5:colcon.colcon_core.verb:set package 'open_manipulator_description' build argument 'catkin_skip_building_tests' from command line to 'False'
[0.741s] DEBUG:colcon.colcon_core.verb:Building package 'open_manipulator_description' with the following arguments: {'ament_cmake_args': None, 'build_base': '/home/bizare/Desktop/Robotics_System/build/open_manipulator_description', 'catkin_cmake_args': None, 'catkin_skip_building_tests': False, 'cmake_args': None, 'cmake_clean_cache': False, 'cmake_clean_first': False, 'cmake_force_configure': False, 'cmake_target': None, 'cmake_target_skip_unavailable': False, 'install_base': '/home/bizare/Desktop/Robotics_System/install/open_manipulator_description', 'merge_install': False, 'path': '/home/bizare/Desktop/Robotics_System/robot_description/open_manipulator_description', 'symlink_install': False, 'test_result_base': None}
[0.742s] Level 5:colcon.colcon_core.verb:set package 'youbot_description' build argument 'cmake_args' from command line to 'None'
[0.742s] Level 5:colcon.colcon_core.verb:set package 'youbot_description' build argument 'cmake_target' from command line to 'None'
[0.742s] Level 5:colcon.colcon_core.verb:set package 'youbot_description' build argument 'cmake_target_skip_unavailable' from command line to 'False'
[0.742s] Level 5:colcon.colcon_core.verb:set package 'youbot_description' build argument 'cmake_clean_cache' from command line to 'False'
[0.742s] Level 5:colcon.colcon_core.verb:set package 'youbot_description' build argument 'cmake_clean_first' from command line to 'False'
[0.742s] Level 5:colcon.colcon_core.verb:set package 'youbot_description' build argument 'cmake_force_configure' from command line to 'False'
[0.742s] Level 5:colcon.colcon_core.verb:set package 'youbot_description' build argument 'ament_cmake_args' from command line to 'None'
[0.742s] Level 5:colcon.colcon_core.verb:set package 'youbot_description' build argument 'catkin_cmake_args' from command line to 'None'
[0.742s] Level 5:colcon.colcon_core.verb:set package 'youbot_description' build argument 'catkin_skip_building_tests' from command line to 'False'
[0.742s] DEBUG:colcon.colcon_core.verb:Building package 'youbot_description' with the following arguments: {'ament_cmake_args': None, 'build_base': '/home/bizare/Desktop/Robotics_System/build/youbot_description', 'catkin_cmake_args': None, 'catkin_skip_building_tests': False, 'cmake_args': None, 'cmake_clean_cache': False, 'cmake_clean_first': False, 'cmake_force_configure': False, 'cmake_target': None, 'cmake_target_skip_unavailable': False, 'install_base': '/home/bizare/Desktop/Robotics_System/install/youbot_description', 'merge_install': False, 'path': '/home/bizare/Desktop/Robotics_System/robot_description/youbot_description', 'symlink_install': False, 'test_result_base': None}
[0.743s] Level 5:colcon.colcon_core.verb:set package 'youbot_simulator' build argument 'cmake_args' from command line to 'None'
[0.743s] Level 5:colcon.colcon_core.verb:set package 'youbot_simulator' build argument 'cmake_target' from command line to 'None'
[0.743s] Level 5:colcon.colcon_core.verb:set package 'youbot_simulator' build argument 'cmake_target_skip_unavailable' from command line to 'False'
[0.743s] Level 5:colcon.colcon_core.verb:set package 'youbot_simulator' build argument 'cmake_clean_cache' from command line to 'False'
[0.743s] Level 5:colcon.colcon_core.verb:set package 'youbot_simulator' build argument 'cmake_clean_first' from command line to 'False'
[0.743s] Level 5:colcon.colcon_core.verb:set package 'youbot_simulator' build argument 'cmake_force_configure' from command line to 'False'
[0.743s] Level 5:colcon.colcon_core.verb:set package 'youbot_simulator' build argument 'ament_cmake_args' from command line to 'None'
[0.743s] Level 5:colcon.colcon_core.verb:set package 'youbot_simulator' build argument 'catkin_cmake_args' from command line to 'None'
[0.743s] Level 5:colcon.colcon_core.verb:set package 'youbot_simulator' build argument 'catkin_skip_building_tests' from command line to 'False'
[0.743s] DEBUG:colcon.colcon_core.verb:Building package 'youbot_simulator' with the following arguments: {'ament_cmake_args': None, 'build_base': '/home/bizare/Desktop/Robotics_System/build/youbot_simulator', 'catkin_cmake_args': None, 'catkin_skip_building_tests': False, 'cmake_args': None, 'cmake_clean_cache': False, 'cmake_clean_first': False, 'cmake_force_configure': False, 'cmake_target': None, 'cmake_target_skip_unavailable': False, 'install_base': '/home/bizare/Desktop/Robotics_System/install/youbot_simulator', 'merge_install': False, 'path': '/home/bizare/Desktop/Robotics_System/youbot_simulator', 'symlink_install': False, 'test_result_base': None}
[0.744s] Level 5:colcon.colcon_core.verb:set package 'cw1q5' build argument 'cmake_args' from command line to 'None'
[0.744s] Level 5:colcon.colcon_core.verb:set package 'cw1q5' build argument 'cmake_target' from command line to 'None'
[0.744s] Level 5:colcon.colcon_core.verb:set package 'cw1q5' build argument 'cmake_target_skip_unavailable' from command line to 'False'
[0.744s] Level 5:colcon.colcon_core.verb:set package 'cw1q5' build argument 'cmake_clean_cache' from command line to 'False'
[0.744s] Level 5:colcon.colcon_core.verb:set package 'cw1q5' build argument 'cmake_clean_first' from command line to 'False'
[0.744s] Level 5:colcon.colcon_core.verb:set package 'cw1q5' build argument 'cmake_force_configure' from command line to 'False'
[0.744s] Level 5:colcon.colcon_core.verb:set package 'cw1q5' build argument 'ament_cmake_args' from command line to 'None'
[0.744s] Level 5:colcon.colcon_core.verb:set package 'cw1q5' build argument 'catkin_cmake_args' from command line to 'None'
[0.744s] Level 5:colcon.colcon_core.verb:set package 'cw1q5' build argument 'catkin_skip_building_tests' from command line to 'False'
[0.744s] DEBUG:colcon.colcon_core.verb:Building package 'cw1q5' with the following arguments: {'ament_cmake_args': None, 'build_base': '/home/bizare/Desktop/Robotics_System/build/cw1q5', 'catkin_cmake_args': None, 'catkin_skip_building_tests': False, 'cmake_args': None, 'cmake_clean_cache': False, 'cmake_clean_first': False, 'cmake_force_configure': False, 'cmake_target': None, 'cmake_target_skip_unavailable': False, 'install_base': '/home/bizare/Desktop/Robotics_System/install/cw1q5', 'merge_install': False, 'path': '/home/bizare/Desktop/Robotics_System/cw1q5', 'symlink_install': False, 'test_result_base': None}
[0.744s] INFO:colcon.colcon_core.executor:Executing jobs using 'parallel' executor
[0.746s] DEBUG:colcon.colcon_parallel_executor.executor.parallel:run_until_complete
[0.746s] INFO:colcon.colcon_ros.task.ament_cmake.build:Building ROS package in '/home/bizare/Desktop/Robotics_System/robot_description/youbot_description' with build type 'ament_cmake'
[0.747s] INFO:colcon.colcon_cmake.task.cmake.build:Building CMake package in '/home/bizare/Desktop/Robotics_System/robot_description/youbot_description'
[0.751s] INFO:colcon.colcon_core.plugin_system:Skipping extension 'colcon_core.shell.bat': Not used on non-Windows systems
[0.751s] INFO:colcon.colcon_core.shell:Skip shell extension 'powershell' for command environment: Not usable outside of PowerShell
[0.751s] DEBUG:colcon.colcon_core.shell:Skip shell extension 'dsv' for command environment
[0.760s] INFO:colcon.colcon_ros.task.ament_python.build:Building ROS package in '/home/bizare/Desktop/Robotics_System/cw1q4' with build type 'ament_python'
[0.761s] Level 1:colcon.colcon_core.shell:create_environment_hook('cw1q4', 'ament_prefix_path')
[0.761s] INFO:colcon.colcon_core.shell:Creating environment hook '/home/bizare/Desktop/Robotics_System/install/cw1q4/share/cw1q4/hook/ament_prefix_path.ps1'
[0.764s] INFO:colcon.colcon_core.shell:Creating environment descriptor '/home/bizare/Desktop/Robotics_System/install/cw1q4/share/cw1q4/hook/ament_prefix_path.dsv'
[0.765s] INFO:colcon.colcon_core.shell:Creating environment hook '/home/bizare/Desktop/Robotics_System/install/cw1q4/share/cw1q4/hook/ament_prefix_path.sh'
[0.766s] INFO:colcon.colcon_core.shell:Skip shell extension 'powershell' for command environment: Not usable outside of PowerShell
[0.767s] DEBUG:colcon.colcon_core.shell:Skip shell extension 'dsv' for command environment
[0.775s] INFO:colcon.colcon_ros.task.ament_cmake.build:Building ROS package in '/home/bizare/Desktop/Robotics_System/cw1q4_interfaces' with build type 'ament_cmake'
[0.775s] INFO:colcon.colcon_cmake.task.cmake.build:Building CMake package in '/home/bizare/Desktop/Robotics_System/cw1q4_interfaces'
[0.776s] INFO:colcon.colcon_core.shell:Skip shell extension 'powershell' for command environment: Not usable outside of PowerShell
[0.776s] DEBUG:colcon.colcon_core.shell:Skip shell extension 'dsv' for command environment
[0.785s] INFO:colcon.colcon_ros.task.ament_python.build:Building ROS package in '/home/bizare/Desktop/Robotics_System/cw1q9' with build type 'ament_python'
[0.786s] Level 1:colcon.colcon_core.shell:create_environment_hook('cw1q9', 'ament_prefix_path')
[0.787s] INFO:colcon.colcon_core.shell:Creating environment hook '/home/bizare/Desktop/Robotics_System/install/cw1q9/share/cw1q9/hook/ament_prefix_path.ps1'
[0.788s] INFO:colcon.colcon_core.shell:Creating environment descriptor '/home/bizare/Desktop/Robotics_System/install/cw1q9/share/cw1q9/hook/ament_prefix_path.dsv'
[0.789s] INFO:colcon.colcon_core.shell:Creating environment hook '/home/bizare/Desktop/Robotics_System/install/cw1q9/share/cw1q9/hook/ament_prefix_path.sh'
[0.790s] INFO:colcon.colcon_core.shell:Skip shell extension 'powershell' for command environment: Not usable outside of PowerShell
[0.790s] DEBUG:colcon.colcon_core.shell:Skip shell extension 'dsv' for command environment
[0.800s] INFO:colcon.colcon_ros.task.ament_cmake.build:Building ROS package in '/home/bizare/Desktop/Robotics_System/robot_description/open_manipulator_description' with build type 'ament_cmake'
[0.800s] INFO:colcon.colcon_cmake.task.cmake.build:Building CMake package in '/home/bizare/Desktop/Robotics_System/robot_description/open_manipulator_description'
[0.801s] INFO:colcon.colcon_core.shell:Skip shell extension 'powershell' for command environment: Not usable outside of PowerShell
[0.801s] DEBUG:colcon.colcon_core.shell:Skip shell extension 'dsv' for command environment
[0.819s] DEBUG:colcon.colcon_core.event_handler.log_command:Invoking command in '/home/bizare/Desktop/Robotics_System/build/youbot_description': CMAKE_PREFIX_PATH=/home/bizare/Desktop/Robotics_System/install/youbot_simulator:/home/bizare/Desktop/Robotics_System/install/cw1q5:/home/bizare/Desktop/Robotics_System/install/cw1q9:/home/bizare/Desktop/Robotics_System/install/cw1q4:/opt/ros/foxy:/home/bizare/Desktop/Robotics_System/install/youbot_description:/home/bizare/Desktop/Robotics_System/install/open_manipulator_description:/home/bizare/Desktop/Robotics_System/install/cw1q4_interfaces /usr/bin/cmake --build /home/bizare/Desktop/Robotics_System/build/youbot_description -- -j8 -l8
[1.187s] INFO:colcon.colcon_core.task.python.build:Building Python package in '/home/bizare/Desktop/Robotics_System/cw1q4'
[1.188s] INFO:colcon.colcon_core.shell:Skip shell extension 'powershell' for command environment: Not usable outside of PowerShell
[1.188s] DEBUG:colcon.colcon_core.shell:Skip shell extension 'dsv' for command environment
[1.204s] DEBUG:colcon.colcon_core.event_handler.log_command:Invoking command in '/home/bizare/Desktop/Robotics_System/build/cw1q4_interfaces': CMAKE_PREFIX_PATH=/home/bizare/Desktop/Robotics_System/install/youbot_simulator:/home/bizare/Desktop/Robotics_System/install/cw1q5:/home/bizare/Desktop/Robotics_System/install/cw1q9:/home/bizare/Desktop/Robotics_System/install/cw1q4:/opt/ros/foxy:/home/bizare/Desktop/Robotics_System/install/youbot_description:/home/bizare/Desktop/Robotics_System/install/open_manipulator_description:/home/bizare/Desktop/Robotics_System/install/cw1q4_interfaces /usr/bin/cmake --build /home/bizare/Desktop/Robotics_System/build/cw1q4_interfaces -- -j8 -l8
[1.562s] INFO:colcon.colcon_core.task.python.build:Building Python package in '/home/bizare/Desktop/Robotics_System/cw1q9'
[1.562s] INFO:colcon.colcon_core.shell:Skip shell extension 'powershell' for command environment: Not usable outside of PowerShell
[1.563s] DEBUG:colcon.colcon_core.shell:Skip shell extension 'dsv' for command environment
[1.595s] DEBUG:colcon.colcon_core.event_handler.log_command:Invoking command in '/home/bizare/Desktop/Robotics_System/build/open_manipulator_description': CMAKE_PREFIX_PATH=/home/bizare/Desktop/Robotics_System/install/youbot_simulator:/home/bizare/Desktop/Robotics_System/install/cw1q5:/home/bizare/Desktop/Robotics_System/install/cw1q9:/home/bizare/Desktop/Robotics_System/install/cw1q4:/opt/ros/foxy:/home/bizare/Desktop/Robotics_System/install/youbot_description:/home/bizare/Desktop/Robotics_System/install/open_manipulator_description:/home/bizare/Desktop/Robotics_System/install/cw1q4_interfaces /usr/bin/cmake --build /home/bizare/Desktop/Robotics_System/build/open_manipulator_description -- -j8 -l8
[1.596s] DEBUG:colcon.colcon_core.event_handler.log_command:Invoked command in '/home/bizare/Desktop/Robotics_System/build/youbot_description' returned '0': CMAKE_PREFIX_PATH=/home/bizare/Desktop/Robotics_System/install/youbot_simulator:/home/bizare/Desktop/Robotics_System/install/cw1q5:/home/bizare/Desktop/Robotics_System/install/cw1q9:/home/bizare/Desktop/Robotics_System/install/cw1q4:/opt/ros/foxy:/home/bizare/Desktop/Robotics_System/install/youbot_description:/home/bizare/Desktop/Robotics_System/install/open_manipulator_description:/home/bizare/Desktop/Robotics_System/install/cw1q4_interfaces /usr/bin/cmake --build /home/bizare/Desktop/Robotics_System/build/youbot_description -- -j8 -l8
[1.618s] DEBUG:colcon.colcon_core.event_handler.log_command:Invoking command in '/home/bizare/Desktop/Robotics_System/build/youbot_description': CMAKE_PREFIX_PATH=/home/bizare/Desktop/Robotics_System/install/youbot_simulator:/home/bizare/Desktop/Robotics_System/install/cw1q5:/home/bizare/Desktop/Robotics_System/install/cw1q9:/home/bizare/Desktop/Robotics_System/install/cw1q4:/opt/ros/foxy:/home/bizare/Desktop/Robotics_System/install/youbot_description:/home/bizare/Desktop/Robotics_System/install/open_manipulator_description:/home/bizare/Desktop/Robotics_System/install/cw1q4_interfaces /usr/bin/cmake --install /home/bizare/Desktop/Robotics_System/build/youbot_description
[1.622s] DEBUG:colcon.colcon_core.event_handler.log_command:Invoked command in '/home/bizare/Desktop/Robotics_System/build/cw1q4_interfaces' returned '0': CMAKE_PREFIX_PATH=/home/bizare/Desktop/Robotics_System/install/youbot_simulator:/home/bizare/Desktop/Robotics_System/install/cw1q5:/home/bizare/Desktop/Robotics_System/install/cw1q9:/home/bizare/Desktop/Robotics_System/install/cw1q4:/opt/ros/foxy:/home/bizare/Desktop/Robotics_System/install/youbot_description:/home/bizare/Desktop/Robotics_System/install/open_manipulator_description:/home/bizare/Desktop/Robotics_System/install/cw1q4_interfaces /usr/bin/cmake --build /home/bizare/Desktop/Robotics_System/build/cw1q4_interfaces -- -j8 -l8
[1.624s] DEBUG:colcon.colcon_core.event_handler.log_command:Invoking command in '/home/bizare/Desktop/Robotics_System/build/cw1q4_interfaces': CMAKE_PREFIX_PATH=/home/bizare/Desktop/Robotics_System/install/youbot_simulator:/home/bizare/Desktop/Robotics_System/install/cw1q5:/home/bizare/Desktop/Robotics_System/install/cw1q9:/home/bizare/Desktop/Robotics_System/install/cw1q4:/opt/ros/foxy:/home/bizare/Desktop/Robotics_System/install/youbot_description:/home/bizare/Desktop/Robotics_System/install/open_manipulator_description:/home/bizare/Desktop/Robotics_System/install/cw1q4_interfaces /usr/bin/cmake --install /home/bizare/Desktop/Robotics_System/build/cw1q4_interfaces
[1.673s] Level 1:colcon.colcon_core.environment:create_environment_scripts_only(youbot_description)
[1.689s] Level 1:colcon.colcon_core.environment:checking '/home/bizare/Desktop/Robotics_System/install/youbot_description' for CMake module files
[1.691s] Level 1:colcon.colcon_core.environment:checking '/home/bizare/Desktop/Robotics_System/install/youbot_description' for CMake config files
[1.692s] Level 1:colcon.colcon_core.shell:create_environment_hook('youbot_description', 'cmake_prefix_path')
[1.692s] INFO:colcon.colcon_core.shell:Creating environment hook '/home/bizare/Desktop/Robotics_System/install/youbot_description/share/youbot_description/hook/cmake_prefix_path.ps1'
[1.694s] INFO:colcon.colcon_core.shell:Creating environment descriptor '/home/bizare/Desktop/Robotics_System/install/youbot_description/share/youbot_description/hook/cmake_prefix_path.dsv'
[1.696s] INFO:colcon.colcon_core.shell:Creating environment hook '/home/bizare/Desktop/Robotics_System/install/youbot_description/share/youbot_description/hook/cmake_prefix_path.sh'
[1.703s] DEBUG:colcon.colcon_core.event_handler.log_command:Invoked command in '/home/bizare/Desktop/Robotics_System/build/open_manipulator_description' returned '0': CMAKE_PREFIX_PATH=/home/bizare/Desktop/Robotics_System/install/youbot_simulator:/home/bizare/Desktop/Robotics_System/install/cw1q5:/home/bizare/Desktop/Robotics_System/install/cw1q9:/home/bizare/Desktop/Robotics_System/install/cw1q4:/opt/ros/foxy:/home/bizare/Desktop/Robotics_System/install/youbot_description:/home/bizare/Desktop/Robotics_System/install/open_manipulator_description:/home/bizare/Desktop/Robotics_System/install/cw1q4_interfaces /usr/bin/cmake --build /home/bizare/Desktop/Robotics_System/build/open_manipulator_description -- -j8 -l8
[1.703s] DEBUG:colcon.colcon_core.event_handler.log_command:Invoking command in '/home/bizare/Desktop/Robotics_System/build/open_manipulator_description': CMAKE_PREFIX_PATH=/home/bizare/Desktop/Robotics_System/install/youbot_simulator:/home/bizare/Desktop/Robotics_System/install/cw1q5:/home/bizare/Desktop/Robotics_System/install/cw1q9:/home/bizare/Desktop/Robotics_System/install/cw1q4:/opt/ros/foxy:/home/bizare/Desktop/Robotics_System/install/youbot_description:/home/bizare/Desktop/Robotics_System/install/open_manipulator_description:/home/bizare/Desktop/Robotics_System/install/cw1q4_interfaces /usr/bin/cmake --install /home/bizare/Desktop/Robotics_System/build/open_manipulator_description
[1.704s] DEBUG:colcon.colcon_core.event_handler.log_command:Invoked command in '/home/bizare/Desktop/Robotics_System/build/youbot_description' returned '0': CMAKE_PREFIX_PATH=/home/bizare/Desktop/Robotics_System/install/youbot_simulator:/home/bizare/Desktop/Robotics_System/install/cw1q5:/home/bizare/Desktop/Robotics_System/install/cw1q9:/home/bizare/Desktop/Robotics_System/install/cw1q4:/opt/ros/foxy:/home/bizare/Desktop/Robotics_System/install/youbot_description:/home/bizare/Desktop/Robotics_System/install/open_manipulator_description:/home/bizare/Desktop/Robotics_System/install/cw1q4_interfaces /usr/bin/cmake --install /home/bizare/Desktop/Robotics_System/build/youbot_description
[1.707s] Level 1:colcon.colcon_core.environment:checking '/home/bizare/Desktop/Robotics_System/install/youbot_description/bin'
[1.707s] Level 1:colcon.colcon_core.environment:checking '/home/bizare/Desktop/Robotics_System/install/youbot_description/lib/pkgconfig/youbot_description.pc'
[1.708s] Level 1:colcon.colcon_core.environment:checking '/home/bizare/Desktop/Robotics_System/install/youbot_description/lib/python3.8/site-packages'
[1.708s] Level 1:colcon.colcon_core.environment:checking '/home/bizare/Desktop/Robotics_System/install/youbot_description/bin'
[1.708s] INFO:colcon.colcon_core.shell:Creating package script '/home/bizare/Desktop/Robotics_System/install/youbot_description/share/youbot_description/package.ps1'
[1.710s] INFO:colcon.colcon_core.shell:Creating package descriptor '/home/bizare/Desktop/Robotics_System/install/youbot_description/share/youbot_description/package.dsv'
[1.711s] INFO:colcon.colcon_core.shell:Creating package script '/home/bizare/Desktop/Robotics_System/install/youbot_description/share/youbot_description/package.sh'
[1.725s] INFO:colcon.colcon_core.shell:Creating package script '/home/bizare/Desktop/Robotics_System/install/youbot_description/share/youbot_description/package.bash'
[1.726s] INFO:colcon.colcon_core.shell:Creating package script '/home/bizare/Desktop/Robotics_System/install/youbot_description/share/youbot_description/package.zsh'
[1.728s] Level 1:colcon.colcon_core.environment:create_file_with_runtime_dependencies(/home/bizare/Desktop/Robotics_System/install/youbot_description/share/colcon-core/packages/youbot_description)
[1.734s] Level 1:colcon.colcon_core.environment:create_environment_scripts_only(youbot_description)
[1.735s] Level 1:colcon.colcon_core.environment:checking '/home/bizare/Desktop/Robotics_System/install/youbot_description' for CMake module files
[1.736s] Level 1:colcon.colcon_core.environment:checking '/home/bizare/Desktop/Robotics_System/install/youbot_description' for CMake config files
[1.736s] Level 1:colcon.colcon_core.shell:create_environment_hook('youbot_description', 'cmake_prefix_path')
[1.737s] INFO:colcon.colcon_core.shell:Creating environment hook '/home/bizare/Desktop/Robotics_System/install/youbot_description/share/youbot_description/hook/cmake_prefix_path.ps1'
[1.737s] INFO:colcon.colcon_core.shell:Creating environment descriptor '/home/bizare/Desktop/Robotics_System/install/youbot_description/share/youbot_description/hook/cmake_prefix_path.dsv'
[1.738s] INFO:colcon.colcon_core.shell:Creating environment hook '/home/bizare/Desktop/Robotics_System/install/youbot_description/share/youbot_description/hook/cmake_prefix_path.sh'
[1.739s] Level 1:colcon.colcon_core.environment:checking '/home/bizare/Desktop/Robotics_System/install/youbot_description/bin'
[1.739s] Level 1:colcon.colcon_core.environment:checking '/home/bizare/Desktop/Robotics_System/install/youbot_description/lib/pkgconfig/youbot_description.pc'
[1.740s] Level 1:colcon.colcon_core.environment:checking '/home/bizare/Desktop/Robotics_System/install/youbot_description/lib/python3.8/site-packages'
[1.740s] Level 1:colcon.colcon_core.environment:checking '/home/bizare/Desktop/Robotics_System/install/youbot_description/bin'
[1.740s] INFO:colcon.colcon_core.shell:Creating package script '/home/bizare/Desktop/Robotics_System/install/youbot_description/share/youbot_description/package.ps1'
[1.741s] INFO:colcon.colcon_core.shell:Creating package descriptor '/home/bizare/Desktop/Robotics_System/install/youbot_description/share/youbot_description/package.dsv'
[1.742s] INFO:colcon.colcon_core.shell:Creating package script '/home/bizare/Desktop/Robotics_System/install/youbot_description/share/youbot_description/package.sh'
[1.743s] INFO:colcon.colcon_core.shell:Creating package script '/home/bizare/Desktop/Robotics_System/install/youbot_description/share/youbot_description/package.bash'
[1.744s] INFO:colcon.colcon_core.shell:Creating package script '/home/bizare/Desktop/Robotics_System/install/youbot_description/share/youbot_description/package.zsh'
[1.745s] Level 1:colcon.colcon_core.environment:create_file_with_runtime_dependencies(/home/bizare/Desktop/Robotics_System/install/youbot_description/share/colcon-core/packages/youbot_description)
[1.750s] INFO:colcon.colcon_ros.task.ament_cmake.build:Building ROS package in '/home/bizare/Desktop/Robotics_System/youbot_simulator' with build type 'ament_cmake'
[1.751s] INFO:colcon.colcon_cmake.task.cmake.build:Building CMake package in '/home/bizare/Desktop/Robotics_System/youbot_simulator'
[1.751s] INFO:colcon.colcon_core.shell:Skip shell extension 'powershell' for command environment: Not usable outside of PowerShell
[1.751s] DEBUG:colcon.colcon_core.shell:Skip shell extension 'dsv' for command environment
[1.769s] Level 1:colcon.colcon_core.environment:create_environment_scripts_only(open_manipulator_description)
[1.770s] Level 1:colcon.colcon_core.environment:checking '/home/bizare/Desktop/Robotics_System/install/open_manipulator_description' for CMake module files
[1.771s] DEBUG:colcon.colcon_core.event_handler.log_command:Invoked command in '/home/bizare/Desktop/Robotics_System/build/open_manipulator_description' returned '0': CMAKE_PREFIX_PATH=/home/bizare/Desktop/Robotics_System/install/youbot_simulator:/home/bizare/Desktop/Robotics_System/install/cw1q5:/home/bizare/Desktop/Robotics_System/install/cw1q9:/home/bizare/Desktop/Robotics_System/install/cw1q4:/opt/ros/foxy:/home/bizare/Desktop/Robotics_System/install/youbot_description:/home/bizare/Desktop/Robotics_System/install/open_manipulator_description:/home/bizare/Desktop/Robotics_System/install/cw1q4_interfaces /usr/bin/cmake --install /home/bizare/Desktop/Robotics_System/build/open_manipulator_description
[1.772s] Level 1:colcon.colcon_core.environment:checking '/home/bizare/Desktop/Robotics_System/install/open_manipulator_description' for CMake config files
[1.772s] Level 1:colcon.colcon_core.shell:create_environment_hook('open_manipulator_description', 'cmake_prefix_path')
[1.773s] INFO:colcon.colcon_core.shell:Creating environment hook '/home/bizare/Desktop/Robotics_System/install/open_manipulator_description/share/open_manipulator_description/hook/cmake_prefix_path.ps1'
[1.774s] INFO:colcon.colcon_core.shell:Creating environment descriptor '/home/bizare/Desktop/Robotics_System/install/open_manipulator_description/share/open_manipulator_description/hook/cmake_prefix_path.dsv'
[1.775s] INFO:colcon.colcon_core.shell:Creating environment hook '/home/bizare/Desktop/Robotics_System/install/open_manipulator_description/share/open_manipulator_description/hook/cmake_prefix_path.sh'
[1.776s] Level 1:colcon.colcon_core.environment:checking '/home/bizare/Desktop/Robotics_System/install/open_manipulator_description/bin'
[1.777s] Level 1:colcon.colcon_core.environment:checking '/home/bizare/Desktop/Robotics_System/install/open_manipulator_description/lib/pkgconfig/open_manipulator_description.pc'
[1.777s] Level 1:colcon.colcon_core.environment:checking '/home/bizare/Desktop/Robotics_System/install/open_manipulator_description/lib/python3.8/site-packages'
[1.777s] Level 1:colcon.colcon_core.environment:checking '/home/bizare/Desktop/Robotics_System/install/open_manipulator_description/bin'
[1.778s] INFO:colcon.colcon_core.shell:Creating package script '/home/bizare/Desktop/Robotics_System/install/open_manipulator_description/share/open_manipulator_description/package.ps1'
[1.782s] INFO:colcon.colcon_core.shell:Creating package descriptor '/home/bizare/Desktop/Robotics_System/install/open_manipulator_description/share/open_manipulator_description/package.dsv'
[1.783s] INFO:colcon.colcon_core.shell:Creating package script '/home/bizare/Desktop/Robotics_System/install/open_manipulator_description/share/open_manipulator_description/package.sh'
[1.784s] INFO:colcon.colcon_core.shell:Creating package script '/home/bizare/Desktop/Robotics_System/install/open_manipulator_description/share/open_manipulator_description/package.bash'
[1.784s] INFO:colcon.colcon_core.shell:Creating package script '/home/bizare/Desktop/Robotics_System/install/open_manipulator_description/share/open_manipulator_description/package.zsh'
[1.785s] Level 1:colcon.colcon_core.environment:create_file_with_runtime_dependencies(/home/bizare/Desktop/Robotics_System/install/open_manipulator_description/share/colcon-core/packages/open_manipulator_description)
[1.786s] Level 1:colcon.colcon_core.environment:create_environment_scripts_only(open_manipulator_description)
[1.787s] Level 1:colcon.colcon_core.environment:checking '/home/bizare/Desktop/Robotics_System/install/open_manipulator_description' for CMake module files
[1.788s] Level 1:colcon.colcon_core.environment:checking '/home/bizare/Desktop/Robotics_System/install/open_manipulator_description' for CMake config files
[1.788s] Level 1:colcon.colcon_core.shell:create_environment_hook('open_manipulator_description', 'cmake_prefix_path')
[1.788s] INFO:colcon.colcon_core.shell:Creating environment hook '/home/bizare/Desktop/Robotics_System/install/open_manipulator_description/share/open_manipulator_description/hook/cmake_prefix_path.ps1'
[1.790s] INFO:colcon.colcon_core.shell:Creating environment descriptor '/home/bizare/Desktop/Robotics_System/install/open_manipulator_description/share/open_manipulator_description/hook/cmake_prefix_path.dsv'
[1.791s] INFO:colcon.colcon_core.shell:Creating environment hook '/home/bizare/Desktop/Robotics_System/install/open_manipulator_description/share/open_manipulator_description/hook/cmake_prefix_path.sh'
[1.792s] Level 1:colcon.colcon_core.environment:checking '/home/bizare/Desktop/Robotics_System/install/open_manipulator_description/bin'
[1.792s] Level 1:colcon.colcon_core.environment:checking '/home/bizare/Desktop/Robotics_System/install/open_manipulator_description/lib/pkgconfig/open_manipulator_description.pc'
[1.793s] Level 1:colcon.colcon_core.environment:checking '/home/bizare/Desktop/Robotics_System/install/open_manipulator_description/lib/python3.8/site-packages'
[1.793s] Level 1:colcon.colcon_core.environment:checking '/home/bizare/Desktop/Robotics_System/install/open_manipulator_description/bin'
[1.794s] INFO:colcon.colcon_core.shell:Creating package script '/home/bizare/Desktop/Robotics_System/install/open_manipulator_description/share/open_manipulator_description/package.ps1'
[1.796s] INFO:colcon.colcon_core.shell:Creating package descriptor '/home/bizare/Desktop/Robotics_System/install/open_manipulator_description/share/open_manipulator_description/package.dsv'
[1.797s] INFO:colcon.colcon_core.shell:Creating package script '/home/bizare/Desktop/Robotics_System/install/open_manipulator_description/share/open_manipulator_description/package.sh'
[1.798s] INFO:colcon.colcon_core.shell:Creating package script '/home/bizare/Desktop/Robotics_System/install/open_manipulator_description/share/open_manipulator_description/package.bash'
[1.801s] INFO:colcon.colcon_core.shell:Creating package script '/home/bizare/Desktop/Robotics_System/install/open_manipulator_description/share/open_manipulator_description/package.zsh'
[1.803s] Level 1:colcon.colcon_core.environment:create_file_with_runtime_dependencies(/home/bizare/Desktop/Robotics_System/install/open_manipulator_description/share/colcon-core/packages/open_manipulator_description)
[1.804s] Level 1:colcon.colcon_core.environment:create_environment_scripts_only(cw1q4_interfaces)
[1.805s] Level 1:colcon.colcon_core.environment:checking '/home/bizare/Desktop/Robotics_System/install/cw1q4_interfaces' for CMake module files
[1.808s] DEBUG:colcon.colcon_core.event_handler.log_command:Invoked command in '/home/bizare/Desktop/Robotics_System/build/cw1q4_interfaces' returned '0': CMAKE_PREFIX_PATH=/home/bizare/Desktop/Robotics_System/install/youbot_simulator:/home/bizare/Desktop/Robotics_System/install/cw1q5:/home/bizare/Desktop/Robotics_System/install/cw1q9:/home/bizare/Desktop/Robotics_System/install/cw1q4:/opt/ros/foxy:/home/bizare/Desktop/Robotics_System/install/youbot_description:/home/bizare/Desktop/Robotics_System/install/open_manipulator_description:/home/bizare/Desktop/Robotics_System/install/cw1q4_interfaces /usr/bin/cmake --install /home/bizare/Desktop/Robotics_System/build/cw1q4_interfaces
[1.808s] Level 1:colcon.colcon_core.environment:checking '/home/bizare/Desktop/Robotics_System/install/cw1q4_interfaces' for CMake config files
[1.809s] Level 1:colcon.colcon_core.shell:create_environment_hook('cw1q4_interfaces', 'cmake_prefix_path')
[1.809s] INFO:colcon.colcon_core.shell:Creating environment hook '/home/bizare/Desktop/Robotics_System/install/cw1q4_interfaces/share/cw1q4_interfaces/hook/cmake_prefix_path.ps1'
[1.810s] INFO:colcon.colcon_core.shell:Creating environment descriptor '/home/bizare/Desktop/Robotics_System/install/cw1q4_interfaces/share/cw1q4_interfaces/hook/cmake_prefix_path.dsv'
[1.811s] INFO:colcon.colcon_core.shell:Creating environment hook '/home/bizare/Desktop/Robotics_System/install/cw1q4_interfaces/share/cw1q4_interfaces/hook/cmake_prefix_path.sh'
[1.812s] Level 1:colcon.colcon_core.environment:checking '/home/bizare/Desktop/Robotics_System/install/cw1q4_interfaces/lib'
[1.812s] Level 1:colcon.colcon_core.shell:create_environment_hook('cw1q4_interfaces', 'ld_library_path_lib')
[1.813s] INFO:colcon.colcon_core.shell:Creating environment hook '/home/bizare/Desktop/Robotics_System/install/cw1q4_interfaces/share/cw1q4_interfaces/hook/ld_library_path_lib.ps1'
[1.814s] INFO:colcon.colcon_core.shell:Creating environment descriptor '/home/bizare/Desktop/Robotics_System/install/cw1q4_interfaces/share/cw1q4_interfaces/hook/ld_library_path_lib.dsv'
[1.814s] INFO:colcon.colcon_core.shell:Creating environment hook '/home/bizare/Desktop/Robotics_System/install/cw1q4_interfaces/share/cw1q4_interfaces/hook/ld_library_path_lib.sh'
[1.815s] Level 1:colcon.colcon_core.environment:checking '/home/bizare/Desktop/Robotics_System/install/cw1q4_interfaces/bin'
[1.815s] Level 1:colcon.colcon_core.environment:checking '/home/bizare/Desktop/Robotics_System/install/cw1q4_interfaces/lib/pkgconfig/cw1q4_interfaces.pc'
[1.816s] Level 1:colcon.colcon_core.environment:checking '/home/bizare/Desktop/Robotics_System/install/cw1q4_interfaces/lib/python3.8/site-packages'
[1.816s] Level 1:colcon.colcon_core.shell:create_environment_hook('cw1q4_interfaces', 'pythonpath')
[1.817s] INFO:colcon.colcon_core.shell:Creating environment hook '/home/bizare/Desktop/Robotics_System/install/cw1q4_interfaces/share/cw1q4_interfaces/hook/pythonpath.ps1'
[1.818s] INFO:colcon.colcon_core.shell:Creating environment descriptor '/home/bizare/Desktop/Robotics_System/install/cw1q4_interfaces/share/cw1q4_interfaces/hook/pythonpath.dsv'
[1.819s] INFO:colcon.colcon_core.shell:Creating environment hook '/home/bizare/Desktop/Robotics_System/install/cw1q4_interfaces/share/cw1q4_interfaces/hook/pythonpath.sh'
[1.821s] Level 1:colcon.colcon_core.environment:checking '/home/bizare/Desktop/Robotics_System/install/cw1q4_interfaces/bin'
[1.822s] INFO:colcon.colcon_core.shell:Creating package script '/home/bizare/Desktop/Robotics_System/install/cw1q4_interfaces/share/cw1q4_interfaces/package.ps1'
[1.823s] INFO:colcon.colcon_core.shell:Creating package descriptor '/home/bizare/Desktop/Robotics_System/install/cw1q4_interfaces/share/cw1q4_interfaces/package.dsv'
[1.825s] INFO:colcon.colcon_core.shell:Creating package script '/home/bizare/Desktop/Robotics_System/install/cw1q4_interfaces/share/cw1q4_interfaces/package.sh'
[1.826s] INFO:colcon.colcon_core.shell:Creating package script '/home/bizare/Desktop/Robotics_System/install/cw1q4_interfaces/share/cw1q4_interfaces/package.bash'
[1.827s] INFO:colcon.colcon_core.shell:Creating package script '/home/bizare/Desktop/Robotics_System/install/cw1q4_interfaces/share/cw1q4_interfaces/package.zsh'
[1.828s] Level 1:colcon.colcon_core.environment:create_file_with_runtime_dependencies(/home/bizare/Desktop/Robotics_System/install/cw1q4_interfaces/share/colcon-core/packages/cw1q4_interfaces)
[1.830s] Level 1:colcon.colcon_core.environment:create_environment_scripts_only(cw1q4_interfaces)
[1.830s] Level 1:colcon.colcon_core.environment:checking '/home/bizare/Desktop/Robotics_System/install/cw1q4_interfaces' for CMake module files
[1.831s] Level 1:colcon.colcon_core.environment:checking '/home/bizare/Desktop/Robotics_System/install/cw1q4_interfaces' for CMake config files
[1.832s] Level 1:colcon.colcon_core.shell:create_environment_hook('cw1q4_interfaces', 'cmake_prefix_path')
[1.832s] INFO:colcon.colcon_core.shell:Creating environment hook '/home/bizare/Desktop/Robotics_System/install/cw1q4_interfaces/share/cw1q4_interfaces/hook/cmake_prefix_path.ps1'
[1.833s] INFO:colcon.colcon_core.shell:Creating environment descriptor '/home/bizare/Desktop/Robotics_System/install/cw1q4_interfaces/share/cw1q4_interfaces/hook/cmake_prefix_path.dsv'
[1.834s] INFO:colcon.colcon_core.shell:Creating environment hook '/home/bizare/Desktop/Robotics_System/install/cw1q4_interfaces/share/cw1q4_interfaces/hook/cmake_prefix_path.sh'
[1.836s] Level 1:colcon.colcon_core.environment:checking '/home/bizare/Desktop/Robotics_System/install/cw1q4_interfaces/lib'
[1.836s] Level 1:colcon.colcon_core.shell:create_environment_hook('cw1q4_interfaces', 'ld_library_path_lib')
[1.837s] INFO:colcon.colcon_core.shell:Creating environment hook '/home/bizare/Desktop/Robotics_System/install/cw1q4_interfaces/share/cw1q4_interfaces/hook/ld_library_path_lib.ps1'
[1.838s] INFO:colcon.colcon_core.shell:Creating environment descriptor '/home/bizare/Desktop/Robotics_System/install/cw1q4_interfaces/share/cw1q4_interfaces/hook/ld_library_path_lib.dsv'
[1.839s] INFO:colcon.colcon_core.shell:Creating environment hook '/home/bizare/Desktop/Robotics_System/install/cw1q4_interfaces/share/cw1q4_interfaces/hook/ld_library_path_lib.sh'
[1.840s] Level 1:colcon.colcon_core.environment:checking '/home/bizare/Desktop/Robotics_System/install/cw1q4_interfaces/bin'
[1.841s] Level 1:colcon.colcon_core.environment:checking '/home/bizare/Desktop/Robotics_System/install/cw1q4_interfaces/lib/pkgconfig/cw1q4_interfaces.pc'
[1.841s] Level 1:colcon.colcon_core.environment:checking '/home/bizare/Desktop/Robotics_System/install/cw1q4_interfaces/lib/python3.8/site-packages'
[1.841s] Level 1:colcon.colcon_core.shell:create_environment_hook('cw1q4_interfaces', 'pythonpath')
[1.842s] INFO:colcon.colcon_core.shell:Creating environment hook '/home/bizare/Desktop/Robotics_System/install/cw1q4_interfaces/share/cw1q4_interfaces/hook/pythonpath.ps1'
[1.843s] INFO:colcon.colcon_core.shell:Creating environment descriptor '/home/bizare/Desktop/Robotics_System/install/cw1q4_interfaces/share/cw1q4_interfaces/hook/pythonpath.dsv'
[1.844s] INFO:colcon.colcon_core.shell:Creating environment hook '/home/bizare/Desktop/Robotics_System/install/cw1q4_interfaces/share/cw1q4_interfaces/hook/pythonpath.sh'
[1.846s] Level 1:colcon.colcon_core.environment:checking '/home/bizare/Desktop/Robotics_System/install/cw1q4_interfaces/bin'
[1.847s] INFO:colcon.colcon_core.shell:Creating package script '/home/bizare/Desktop/Robotics_System/install/cw1q4_interfaces/share/cw1q4_interfaces/package.ps1'
[1.848s] INFO:colcon.colcon_core.shell:Creating package descriptor '/home/bizare/Desktop/Robotics_System/install/cw1q4_interfaces/share/cw1q4_interfaces/package.dsv'
[1.850s] INFO:colcon.colcon_core.shell:Creating package script '/home/bizare/Desktop/Robotics_System/install/cw1q4_interfaces/share/cw1q4_interfaces/package.sh'
[1.852s] INFO:colcon.colcon_core.shell:Creating package script '/home/bizare/Desktop/Robotics_System/install/cw1q4_interfaces/share/cw1q4_interfaces/package.bash'
[1.853s] INFO:colcon.colcon_core.shell:Creating package script '/home/bizare/Desktop/Robotics_System/install/cw1q4_interfaces/share/cw1q4_interfaces/package.zsh'
[1.854s] Level 1:colcon.colcon_core.environment:create_file_with_runtime_dependencies(/home/bizare/Desktop/Robotics_System/install/cw1q4_interfaces/share/colcon-core/packages/cw1q4_interfaces)
[1.869s] DEBUG:colcon.colcon_core.event_handler.log_command:Invoking command in '/home/bizare/Desktop/Robotics_System/build/youbot_simulator': CMAKE_PREFIX_PATH=/home/bizare/Desktop/Robotics_System/install/cw1q5:/home/bizare/Desktop/Robotics_System/install/cw1q9:/home/bizare/Desktop/Robotics_System/install/cw1q4:/opt/ros/foxy:/home/bizare/Desktop/Robotics_System/install/youbot_description:/home/bizare/Desktop/Robotics_System/install/youbot_simulator:/home/bizare/Desktop/Robotics_System/install/open_manipulator_description:/home/bizare/Desktop/Robotics_System/install/cw1q4_interfaces /usr/bin/cmake --build /home/bizare/Desktop/Robotics_System/build/youbot_simulator -- -j8 -l8
[1.936s] DEBUG:colcon.colcon_core.event_handler.log_command:Invoked command in '/home/bizare/Desktop/Robotics_System/build/youbot_simulator' returned '0': CMAKE_PREFIX_PATH=/home/bizare/Desktop/Robotics_System/install/cw1q5:/home/bizare/Desktop/Robotics_System/install/cw1q9:/home/bizare/Desktop/Robotics_System/install/cw1q4:/opt/ros/foxy:/home/bizare/Desktop/Robotics_System/install/youbot_description:/home/bizare/Desktop/Robotics_System/install/youbot_simulator:/home/bizare/Desktop/Robotics_System/install/open_manipulator_description:/home/bizare/Desktop/Robotics_System/install/cw1q4_interfaces /usr/bin/cmake --build /home/bizare/Desktop/Robotics_System/build/youbot_simulator -- -j8 -l8
[1.942s] DEBUG:colcon.colcon_core.event_handler.log_command:Invoking command in '/home/bizare/Desktop/Robotics_System/build/youbot_simulator': CMAKE_PREFIX_PATH=/home/bizare/Desktop/Robotics_System/install/cw1q5:/home/bizare/Desktop/Robotics_System/install/cw1q9:/home/bizare/Desktop/Robotics_System/install/cw1q4:/opt/ros/foxy:/home/bizare/Desktop/Robotics_System/install/youbot_description:/home/bizare/Desktop/Robotics_System/install/youbot_simulator:/home/bizare/Desktop/Robotics_System/install/open_manipulator_description:/home/bizare/Desktop/Robotics_System/install/cw1q4_interfaces /usr/bin/cmake --install /home/bizare/Desktop/Robotics_System/build/youbot_simulator
[1.962s] Level 1:colcon.colcon_core.environment:create_environment_scripts_only(youbot_simulator)
[1.962s] Level 1:colcon.colcon_core.environment:checking '/home/bizare/Desktop/Robotics_System/install/youbot_simulator' for CMake module files
[1.963s] DEBUG:colcon.colcon_core.event_handler.log_command:Invoked command in '/home/bizare/Desktop/Robotics_System/build/youbot_simulator' returned '0': CMAKE_PREFIX_PATH=/home/bizare/Desktop/Robotics_System/install/cw1q5:/home/bizare/Desktop/Robotics_System/install/cw1q9:/home/bizare/Desktop/Robotics_System/install/cw1q4:/opt/ros/foxy:/home/bizare/Desktop/Robotics_System/install/youbot_description:/home/bizare/Desktop/Robotics_System/install/youbot_simulator:/home/bizare/Desktop/Robotics_System/install/open_manipulator_description:/home/bizare/Desktop/Robotics_System/install/cw1q4_interfaces /usr/bin/cmake --install /home/bizare/Desktop/Robotics_System/build/youbot_simulator
[1.964s] Level 1:colcon.colcon_core.environment:checking '/home/bizare/Desktop/Robotics_System/install/youbot_simulator' for CMake config files
[1.965s] Level 1:colcon.colcon_core.shell:create_environment_hook('youbot_simulator', 'cmake_prefix_path')
[1.965s] INFO:colcon.colcon_core.shell:Creating environment hook '/home/bizare/Desktop/Robotics_System/install/youbot_simulator/share/youbot_simulator/hook/cmake_prefix_path.ps1'
[1.967s] INFO:colcon.colcon_core.shell:Creating environment descriptor '/home/bizare/Desktop/Robotics_System/install/youbot_simulator/share/youbot_simulator/hook/cmake_prefix_path.dsv'
[1.969s] INFO:colcon.colcon_core.shell:Creating environment hook '/home/bizare/Desktop/Robotics_System/install/youbot_simulator/share/youbot_simulator/hook/cmake_prefix_path.sh'
[1.971s] Level 1:colcon.colcon_core.environment:checking '/home/bizare/Desktop/Robotics_System/install/youbot_simulator/bin'
[1.971s] Level 1:colcon.colcon_core.environment:checking '/home/bizare/Desktop/Robotics_System/install/youbot_simulator/lib/pkgconfig/youbot_simulator.pc'
[1.971s] Level 1:colcon.colcon_core.environment:checking '/home/bizare/Desktop/Robotics_System/install/youbot_simulator/lib/python3.8/site-packages'
[1.972s] Level 1:colcon.colcon_core.environment:checking '/home/bizare/Desktop/Robotics_System/install/youbot_simulator/bin'
[1.972s] INFO:colcon.colcon_core.shell:Creating package script '/home/bizare/Desktop/Robotics_System/install/youbot_simulator/share/youbot_simulator/package.ps1'
[1.973s] INFO:colcon.colcon_core.shell:Creating package descriptor '/home/bizare/Desktop/Robotics_System/install/youbot_simulator/share/youbot_simulator/package.dsv'
[1.974s] INFO:colcon.colcon_core.shell:Creating package script '/home/bizare/Desktop/Robotics_System/install/youbot_simulator/share/youbot_simulator/package.sh'
[1.975s] INFO:colcon.colcon_core.shell:Creating package script '/home/bizare/Desktop/Robotics_System/install/youbot_simulator/share/youbot_simulator/package.bash'
[1.976s] INFO:colcon.colcon_core.shell:Creating package script '/home/bizare/Desktop/Robotics_System/install/youbot_simulator/share/youbot_simulator/package.zsh'
[1.977s] Level 1:colcon.colcon_core.environment:create_file_with_runtime_dependencies(/home/bizare/Desktop/Robotics_System/install/youbot_simulator/share/colcon-core/packages/youbot_simulator)
[1.978s] Level 1:colcon.colcon_core.environment:create_environment_scripts_only(youbot_simulator)
[1.978s] Level 1:colcon.colcon_core.environment:checking '/home/bizare/Desktop/Robotics_System/install/youbot_simulator' for CMake module files
[1.979s] Level 1:colcon.colcon_core.environment:checking '/home/bizare/Desktop/Robotics_System/install/youbot_simulator' for CMake config files
[1.980s] Level 1:colcon.colcon_core.shell:create_environment_hook('youbot_simulator', 'cmake_prefix_path')
[1.980s] INFO:colcon.colcon_core.shell:Creating environment hook '/home/bizare/Desktop/Robotics_System/install/youbot_simulator/share/youbot_simulator/hook/cmake_prefix_path.ps1'
[1.981s] INFO:colcon.colcon_core.shell:Creating environment descriptor '/home/bizare/Desktop/Robotics_System/install/youbot_simulator/share/youbot_simulator/hook/cmake_prefix_path.dsv'
[1.982s] INFO:colcon.colcon_core.shell:Creating environment hook '/home/bizare/Desktop/Robotics_System/install/youbot_simulator/share/youbot_simulator/hook/cmake_prefix_path.sh'
[1.983s] Level 1:colcon.colcon_core.environment:checking '/home/bizare/Desktop/Robotics_System/install/youbot_simulator/bin'
[1.983s] Level 1:colcon.colcon_core.environment:checking '/home/bizare/Desktop/Robotics_System/install/youbot_simulator/lib/pkgconfig/youbot_simulator.pc'
[1.984s] Level 1:colcon.colcon_core.environment:checking '/home/bizare/Desktop/Robotics_System/install/youbot_simulator/lib/python3.8/site-packages'
[1.984s] Level 1:colcon.colcon_core.environment:checking '/home/bizare/Desktop/Robotics_System/install/youbot_simulator/bin'
[1.984s] INFO:colcon.colcon_core.shell:Creating package script '/home/bizare/Desktop/Robotics_System/install/youbot_simulator/share/youbot_simulator/package.ps1'
[1.985s] INFO:colcon.colcon_core.shell:Creating package descriptor '/home/bizare/Desktop/Robotics_System/install/youbot_simulator/share/youbot_simulator/package.dsv'
[1.986s] INFO:colcon.colcon_core.shell:Creating package script '/home/bizare/Desktop/Robotics_System/install/youbot_simulator/share/youbot_simulator/package.sh'
[1.987s] INFO:colcon.colcon_core.shell:Creating package script '/home/bizare/Desktop/Robotics_System/install/youbot_simulator/share/youbot_simulator/package.bash'
[1.988s] INFO:colcon.colcon_core.shell:Creating package script '/home/bizare/Desktop/Robotics_System/install/youbot_simulator/share/youbot_simulator/package.zsh'
[1.989s] Level 1:colcon.colcon_core.environment:create_file_with_runtime_dependencies(/home/bizare/Desktop/Robotics_System/install/youbot_simulator/share/colcon-core/packages/youbot_simulator)
[1.991s] INFO:colcon.colcon_ros.task.ament_python.build:Building ROS package in '/home/bizare/Desktop/Robotics_System/cw1q5' with build type 'ament_python'
[1.991s] Level 1:colcon.colcon_core.shell:create_environment_hook('cw1q5', 'ament_prefix_path')
[1.991s] INFO:colcon.colcon_core.shell:Creating environment hook '/home/bizare/Desktop/Robotics_System/install/cw1q5/share/cw1q5/hook/ament_prefix_path.ps1'
[1.993s] INFO:colcon.colcon_core.shell:Creating environment descriptor '/home/bizare/Desktop/Robotics_System/install/cw1q5/share/cw1q5/hook/ament_prefix_path.dsv'
[1.994s] INFO:colcon.colcon_core.shell:Creating environment hook '/home/bizare/Desktop/Robotics_System/install/cw1q5/share/cw1q5/hook/ament_prefix_path.sh'
[1.995s] INFO:colcon.colcon_core.shell:Skip shell extension 'powershell' for command environment: Not usable outside of PowerShell
[1.996s] DEBUG:colcon.colcon_core.shell:Skip shell extension 'dsv' for command environment
[2.378s] INFO:colcon.colcon_core.task.python.build:Building Python package in '/home/bizare/Desktop/Robotics_System/cw1q5'
[2.379s] INFO:colcon.colcon_core.shell:Skip shell extension 'powershell' for command environment: Not usable outside of PowerShell
[2.379s] DEBUG:colcon.colcon_core.shell:Skip shell extension 'dsv' for command environment
[2.404s] DEBUG:colcon.colcon_core.event_handler.log_command:Invoking command in '/home/bizare/Desktop/Robotics_System/cw1q4': PYTHONPATH=/home/bizare/Desktop/Robotics_System/build/cw1q4/prefix_override:/usr/lib/python3/dist-packages/colcon_core/task/python/colcon_distutils_commands:/home/bizare/Desktop/Robotics_System/install/cw1q4/lib/python3.8/site-packages:${PYTHONPATH} /usr/bin/python3 -W ignore:setup.py install is deprecated -W ignore:easy_install command is deprecated setup.py egg_info --egg-base ../build/cw1q4 build --build-base /home/bizare/Desktop/Robotics_System/build/cw1q4/build install --record /home/bizare/Desktop/Robotics_System/build/cw1q4/install.log --install-scripts $base/lib/cw1q4 --single-version-externally-managed install_data
[2.410s] DEBUG:colcon.colcon_core.event_handler.log_command:Invoking command in '/home/bizare/Desktop/Robotics_System/cw1q9': PYTHONPATH=/home/bizare/Desktop/Robotics_System/build/cw1q9/prefix_override:/usr/lib/python3/dist-packages/colcon_core/task/python/colcon_distutils_commands:/home/bizare/Desktop/Robotics_System/install/cw1q9/lib/python3.8/site-packages:${PYTHONPATH} /usr/bin/python3 -W ignore:setup.py install is deprecated -W ignore:easy_install command is deprecated setup.py egg_info --egg-base ../build/cw1q9 build --build-base /home/bizare/Desktop/Robotics_System/build/cw1q9/build install --record /home/bizare/Desktop/Robotics_System/build/cw1q9/install.log --install-scripts $base/lib/cw1q9 --single-version-externally-managed install_data
[2.880s] Level 1:colcon.colcon_core.environment:checking '/home/bizare/Desktop/Robotics_System/install/cw1q9' for CMake module files
[2.881s] DEBUG:colcon.colcon_core.event_handler.log_command:Invoked command in '/home/bizare/Desktop/Robotics_System/cw1q9' returned '0': PYTHONPATH=/home/bizare/Desktop/Robotics_System/build/cw1q9/prefix_override:/usr/lib/python3/dist-packages/colcon_core/task/python/colcon_distutils_commands:/home/bizare/Desktop/Robotics_System/install/cw1q9/lib/python3.8/site-packages:${PYTHONPATH} /usr/bin/python3 -W ignore:setup.py install is deprecated -W ignore:easy_install command is deprecated setup.py egg_info --egg-base ../build/cw1q9 build --build-base /home/bizare/Desktop/Robotics_System/build/cw1q9/build install --record /home/bizare/Desktop/Robotics_System/build/cw1q9/install.log --install-scripts $base/lib/cw1q9 --single-version-externally-managed install_data
[2.882s] Level 1:colcon.colcon_core.environment:checking '/home/bizare/Desktop/Robotics_System/install/cw1q9' for CMake config files
[2.883s] Level 1:colcon.colcon_core.environment:checking '/home/bizare/Desktop/Robotics_System/install/cw1q9/lib'
[2.883s] Level 1:colcon.colcon_core.environment:checking '/home/bizare/Desktop/Robotics_System/install/cw1q9/bin'
[2.883s] Level 1:colcon.colcon_core.environment:checking '/home/bizare/Desktop/Robotics_System/install/cw1q9/lib/pkgconfig/cw1q9.pc'
[2.884s] Level 1:colcon.colcon_core.environment:checking '/home/bizare/Desktop/Robotics_System/install/cw1q9/lib/python3.8/site-packages'
[2.884s] Level 1:colcon.colcon_core.shell:create_environment_hook('cw1q9', 'pythonpath')
[2.884s] INFO:colcon.colcon_core.shell:Creating environment hook '/home/bizare/Desktop/Robotics_System/install/cw1q9/share/cw1q9/hook/pythonpath.ps1'
[2.885s] INFO:colcon.colcon_core.shell:Creating environment descriptor '/home/bizare/Desktop/Robotics_System/install/cw1q9/share/cw1q9/hook/pythonpath.dsv'
[2.886s] INFO:colcon.colcon_core.shell:Creating environment hook '/home/bizare/Desktop/Robotics_System/install/cw1q9/share/cw1q9/hook/pythonpath.sh'
[2.887s] Level 1:colcon.colcon_core.environment:checking '/home/bizare/Desktop/Robotics_System/install/cw1q9/bin'
[2.888s] Level 1:colcon.colcon_core.environment:create_environment_scripts_only(cw1q9)
[2.888s] INFO:colcon.colcon_core.shell:Creating package script '/home/bizare/Desktop/Robotics_System/install/cw1q9/share/cw1q9/package.ps1'
[2.889s] INFO:colcon.colcon_core.shell:Creating package descriptor '/home/bizare/Desktop/Robotics_System/install/cw1q9/share/cw1q9/package.dsv'
[2.890s] INFO:colcon.colcon_core.shell:Creating package script '/home/bizare/Desktop/Robotics_System/install/cw1q9/share/cw1q9/package.sh'
[2.891s] INFO:colcon.colcon_core.shell:Creating package script '/home/bizare/Desktop/Robotics_System/install/cw1q9/share/cw1q9/package.bash'
[2.892s] INFO:colcon.colcon_core.shell:Creating package script '/home/bizare/Desktop/Robotics_System/install/cw1q9/share/cw1q9/package.zsh'
[2.893s] Level 1:colcon.colcon_core.environment:create_file_with_runtime_dependencies(/home/bizare/Desktop/Robotics_System/install/cw1q9/share/colcon-core/packages/cw1q9)
[2.897s] Level 1:colcon.colcon_core.environment:checking '/home/bizare/Desktop/Robotics_System/install/cw1q4' for CMake module files
[2.899s] DEBUG:colcon.colcon_core.event_handler.log_command:Invoked command in '/home/bizare/Desktop/Robotics_System/cw1q4' returned '0': PYTHONPATH=/home/bizare/Desktop/Robotics_System/build/cw1q4/prefix_override:/usr/lib/python3/dist-packages/colcon_core/task/python/colcon_distutils_commands:/home/bizare/Desktop/Robotics_System/install/cw1q4/lib/python3.8/site-packages:${PYTHONPATH} /usr/bin/python3 -W ignore:setup.py install is deprecated -W ignore:easy_install command is deprecated setup.py egg_info --egg-base ../build/cw1q4 build --build-base /home/bizare/Desktop/Robotics_System/build/cw1q4/build install --record /home/bizare/Desktop/Robotics_System/build/cw1q4/install.log --install-scripts $base/lib/cw1q4 --single-version-externally-managed install_data
[2.899s] Level 1:colcon.colcon_core.environment:checking '/home/bizare/Desktop/Robotics_System/install/cw1q4' for CMake config files
[2.900s] Level 1:colcon.colcon_core.environment:checking '/home/bizare/Desktop/Robotics_System/install/cw1q4/lib'
[2.900s] Level 1:colcon.colcon_core.environment:checking '/home/bizare/Desktop/Robotics_System/install/cw1q4/bin'
[2.900s] Level 1:colcon.colcon_core.environment:checking '/home/bizare/Desktop/Robotics_System/install/cw1q4/lib/pkgconfig/cw1q4.pc'
[2.901s] Level 1:colcon.colcon_core.environment:checking '/home/bizare/Desktop/Robotics_System/install/cw1q4/lib/python3.8/site-packages'
[2.901s] Level 1:colcon.colcon_core.shell:create_environment_hook('cw1q4', 'pythonpath')
[2.901s] INFO:colcon.colcon_core.shell:Creating environment hook '/home/bizare/Desktop/Robotics_System/install/cw1q4/share/cw1q4/hook/pythonpath.ps1'
[2.902s] INFO:colcon.colcon_core.shell:Creating environment descriptor '/home/bizare/Desktop/Robotics_System/install/cw1q4/share/cw1q4/hook/pythonpath.dsv'
[2.903s] INFO:colcon.colcon_core.shell:Creating environment hook '/home/bizare/Desktop/Robotics_System/install/cw1q4/share/cw1q4/hook/pythonpath.sh'
[2.904s] Level 1:colcon.colcon_core.environment:checking '/home/bizare/Desktop/Robotics_System/install/cw1q4/bin'
[2.904s] Level 1:colcon.colcon_core.environment:create_environment_scripts_only(cw1q4)
[2.905s] INFO:colcon.colcon_core.shell:Creating package script '/home/bizare/Desktop/Robotics_System/install/cw1q4/share/cw1q4/package.ps1'
[2.906s] INFO:colcon.colcon_core.shell:Creating package descriptor '/home/bizare/Desktop/Robotics_System/install/cw1q4/share/cw1q4/package.dsv'
[2.907s] INFO:colcon.colcon_core.shell:Creating package script '/home/bizare/Desktop/Robotics_System/install/cw1q4/share/cw1q4/package.sh'
[2.908s] INFO:colcon.colcon_core.shell:Creating package script '/home/bizare/Desktop/Robotics_System/install/cw1q4/share/cw1q4/package.bash'
[2.909s] INFO:colcon.colcon_core.shell:Creating package script '/home/bizare/Desktop/Robotics_System/install/cw1q4/share/cw1q4/package.zsh'
[2.909s] Level 1:colcon.colcon_core.environment:create_file_with_runtime_dependencies(/home/bizare/Desktop/Robotics_System/install/cw1q4/share/colcon-core/packages/cw1q4)
[3.063s] DEBUG:colcon.colcon_core.event_handler.log_command:Invoking command in '/home/bizare/Desktop/Robotics_System/cw1q5': PYTHONPATH=/home/bizare/Desktop/Robotics_System/build/cw1q5/prefix_override:/usr/lib/python3/dist-packages/colcon_core/task/python/colcon_distutils_commands:/home/bizare/Desktop/Robotics_System/install/cw1q5/lib/python3.8/site-packages:${PYTHONPATH} /usr/bin/python3 -W ignore:setup.py install is deprecated -W ignore:easy_install command is deprecated setup.py egg_info --egg-base ../build/cw1q5 build --build-base /home/bizare/Desktop/Robotics_System/build/cw1q5/build install --record /home/bizare/Desktop/Robotics_System/build/cw1q5/install.log --install-scripts $base/lib/cw1q5 --single-version-externally-managed install_data
[3.527s] Level 1:colcon.colcon_core.environment:checking '/home/bizare/Desktop/Robotics_System/install/cw1q5' for CMake module files
[3.528s] DEBUG:colcon.colcon_core.event_handler.log_command:Invoked command in '/home/bizare/Desktop/Robotics_System/cw1q5' returned '0': PYTHONPATH=/home/bizare/Desktop/Robotics_System/build/cw1q5/prefix_override:/usr/lib/python3/dist-packages/colcon_core/task/python/colcon_distutils_commands:/home/bizare/Desktop/Robotics_System/install/cw1q5/lib/python3.8/site-packages:${PYTHONPATH} /usr/bin/python3 -W ignore:setup.py install is deprecated -W ignore:easy_install command is deprecated setup.py egg_info --egg-base ../build/cw1q5 build --build-base /home/bizare/Desktop/Robotics_System/build/cw1q5/build install --record /home/bizare/Desktop/Robotics_System/build/cw1q5/install.log --install-scripts $base/lib/cw1q5 --single-version-externally-managed install_data
[3.529s] Level 1:colcon.colcon_core.environment:checking '/home/bizare/Desktop/Robotics_System/install/cw1q5' for CMake config files
[3.530s] Level 1:colcon.colcon_core.environment:checking '/home/bizare/Desktop/Robotics_System/install/cw1q5/lib'
[3.530s] Level 1:colcon.colcon_core.environment:checking '/home/bizare/Desktop/Robotics_System/install/cw1q5/bin'
[3.530s] Level 1:colcon.colcon_core.environment:checking '/home/bizare/Desktop/Robotics_System/install/cw1q5/lib/pkgconfig/cw1q5.pc'
[3.530s] Level 1:colcon.colcon_core.environment:checking '/home/bizare/Desktop/Robotics_System/install/cw1q5/lib/python3.8/site-packages'
[3.531s] Level 1:colcon.colcon_core.shell:create_environment_hook('cw1q5', 'pythonpath')
[3.531s] INFO:colcon.colcon_core.shell:Creating environment hook '/home/bizare/Desktop/Robotics_System/install/cw1q5/share/cw1q5/hook/pythonpath.ps1'
[3.532s] INFO:colcon.colcon_core.shell:Creating environment descriptor '/home/bizare/Desktop/Robotics_System/install/cw1q5/share/cw1q5/hook/pythonpath.dsv'
[3.533s] INFO:colcon.colcon_core.shell:Creating environment hook '/home/bizare/Desktop/Robotics_System/install/cw1q5/share/cw1q5/hook/pythonpath.sh'
[3.534s] Level 1:colcon.colcon_core.environment:checking '/home/bizare/Desktop/Robotics_System/install/cw1q5/bin'
[3.534s] Level 1:colcon.colcon_core.environment:create_environment_scripts_only(cw1q5)
[3.535s] INFO:colcon.colcon_core.shell:Creating package script '/home/bizare/Desktop/Robotics_System/install/cw1q5/share/cw1q5/package.ps1'
[3.536s] INFO:colcon.colcon_core.shell:Creating package descriptor '/home/bizare/Desktop/Robotics_System/install/cw1q5/share/cw1q5/package.dsv'
[3.537s] INFO:colcon.colcon_core.shell:Creating package script '/home/bizare/Desktop/Robotics_System/install/cw1q5/share/cw1q5/package.sh'
[3.538s] INFO:colcon.colcon_core.shell:Creating package script '/home/bizare/Desktop/Robotics_System/install/cw1q5/share/cw1q5/package.bash'
[3.539s] INFO:colcon.colcon_core.shell:Creating package script '/home/bizare/Desktop/Robotics_System/install/cw1q5/share/cw1q5/package.zsh'
[3.540s] Level 1:colcon.colcon_core.environment:create_file_with_runtime_dependencies(/home/bizare/Desktop/Robotics_System/install/cw1q5/share/colcon-core/packages/cw1q5)
[3.540s] DEBUG:colcon.colcon_parallel_executor.executor.parallel:closing loop
[3.541s] DEBUG:colcon.colcon_parallel_executor.executor.parallel:loop closed
[3.541s] DEBUG:colcon.colcon_parallel_executor.executor.parallel:run_until_complete finished with '0'
[3.541s] DEBUG:colcon.colcon_core.event_reactor:joining thread
[3.551s] INFO:colcon.colcon_core.plugin_system:Skipping extension 'colcon_notification.desktop_notification.terminal_notifier': Not used on non-Darwin systems
[3.552s] INFO:colcon.colcon_core.plugin_system:Skipping extension 'colcon_notification.desktop_notification.win32': Not used on non-Windows systems
[3.552s] INFO:colcon.colcon_notification.desktop_notification:Sending desktop notification using 'notify2'
[3.571s] DEBUG:colcon.colcon_core.event_reactor:joined thread
[3.571s] INFO:colcon.colcon_core.shell:Creating prefix script '/home/bizare/Desktop/Robotics_System/install/local_setup.ps1'
[3.573s] INFO:colcon.colcon_core.shell:Creating prefix util module '/home/bizare/Desktop/Robotics_System/install/_local_setup_util_ps1.py'
[3.576s] INFO:colcon.colcon_core.shell:Creating prefix chain script '/home/bizare/Desktop/Robotics_System/install/setup.ps1'
[3.578s] INFO:colcon.colcon_core.shell:Creating prefix script '/home/bizare/Desktop/Robotics_System/install/local_setup.sh'
[3.579s] INFO:colcon.colcon_core.shell:Creating prefix util module '/home/bizare/Desktop/Robotics_System/install/_local_setup_util_sh.py'
[3.580s] INFO:colcon.colcon_core.shell:Creating prefix chain script '/home/bizare/Desktop/Robotics_System/install/setup.sh'
[3.583s] INFO:colcon.colcon_core.shell:Creating prefix script '/home/bizare/Desktop/Robotics_System/install/local_setup.bash'
[3.584s] INFO:colcon.colcon_core.shell:Creating prefix chain script '/home/bizare/Desktop/Robotics_System/install/setup.bash'
[3.586s] INFO:colcon.colcon_core.shell:Creating prefix script '/home/bizare/Desktop/Robotics_System/install/local_setup.zsh'
[3.587s] INFO:colcon.colcon_core.shell:Creating prefix chain script '/home/bizare/Desktop/Robotics_System/install/setup.zsh'
