-- Install configuration: ""
-- Up-to-date: /home/bizare/Desktop/Robotics_System/install/open_manipulator_description/share/open_manipulator_description/launch
-- Up-to-date: /home/bizare/Desktop/Robotics_System/install/open_manipulator_description/share/open_manipulator_description/launch/open_manipulator_model.launch
-- Up-to-date: /home/bizare/Desktop/Robotics_System/install/open_manipulator_description/share/open_manipulator_description/launch/open_manipulator_rviz.launch
-- Up-to-date: /home/bizare/Desktop/Robotics_System/install/open_manipulator_description/share/open_manipulator_description/meshes
-- Up-to-date: /home/bizare/Desktop/Robotics_System/install/open_manipulator_description/share/open_manipulator_description/meshes/chain_link4.stl
-- Up-to-date: /home/bizare/Desktop/Robotics_System/install/open_manipulator_description/share/open_manipulator_description/meshes/chain_link3.stl
-- Up-to-date: /home/bizare/Desktop/Robotics_System/install/open_manipulator_description/share/open_manipulator_description/meshes/chain_link5.stl
-- Up-to-date: /home/bizare/Desktop/Robotics_System/install/open_manipulator_description/share/open_manipulator_description/meshes/chain_link2.stl
-- Up-to-date: /home/bizare/Desktop/Robotics_System/install/open_manipulator_description/share/open_manipulator_description/meshes/chain_link_grip_r.stl
-- Up-to-date: /home/bizare/Desktop/Robotics_System/install/open_manipulator_description/share/open_manipulator_description/meshes/chain_link1.stl
-- Up-to-date: /home/bizare/Desktop/Robotics_System/install/open_manipulator_description/share/open_manipulator_description/meshes/chain_link_grip_l.stl
-- Up-to-date: /home/bizare/Desktop/Robotics_System/install/open_manipulator_description/share/open_manipulator_description/rviz
-- Up-to-date: /home/bizare/Desktop/Robotics_System/install/open_manipulator_description/share/open_manipulator_description/rviz/open_manipulator_links_hidden11.rviz
-- Up-to-date: /home/bizare/Desktop/Robotics_System/install/open_manipulator_description/share/open_manipulator_description/rviz/open_manipulator_links_hidden.rviz
-- Up-to-date: /home/bizare/Desktop/Robotics_System/install/open_manipulator_description/share/open_manipulator_description/rviz/open_manipulator.rviz
-- Up-to-date: /home/bizare/Desktop/Robotics_System/install/open_manipulator_description/share/open_manipulator_description/rviz/open_manipulator11.rviz
-- Up-to-date: /home/bizare/Desktop/Robotics_System/install/open_manipulator_description/share/open_manipulator_description/urdf
-- Up-to-date: /home/bizare/Desktop/Robotics_System/install/open_manipulator_description/share/open_manipulator_description/urdf/open_manipulator.gazebo.xacro
-- Up-to-date: /home/bizare/Desktop/Robotics_System/install/open_manipulator_description/share/open_manipulator_description/urdf/materials.xacro
-- Up-to-date: /home/bizare/Desktop/Robotics_System/install/open_manipulator_description/share/open_manipulator_description/urdf/open_manipulator.urdf.xacro
-- Up-to-date: /home/bizare/Desktop/Robotics_System/install/open_manipulator_description/share/ament_index/resource_index/package_run_dependencies/open_manipulator_description
-- Up-to-date: /home/bizare/Desktop/Robotics_System/install/open_manipulator_description/share/ament_index/resource_index/parent_prefix_path/open_manipulator_description
-- Up-to-date: /home/bizare/Desktop/Robotics_System/install/open_manipulator_description/share/open_manipulator_description/environment/ament_prefix_path.sh
-- Up-to-date: /home/bizare/Desktop/Robotics_System/install/open_manipulator_description/share/open_manipulator_description/environment/ament_prefix_path.dsv
-- Up-to-date: /home/bizare/Desktop/Robotics_System/install/open_manipulator_description/share/open_manipulator_description/environment/path.sh
-- Up-to-date: /home/bizare/Desktop/Robotics_System/install/open_manipulator_description/share/open_manipulator_description/environment/path.dsv
-- Up-to-date: /home/bizare/Desktop/Robotics_System/install/open_manipulator_description/share/open_manipulator_description/local_setup.bash
-- Up-to-date: /home/bizare/Desktop/Robotics_System/install/open_manipulator_description/share/open_manipulator_description/local_setup.sh
-- Up-to-date: /home/bizare/Desktop/Robotics_System/install/open_manipulator_description/share/open_manipulator_description/local_setup.zsh
-- Up-to-date: /home/bizare/Desktop/Robotics_System/install/open_manipulator_description/share/open_manipulator_description/local_setup.dsv
-- Installing: /home/bizare/Desktop/Robotics_System/install/open_manipulator_description/share/open_manipulator_description/package.dsv
-- Up-to-date: /home/bizare/Desktop/Robotics_System/install/open_manipulator_description/share/ament_index/resource_index/packages/open_manipulator_description
-- Up-to-date: /home/bizare/Desktop/Robotics_System/install/open_manipulator_description/share/open_manipulator_description/cmake/open_manipulator_descriptionConfig.cmake
-- Up-to-date: /home/bizare/Desktop/Robotics_System/install/open_manipulator_description/share/open_manipulator_description/cmake/open_manipulator_descriptionConfig-version.cmake
-- Up-to-date: /home/bizare/Desktop/Robotics_System/install/open_manipulator_description/share/open_manipulator_description/package.xml
