[0.172s] DEBUG:colcon:Command line arguments: ['/usr/bin/colcon', 'build']
[0.172s] DEBUG:colcon:Parsed command line arguments: Namespace(allow_overriding=[], ament_cmake_args=None, base_paths=['.'], build_base='build', catkin_cmake_args=None, catkin_skip_building_tests=False, cmake_args=None, cmake_clean_cache=False, cmake_clean_first=False, cmake_force_configure=False, cmake_target=None, cmake_target_skip_unavailable=False, continue_on_error=False, event_handlers=None, executor='parallel', ignore_user_meta=False, install_base='install', log_base=None, log_level=None, main=<bound method BuildVerb.main of <colcon_core.verb.build.BuildVerb object at 0x7f7ecd2e5250>>, merge_install=False, metas=['./colcon.meta'], packages_above=None, packages_above_and_dependencies=None, packages_above_depth=None, packages_end=None, packages_ignore=None, packages_ignore_regex=None, packages_select=None, packages_select_build_failed=False, packages_select_by_dep=None, packages_select_regex=None, packages_select_test_failures=False, packages_skip=None, packages_skip_build_finished=False, packages_skip_by_dep=None, packages_skip_regex=None, packages_skip_test_passed=False, packages_skip_up_to=None, packages_start=None, packages_up_to=None, packages_up_to_regex=None, parallel_workers=8, paths=None, symlink_install=False, test_result_base=None, verb_extension=<colcon_core.verb.build.BuildVerb object at 0x7f7ecd2e5250>, verb_name='build', verb_parser=<colcon_defaults.argument_parser.defaults.DefaultArgumentsDecorator object at 0x7f7ecd1b0400>)
[0.300s] Level 1:colcon.colcon_core.package_discovery:discover_packages(colcon_meta) check parameters
[0.301s] Level 1:colcon.colcon_core.package_discovery:discover_packages(recursive) check parameters
[0.301s] Level 1:colcon.colcon_core.package_discovery:discover_packages(ignore) check parameters
[0.301s] Level 1:colcon.colcon_core.package_discovery:discover_packages(path) check parameters
[0.301s] Level 1:colcon.colcon_core.package_discovery:discover_packages(colcon_meta) discover
[0.301s] Level 1:colcon.colcon_core.package_discovery:discover_packages(recursive) discover
[0.301s] INFO:colcon.colcon_core.package_discovery:Crawling recursively for packages in '/home/bizare/Desktop/Robotics_System'
[0.301s] Level 1:colcon.colcon_core.package_identification:_identify(.) by extensions ['ignore', 'ignore_ament_install']
[0.301s] Level 1:colcon.colcon_core.package_identification:_identify(.) by extension 'ignore'
[0.301s] Level 1:colcon.colcon_core.package_identification:_identify(.) by extension 'ignore_ament_install'
[0.301s] Level 1:colcon.colcon_core.package_identification:_identify(.) by extensions ['colcon_pkg']
[0.301s] Level 1:colcon.colcon_core.package_identification:_identify(.) by extension 'colcon_pkg'
[0.301s] Level 1:colcon.colcon_core.package_identification:_identify(.) by extensions ['colcon_meta']
[0.301s] Level 1:colcon.colcon_core.package_identification:_identify(.) by extension 'colcon_meta'
[0.301s] Level 1:colcon.colcon_core.package_identification:_identify(.) by extensions ['ros']
[0.301s] Level 1:colcon.colcon_core.package_identification:_identify(.) by extension 'ros'
[0.312s] Level 1:colcon.colcon_core.package_identification:_identify(.) by extensions ['cmake', 'python']
[0.312s] Level 1:colcon.colcon_core.package_identification:_identify(.) by extension 'cmake'
[0.312s] Level 1:colcon.colcon_core.package_identification:_identify(.) by extension 'python'
[0.312s] Level 1:colcon.colcon_core.package_identification:_identify(.) by extensions ['python_setup_py']
[0.312s] Level 1:colcon.colcon_core.package_identification:_identify(.) by extension 'python_setup_py'
[0.313s] Level 1:colcon.colcon_core.package_identification:_identify(build) by extensions ['ignore', 'ignore_ament_install']
[0.313s] Level 1:colcon.colcon_core.package_identification:_identify(build) by extension 'ignore'
[0.313s] Level 1:colcon.colcon_core.package_identification:_identify(build) ignored
[0.313s] Level 1:colcon.colcon_core.package_identification:_identify(cw1q4) by extensions ['ignore', 'ignore_ament_install']
[0.313s] Level 1:colcon.colcon_core.package_identification:_identify(cw1q4) by extension 'ignore'
[0.313s] Level 1:colcon.colcon_core.package_identification:_identify(cw1q4) by extension 'ignore_ament_install'
[0.313s] Level 1:colcon.colcon_core.package_identification:_identify(cw1q4) by extensions ['colcon_pkg']
[0.313s] Level 1:colcon.colcon_core.package_identification:_identify(cw1q4) by extension 'colcon_pkg'
[0.313s] Level 1:colcon.colcon_core.package_identification:_identify(cw1q4) by extensions ['colcon_meta']
[0.313s] Level 1:colcon.colcon_core.package_identification:_identify(cw1q4) by extension 'colcon_meta'
[0.313s] Level 1:colcon.colcon_core.package_identification:_identify(cw1q4) by extensions ['ros']
[0.314s] Level 1:colcon.colcon_core.package_identification:_identify(cw1q4) by extension 'ros'
[0.316s] DEBUG:colcon.colcon_core.package_identification:Package 'cw1q4' with type 'ros.ament_python' and name 'cw1q4'
[0.316s] Level 1:colcon.colcon_core.package_identification:_identify(cw1q4_interfaces) by extensions ['ignore', 'ignore_ament_install']
[0.316s] Level 1:colcon.colcon_core.package_identification:_identify(cw1q4_interfaces) by extension 'ignore'
[0.316s] Level 1:colcon.colcon_core.package_identification:_identify(cw1q4_interfaces) by extension 'ignore_ament_install'
[0.316s] Level 1:colcon.colcon_core.package_identification:_identify(cw1q4_interfaces) by extensions ['colcon_pkg']
[0.316s] Level 1:colcon.colcon_core.package_identification:_identify(cw1q4_interfaces) by extension 'colcon_pkg'
[0.316s] Level 1:colcon.colcon_core.package_identification:_identify(cw1q4_interfaces) by extensions ['colcon_meta']
[0.316s] Level 1:colcon.colcon_core.package_identification:_identify(cw1q4_interfaces) by extension 'colcon_meta'
[0.316s] Level 1:colcon.colcon_core.package_identification:_identify(cw1q4_interfaces) by extensions ['ros']
[0.317s] Level 1:colcon.colcon_core.package_identification:_identify(cw1q4_interfaces) by extension 'ros'
[0.317s] DEBUG:colcon.colcon_core.package_identification:Package 'cw1q4_interfaces' with type 'ros.ament_cmake' and name 'cw1q4_interfaces'
[0.317s] Level 1:colcon.colcon_core.package_identification:_identify(cw1q5) by extensions ['ignore', 'ignore_ament_install']
[0.317s] Level 1:colcon.colcon_core.package_identification:_identify(cw1q5) by extension 'ignore'
[0.317s] Level 1:colcon.colcon_core.package_identification:_identify(cw1q5) by extension 'ignore_ament_install'
[0.317s] Level 1:colcon.colcon_core.package_identification:_identify(cw1q5) by extensions ['colcon_pkg']
[0.317s] Level 1:colcon.colcon_core.package_identification:_identify(cw1q5) by extension 'colcon_pkg'
[0.318s] Level 1:colcon.colcon_core.package_identification:_identify(cw1q5) by extensions ['colcon_meta']
[0.318s] Level 1:colcon.colcon_core.package_identification:_identify(cw1q5) by extension 'colcon_meta'
[0.318s] Level 1:colcon.colcon_core.package_identification:_identify(cw1q5) by extensions ['ros']
[0.318s] Level 1:colcon.colcon_core.package_identification:_identify(cw1q5) by extension 'ros'
[0.318s] DEBUG:colcon.colcon_core.package_identification:Package 'cw1q5' with type 'ros.ament_python' and name 'cw1q5'
[0.318s] Level 1:colcon.colcon_core.package_identification:_identify(cw1q9) by extensions ['ignore', 'ignore_ament_install']
[0.318s] Level 1:colcon.colcon_core.package_identification:_identify(cw1q9) by extension 'ignore'
[0.319s] Level 1:colcon.colcon_core.package_identification:_identify(cw1q9) by extension 'ignore_ament_install'
[0.319s] Level 1:colcon.colcon_core.package_identification:_identify(cw1q9) by extensions ['colcon_pkg']
[0.319s] Level 1:colcon.colcon_core.package_identification:_identify(cw1q9) by extension 'colcon_pkg'
[0.319s] Level 1:colcon.colcon_core.package_identification:_identify(cw1q9) by extensions ['colcon_meta']
[0.319s] Level 1:colcon.colcon_core.package_identification:_identify(cw1q9) by extension 'colcon_meta'
[0.319s] Level 1:colcon.colcon_core.package_identification:_identify(cw1q9) by extensions ['ros']
[0.319s] Level 1:colcon.colcon_core.package_identification:_identify(cw1q9) by extension 'ros'
[0.320s] DEBUG:colcon.colcon_core.package_identification:Package 'cw1q9' with type 'ros.ament_python' and name 'cw1q9'
[0.320s] Level 1:colcon.colcon_core.package_identification:_identify(install) by extensions ['ignore', 'ignore_ament_install']
[0.320s] Level 1:colcon.colcon_core.package_identification:_identify(install) by extension 'ignore'
[0.320s] Level 1:colcon.colcon_core.package_identification:_identify(install) ignored
[0.320s] Level 1:colcon.colcon_core.package_identification:_identify(log) by extensions ['ignore', 'ignore_ament_install']
[0.320s] Level 1:colcon.colcon_core.package_identification:_identify(log) by extension 'ignore'
[0.320s] Level 1:colcon.colcon_core.package_identification:_identify(log) ignored
[0.320s] Level 1:colcon.colcon_core.package_identification:_identify(pic) by extensions ['ignore', 'ignore_ament_install']
[0.320s] Level 1:colcon.colcon_core.package_identification:_identify(pic) by extension 'ignore'
[0.321s] Level 1:colcon.colcon_core.package_identification:_identify(pic) by extension 'ignore_ament_install'
[0.321s] Level 1:colcon.colcon_core.package_identification:_identify(pic) by extensions ['colcon_pkg']
[0.321s] Level 1:colcon.colcon_core.package_identification:_identify(pic) by extension 'colcon_pkg'
[0.321s] Level 1:colcon.colcon_core.package_identification:_identify(pic) by extensions ['colcon_meta']
[0.321s] Level 1:colcon.colcon_core.package_identification:_identify(pic) by extension 'colcon_meta'
[0.321s] Level 1:colcon.colcon_core.package_identification:_identify(pic) by extensions ['ros']
[0.321s] Level 1:colcon.colcon_core.package_identification:_identify(pic) by extension 'ros'
[0.321s] Level 1:colcon.colcon_core.package_identification:_identify(pic) by extensions ['cmake', 'python']
[0.321s] Level 1:colcon.colcon_core.package_identification:_identify(pic) by extension 'cmake'
[0.321s] Level 1:colcon.colcon_core.package_identification:_identify(pic) by extension 'python'
[0.321s] Level 1:colcon.colcon_core.package_identification:_identify(pic) by extensions ['python_setup_py']
[0.321s] Level 1:colcon.colcon_core.package_identification:_identify(pic) by extension 'python_setup_py'
[0.321s] Level 1:colcon.colcon_core.package_identification:_identify(robot_description) by extensions ['ignore', 'ignore_ament_install']
[0.321s] Level 1:colcon.colcon_core.package_identification:_identify(robot_description) by extension 'ignore'
[0.321s] Level 1:colcon.colcon_core.package_identification:_identify(robot_description) by extension 'ignore_ament_install'
[0.321s] Level 1:colcon.colcon_core.package_identification:_identify(robot_description) by extensions ['colcon_pkg']
[0.322s] Level 1:colcon.colcon_core.package_identification:_identify(robot_description) by extension 'colcon_pkg'
[0.322s] Level 1:colcon.colcon_core.package_identification:_identify(robot_description) by extensions ['colcon_meta']
[0.322s] Level 1:colcon.colcon_core.package_identification:_identify(robot_description) by extension 'colcon_meta'
[0.322s] Level 1:colcon.colcon_core.package_identification:_identify(robot_description) by extensions ['ros']
[0.322s] Level 1:colcon.colcon_core.package_identification:_identify(robot_description) by extension 'ros'
[0.322s] Level 1:colcon.colcon_core.package_identification:_identify(robot_description) by extensions ['cmake', 'python']
[0.322s] Level 1:colcon.colcon_core.package_identification:_identify(robot_description) by extension 'cmake'
[0.322s] Level 1:colcon.colcon_core.package_identification:_identify(robot_description) by extension 'python'
[0.322s] Level 1:colcon.colcon_core.package_identification:_identify(robot_description) by extensions ['python_setup_py']
[0.322s] Level 1:colcon.colcon_core.package_identification:_identify(robot_description) by extension 'python_setup_py'
[0.322s] Level 1:colcon.colcon_core.package_identification:_identify(robot_description/open_manipulator_description) by extensions ['ignore', 'ignore_ament_install']
[0.322s] Level 1:colcon.colcon_core.package_identification:_identify(robot_description/open_manipulator_description) by extension 'ignore'
[0.322s] Level 1:colcon.colcon_core.package_identification:_identify(robot_description/open_manipulator_description) by extension 'ignore_ament_install'
[0.322s] Level 1:colcon.colcon_core.package_identification:_identify(robot_description/open_manipulator_description) by extensions ['colcon_pkg']
[0.322s] Level 1:colcon.colcon_core.package_identification:_identify(robot_description/open_manipulator_description) by extension 'colcon_pkg'
[0.322s] Level 1:colcon.colcon_core.package_identification:_identify(robot_description/open_manipulator_description) by extensions ['colcon_meta']
[0.322s] Level 1:colcon.colcon_core.package_identification:_identify(robot_description/open_manipulator_description) by extension 'colcon_meta'
[0.322s] Level 1:colcon.colcon_core.package_identification:_identify(robot_description/open_manipulator_description) by extensions ['ros']
[0.322s] Level 1:colcon.colcon_core.package_identification:_identify(robot_description/open_manipulator_description) by extension 'ros'
[0.323s] DEBUG:colcon.colcon_core.package_identification:Package 'robot_description/open_manipulator_description' with type 'ros.ament_cmake' and name 'open_manipulator_description'
[0.323s] Level 1:colcon.colcon_core.package_identification:_identify(robot_description/youbot_description) by extensions ['ignore', 'ignore_ament_install']
[0.324s] Level 1:colcon.colcon_core.package_identification:_identify(robot_description/youbot_description) by extension 'ignore'
[0.324s] Level 1:colcon.colcon_core.package_identification:_identify(robot_description/youbot_description) by extension 'ignore_ament_install'
[0.324s] Level 1:colcon.colcon_core.package_identification:_identify(robot_description/youbot_description) by extensions ['colcon_pkg']
[0.324s] Level 1:colcon.colcon_core.package_identification:_identify(robot_description/youbot_description) by extension 'colcon_pkg'
[0.324s] Level 1:colcon.colcon_core.package_identification:_identify(robot_description/youbot_description) by extensions ['colcon_meta']
[0.324s] Level 1:colcon.colcon_core.package_identification:_identify(robot_description/youbot_description) by extension 'colcon_meta'
[0.324s] Level 1:colcon.colcon_core.package_identification:_identify(robot_description/youbot_description) by extensions ['ros']
[0.324s] Level 1:colcon.colcon_core.package_identification:_identify(robot_description/youbot_description) by extension 'ros'
[0.324s] DEBUG:colcon.colcon_core.package_identification:Package 'robot_description/youbot_description' with type 'ros.ament_cmake' and name 'youbot_description'
[0.325s] Level 1:colcon.colcon_core.package_identification:_identify(youbot_simulator) by extensions ['ignore', 'ignore_ament_install']
[0.325s] Level 1:colcon.colcon_core.package_identification:_identify(youbot_simulator) by extension 'ignore'
[0.325s] Level 1:colcon.colcon_core.package_identification:_identify(youbot_simulator) by extension 'ignore_ament_install'
[0.325s] Level 1:colcon.colcon_core.package_identification:_identify(youbot_simulator) by extensions ['colcon_pkg']
[0.325s] Level 1:colcon.colcon_core.package_identification:_identify(youbot_simulator) by extension 'colcon_pkg'
[0.325s] Level 1:colcon.colcon_core.package_identification:_identify(youbot_simulator) by extensions ['colcon_meta']
[0.325s] Level 1:colcon.colcon_core.package_identification:_identify(youbot_simulator) by extension 'colcon_meta'
[0.325s] Level 1:colcon.colcon_core.package_identification:_identify(youbot_simulator) by extensions ['ros']
[0.325s] Level 1:colcon.colcon_core.package_identification:_identify(youbot_simulator) by extension 'ros'
[0.326s] DEBUG:colcon.colcon_core.package_identification:Package 'youbot_simulator' with type 'ros.ament_cmake' and name 'youbot_simulator'
[0.326s] Level 1:colcon.colcon_core.package_discovery:discover_packages(recursive) using defaults
[0.326s] Level 1:colcon.colcon_core.package_discovery:discover_packages(ignore) discover
[0.326s] Level 1:colcon.colcon_core.package_discovery:discover_packages(ignore) using defaults
[0.326s] Level 1:colcon.colcon_core.package_discovery:discover_packages(path) discover
[0.326s] Level 1:colcon.colcon_core.package_discovery:discover_packages(path) using defaults
[0.341s] Level 1:colcon.colcon_core.package_discovery:discover_packages(prefix_path) check parameters
[0.341s] Level 1:colcon.colcon_core.package_discovery:discover_packages(prefix_path) discover
[0.343s] DEBUG:colcon.colcon_installed_package_information.package_discovery:Found 7 installed packages in /home/bizare/Desktop/Robotics_System/install
[0.344s] DEBUG:colcon.colcon_installed_package_information.package_discovery:Found 267 installed packages in /opt/ros/foxy
[0.345s] Level 1:colcon.colcon_core.package_discovery:discover_packages(prefix_path) using defaults
[0.407s] Level 5:colcon.colcon_core.verb:set package 'cw1q4' build argument 'cmake_args' from command line to 'None'
[0.407s] Level 5:colcon.colcon_core.verb:set package 'cw1q4' build argument 'cmake_target' from command line to 'None'
[0.407s] Level 5:colcon.colcon_core.verb:set package 'cw1q4' build argument 'cmake_target_skip_unavailable' from command line to 'False'
[0.407s] Level 5:colcon.colcon_core.verb:set package 'cw1q4' build argument 'cmake_clean_cache' from command line to 'False'
[0.407s] Level 5:colcon.colcon_core.verb:set package 'cw1q4' build argument 'cmake_clean_first' from command line to 'False'
[0.407s] Level 5:colcon.colcon_core.verb:set package 'cw1q4' build argument 'cmake_force_configure' from command line to 'False'
[0.407s] Level 5:colcon.colcon_core.verb:set package 'cw1q4' build argument 'ament_cmake_args' from command line to 'None'
[0.407s] Level 5:colcon.colcon_core.verb:set package 'cw1q4' build argument 'catkin_cmake_args' from command line to 'None'
[0.407s] Level 5:colcon.colcon_core.verb:set package 'cw1q4' build argument 'catkin_skip_building_tests' from command line to 'False'
[0.407s] DEBUG:colcon.colcon_core.verb:Building package 'cw1q4' with the following arguments: {'ament_cmake_args': None, 'build_base': '/home/bizare/Desktop/Robotics_System/build/cw1q4', 'catkin_cmake_args': None, 'catkin_skip_building_tests': False, 'cmake_args': None, 'cmake_clean_cache': False, 'cmake_clean_first': False, 'cmake_force_configure': False, 'cmake_target': None, 'cmake_target_skip_unavailable': False, 'install_base': '/home/bizare/Desktop/Robotics_System/install/cw1q4', 'merge_install': False, 'path': '/home/bizare/Desktop/Robotics_System/cw1q4', 'symlink_install': False, 'test_result_base': None}
[0.407s] Level 5:colcon.colcon_core.verb:set package 'cw1q4_interfaces' build argument 'cmake_args' from command line to 'None'
[0.407s] Level 5:colcon.colcon_core.verb:set package 'cw1q4_interfaces' build argument 'cmake_target' from command line to 'None'
[0.407s] Level 5:colcon.colcon_core.verb:set package 'cw1q4_interfaces' build argument 'cmake_target_skip_unavailable' from command line to 'False'
[0.408s] Level 5:colcon.colcon_core.verb:set package 'cw1q4_interfaces' build argument 'cmake_clean_cache' from command line to 'False'
[0.408s] Level 5:colcon.colcon_core.verb:set package 'cw1q4_interfaces' build argument 'cmake_clean_first' from command line to 'False'
[0.408s] Level 5:colcon.colcon_core.verb:set package 'cw1q4_interfaces' build argument 'cmake_force_configure' from command line to 'False'
[0.408s] Level 5:colcon.colcon_core.verb:set package 'cw1q4_interfaces' build argument 'ament_cmake_args' from command line to 'None'
[0.408s] Level 5:colcon.colcon_core.verb:set package 'cw1q4_interfaces' build argument 'catkin_cmake_args' from command line to 'None'
[0.408s] Level 5:colcon.colcon_core.verb:set package 'cw1q4_interfaces' build argument 'catkin_skip_building_tests' from command line to 'False'
[0.408s] DEBUG:colcon.colcon_core.verb:Building package 'cw1q4_interfaces' with the following arguments: {'ament_cmake_args': None, 'build_base': '/home/bizare/Desktop/Robotics_System/build/cw1q4_interfaces', 'catkin_cmake_args': None, 'catkin_skip_building_tests': False, 'cmake_args': None, 'cmake_clean_cache': False, 'cmake_clean_first': False, 'cmake_force_configure': False, 'cmake_target': None, 'cmake_target_skip_unavailable': False, 'install_base': '/home/bizare/Desktop/Robotics_System/install/cw1q4_interfaces', 'merge_install': False, 'path': '/home/bizare/Desktop/Robotics_System/cw1q4_interfaces', 'symlink_install': False, 'test_result_base': None}
[0.408s] Level 5:colcon.colcon_core.verb:set package 'cw1q9' build argument 'cmake_args' from command line to 'None'
[0.408s] Level 5:colcon.colcon_core.verb:set package 'cw1q9' build argument 'cmake_target' from command line to 'None'
[0.408s] Level 5:colcon.colcon_core.verb:set package 'cw1q9' build argument 'cmake_target_skip_unavailable' from command line to 'False'
[0.408s] Level 5:colcon.colcon_core.verb:set package 'cw1q9' build argument 'cmake_clean_cache' from command line to 'False'
[0.408s] Level 5:colcon.colcon_core.verb:set package 'cw1q9' build argument 'cmake_clean_first' from command line to 'False'
[0.408s] Level 5:colcon.colcon_core.verb:set package 'cw1q9' build argument 'cmake_force_configure' from command line to 'False'
[0.408s] Level 5:colcon.colcon_core.verb:set package 'cw1q9' build argument 'ament_cmake_args' from command line to 'None'
[0.408s] Level 5:colcon.colcon_core.verb:set package 'cw1q9' build argument 'catkin_cmake_args' from command line to 'None'
[0.408s] Level 5:colcon.colcon_core.verb:set package 'cw1q9' build argument 'catkin_skip_building_tests' from command line to 'False'
[0.408s] DEBUG:colcon.colcon_core.verb:Building package 'cw1q9' with the following arguments: {'ament_cmake_args': None, 'build_base': '/home/bizare/Desktop/Robotics_System/build/cw1q9', 'catkin_cmake_args': None, 'catkin_skip_building_tests': False, 'cmake_args': None, 'cmake_clean_cache': False, 'cmake_clean_first': False, 'cmake_force_configure': False, 'cmake_target': None, 'cmake_target_skip_unavailable': False, 'install_base': '/home/bizare/Desktop/Robotics_System/install/cw1q9', 'merge_install': False, 'path': '/home/bizare/Desktop/Robotics_System/cw1q9', 'symlink_install': False, 'test_result_base': None}
[0.408s] Level 5:colcon.colcon_core.verb:set package 'open_manipulator_description' build argument 'cmake_args' from command line to 'None'
[0.409s] Level 5:colcon.colcon_core.verb:set package 'open_manipulator_description' build argument 'cmake_target' from command line to 'None'
[0.409s] Level 5:colcon.colcon_core.verb:set package 'open_manipulator_description' build argument 'cmake_target_skip_unavailable' from command line to 'False'
[0.409s] Level 5:colcon.colcon_core.verb:set package 'open_manipulator_description' build argument 'cmake_clean_cache' from command line to 'False'
[0.409s] Level 5:colcon.colcon_core.verb:set package 'open_manipulator_description' build argument 'cmake_clean_first' from command line to 'False'
[0.409s] Level 5:colcon.colcon_core.verb:set package 'open_manipulator_description' build argument 'cmake_force_configure' from command line to 'False'
[0.409s] Level 5:colcon.colcon_core.verb:set package 'open_manipulator_description' build argument 'ament_cmake_args' from command line to 'None'
[0.409s] Level 5:colcon.colcon_core.verb:set package 'open_manipulator_description' build argument 'catkin_cmake_args' from command line to 'None'
[0.409s] Level 5:colcon.colcon_core.verb:set package 'open_manipulator_description' build argument 'catkin_skip_building_tests' from command line to 'False'
[0.409s] DEBUG:colcon.colcon_core.verb:Building package 'open_manipulator_description' with the following arguments: {'ament_cmake_args': None, 'build_base': '/home/bizare/Desktop/Robotics_System/build/open_manipulator_description', 'catkin_cmake_args': None, 'catkin_skip_building_tests': False, 'cmake_args': None, 'cmake_clean_cache': False, 'cmake_clean_first': False, 'cmake_force_configure': False, 'cmake_target': None, 'cmake_target_skip_unavailable': False, 'install_base': '/home/bizare/Desktop/Robotics_System/install/open_manipulator_description', 'merge_install': False, 'path': '/home/bizare/Desktop/Robotics_System/robot_description/open_manipulator_description', 'symlink_install': False, 'test_result_base': None}
[0.409s] Level 5:colcon.colcon_core.verb:set package 'youbot_description' build argument 'cmake_args' from command line to 'None'
[0.409s] Level 5:colcon.colcon_core.verb:set package 'youbot_description' build argument 'cmake_target' from command line to 'None'
[0.409s] Level 5:colcon.colcon_core.verb:set package 'youbot_description' build argument 'cmake_target_skip_unavailable' from command line to 'False'
[0.409s] Level 5:colcon.colcon_core.verb:set package 'youbot_description' build argument 'cmake_clean_cache' from command line to 'False'
[0.409s] Level 5:colcon.colcon_core.verb:set package 'youbot_description' build argument 'cmake_clean_first' from command line to 'False'
[0.409s] Level 5:colcon.colcon_core.verb:set package 'youbot_description' build argument 'cmake_force_configure' from command line to 'False'
[0.409s] Level 5:colcon.colcon_core.verb:set package 'youbot_description' build argument 'ament_cmake_args' from command line to 'None'
[0.409s] Level 5:colcon.colcon_core.verb:set package 'youbot_description' build argument 'catkin_cmake_args' from command line to 'None'
[0.409s] Level 5:colcon.colcon_core.verb:set package 'youbot_description' build argument 'catkin_skip_building_tests' from command line to 'False'
[0.409s] DEBUG:colcon.colcon_core.verb:Building package 'youbot_description' with the following arguments: {'ament_cmake_args': None, 'build_base': '/home/bizare/Desktop/Robotics_System/build/youbot_description', 'catkin_cmake_args': None, 'catkin_skip_building_tests': False, 'cmake_args': None, 'cmake_clean_cache': False, 'cmake_clean_first': False, 'cmake_force_configure': False, 'cmake_target': None, 'cmake_target_skip_unavailable': False, 'install_base': '/home/bizare/Desktop/Robotics_System/install/youbot_description', 'merge_install': False, 'path': '/home/bizare/Desktop/Robotics_System/robot_description/youbot_description', 'symlink_install': False, 'test_result_base': None}
[0.410s] Level 5:colcon.colcon_core.verb:set package 'youbot_simulator' build argument 'cmake_args' from command line to 'None'
[0.410s] Level 5:colcon.colcon_core.verb:set package 'youbot_simulator' build argument 'cmake_target' from command line to 'None'
[0.410s] Level 5:colcon.colcon_core.verb:set package 'youbot_simulator' build argument 'cmake_target_skip_unavailable' from command line to 'False'
[0.410s] Level 5:colcon.colcon_core.verb:set package 'youbot_simulator' build argument 'cmake_clean_cache' from command line to 'False'
[0.410s] Level 5:colcon.colcon_core.verb:set package 'youbot_simulator' build argument 'cmake_clean_first' from command line to 'False'
[0.410s] Level 5:colcon.colcon_core.verb:set package 'youbot_simulator' build argument 'cmake_force_configure' from command line to 'False'
[0.410s] Level 5:colcon.colcon_core.verb:set package 'youbot_simulator' build argument 'ament_cmake_args' from command line to 'None'
[0.410s] Level 5:colcon.colcon_core.verb:set package 'youbot_simulator' build argument 'catkin_cmake_args' from command line to 'None'
[0.410s] Level 5:colcon.colcon_core.verb:set package 'youbot_simulator' build argument 'catkin_skip_building_tests' from command line to 'False'
[0.410s] DEBUG:colcon.colcon_core.verb:Building package 'youbot_simulator' with the following arguments: {'ament_cmake_args': None, 'build_base': '/home/bizare/Desktop/Robotics_System/build/youbot_simulator', 'catkin_cmake_args': None, 'catkin_skip_building_tests': False, 'cmake_args': None, 'cmake_clean_cache': False, 'cmake_clean_first': False, 'cmake_force_configure': False, 'cmake_target': None, 'cmake_target_skip_unavailable': False, 'install_base': '/home/bizare/Desktop/Robotics_System/install/youbot_simulator', 'merge_install': False, 'path': '/home/bizare/Desktop/Robotics_System/youbot_simulator', 'symlink_install': False, 'test_result_base': None}
[0.410s] Level 5:colcon.colcon_core.verb:set package 'cw1q5' build argument 'cmake_args' from command line to 'None'
[0.410s] Level 5:colcon.colcon_core.verb:set package 'cw1q5' build argument 'cmake_target' from command line to 'None'
[0.410s] Level 5:colcon.colcon_core.verb:set package 'cw1q5' build argument 'cmake_target_skip_unavailable' from command line to 'False'
[0.410s] Level 5:colcon.colcon_core.verb:set package 'cw1q5' build argument 'cmake_clean_cache' from command line to 'False'
[0.410s] Level 5:colcon.colcon_core.verb:set package 'cw1q5' build argument 'cmake_clean_first' from command line to 'False'
[0.411s] Level 5:colcon.colcon_core.verb:set package 'cw1q5' build argument 'cmake_force_configure' from command line to 'False'
[0.411s] Level 5:colcon.colcon_core.verb:set package 'cw1q5' build argument 'ament_cmake_args' from command line to 'None'
[0.411s] Level 5:colcon.colcon_core.verb:set package 'cw1q5' build argument 'catkin_cmake_args' from command line to 'None'
[0.411s] Level 5:colcon.colcon_core.verb:set package 'cw1q5' build argument 'catkin_skip_building_tests' from command line to 'False'
[0.411s] DEBUG:colcon.colcon_core.verb:Building package 'cw1q5' with the following arguments: {'ament_cmake_args': None, 'build_base': '/home/bizare/Desktop/Robotics_System/build/cw1q5', 'catkin_cmake_args': None, 'catkin_skip_building_tests': False, 'cmake_args': None, 'cmake_clean_cache': False, 'cmake_clean_first': False, 'cmake_force_configure': False, 'cmake_target': None, 'cmake_target_skip_unavailable': False, 'install_base': '/home/bizare/Desktop/Robotics_System/install/cw1q5', 'merge_install': False, 'path': '/home/bizare/Desktop/Robotics_System/cw1q5', 'symlink_install': False, 'test_result_base': None}
[0.411s] INFO:colcon.colcon_core.executor:Executing jobs using 'parallel' executor
[0.412s] DEBUG:colcon.colcon_parallel_executor.executor.parallel:run_until_complete
[0.412s] INFO:colcon.colcon_ros.task.ament_cmake.build:Building ROS package in '/home/bizare/Desktop/Robotics_System/robot_description/youbot_description' with build type 'ament_cmake'
[0.413s] INFO:colcon.colcon_cmake.task.cmake.build:Building CMake package in '/home/bizare/Desktop/Robotics_System/robot_description/youbot_description'
[0.416s] INFO:colcon.colcon_core.plugin_system:Skipping extension 'colcon_core.shell.bat': Not used on non-Windows systems
[0.416s] INFO:colcon.colcon_core.shell:Skip shell extension 'powershell' for command environment: Not usable outside of PowerShell
[0.416s] DEBUG:colcon.colcon_core.shell:Skip shell extension 'dsv' for command environment
[0.422s] INFO:colcon.colcon_ros.task.ament_python.build:Building ROS package in '/home/bizare/Desktop/Robotics_System/cw1q4' with build type 'ament_python'
[0.423s] Level 1:colcon.colcon_core.shell:create_environment_hook('cw1q4', 'ament_prefix_path')
[0.423s] INFO:colcon.colcon_core.shell:Creating environment hook '/home/bizare/Desktop/Robotics_System/install/cw1q4/share/cw1q4/hook/ament_prefix_path.ps1'
[0.425s] INFO:colcon.colcon_core.shell:Creating environment descriptor '/home/bizare/Desktop/Robotics_System/install/cw1q4/share/cw1q4/hook/ament_prefix_path.dsv'
[0.425s] INFO:colcon.colcon_core.shell:Creating environment hook '/home/bizare/Desktop/Robotics_System/install/cw1q4/share/cw1q4/hook/ament_prefix_path.sh'
[0.426s] INFO:colcon.colcon_core.shell:Skip shell extension 'powershell' for command environment: Not usable outside of PowerShell
[0.426s] DEBUG:colcon.colcon_core.shell:Skip shell extension 'dsv' for command environment
[0.431s] INFO:colcon.colcon_ros.task.ament_cmake.build:Building ROS package in '/home/bizare/Desktop/Robotics_System/cw1q4_interfaces' with build type 'ament_cmake'
[0.432s] INFO:colcon.colcon_cmake.task.cmake.build:Building CMake package in '/home/bizare/Desktop/Robotics_System/cw1q4_interfaces'
[0.432s] INFO:colcon.colcon_core.shell:Skip shell extension 'powershell' for command environment: Not usable outside of PowerShell
[0.432s] DEBUG:colcon.colcon_core.shell:Skip shell extension 'dsv' for command environment
[0.437s] INFO:colcon.colcon_ros.task.ament_python.build:Building ROS package in '/home/bizare/Desktop/Robotics_System/cw1q9' with build type 'ament_python'
[0.437s] Level 1:colcon.colcon_core.shell:create_environment_hook('cw1q9', 'ament_prefix_path')
[0.438s] INFO:colcon.colcon_core.shell:Creating environment hook '/home/bizare/Desktop/Robotics_System/install/cw1q9/share/cw1q9/hook/ament_prefix_path.ps1'
[0.438s] INFO:colcon.colcon_core.shell:Creating environment descriptor '/home/bizare/Desktop/Robotics_System/install/cw1q9/share/cw1q9/hook/ament_prefix_path.dsv'
[0.439s] INFO:colcon.colcon_core.shell:Creating environment hook '/home/bizare/Desktop/Robotics_System/install/cw1q9/share/cw1q9/hook/ament_prefix_path.sh'
[0.439s] INFO:colcon.colcon_core.shell:Skip shell extension 'powershell' for command environment: Not usable outside of PowerShell
[0.439s] DEBUG:colcon.colcon_core.shell:Skip shell extension 'dsv' for command environment
[0.444s] INFO:colcon.colcon_ros.task.ament_cmake.build:Building ROS package in '/home/bizare/Desktop/Robotics_System/robot_description/open_manipulator_description' with build type 'ament_cmake'
[0.445s] INFO:colcon.colcon_cmake.task.cmake.build:Building CMake package in '/home/bizare/Desktop/Robotics_System/robot_description/open_manipulator_description'
[0.445s] INFO:colcon.colcon_core.shell:Skip shell extension 'powershell' for command environment: Not usable outside of PowerShell
[0.445s] DEBUG:colcon.colcon_core.shell:Skip shell extension 'dsv' for command environment
[0.462s] DEBUG:colcon.colcon_core.event_handler.log_command:Invoking command in '/home/bizare/Desktop/Robotics_System/build/youbot_description': CMAKE_PREFIX_PATH=/home/bizare/Desktop/Robotics_System/install/youbot_simulator:/home/bizare/Desktop/Robotics_System/install/cw1q5:/home/bizare/Desktop/Robotics_System/install/cw1q9:/home/bizare/Desktop/Robotics_System/install/cw1q4:/opt/ros/foxy:/home/bizare/Desktop/Robotics_System/install/youbot_description:/home/bizare/Desktop/Robotics_System/install/open_manipulator_description:/home/bizare/Desktop/Robotics_System/install/cw1q4_interfaces /usr/bin/cmake --build /home/bizare/Desktop/Robotics_System/build/youbot_description -- -j8 -l8
[0.665s] INFO:colcon.colcon_core.task.python.build:Building Python package in '/home/bizare/Desktop/Robotics_System/cw1q4'
[0.666s] INFO:colcon.colcon_core.shell:Skip shell extension 'powershell' for command environment: Not usable outside of PowerShell
[0.666s] DEBUG:colcon.colcon_core.shell:Skip shell extension 'dsv' for command environment
[0.679s] DEBUG:colcon.colcon_core.event_handler.log_command:Invoking command in '/home/bizare/Desktop/Robotics_System/build/cw1q4_interfaces': CMAKE_PREFIX_PATH=/home/bizare/Desktop/Robotics_System/install/youbot_simulator:/home/bizare/Desktop/Robotics_System/install/cw1q5:/home/bizare/Desktop/Robotics_System/install/cw1q9:/home/bizare/Desktop/Robotics_System/install/cw1q4:/opt/ros/foxy:/home/bizare/Desktop/Robotics_System/install/youbot_description:/home/bizare/Desktop/Robotics_System/install/open_manipulator_description:/home/bizare/Desktop/Robotics_System/install/cw1q4_interfaces /usr/bin/cmake --build /home/bizare/Desktop/Robotics_System/build/cw1q4_interfaces -- -j8 -l8
[0.902s] INFO:colcon.colcon_core.task.python.build:Building Python package in '/home/bizare/Desktop/Robotics_System/cw1q9'
[0.902s] INFO:colcon.colcon_core.shell:Skip shell extension 'powershell' for command environment: Not usable outside of PowerShell
[0.902s] DEBUG:colcon.colcon_core.shell:Skip shell extension 'dsv' for command environment
[0.925s] DEBUG:colcon.colcon_core.event_handler.log_command:Invoking command in '/home/bizare/Desktop/Robotics_System/build/open_manipulator_description': CMAKE_PREFIX_PATH=/home/bizare/Desktop/Robotics_System/install/youbot_simulator:/home/bizare/Desktop/Robotics_System/install/cw1q5:/home/bizare/Desktop/Robotics_System/install/cw1q9:/home/bizare/Desktop/Robotics_System/install/cw1q4:/opt/ros/foxy:/home/bizare/Desktop/Robotics_System/install/youbot_description:/home/bizare/Desktop/Robotics_System/install/open_manipulator_description:/home/bizare/Desktop/Robotics_System/install/cw1q4_interfaces /usr/bin/cmake --build /home/bizare/Desktop/Robotics_System/build/open_manipulator_description -- -j8 -l8
[0.927s] DEBUG:colcon.colcon_core.event_handler.log_command:Invoked command in '/home/bizare/Desktop/Robotics_System/build/youbot_description' returned '0': CMAKE_PREFIX_PATH=/home/bizare/Desktop/Robotics_System/install/youbot_simulator:/home/bizare/Desktop/Robotics_System/install/cw1q5:/home/bizare/Desktop/Robotics_System/install/cw1q9:/home/bizare/Desktop/Robotics_System/install/cw1q4:/opt/ros/foxy:/home/bizare/Desktop/Robotics_System/install/youbot_description:/home/bizare/Desktop/Robotics_System/install/open_manipulator_description:/home/bizare/Desktop/Robotics_System/install/cw1q4_interfaces /usr/bin/cmake --build /home/bizare/Desktop/Robotics_System/build/youbot_description -- -j8 -l8
[0.942s] DEBUG:colcon.colcon_core.event_handler.log_command:Invoking command in '/home/bizare/Desktop/Robotics_System/build/youbot_description': CMAKE_PREFIX_PATH=/home/bizare/Desktop/Robotics_System/install/youbot_simulator:/home/bizare/Desktop/Robotics_System/install/cw1q5:/home/bizare/Desktop/Robotics_System/install/cw1q9:/home/bizare/Desktop/Robotics_System/install/cw1q4:/opt/ros/foxy:/home/bizare/Desktop/Robotics_System/install/youbot_description:/home/bizare/Desktop/Robotics_System/install/open_manipulator_description:/home/bizare/Desktop/Robotics_System/install/cw1q4_interfaces /usr/bin/cmake --install /home/bizare/Desktop/Robotics_System/build/youbot_description
[0.963s] DEBUG:colcon.colcon_core.event_handler.log_command:Invoked command in '/home/bizare/Desktop/Robotics_System/build/cw1q4_interfaces' returned '0': CMAKE_PREFIX_PATH=/home/bizare/Desktop/Robotics_System/install/youbot_simulator:/home/bizare/Desktop/Robotics_System/install/cw1q5:/home/bizare/Desktop/Robotics_System/install/cw1q9:/home/bizare/Desktop/Robotics_System/install/cw1q4:/opt/ros/foxy:/home/bizare/Desktop/Robotics_System/install/youbot_description:/home/bizare/Desktop/Robotics_System/install/open_manipulator_description:/home/bizare/Desktop/Robotics_System/install/cw1q4_interfaces /usr/bin/cmake --build /home/bizare/Desktop/Robotics_System/build/cw1q4_interfaces -- -j8 -l8
[0.967s] DEBUG:colcon.colcon_core.event_handler.log_command:Invoking command in '/home/bizare/Desktop/Robotics_System/build/cw1q4_interfaces': CMAKE_PREFIX_PATH=/home/bizare/Desktop/Robotics_System/install/youbot_simulator:/home/bizare/Desktop/Robotics_System/install/cw1q5:/home/bizare/Desktop/Robotics_System/install/cw1q9:/home/bizare/Desktop/Robotics_System/install/cw1q4:/opt/ros/foxy:/home/bizare/Desktop/Robotics_System/install/youbot_description:/home/bizare/Desktop/Robotics_System/install/open_manipulator_description:/home/bizare/Desktop/Robotics_System/install/cw1q4_interfaces /usr/bin/cmake --install /home/bizare/Desktop/Robotics_System/build/cw1q4_interfaces
[0.972s] Level 1:colcon.colcon_core.environment:create_environment_scripts_only(youbot_description)
[0.974s] DEBUG:colcon.colcon_core.event_handler.log_command:Invoked command in '/home/bizare/Desktop/Robotics_System/build/youbot_description' returned '0': CMAKE_PREFIX_PATH=/home/bizare/Desktop/Robotics_System/install/youbot_simulator:/home/bizare/Desktop/Robotics_System/install/cw1q5:/home/bizare/Desktop/Robotics_System/install/cw1q9:/home/bizare/Desktop/Robotics_System/install/cw1q4:/opt/ros/foxy:/home/bizare/Desktop/Robotics_System/install/youbot_description:/home/bizare/Desktop/Robotics_System/install/open_manipulator_description:/home/bizare/Desktop/Robotics_System/install/cw1q4_interfaces /usr/bin/cmake --install /home/bizare/Desktop/Robotics_System/build/youbot_description
[0.975s] Level 1:colcon.colcon_core.environment:checking '/home/bizare/Desktop/Robotics_System/install/youbot_description' for CMake module files
[0.976s] Level 1:colcon.colcon_core.environment:checking '/home/bizare/Desktop/Robotics_System/install/youbot_description' for CMake config files
[0.976s] Level 1:colcon.colcon_core.shell:create_environment_hook('youbot_description', 'cmake_prefix_path')
[0.976s] INFO:colcon.colcon_core.shell:Creating environment hook '/home/bizare/Desktop/Robotics_System/install/youbot_description/share/youbot_description/hook/cmake_prefix_path.ps1'
[0.977s] INFO:colcon.colcon_core.shell:Creating environment descriptor '/home/bizare/Desktop/Robotics_System/install/youbot_description/share/youbot_description/hook/cmake_prefix_path.dsv'
[0.978s] INFO:colcon.colcon_core.shell:Creating environment hook '/home/bizare/Desktop/Robotics_System/install/youbot_description/share/youbot_description/hook/cmake_prefix_path.sh'
[0.980s] Level 1:colcon.colcon_core.environment:checking '/home/bizare/Desktop/Robotics_System/install/youbot_description/bin'
[0.980s] Level 1:colcon.colcon_core.environment:checking '/home/bizare/Desktop/Robotics_System/install/youbot_description/lib/pkgconfig/youbot_description.pc'
[0.980s] Level 1:colcon.colcon_core.environment:checking '/home/bizare/Desktop/Robotics_System/install/youbot_description/lib/python3.8/site-packages'
[0.981s] Level 1:colcon.colcon_core.environment:checking '/home/bizare/Desktop/Robotics_System/install/youbot_description/bin'
[0.981s] INFO:colcon.colcon_core.shell:Creating package script '/home/bizare/Desktop/Robotics_System/install/youbot_description/share/youbot_description/package.ps1'
[0.984s] INFO:colcon.colcon_core.shell:Creating package descriptor '/home/bizare/Desktop/Robotics_System/install/youbot_description/share/youbot_description/package.dsv'
[0.992s] INFO:colcon.colcon_core.shell:Creating package script '/home/bizare/Desktop/Robotics_System/install/youbot_description/share/youbot_description/package.sh'
[0.993s] INFO:colcon.colcon_core.shell:Creating package script '/home/bizare/Desktop/Robotics_System/install/youbot_description/share/youbot_description/package.bash'
[0.994s] INFO:colcon.colcon_core.shell:Creating package script '/home/bizare/Desktop/Robotics_System/install/youbot_description/share/youbot_description/package.zsh'
[0.994s] Level 1:colcon.colcon_core.environment:create_file_with_runtime_dependencies(/home/bizare/Desktop/Robotics_System/install/youbot_description/share/colcon-core/packages/youbot_description)
[0.995s] Level 1:colcon.colcon_core.environment:create_environment_scripts_only(youbot_description)
[0.995s] Level 1:colcon.colcon_core.environment:checking '/home/bizare/Desktop/Robotics_System/install/youbot_description' for CMake module files
[0.996s] Level 1:colcon.colcon_core.environment:checking '/home/bizare/Desktop/Robotics_System/install/youbot_description' for CMake config files
[0.996s] Level 1:colcon.colcon_core.shell:create_environment_hook('youbot_description', 'cmake_prefix_path')
[0.996s] INFO:colcon.colcon_core.shell:Creating environment hook '/home/bizare/Desktop/Robotics_System/install/youbot_description/share/youbot_description/hook/cmake_prefix_path.ps1'
[0.996s] INFO:colcon.colcon_core.shell:Creating environment descriptor '/home/bizare/Desktop/Robotics_System/install/youbot_description/share/youbot_description/hook/cmake_prefix_path.dsv'
[0.997s] INFO:colcon.colcon_core.shell:Creating environment hook '/home/bizare/Desktop/Robotics_System/install/youbot_description/share/youbot_description/hook/cmake_prefix_path.sh'
[0.999s] Level 1:colcon.colcon_core.environment:checking '/home/bizare/Desktop/Robotics_System/install/youbot_description/bin'
[0.999s] Level 1:colcon.colcon_core.environment:checking '/home/bizare/Desktop/Robotics_System/install/youbot_description/lib/pkgconfig/youbot_description.pc'
[0.999s] Level 1:colcon.colcon_core.environment:checking '/home/bizare/Desktop/Robotics_System/install/youbot_description/lib/python3.8/site-packages'
[1.000s] Level 1:colcon.colcon_core.environment:checking '/home/bizare/Desktop/Robotics_System/install/youbot_description/bin'
[1.000s] INFO:colcon.colcon_core.shell:Creating package script '/home/bizare/Desktop/Robotics_System/install/youbot_description/share/youbot_description/package.ps1'
[1.001s] INFO:colcon.colcon_core.shell:Creating package descriptor '/home/bizare/Desktop/Robotics_System/install/youbot_description/share/youbot_description/package.dsv'
[1.001s] INFO:colcon.colcon_core.shell:Creating package script '/home/bizare/Desktop/Robotics_System/install/youbot_description/share/youbot_description/package.sh'
[1.002s] INFO:colcon.colcon_core.shell:Creating package script '/home/bizare/Desktop/Robotics_System/install/youbot_description/share/youbot_description/package.bash'
[1.002s] INFO:colcon.colcon_core.shell:Creating package script '/home/bizare/Desktop/Robotics_System/install/youbot_description/share/youbot_description/package.zsh'
[1.002s] Level 1:colcon.colcon_core.environment:create_file_with_runtime_dependencies(/home/bizare/Desktop/Robotics_System/install/youbot_description/share/colcon-core/packages/youbot_description)
[1.007s] DEBUG:colcon.colcon_core.event_handler.log_command:Invoked command in '/home/bizare/Desktop/Robotics_System/build/open_manipulator_description' returned '0': CMAKE_PREFIX_PATH=/home/bizare/Desktop/Robotics_System/install/youbot_simulator:/home/bizare/Desktop/Robotics_System/install/cw1q5:/home/bizare/Desktop/Robotics_System/install/cw1q9:/home/bizare/Desktop/Robotics_System/install/cw1q4:/opt/ros/foxy:/home/bizare/Desktop/Robotics_System/install/youbot_description:/home/bizare/Desktop/Robotics_System/install/open_manipulator_description:/home/bizare/Desktop/Robotics_System/install/cw1q4_interfaces /usr/bin/cmake --build /home/bizare/Desktop/Robotics_System/build/open_manipulator_description -- -j8 -l8
[1.008s] DEBUG:colcon.colcon_core.event_handler.log_command:Invoking command in '/home/bizare/Desktop/Robotics_System/build/open_manipulator_description': CMAKE_PREFIX_PATH=/home/bizare/Desktop/Robotics_System/install/youbot_simulator:/home/bizare/Desktop/Robotics_System/install/cw1q5:/home/bizare/Desktop/Robotics_System/install/cw1q9:/home/bizare/Desktop/Robotics_System/install/cw1q4:/opt/ros/foxy:/home/bizare/Desktop/Robotics_System/install/youbot_description:/home/bizare/Desktop/Robotics_System/install/open_manipulator_description:/home/bizare/Desktop/Robotics_System/install/cw1q4_interfaces /usr/bin/cmake --install /home/bizare/Desktop/Robotics_System/build/open_manipulator_description
[1.009s] INFO:colcon.colcon_ros.task.ament_cmake.build:Building ROS package in '/home/bizare/Desktop/Robotics_System/youbot_simulator' with build type 'ament_cmake'
[1.009s] INFO:colcon.colcon_cmake.task.cmake.build:Building CMake package in '/home/bizare/Desktop/Robotics_System/youbot_simulator'
[1.009s] INFO:colcon.colcon_core.shell:Skip shell extension 'powershell' for command environment: Not usable outside of PowerShell
[1.009s] DEBUG:colcon.colcon_core.shell:Skip shell extension 'dsv' for command environment
[1.040s] Level 1:colcon.colcon_core.environment:create_environment_scripts_only(open_manipulator_description)
[1.041s] Level 1:colcon.colcon_core.environment:checking '/home/bizare/Desktop/Robotics_System/install/open_manipulator_description' for CMake module files
[1.046s] DEBUG:colcon.colcon_core.event_handler.log_command:Invoking command in '/home/bizare/Desktop/Robotics_System/build/youbot_simulator': CMAKE_PREFIX_PATH=/home/bizare/Desktop/Robotics_System/install/cw1q5:/home/bizare/Desktop/Robotics_System/install/cw1q9:/home/bizare/Desktop/Robotics_System/install/cw1q4:/opt/ros/foxy:/home/bizare/Desktop/Robotics_System/install/youbot_description:/home/bizare/Desktop/Robotics_System/install/youbot_simulator:/home/bizare/Desktop/Robotics_System/install/open_manipulator_description:/home/bizare/Desktop/Robotics_System/install/cw1q4_interfaces /usr/bin/cmake --build /home/bizare/Desktop/Robotics_System/build/youbot_simulator -- -j8 -l8
[1.047s] DEBUG:colcon.colcon_core.event_handler.log_command:Invoked command in '/home/bizare/Desktop/Robotics_System/build/open_manipulator_description' returned '0': CMAKE_PREFIX_PATH=/home/bizare/Desktop/Robotics_System/install/youbot_simulator:/home/bizare/Desktop/Robotics_System/install/cw1q5:/home/bizare/Desktop/Robotics_System/install/cw1q9:/home/bizare/Desktop/Robotics_System/install/cw1q4:/opt/ros/foxy:/home/bizare/Desktop/Robotics_System/install/youbot_description:/home/bizare/Desktop/Robotics_System/install/open_manipulator_description:/home/bizare/Desktop/Robotics_System/install/cw1q4_interfaces /usr/bin/cmake --install /home/bizare/Desktop/Robotics_System/build/open_manipulator_description
[1.047s] Level 1:colcon.colcon_core.environment:checking '/home/bizare/Desktop/Robotics_System/install/open_manipulator_description' for CMake config files
[1.047s] Level 1:colcon.colcon_core.shell:create_environment_hook('open_manipulator_description', 'cmake_prefix_path')
[1.047s] INFO:colcon.colcon_core.shell:Creating environment hook '/home/bizare/Desktop/Robotics_System/install/open_manipulator_description/share/open_manipulator_description/hook/cmake_prefix_path.ps1'
[1.048s] INFO:colcon.colcon_core.shell:Creating environment descriptor '/home/bizare/Desktop/Robotics_System/install/open_manipulator_description/share/open_manipulator_description/hook/cmake_prefix_path.dsv'
[1.048s] INFO:colcon.colcon_core.shell:Creating environment hook '/home/bizare/Desktop/Robotics_System/install/open_manipulator_description/share/open_manipulator_description/hook/cmake_prefix_path.sh'
[1.049s] Level 1:colcon.colcon_core.environment:checking '/home/bizare/Desktop/Robotics_System/install/open_manipulator_description/bin'
[1.049s] Level 1:colcon.colcon_core.environment:checking '/home/bizare/Desktop/Robotics_System/install/open_manipulator_description/lib/pkgconfig/open_manipulator_description.pc'
[1.050s] Level 1:colcon.colcon_core.environment:checking '/home/bizare/Desktop/Robotics_System/install/open_manipulator_description/lib/python3.8/site-packages'
[1.050s] Level 1:colcon.colcon_core.environment:checking '/home/bizare/Desktop/Robotics_System/install/open_manipulator_description/bin'
[1.050s] INFO:colcon.colcon_core.shell:Creating package script '/home/bizare/Desktop/Robotics_System/install/open_manipulator_description/share/open_manipulator_description/package.ps1'
[1.051s] INFO:colcon.colcon_core.shell:Creating package descriptor '/home/bizare/Desktop/Robotics_System/install/open_manipulator_description/share/open_manipulator_description/package.dsv'
[1.051s] INFO:colcon.colcon_core.shell:Creating package script '/home/bizare/Desktop/Robotics_System/install/open_manipulator_description/share/open_manipulator_description/package.sh'
[1.051s] INFO:colcon.colcon_core.shell:Creating package script '/home/bizare/Desktop/Robotics_System/install/open_manipulator_description/share/open_manipulator_description/package.bash'
[1.052s] INFO:colcon.colcon_core.shell:Creating package script '/home/bizare/Desktop/Robotics_System/install/open_manipulator_description/share/open_manipulator_description/package.zsh'
[1.052s] Level 1:colcon.colcon_core.environment:create_file_with_runtime_dependencies(/home/bizare/Desktop/Robotics_System/install/open_manipulator_description/share/colcon-core/packages/open_manipulator_description)
[1.053s] Level 1:colcon.colcon_core.environment:create_environment_scripts_only(open_manipulator_description)
[1.053s] Level 1:colcon.colcon_core.environment:checking '/home/bizare/Desktop/Robotics_System/install/open_manipulator_description' for CMake module files
[1.053s] Level 1:colcon.colcon_core.environment:checking '/home/bizare/Desktop/Robotics_System/install/open_manipulator_description' for CMake config files
[1.054s] Level 1:colcon.colcon_core.shell:create_environment_hook('open_manipulator_description', 'cmake_prefix_path')
[1.054s] INFO:colcon.colcon_core.shell:Creating environment hook '/home/bizare/Desktop/Robotics_System/install/open_manipulator_description/share/open_manipulator_description/hook/cmake_prefix_path.ps1'
[1.054s] INFO:colcon.colcon_core.shell:Creating environment descriptor '/home/bizare/Desktop/Robotics_System/install/open_manipulator_description/share/open_manipulator_description/hook/cmake_prefix_path.dsv'
[1.055s] INFO:colcon.colcon_core.shell:Creating environment hook '/home/bizare/Desktop/Robotics_System/install/open_manipulator_description/share/open_manipulator_description/hook/cmake_prefix_path.sh'
[1.055s] Level 1:colcon.colcon_core.environment:checking '/home/bizare/Desktop/Robotics_System/install/open_manipulator_description/bin'
[1.055s] Level 1:colcon.colcon_core.environment:checking '/home/bizare/Desktop/Robotics_System/install/open_manipulator_description/lib/pkgconfig/open_manipulator_description.pc'
[1.055s] Level 1:colcon.colcon_core.environment:checking '/home/bizare/Desktop/Robotics_System/install/open_manipulator_description/lib/python3.8/site-packages'
[1.056s] Level 1:colcon.colcon_core.environment:checking '/home/bizare/Desktop/Robotics_System/install/open_manipulator_description/bin'
[1.056s] INFO:colcon.colcon_core.shell:Creating package script '/home/bizare/Desktop/Robotics_System/install/open_manipulator_description/share/open_manipulator_description/package.ps1'
[1.056s] INFO:colcon.colcon_core.shell:Creating package descriptor '/home/bizare/Desktop/Robotics_System/install/open_manipulator_description/share/open_manipulator_description/package.dsv'
[1.057s] INFO:colcon.colcon_core.shell:Creating package script '/home/bizare/Desktop/Robotics_System/install/open_manipulator_description/share/open_manipulator_description/package.sh'
[1.057s] INFO:colcon.colcon_core.shell:Creating package script '/home/bizare/Desktop/Robotics_System/install/open_manipulator_description/share/open_manipulator_description/package.bash'
[1.058s] INFO:colcon.colcon_core.shell:Creating package script '/home/bizare/Desktop/Robotics_System/install/open_manipulator_description/share/open_manipulator_description/package.zsh'
[1.058s] Level 1:colcon.colcon_core.environment:create_file_with_runtime_dependencies(/home/bizare/Desktop/Robotics_System/install/open_manipulator_description/share/colcon-core/packages/open_manipulator_description)
[1.059s] Level 1:colcon.colcon_core.environment:create_environment_scripts_only(cw1q4_interfaces)
[1.059s] Level 1:colcon.colcon_core.environment:checking '/home/bizare/Desktop/Robotics_System/install/cw1q4_interfaces' for CMake module files
[1.060s] Level 1:colcon.colcon_core.environment:checking '/home/bizare/Desktop/Robotics_System/install/cw1q4_interfaces' for CMake config files
[1.060s] Level 1:colcon.colcon_core.shell:create_environment_hook('cw1q4_interfaces', 'cmake_prefix_path')
[1.063s] INFO:colcon.colcon_core.shell:Creating environment hook '/home/bizare/Desktop/Robotics_System/install/cw1q4_interfaces/share/cw1q4_interfaces/hook/cmake_prefix_path.ps1'
[1.064s] INFO:colcon.colcon_core.shell:Creating environment descriptor '/home/bizare/Desktop/Robotics_System/install/cw1q4_interfaces/share/cw1q4_interfaces/hook/cmake_prefix_path.dsv'
[1.063s] DEBUG:colcon.colcon_core.event_handler.log_command:Invoked command in '/home/bizare/Desktop/Robotics_System/build/cw1q4_interfaces' returned '0': CMAKE_PREFIX_PATH=/home/bizare/Desktop/Robotics_System/install/youbot_simulator:/home/bizare/Desktop/Robotics_System/install/cw1q5:/home/bizare/Desktop/Robotics_System/install/cw1q9:/home/bizare/Desktop/Robotics_System/install/cw1q4:/opt/ros/foxy:/home/bizare/Desktop/Robotics_System/install/youbot_description:/home/bizare/Desktop/Robotics_System/install/open_manipulator_description:/home/bizare/Desktop/Robotics_System/install/cw1q4_interfaces /usr/bin/cmake --install /home/bizare/Desktop/Robotics_System/build/cw1q4_interfaces
[1.064s] INFO:colcon.colcon_core.shell:Creating environment hook '/home/bizare/Desktop/Robotics_System/install/cw1q4_interfaces/share/cw1q4_interfaces/hook/cmake_prefix_path.sh'
[1.065s] Level 1:colcon.colcon_core.environment:checking '/home/bizare/Desktop/Robotics_System/install/cw1q4_interfaces/lib'
[1.066s] Level 1:colcon.colcon_core.shell:create_environment_hook('cw1q4_interfaces', 'ld_library_path_lib')
[1.067s] INFO:colcon.colcon_core.shell:Creating environment hook '/home/bizare/Desktop/Robotics_System/install/cw1q4_interfaces/share/cw1q4_interfaces/hook/ld_library_path_lib.ps1'
[1.068s] INFO:colcon.colcon_core.shell:Creating environment descriptor '/home/bizare/Desktop/Robotics_System/install/cw1q4_interfaces/share/cw1q4_interfaces/hook/ld_library_path_lib.dsv'
[1.068s] INFO:colcon.colcon_core.shell:Creating environment hook '/home/bizare/Desktop/Robotics_System/install/cw1q4_interfaces/share/cw1q4_interfaces/hook/ld_library_path_lib.sh'
[1.068s] Level 1:colcon.colcon_core.environment:checking '/home/bizare/Desktop/Robotics_System/install/cw1q4_interfaces/bin'
[1.069s] Level 1:colcon.colcon_core.environment:checking '/home/bizare/Desktop/Robotics_System/install/cw1q4_interfaces/lib/pkgconfig/cw1q4_interfaces.pc'
[1.069s] Level 1:colcon.colcon_core.environment:checking '/home/bizare/Desktop/Robotics_System/install/cw1q4_interfaces/lib/python3.8/site-packages'
[1.069s] Level 1:colcon.colcon_core.shell:create_environment_hook('cw1q4_interfaces', 'pythonpath')
[1.069s] INFO:colcon.colcon_core.shell:Creating environment hook '/home/bizare/Desktop/Robotics_System/install/cw1q4_interfaces/share/cw1q4_interfaces/hook/pythonpath.ps1'
[1.070s] INFO:colcon.colcon_core.shell:Creating environment descriptor '/home/bizare/Desktop/Robotics_System/install/cw1q4_interfaces/share/cw1q4_interfaces/hook/pythonpath.dsv'
[1.070s] INFO:colcon.colcon_core.shell:Creating environment hook '/home/bizare/Desktop/Robotics_System/install/cw1q4_interfaces/share/cw1q4_interfaces/hook/pythonpath.sh'
[1.071s] Level 1:colcon.colcon_core.environment:checking '/home/bizare/Desktop/Robotics_System/install/cw1q4_interfaces/bin'
[1.071s] INFO:colcon.colcon_core.shell:Creating package script '/home/bizare/Desktop/Robotics_System/install/cw1q4_interfaces/share/cw1q4_interfaces/package.ps1'
[1.072s] INFO:colcon.colcon_core.shell:Creating package descriptor '/home/bizare/Desktop/Robotics_System/install/cw1q4_interfaces/share/cw1q4_interfaces/package.dsv'
[1.072s] INFO:colcon.colcon_core.shell:Creating package script '/home/bizare/Desktop/Robotics_System/install/cw1q4_interfaces/share/cw1q4_interfaces/package.sh'
[1.073s] INFO:colcon.colcon_core.shell:Creating package script '/home/bizare/Desktop/Robotics_System/install/cw1q4_interfaces/share/cw1q4_interfaces/package.bash'
[1.074s] INFO:colcon.colcon_core.shell:Creating package script '/home/bizare/Desktop/Robotics_System/install/cw1q4_interfaces/share/cw1q4_interfaces/package.zsh'
[1.074s] Level 1:colcon.colcon_core.environment:create_file_with_runtime_dependencies(/home/bizare/Desktop/Robotics_System/install/cw1q4_interfaces/share/colcon-core/packages/cw1q4_interfaces)
[1.075s] Level 1:colcon.colcon_core.environment:create_environment_scripts_only(cw1q4_interfaces)
[1.075s] Level 1:colcon.colcon_core.environment:checking '/home/bizare/Desktop/Robotics_System/install/cw1q4_interfaces' for CMake module files
[1.076s] Level 1:colcon.colcon_core.environment:checking '/home/bizare/Desktop/Robotics_System/install/cw1q4_interfaces' for CMake config files
[1.076s] Level 1:colcon.colcon_core.shell:create_environment_hook('cw1q4_interfaces', 'cmake_prefix_path')
[1.077s] INFO:colcon.colcon_core.shell:Creating environment hook '/home/bizare/Desktop/Robotics_System/install/cw1q4_interfaces/share/cw1q4_interfaces/hook/cmake_prefix_path.ps1'
[1.077s] INFO:colcon.colcon_core.shell:Creating environment descriptor '/home/bizare/Desktop/Robotics_System/install/cw1q4_interfaces/share/cw1q4_interfaces/hook/cmake_prefix_path.dsv'
[1.078s] INFO:colcon.colcon_core.shell:Creating environment hook '/home/bizare/Desktop/Robotics_System/install/cw1q4_interfaces/share/cw1q4_interfaces/hook/cmake_prefix_path.sh'
[1.078s] Level 1:colcon.colcon_core.environment:checking '/home/bizare/Desktop/Robotics_System/install/cw1q4_interfaces/lib'
[1.078s] Level 1:colcon.colcon_core.shell:create_environment_hook('cw1q4_interfaces', 'ld_library_path_lib')
[1.079s] INFO:colcon.colcon_core.shell:Creating environment hook '/home/bizare/Desktop/Robotics_System/install/cw1q4_interfaces/share/cw1q4_interfaces/hook/ld_library_path_lib.ps1'
[1.079s] INFO:colcon.colcon_core.shell:Creating environment descriptor '/home/bizare/Desktop/Robotics_System/install/cw1q4_interfaces/share/cw1q4_interfaces/hook/ld_library_path_lib.dsv'
[1.080s] INFO:colcon.colcon_core.shell:Creating environment hook '/home/bizare/Desktop/Robotics_System/install/cw1q4_interfaces/share/cw1q4_interfaces/hook/ld_library_path_lib.sh'
[1.080s] Level 1:colcon.colcon_core.environment:checking '/home/bizare/Desktop/Robotics_System/install/cw1q4_interfaces/bin'
[1.080s] Level 1:colcon.colcon_core.environment:checking '/home/bizare/Desktop/Robotics_System/install/cw1q4_interfaces/lib/pkgconfig/cw1q4_interfaces.pc'
[1.080s] Level 1:colcon.colcon_core.environment:checking '/home/bizare/Desktop/Robotics_System/install/cw1q4_interfaces/lib/python3.8/site-packages'
[1.080s] Level 1:colcon.colcon_core.shell:create_environment_hook('cw1q4_interfaces', 'pythonpath')
[1.081s] INFO:colcon.colcon_core.shell:Creating environment hook '/home/bizare/Desktop/Robotics_System/install/cw1q4_interfaces/share/cw1q4_interfaces/hook/pythonpath.ps1'
[1.081s] INFO:colcon.colcon_core.shell:Creating environment descriptor '/home/bizare/Desktop/Robotics_System/install/cw1q4_interfaces/share/cw1q4_interfaces/hook/pythonpath.dsv'
[1.081s] INFO:colcon.colcon_core.shell:Creating environment hook '/home/bizare/Desktop/Robotics_System/install/cw1q4_interfaces/share/cw1q4_interfaces/hook/pythonpath.sh'
[1.082s] Level 1:colcon.colcon_core.environment:checking '/home/bizare/Desktop/Robotics_System/install/cw1q4_interfaces/bin'
[1.082s] INFO:colcon.colcon_core.shell:Creating package script '/home/bizare/Desktop/Robotics_System/install/cw1q4_interfaces/share/cw1q4_interfaces/package.ps1'
[1.083s] INFO:colcon.colcon_core.shell:Creating package descriptor '/home/bizare/Desktop/Robotics_System/install/cw1q4_interfaces/share/cw1q4_interfaces/package.dsv'
[1.084s] INFO:colcon.colcon_core.shell:Creating package script '/home/bizare/Desktop/Robotics_System/install/cw1q4_interfaces/share/cw1q4_interfaces/package.sh'
[1.084s] INFO:colcon.colcon_core.shell:Creating package script '/home/bizare/Desktop/Robotics_System/install/cw1q4_interfaces/share/cw1q4_interfaces/package.bash'
[1.085s] INFO:colcon.colcon_core.shell:Creating package script '/home/bizare/Desktop/Robotics_System/install/cw1q4_interfaces/share/cw1q4_interfaces/package.zsh'
[1.086s] Level 1:colcon.colcon_core.environment:create_file_with_runtime_dependencies(/home/bizare/Desktop/Robotics_System/install/cw1q4_interfaces/share/colcon-core/packages/cw1q4_interfaces)
[1.088s] DEBUG:colcon.colcon_core.event_handler.log_command:Invoked command in '/home/bizare/Desktop/Robotics_System/build/youbot_simulator' returned '0': CMAKE_PREFIX_PATH=/home/bizare/Desktop/Robotics_System/install/cw1q5:/home/bizare/Desktop/Robotics_System/install/cw1q9:/home/bizare/Desktop/Robotics_System/install/cw1q4:/opt/ros/foxy:/home/bizare/Desktop/Robotics_System/install/youbot_description:/home/bizare/Desktop/Robotics_System/install/youbot_simulator:/home/bizare/Desktop/Robotics_System/install/open_manipulator_description:/home/bizare/Desktop/Robotics_System/install/cw1q4_interfaces /usr/bin/cmake --build /home/bizare/Desktop/Robotics_System/build/youbot_simulator -- -j8 -l8
[1.089s] DEBUG:colcon.colcon_core.event_handler.log_command:Invoking command in '/home/bizare/Desktop/Robotics_System/build/youbot_simulator': CMAKE_PREFIX_PATH=/home/bizare/Desktop/Robotics_System/install/cw1q5:/home/bizare/Desktop/Robotics_System/install/cw1q9:/home/bizare/Desktop/Robotics_System/install/cw1q4:/opt/ros/foxy:/home/bizare/Desktop/Robotics_System/install/youbot_description:/home/bizare/Desktop/Robotics_System/install/youbot_simulator:/home/bizare/Desktop/Robotics_System/install/open_manipulator_description:/home/bizare/Desktop/Robotics_System/install/cw1q4_interfaces /usr/bin/cmake --install /home/bizare/Desktop/Robotics_System/build/youbot_simulator
[1.106s] Level 1:colcon.colcon_core.environment:create_environment_scripts_only(youbot_simulator)
[1.106s] DEBUG:colcon.colcon_core.event_handler.log_command:Invoked command in '/home/bizare/Desktop/Robotics_System/build/youbot_simulator' returned '0': CMAKE_PREFIX_PATH=/home/bizare/Desktop/Robotics_System/install/cw1q5:/home/bizare/Desktop/Robotics_System/install/cw1q9:/home/bizare/Desktop/Robotics_System/install/cw1q4:/opt/ros/foxy:/home/bizare/Desktop/Robotics_System/install/youbot_description:/home/bizare/Desktop/Robotics_System/install/youbot_simulator:/home/bizare/Desktop/Robotics_System/install/open_manipulator_description:/home/bizare/Desktop/Robotics_System/install/cw1q4_interfaces /usr/bin/cmake --install /home/bizare/Desktop/Robotics_System/build/youbot_simulator
[1.107s] Level 1:colcon.colcon_core.environment:checking '/home/bizare/Desktop/Robotics_System/install/youbot_simulator' for CMake module files
[1.107s] Level 1:colcon.colcon_core.environment:checking '/home/bizare/Desktop/Robotics_System/install/youbot_simulator' for CMake config files
[1.108s] Level 1:colcon.colcon_core.shell:create_environment_hook('youbot_simulator', 'cmake_prefix_path')
[1.108s] INFO:colcon.colcon_core.shell:Creating environment hook '/home/bizare/Desktop/Robotics_System/install/youbot_simulator/share/youbot_simulator/hook/cmake_prefix_path.ps1'
[1.109s] INFO:colcon.colcon_core.shell:Creating environment descriptor '/home/bizare/Desktop/Robotics_System/install/youbot_simulator/share/youbot_simulator/hook/cmake_prefix_path.dsv'
[1.109s] INFO:colcon.colcon_core.shell:Creating environment hook '/home/bizare/Desktop/Robotics_System/install/youbot_simulator/share/youbot_simulator/hook/cmake_prefix_path.sh'
[1.112s] Level 1:colcon.colcon_core.environment:checking '/home/bizare/Desktop/Robotics_System/install/youbot_simulator/bin'
[1.112s] Level 1:colcon.colcon_core.environment:checking '/home/bizare/Desktop/Robotics_System/install/youbot_simulator/lib/pkgconfig/youbot_simulator.pc'
[1.112s] Level 1:colcon.colcon_core.environment:checking '/home/bizare/Desktop/Robotics_System/install/youbot_simulator/lib/python3.8/site-packages'
[1.112s] Level 1:colcon.colcon_core.environment:checking '/home/bizare/Desktop/Robotics_System/install/youbot_simulator/bin'
[1.113s] INFO:colcon.colcon_core.shell:Creating package script '/home/bizare/Desktop/Robotics_System/install/youbot_simulator/share/youbot_simulator/package.ps1'
[1.113s] INFO:colcon.colcon_core.shell:Creating package descriptor '/home/bizare/Desktop/Robotics_System/install/youbot_simulator/share/youbot_simulator/package.dsv'
[1.114s] INFO:colcon.colcon_core.shell:Creating package script '/home/bizare/Desktop/Robotics_System/install/youbot_simulator/share/youbot_simulator/package.sh'
[1.115s] INFO:colcon.colcon_core.shell:Creating package script '/home/bizare/Desktop/Robotics_System/install/youbot_simulator/share/youbot_simulator/package.bash'
[1.115s] INFO:colcon.colcon_core.shell:Creating package script '/home/bizare/Desktop/Robotics_System/install/youbot_simulator/share/youbot_simulator/package.zsh'
[1.115s] Level 1:colcon.colcon_core.environment:create_file_with_runtime_dependencies(/home/bizare/Desktop/Robotics_System/install/youbot_simulator/share/colcon-core/packages/youbot_simulator)
[1.117s] Level 1:colcon.colcon_core.environment:create_environment_scripts_only(youbot_simulator)
[1.117s] Level 1:colcon.colcon_core.environment:checking '/home/bizare/Desktop/Robotics_System/install/youbot_simulator' for CMake module files
[1.117s] Level 1:colcon.colcon_core.environment:checking '/home/bizare/Desktop/Robotics_System/install/youbot_simulator' for CMake config files
[1.117s] Level 1:colcon.colcon_core.shell:create_environment_hook('youbot_simulator', 'cmake_prefix_path')
[1.118s] INFO:colcon.colcon_core.shell:Creating environment hook '/home/bizare/Desktop/Robotics_System/install/youbot_simulator/share/youbot_simulator/hook/cmake_prefix_path.ps1'
[1.118s] INFO:colcon.colcon_core.shell:Creating environment descriptor '/home/bizare/Desktop/Robotics_System/install/youbot_simulator/share/youbot_simulator/hook/cmake_prefix_path.dsv'
[1.119s] INFO:colcon.colcon_core.shell:Creating environment hook '/home/bizare/Desktop/Robotics_System/install/youbot_simulator/share/youbot_simulator/hook/cmake_prefix_path.sh'
[1.119s] Level 1:colcon.colcon_core.environment:checking '/home/bizare/Desktop/Robotics_System/install/youbot_simulator/bin'
[1.119s] Level 1:colcon.colcon_core.environment:checking '/home/bizare/Desktop/Robotics_System/install/youbot_simulator/lib/pkgconfig/youbot_simulator.pc'
[1.119s] Level 1:colcon.colcon_core.environment:checking '/home/bizare/Desktop/Robotics_System/install/youbot_simulator/lib/python3.8/site-packages'
[1.119s] Level 1:colcon.colcon_core.environment:checking '/home/bizare/Desktop/Robotics_System/install/youbot_simulator/bin'
[1.120s] INFO:colcon.colcon_core.shell:Creating package script '/home/bizare/Desktop/Robotics_System/install/youbot_simulator/share/youbot_simulator/package.ps1'
[1.120s] INFO:colcon.colcon_core.shell:Creating package descriptor '/home/bizare/Desktop/Robotics_System/install/youbot_simulator/share/youbot_simulator/package.dsv'
[1.121s] INFO:colcon.colcon_core.shell:Creating package script '/home/bizare/Desktop/Robotics_System/install/youbot_simulator/share/youbot_simulator/package.sh'
[1.121s] INFO:colcon.colcon_core.shell:Creating package script '/home/bizare/Desktop/Robotics_System/install/youbot_simulator/share/youbot_simulator/package.bash'
[1.122s] INFO:colcon.colcon_core.shell:Creating package script '/home/bizare/Desktop/Robotics_System/install/youbot_simulator/share/youbot_simulator/package.zsh'
[1.122s] Level 1:colcon.colcon_core.environment:create_file_with_runtime_dependencies(/home/bizare/Desktop/Robotics_System/install/youbot_simulator/share/colcon-core/packages/youbot_simulator)
[1.123s] INFO:colcon.colcon_ros.task.ament_python.build:Building ROS package in '/home/bizare/Desktop/Robotics_System/cw1q5' with build type 'ament_python'
[1.123s] Level 1:colcon.colcon_core.shell:create_environment_hook('cw1q5', 'ament_prefix_path')
[1.124s] INFO:colcon.colcon_core.shell:Creating environment hook '/home/bizare/Desktop/Robotics_System/install/cw1q5/share/cw1q5/hook/ament_prefix_path.ps1'
[1.125s] INFO:colcon.colcon_core.shell:Creating environment descriptor '/home/bizare/Desktop/Robotics_System/install/cw1q5/share/cw1q5/hook/ament_prefix_path.dsv'
[1.125s] INFO:colcon.colcon_core.shell:Creating environment hook '/home/bizare/Desktop/Robotics_System/install/cw1q5/share/cw1q5/hook/ament_prefix_path.sh'
[1.126s] INFO:colcon.colcon_core.shell:Skip shell extension 'powershell' for command environment: Not usable outside of PowerShell
[1.126s] DEBUG:colcon.colcon_core.shell:Skip shell extension 'dsv' for command environment
[1.353s] INFO:colcon.colcon_core.task.python.build:Building Python package in '/home/bizare/Desktop/Robotics_System/cw1q5'
[1.353s] INFO:colcon.colcon_core.shell:Skip shell extension 'powershell' for command environment: Not usable outside of PowerShell
[1.354s] DEBUG:colcon.colcon_core.shell:Skip shell extension 'dsv' for command environment
[1.367s] DEBUG:colcon.colcon_core.event_handler.log_command:Invoking command in '/home/bizare/Desktop/Robotics_System/cw1q4': PYTHONPATH=/home/bizare/Desktop/Robotics_System/build/cw1q4/prefix_override:/usr/lib/python3/dist-packages/colcon_core/task/python/colcon_distutils_commands:/home/bizare/Desktop/Robotics_System/install/cw1q4/lib/python3.8/site-packages:${PYTHONPATH} /usr/bin/python3 -W ignore:setup.py install is deprecated -W ignore:easy_install command is deprecated setup.py egg_info --egg-base ../build/cw1q4 build --build-base /home/bizare/Desktop/Robotics_System/build/cw1q4/build install --record /home/bizare/Desktop/Robotics_System/build/cw1q4/install.log --install-scripts $base/lib/cw1q4 --single-version-externally-managed install_data
[1.373s] DEBUG:colcon.colcon_core.event_handler.log_command:Invoking command in '/home/bizare/Desktop/Robotics_System/cw1q9': PYTHONPATH=/home/bizare/Desktop/Robotics_System/build/cw1q9/prefix_override:/usr/lib/python3/dist-packages/colcon_core/task/python/colcon_distutils_commands:/home/bizare/Desktop/Robotics_System/install/cw1q9/lib/python3.8/site-packages:${PYTHONPATH} /usr/bin/python3 -W ignore:setup.py install is deprecated -W ignore:easy_install command is deprecated setup.py egg_info --egg-base ../build/cw1q9 build --build-base /home/bizare/Desktop/Robotics_System/build/cw1q9/build install --record /home/bizare/Desktop/Robotics_System/build/cw1q9/install.log --install-scripts $base/lib/cw1q9 --single-version-externally-managed install_data
[1.653s] Level 1:colcon.colcon_core.environment:checking '/home/bizare/Desktop/Robotics_System/install/cw1q4' for CMake module files
[1.654s] DEBUG:colcon.colcon_core.event_handler.log_command:Invoked command in '/home/bizare/Desktop/Robotics_System/cw1q4' returned '0': PYTHONPATH=/home/bizare/Desktop/Robotics_System/build/cw1q4/prefix_override:/usr/lib/python3/dist-packages/colcon_core/task/python/colcon_distutils_commands:/home/bizare/Desktop/Robotics_System/install/cw1q4/lib/python3.8/site-packages:${PYTHONPATH} /usr/bin/python3 -W ignore:setup.py install is deprecated -W ignore:easy_install command is deprecated setup.py egg_info --egg-base ../build/cw1q4 build --build-base /home/bizare/Desktop/Robotics_System/build/cw1q4/build install --record /home/bizare/Desktop/Robotics_System/build/cw1q4/install.log --install-scripts $base/lib/cw1q4 --single-version-externally-managed install_data
[1.654s] Level 1:colcon.colcon_core.environment:checking '/home/bizare/Desktop/Robotics_System/install/cw1q4' for CMake config files
[1.655s] Level 1:colcon.colcon_core.environment:checking '/home/bizare/Desktop/Robotics_System/install/cw1q4/lib'
[1.655s] Level 1:colcon.colcon_core.environment:checking '/home/bizare/Desktop/Robotics_System/install/cw1q4/bin'
[1.655s] Level 1:colcon.colcon_core.environment:checking '/home/bizare/Desktop/Robotics_System/install/cw1q4/lib/pkgconfig/cw1q4.pc'
[1.655s] Level 1:colcon.colcon_core.environment:checking '/home/bizare/Desktop/Robotics_System/install/cw1q4/lib/python3.8/site-packages'
[1.655s] Level 1:colcon.colcon_core.shell:create_environment_hook('cw1q4', 'pythonpath')
[1.655s] INFO:colcon.colcon_core.shell:Creating environment hook '/home/bizare/Desktop/Robotics_System/install/cw1q4/share/cw1q4/hook/pythonpath.ps1'
[1.656s] INFO:colcon.colcon_core.shell:Creating environment descriptor '/home/bizare/Desktop/Robotics_System/install/cw1q4/share/cw1q4/hook/pythonpath.dsv'
[1.657s] INFO:colcon.colcon_core.shell:Creating environment hook '/home/bizare/Desktop/Robotics_System/install/cw1q4/share/cw1q4/hook/pythonpath.sh'
[1.657s] Level 1:colcon.colcon_core.environment:checking '/home/bizare/Desktop/Robotics_System/install/cw1q4/bin'
[1.657s] Level 1:colcon.colcon_core.environment:create_environment_scripts_only(cw1q4)
[1.658s] INFO:colcon.colcon_core.shell:Creating package script '/home/bizare/Desktop/Robotics_System/install/cw1q4/share/cw1q4/package.ps1'
[1.658s] INFO:colcon.colcon_core.shell:Creating package descriptor '/home/bizare/Desktop/Robotics_System/install/cw1q4/share/cw1q4/package.dsv'
[1.659s] INFO:colcon.colcon_core.shell:Creating package script '/home/bizare/Desktop/Robotics_System/install/cw1q4/share/cw1q4/package.sh'
[1.660s] INFO:colcon.colcon_core.shell:Creating package script '/home/bizare/Desktop/Robotics_System/install/cw1q4/share/cw1q4/package.bash'
[1.660s] INFO:colcon.colcon_core.shell:Creating package script '/home/bizare/Desktop/Robotics_System/install/cw1q4/share/cw1q4/package.zsh'
[1.661s] Level 1:colcon.colcon_core.environment:create_file_with_runtime_dependencies(/home/bizare/Desktop/Robotics_System/install/cw1q4/share/colcon-core/packages/cw1q4)
[1.664s] Level 1:colcon.colcon_core.environment:checking '/home/bizare/Desktop/Robotics_System/install/cw1q9' for CMake module files
[1.664s] DEBUG:colcon.colcon_core.event_handler.log_command:Invoked command in '/home/bizare/Desktop/Robotics_System/cw1q9' returned '0': PYTHONPATH=/home/bizare/Desktop/Robotics_System/build/cw1q9/prefix_override:/usr/lib/python3/dist-packages/colcon_core/task/python/colcon_distutils_commands:/home/bizare/Desktop/Robotics_System/install/cw1q9/lib/python3.8/site-packages:${PYTHONPATH} /usr/bin/python3 -W ignore:setup.py install is deprecated -W ignore:easy_install command is deprecated setup.py egg_info --egg-base ../build/cw1q9 build --build-base /home/bizare/Desktop/Robotics_System/build/cw1q9/build install --record /home/bizare/Desktop/Robotics_System/build/cw1q9/install.log --install-scripts $base/lib/cw1q9 --single-version-externally-managed install_data
[1.665s] Level 1:colcon.colcon_core.environment:checking '/home/bizare/Desktop/Robotics_System/install/cw1q9' for CMake config files
[1.666s] Level 1:colcon.colcon_core.environment:checking '/home/bizare/Desktop/Robotics_System/install/cw1q9/lib'
[1.666s] Level 1:colcon.colcon_core.environment:checking '/home/bizare/Desktop/Robotics_System/install/cw1q9/bin'
[1.666s] Level 1:colcon.colcon_core.environment:checking '/home/bizare/Desktop/Robotics_System/install/cw1q9/lib/pkgconfig/cw1q9.pc'
[1.666s] Level 1:colcon.colcon_core.environment:checking '/home/bizare/Desktop/Robotics_System/install/cw1q9/lib/python3.8/site-packages'
[1.666s] Level 1:colcon.colcon_core.shell:create_environment_hook('cw1q9', 'pythonpath')
[1.666s] INFO:colcon.colcon_core.shell:Creating environment hook '/home/bizare/Desktop/Robotics_System/install/cw1q9/share/cw1q9/hook/pythonpath.ps1'
[1.667s] INFO:colcon.colcon_core.shell:Creating environment descriptor '/home/bizare/Desktop/Robotics_System/install/cw1q9/share/cw1q9/hook/pythonpath.dsv'
[1.667s] INFO:colcon.colcon_core.shell:Creating environment hook '/home/bizare/Desktop/Robotics_System/install/cw1q9/share/cw1q9/hook/pythonpath.sh'
[1.668s] Level 1:colcon.colcon_core.environment:checking '/home/bizare/Desktop/Robotics_System/install/cw1q9/bin'
[1.668s] Level 1:colcon.colcon_core.environment:create_environment_scripts_only(cw1q9)
[1.668s] INFO:colcon.colcon_core.shell:Creating package script '/home/bizare/Desktop/Robotics_System/install/cw1q9/share/cw1q9/package.ps1'
[1.669s] INFO:colcon.colcon_core.shell:Creating package descriptor '/home/bizare/Desktop/Robotics_System/install/cw1q9/share/cw1q9/package.dsv'
[1.669s] INFO:colcon.colcon_core.shell:Creating package script '/home/bizare/Desktop/Robotics_System/install/cw1q9/share/cw1q9/package.sh'
[1.670s] INFO:colcon.colcon_core.shell:Creating package script '/home/bizare/Desktop/Robotics_System/install/cw1q9/share/cw1q9/package.bash'
[1.671s] INFO:colcon.colcon_core.shell:Creating package script '/home/bizare/Desktop/Robotics_System/install/cw1q9/share/cw1q9/package.zsh'
[1.672s] Level 1:colcon.colcon_core.environment:create_file_with_runtime_dependencies(/home/bizare/Desktop/Robotics_System/install/cw1q9/share/colcon-core/packages/cw1q9)
[1.760s] DEBUG:colcon.colcon_core.event_handler.log_command:Invoking command in '/home/bizare/Desktop/Robotics_System/cw1q5': PYTHONPATH=/home/bizare/Desktop/Robotics_System/build/cw1q5/prefix_override:/usr/lib/python3/dist-packages/colcon_core/task/python/colcon_distutils_commands:/home/bizare/Desktop/Robotics_System/install/cw1q5/lib/python3.8/site-packages:${PYTHONPATH} /usr/bin/python3 -W ignore:setup.py install is deprecated -W ignore:easy_install command is deprecated setup.py egg_info --egg-base ../build/cw1q5 build --build-base /home/bizare/Desktop/Robotics_System/build/cw1q5/build install --record /home/bizare/Desktop/Robotics_System/build/cw1q5/install.log --install-scripts $base/lib/cw1q5 --single-version-externally-managed install_data
[2.015s] Level 1:colcon.colcon_core.environment:checking '/home/bizare/Desktop/Robotics_System/install/cw1q5' for CMake module files
[2.015s] DEBUG:colcon.colcon_core.event_handler.log_command:Invoked command in '/home/bizare/Desktop/Robotics_System/cw1q5' returned '0': PYTHONPATH=/home/bizare/Desktop/Robotics_System/build/cw1q5/prefix_override:/usr/lib/python3/dist-packages/colcon_core/task/python/colcon_distutils_commands:/home/bizare/Desktop/Robotics_System/install/cw1q5/lib/python3.8/site-packages:${PYTHONPATH} /usr/bin/python3 -W ignore:setup.py install is deprecated -W ignore:easy_install command is deprecated setup.py egg_info --egg-base ../build/cw1q5 build --build-base /home/bizare/Desktop/Robotics_System/build/cw1q5/build install --record /home/bizare/Desktop/Robotics_System/build/cw1q5/install.log --install-scripts $base/lib/cw1q5 --single-version-externally-managed install_data
[2.016s] Level 1:colcon.colcon_core.environment:checking '/home/bizare/Desktop/Robotics_System/install/cw1q5' for CMake config files
[2.017s] Level 1:colcon.colcon_core.environment:checking '/home/bizare/Desktop/Robotics_System/install/cw1q5/lib'
[2.017s] Level 1:colcon.colcon_core.environment:checking '/home/bizare/Desktop/Robotics_System/install/cw1q5/bin'
[2.017s] Level 1:colcon.colcon_core.environment:checking '/home/bizare/Desktop/Robotics_System/install/cw1q5/lib/pkgconfig/cw1q5.pc'
[2.017s] Level 1:colcon.colcon_core.environment:checking '/home/bizare/Desktop/Robotics_System/install/cw1q5/lib/python3.8/site-packages'
[2.017s] Level 1:colcon.colcon_core.shell:create_environment_hook('cw1q5', 'pythonpath')
[2.017s] INFO:colcon.colcon_core.shell:Creating environment hook '/home/bizare/Desktop/Robotics_System/install/cw1q5/share/cw1q5/hook/pythonpath.ps1'
[2.018s] INFO:colcon.colcon_core.shell:Creating environment descriptor '/home/bizare/Desktop/Robotics_System/install/cw1q5/share/cw1q5/hook/pythonpath.dsv'
[2.018s] INFO:colcon.colcon_core.shell:Creating environment hook '/home/bizare/Desktop/Robotics_System/install/cw1q5/share/cw1q5/hook/pythonpath.sh'
[2.019s] Level 1:colcon.colcon_core.environment:checking '/home/bizare/Desktop/Robotics_System/install/cw1q5/bin'
[2.019s] Level 1:colcon.colcon_core.environment:create_environment_scripts_only(cw1q5)
[2.019s] INFO:colcon.colcon_core.shell:Creating package script '/home/bizare/Desktop/Robotics_System/install/cw1q5/share/cw1q5/package.ps1'
[2.020s] INFO:colcon.colcon_core.shell:Creating package descriptor '/home/bizare/Desktop/Robotics_System/install/cw1q5/share/cw1q5/package.dsv'
[2.021s] INFO:colcon.colcon_core.shell:Creating package script '/home/bizare/Desktop/Robotics_System/install/cw1q5/share/cw1q5/package.sh'
[2.021s] INFO:colcon.colcon_core.shell:Creating package script '/home/bizare/Desktop/Robotics_System/install/cw1q5/share/cw1q5/package.bash'
[2.022s] INFO:colcon.colcon_core.shell:Creating package script '/home/bizare/Desktop/Robotics_System/install/cw1q5/share/cw1q5/package.zsh'
[2.022s] Level 1:colcon.colcon_core.environment:create_file_with_runtime_dependencies(/home/bizare/Desktop/Robotics_System/install/cw1q5/share/colcon-core/packages/cw1q5)
[2.022s] DEBUG:colcon.colcon_parallel_executor.executor.parallel:closing loop
[2.023s] DEBUG:colcon.colcon_parallel_executor.executor.parallel:loop closed
[2.023s] DEBUG:colcon.colcon_parallel_executor.executor.parallel:run_until_complete finished with '0'
[2.023s] DEBUG:colcon.colcon_core.event_reactor:joining thread
[2.029s] INFO:colcon.colcon_core.plugin_system:Skipping extension 'colcon_notification.desktop_notification.terminal_notifier': Not used on non-Darwin systems
[2.029s] INFO:colcon.colcon_core.plugin_system:Skipping extension 'colcon_notification.desktop_notification.win32': Not used on non-Windows systems
[2.029s] INFO:colcon.colcon_notification.desktop_notification:Sending desktop notification using 'notify2'
[2.040s] DEBUG:colcon.colcon_core.event_reactor:joined thread
[2.040s] INFO:colcon.colcon_core.shell:Creating prefix script '/home/bizare/Desktop/Robotics_System/install/local_setup.ps1'
[2.041s] INFO:colcon.colcon_core.shell:Creating prefix util module '/home/bizare/Desktop/Robotics_System/install/_local_setup_util_ps1.py'
[2.042s] INFO:colcon.colcon_core.shell:Creating prefix chain script '/home/bizare/Desktop/Robotics_System/install/setup.ps1'
[2.044s] INFO:colcon.colcon_core.shell:Creating prefix script '/home/bizare/Desktop/Robotics_System/install/local_setup.sh'
[2.044s] INFO:colcon.colcon_core.shell:Creating prefix util module '/home/bizare/Desktop/Robotics_System/install/_local_setup_util_sh.py'
[2.045s] INFO:colcon.colcon_core.shell:Creating prefix chain script '/home/bizare/Desktop/Robotics_System/install/setup.sh'
[2.046s] INFO:colcon.colcon_core.shell:Creating prefix script '/home/bizare/Desktop/Robotics_System/install/local_setup.bash'
[2.047s] INFO:colcon.colcon_core.shell:Creating prefix chain script '/home/bizare/Desktop/Robotics_System/install/setup.bash'
[2.048s] INFO:colcon.colcon_core.shell:Creating prefix script '/home/bizare/Desktop/Robotics_System/install/local_setup.zsh'
[2.049s] INFO:colcon.colcon_core.shell:Creating prefix chain script '/home/bizare/Desktop/Robotics_System/install/setup.zsh'
