running egg_info
creating ../build/cw1q5/cw1q5.egg-info
writing ../build/cw1q5/cw1q5.egg-info/PKG-INFO
writing dependency_links to ../build/cw1q5/cw1q5.egg-info/dependency_links.txt
writing entry points to ../build/cw1q5/cw1q5.egg-info/entry_points.txt
writing requirements to ../build/cw1q5/cw1q5.egg-info/requires.txt
writing top-level names to ../build/cw1q5/cw1q5.egg-info/top_level.txt
writing manifest file '../build/cw1q5/cw1q5.egg-info/SOURCES.txt'
reading manifest file '../build/cw1q5/cw1q5.egg-info/SOURCES.txt'
writing manifest file '../build/cw1q5/cw1q5.egg-info/SOURCES.txt'
running build
running build_py
creating /home/bizare/Desktop/Robotics_System/build/cw1q5/build
creating /home/bizare/Desktop/Robotics_System/build/cw1q5/build/lib
creating /home/bizare/Desktop/Robotics_System/build/cw1q5/build/lib/cw1q5
copying cw1q5/__init__.py -> /home/bizare/Desktop/Robotics_System/build/cw1q5/build/lib/cw1q5
copying cw1q5/cw1q5b_node.py -> /home/bizare/Desktop/Robotics_System/build/cw1q5/build/lib/cw1q5
copying cw1q5/cw1q5d_node.py -> /home/bizare/Desktop/Robotics_System/build/cw1q5/build/lib/cw1q5
running install
running install_lib
creating /home/bizare/Desktop/Robotics_System/install/cw1q5/lib/python3.8/site-packages/cw1q5
copying /home/bizare/Desktop/Robotics_System/build/cw1q5/build/lib/cw1q5/__init__.py -> /home/bizare/Desktop/Robotics_System/install/cw1q5/lib/python3.8/site-packages/cw1q5
copying /home/bizare/Desktop/Robotics_System/build/cw1q5/build/lib/cw1q5/cw1q5b_node.py -> /home/bizare/Desktop/Robotics_System/install/cw1q5/lib/python3.8/site-packages/cw1q5
copying /home/bizare/Desktop/Robotics_System/build/cw1q5/build/lib/cw1q5/cw1q5d_node.py -> /home/bizare/Desktop/Robotics_System/install/cw1q5/lib/python3.8/site-packages/cw1q5
byte-compiling /home/bizare/Desktop/Robotics_System/install/cw1q5/lib/python3.8/site-packages/cw1q5/__init__.py to __init__.cpython-38.pyc
byte-compiling /home/bizare/Desktop/Robotics_System/install/cw1q5/lib/python3.8/site-packages/cw1q5/cw1q5b_node.py to cw1q5b_node.cpython-38.pyc
byte-compiling /home/bizare/Desktop/Robotics_System/install/cw1q5/lib/python3.8/site-packages/cw1q5/cw1q5d_node.py to cw1q5d_node.cpython-38.pyc
running install_data
creating /home/bizare/Desktop/Robotics_System/install/cw1q5/share/ament_index
creating /home/bizare/Desktop/Robotics_System/install/cw1q5/share/ament_index/resource_index
creating /home/bizare/Desktop/Robotics_System/install/cw1q5/share/ament_index/resource_index/packages
copying resource/cw1q5 -> /home/bizare/Desktop/Robotics_System/install/cw1q5/share/ament_index/resource_index/packages
copying package.xml -> /home/bizare/Desktop/Robotics_System/install/cw1q5/share/cw1q5
creating /home/bizare/Desktop/Robotics_System/install/cw1q5/share/cw1q5/launch
copying launch/q5b_launch.py -> /home/bizare/Desktop/Robotics_System/install/cw1q5/share/cw1q5/launch
copying launch/q5d_launch.py -> /home/bizare/Desktop/Robotics_System/install/cw1q5/share/cw1q5/launch
creating /home/bizare/Desktop/Robotics_System/install/cw1q5/share/cw1q5/rviz
copying rviz/q5b.rviz -> /home/bizare/Desktop/Robotics_System/install/cw1q5/share/cw1q5/rviz
running install_egg_info
Copying ../build/cw1q5/cw1q5.egg-info to /home/bizare/Desktop/Robotics_System/install/cw1q5/lib/python3.8/site-packages/cw1q5-0.0.0-py3.8.egg-info
running install_scripts
Installing cw1q5b_node script to /home/bizare/Desktop/Robotics_System/install/cw1q5/lib/cw1q5
Installing cw1q5d_node script to /home/bizare/Desktop/Robotics_System/install/cw1q5/lib/cw1q5
writing list of installed files to '/home/bizare/Desktop/Robotics_System/build/cw1q5/install.log'
