-- Found ament_cmake: 0.9.12 (/opt/ros/foxy/share/ament_cmake/cmake)
-- Found PythonInterp: /usr/bin/python3 (found suitable version "3.8.10", minimum required is "3") 
-- Using PYTHON_EXECUTABLE: /usr/bin/python3
-- Found rosidl_default_generators: 1.0.1 (/opt/ros/foxy/share/rosidl_default_generators/cmake)
-- Using all available rosidl_typesupport_c: rosidl_typesupport_fastrtps_c;rosidl_typesupport_introspection_c
-- Found rosidl_adapter: 1.3.1 (/opt/ros/foxy/share/rosidl_adapter/cmake)
-- Using all available rosidl_typesupport_cpp: rosidl_typesupport_fastrtps_cpp;rosidl_typesupport_introspection_cpp
-- Found geometry_msgs: 2.0.5 (/opt/ros/foxy/share/geometry_msgs/cmake)
-- Found PythonInterp: /usr/bin/python3 (found version "3.8.10") 
CMake Error at /opt/ros/foxy/share/rosidl_adapter/cmake/rosidl_adapt_interfaces.cmake:60 (message):
  execute_process(/usr/bin/python3 -m rosidl_adapter --package-name
  cw1q4_interfaces --arguments-file
  /home/bizare/Desktop/MPHY0054_lab/cw1/build/cw1q4_interfaces/rosidl_adapter__arguments__cw1q4_interfaces.json
  --output-dir
  /home/bizare/Desktop/MPHY0054_lab/cw1/build/cw1q4_interfaces/rosidl_adapter/cw1q4_interfaces
  --output-file
  /home/bizare/Desktop/MPHY0054_lab/cw1/build/cw1q4_interfaces/rosidl_adapter/cw1q4_interfaces.idls)
  returned error code 1:

  Error processing 'geometry_msgs/msg/Quaternion q' of
  'cw1q4_interfaces/QuatToEuler_Request': 'geometry_msgs/msg/Quaternion'

  Traceback (most recent call last):

    File "/usr/lib/python3.8/runpy.py", line 194, in _run_module_as_main
      return _run_code(code, main_globals, None,
    File "/usr/lib/python3.8/runpy.py", line 87, in _run_code
      exec(code, run_globals)
    File "/opt/ros/foxy/lib/python3.8/site-packages/rosidl_adapter/__main__.py", line 19, in <module>
      sys.exit(main())
    File "/opt/ros/foxy/lib/python3.8/site-packages/rosidl_adapter/main.py", line 53, in main
      abs_idl_file = convert_to_idl(
    File "/opt/ros/foxy/lib/python3.8/site-packages/rosidl_adapter/__init__.py", line 24, in convert_to_idl
      return convert_srv_to_idl(
    File "/opt/ros/foxy/lib/python3.8/site-packages/rosidl_adapter/srv/__init__.py", line 28, in convert_srv_to_idl
      srv = parse_service_string(package_name, input_file.stem, content)
    File "/opt/ros/foxy/lib/python3.8/site-packages/rosidl_adapter/parser.py", line 852, in parse_service_string
      request_message = parse_message_string(
    File "/opt/ros/foxy/lib/python3.8/site-packages/rosidl_adapter/parser.py", line 516, in parse_message_string
      Type(type_string, context_package_name=pkg_name),
    File "/opt/ros/foxy/lib/python3.8/site-packages/rosidl_adapter/parser.py", line 276, in __init__
      super(Type, self).__init__(
    File "/opt/ros/foxy/lib/python3.8/site-packages/rosidl_adapter/parser.py", line 189, in __init__
      raise InvalidResourceName(type_string)

  rosidl_adapter.parser.InvalidResourceName: geometry_msgs/msg/Quaternion

Call Stack (most recent call first):
  /opt/ros/foxy/share/rosidl_cmake/cmake/rosidl_generate_interfaces.cmake:130 (rosidl_adapt_interfaces)
  CMakeLists.txt:13 (rosidl_generate_interfaces)


-- Configuring incomplete, errors occurred!
See also "/home/bizare/Desktop/MPHY0054_lab/cw1/build/cw1q4_interfaces/CMakeFiles/CMakeOutput.log".
make: *** [Makefile:988：cmake_check_build_system] 错误 1
