[0.235s] Invoking command in '/home/bizare/Desktop/MPHY0054_lab/cw1/build/cw1q4_interfaces': CMAKE_PREFIX_PATH=${CMAKE_PREFIX_PATH}:/home/bizare/Desktop/MPHY0054_lab/cw1/install/cw1q9:/home/bizare/Desktop/MPHY0054_lab/cw1/install/cw1q5:/home/bizare/Desktop/MPHY0054_lab/cw1/install/cw1q4:/opt/ros/foxy /usr/bin/cmake --build /home/bizare/Desktop/MPHY0054_lab/cw1/build/cw1q4_interfaces -- -j8 -l8
[0.649s] -- Found ament_cmake: 0.9.12 (/opt/ros/foxy/share/ament_cmake/cmake)
[0.649s] -- Found PythonInterp: /usr/bin/python3 (found suitable version "3.8.10", minimum required is "3") 
[0.649s] -- Using PYTHON_EXECUTABLE: /usr/bin/python3
[0.650s] -- Found rosidl_default_generators: 1.0.1 (/opt/ros/foxy/share/rosidl_default_generators/cmake)
[0.650s] -- Using all available rosidl_typesupport_c: rosidl_typesupport_fastrtps_c;rosidl_typesupport_introspection_c
[0.651s] -- Found rosidl_adapter: 1.3.1 (/opt/ros/foxy/share/rosidl_adapter/cmake)
[0.651s] -- Using all available rosidl_typesupport_cpp: rosidl_typesupport_fastrtps_cpp;rosidl_typesupport_introspection_cpp
[0.652s] -- Found geometry_msgs: 2.0.5 (/opt/ros/foxy/share/geometry_msgs/cmake)
[0.669s] -- Found PythonInterp: /usr/bin/python3 (found version "3.8.10") 
[0.895s] CMake Error at /opt/ros/foxy/share/rosidl_adapter/cmake/rosidl_adapt_interfaces.cmake:60 (message):
[0.895s]   execute_process(/usr/bin/python3 -m rosidl_adapter --package-name
[0.895s]   cw1q4_interfaces --arguments-file
[0.895s]   /home/bizare/Desktop/MPHY0054_lab/cw1/build/cw1q4_interfaces/rosidl_adapter__arguments__cw1q4_interfaces.json
[0.895s]   --output-dir
[0.895s]   /home/bizare/Desktop/MPHY0054_lab/cw1/build/cw1q4_interfaces/rosidl_adapter/cw1q4_interfaces
[0.895s]   --output-file
[0.895s]   /home/bizare/Desktop/MPHY0054_lab/cw1/build/cw1q4_interfaces/rosidl_adapter/cw1q4_interfaces.idls)
[0.895s]   returned error code 1:
[0.895s] 
[0.896s]   Error processing 'geometry_msgs/msg/Quaternion q' of
[0.896s]   'cw1q4_interfaces/QuatToEuler_Request': 'geometry_msgs/msg/Quaternion'
[0.896s] 
[0.896s]   Traceback (most recent call last):
[0.896s] 
[0.896s]     File "/usr/lib/python3.8/runpy.py", line 194, in _run_module_as_main
[0.896s]       return _run_code(code, main_globals, None,
[0.896s]     File "/usr/lib/python3.8/runpy.py", line 87, in _run_code
[0.896s]       exec(code, run_globals)
[0.896s]     File "/opt/ros/foxy/lib/python3.8/site-packages/rosidl_adapter/__main__.py", line 19, in <module>
[0.896s]       sys.exit(main())
[0.896s]     File "/opt/ros/foxy/lib/python3.8/site-packages/rosidl_adapter/main.py", line 53, in main
[0.896s]       abs_idl_file = convert_to_idl(
[0.896s]     File "/opt/ros/foxy/lib/python3.8/site-packages/rosidl_adapter/__init__.py", line 24, in convert_to_idl
[0.896s]       return convert_srv_to_idl(
[0.896s]     File "/opt/ros/foxy/lib/python3.8/site-packages/rosidl_adapter/srv/__init__.py", line 28, in convert_srv_to_idl
[0.896s]       srv = parse_service_string(package_name, input_file.stem, content)
[0.896s]     File "/opt/ros/foxy/lib/python3.8/site-packages/rosidl_adapter/parser.py", line 852, in parse_service_string
[0.897s]       request_message = parse_message_string(
[0.897s]     File "/opt/ros/foxy/lib/python3.8/site-packages/rosidl_adapter/parser.py", line 516, in parse_message_string
[0.897s]       Type(type_string, context_package_name=pkg_name),
[0.897s]     File "/opt/ros/foxy/lib/python3.8/site-packages/rosidl_adapter/parser.py", line 276, in __init__
[0.897s]       super(Type, self).__init__(
[0.897s]     File "/opt/ros/foxy/lib/python3.8/site-packages/rosidl_adapter/parser.py", line 189, in __init__
[0.897s]       raise InvalidResourceName(type_string)
[0.897s] 
[0.897s]   rosidl_adapter.parser.InvalidResourceName: geometry_msgs/msg/Quaternion
[0.897s] 
[0.897s] Call Stack (most recent call first):
[0.897s]   /opt/ros/foxy/share/rosidl_cmake/cmake/rosidl_generate_interfaces.cmake:130 (rosidl_adapt_interfaces)
[0.897s]   CMakeLists.txt:13 (rosidl_generate_interfaces)
[0.897s] 
[0.898s] 
[0.898s] -- Configuring incomplete, errors occurred!
[0.898s] See also "/home/bizare/Desktop/MPHY0054_lab/cw1/build/cw1q4_interfaces/CMakeFiles/CMakeOutput.log".
[0.900s] make: *** [Makefile:988：cmake_check_build_system] 错误 1
[0.902s] Invoked command in '/home/bizare/Desktop/MPHY0054_lab/cw1/build/cw1q4_interfaces' returned '2': CMAKE_PREFIX_PATH=${CMAKE_PREFIX_PATH}:/home/bizare/Desktop/MPHY0054_lab/cw1/install/cw1q9:/home/bizare/Desktop/MPHY0054_lab/cw1/install/cw1q5:/home/bizare/Desktop/MPHY0054_lab/cw1/install/cw1q4:/opt/ros/foxy /usr/bin/cmake --build /home/bizare/Desktop/MPHY0054_lab/cw1/build/cw1q4_interfaces -- -j8 -l8
