[0.036s] Invoking command in '/home/bizare/Desktop/Robotics_System/build/youbot_simulator': AMENT_PREFIX_PATH=/home/bizare/Desktop/Robotics_System/install/youbot_description:${AMENT_PREFIX_PATH} CMAKE_PREFIX_PATH=/opt/ros/foxy:/home/bizare/Desktop/Robotics_System/install/youbot_description /usr/bin/cmake --build /home/bizare/Desktop/Robotics_System/build/youbot_simulator -- -j8 -l8
[0.094s] Invoked command in '/home/bizare/Desktop/Robotics_System/build/youbot_simulator' returned '0': AMENT_PREFIX_PATH=/home/bizare/Desktop/Robotics_System/install/youbot_description:${AMENT_PREFIX_PATH} CMAKE_PREFIX_PATH=/opt/ros/foxy:/home/bizare/Desktop/Robotics_System/install/youbot_description /usr/bin/cmake --build /home/bizare/Desktop/Robotics_System/build/youbot_simulator -- -j8 -l8
[0.098s] Invoking command in '/home/bizare/Desktop/Robotics_System/build/youbot_simulator': AMENT_PREFIX_PATH=/home/bizare/Desktop/Robotics_System/install/youbot_description:${AMENT_PREFIX_PATH} CMAKE_PREFIX_PATH=/opt/ros/foxy:/home/bizare/Desktop/Robotics_System/install/youbot_description /usr/bin/cmake --install /home/bizare/Desktop/Robotics_System/build/youbot_simulator
[0.109s] -- Install configuration: ""
[0.109s] -- Up-to-date: /home/bizare/Desktop/Robotics_System/install/youbot_simulator/share/youbot_simulator/launch
[0.109s] -- Up-to-date: /home/bizare/Desktop/Robotics_System/install/youbot_simulator/share/youbot_simulator/launch/youbot_controller.launch.py
[0.109s] -- Up-to-date: /home/bizare/Desktop/Robotics_System/install/youbot_simulator/share/youbot_simulator/launch/youbot_sim.launch.py
[0.109s] -- Up-to-date: /home/bizare/Desktop/Robotics_System/install/youbot_simulator/share/youbot_simulator/config
[0.110s] -- Up-to-date: /home/bizare/Desktop/Robotics_System/install/youbot_simulator/share/youbot_simulator/config/youbot.rviz
[0.111s] -- Up-to-date: /home/bizare/Desktop/Robotics_System/install/youbot_simulator/share/youbot_simulator/config/youbot_control.yaml
[0.111s] -- Up-to-date: /home/bizare/Desktop/Robotics_System/install/youbot_simulator/share/ament_index/resource_index/package_run_dependencies/youbot_simulator
[0.111s] -- Installing: /home/bizare/Desktop/Robotics_System/install/youbot_simulator/share/ament_index/resource_index/parent_prefix_path/youbot_simulator
[0.111s] -- Up-to-date: /home/bizare/Desktop/Robotics_System/install/youbot_simulator/share/youbot_simulator/environment/ament_prefix_path.sh
[0.112s] -- Up-to-date: /home/bizare/Desktop/Robotics_System/install/youbot_simulator/share/youbot_simulator/environment/ament_prefix_path.dsv
[0.112s] -- Up-to-date: /home/bizare/Desktop/Robotics_System/install/youbot_simulator/share/youbot_simulator/environment/path.sh
[0.113s] -- Up-to-date: /home/bizare/Desktop/Robotics_System/install/youbot_simulator/share/youbot_simulator/environment/path.dsv
[0.113s] -- Up-to-date: /home/bizare/Desktop/Robotics_System/install/youbot_simulator/share/youbot_simulator/local_setup.bash
[0.113s] -- Up-to-date: /home/bizare/Desktop/Robotics_System/install/youbot_simulator/share/youbot_simulator/local_setup.sh
[0.114s] -- Up-to-date: /home/bizare/Desktop/Robotics_System/install/youbot_simulator/share/youbot_simulator/local_setup.zsh
[0.114s] -- Up-to-date: /home/bizare/Desktop/Robotics_System/install/youbot_simulator/share/youbot_simulator/local_setup.dsv
[0.114s] -- Installing: /home/bizare/Desktop/Robotics_System/install/youbot_simulator/share/youbot_simulator/package.dsv
[0.115s] -- Up-to-date: /home/bizare/Desktop/Robotics_System/install/youbot_simulator/share/ament_index/resource_index/packages/youbot_simulator
[0.115s] -- Up-to-date: /home/bizare/Desktop/Robotics_System/install/youbot_simulator/share/youbot_simulator/cmake/youbot_simulatorConfig.cmake
[0.115s] -- Up-to-date: /home/bizare/Desktop/Robotics_System/install/youbot_simulator/share/youbot_simulator/cmake/youbot_simulatorConfig-version.cmake
[0.116s] -- Up-to-date: /home/bizare/Desktop/Robotics_System/install/youbot_simulator/share/youbot_simulator/package.xml
[0.116s] Invoked command in '/home/bizare/Desktop/Robotics_System/build/youbot_simulator' returned '0': AMENT_PREFIX_PATH=/home/bizare/Desktop/Robotics_System/install/youbot_description:${AMENT_PREFIX_PATH} CMAKE_PREFIX_PATH=/opt/ros/foxy:/home/bizare/Desktop/Robotics_System/install/youbot_description /usr/bin/cmake --install /home/bizare/Desktop/Robotics_System/build/youbot_simulator
