-- Install configuration: ""
-- Up-to-date: /home/bizare/Desktop/Robotics_System/install/youbot_description/share/youbot_description/controller
-- Up-to-date: /home/bizare/Desktop/Robotics_System/install/youbot_description/share/youbot_description/controller/ros_controller.urdf.xacro
-- Up-to-date: /home/bizare/Desktop/Robotics_System/install/youbot_description/share/youbot_description/meshes
-- Up-to-date: /home/bizare/Desktop/Robotics_System/install/youbot_description/share/youbot_description/meshes/youbot_gripper
-- Up-to-date: /home/bizare/Desktop/Robotics_System/install/youbot_description/share/youbot_description/meshes/youbot_gripper/finger.dae
-- Up-to-date: /home/bizare/Desktop/Robotics_System/install/youbot_description/share/youbot_description/meshes/youbot_gripper/palm_convex.dae
-- Up-to-date: /home/bizare/Desktop/Robotics_System/install/youbot_description/share/youbot_description/meshes/youbot_gripper/finger_convex.dae
-- Up-to-date: /home/bizare/Desktop/Robotics_System/install/youbot_description/share/youbot_description/meshes/youbot_gripper/palm.dae
-- Up-to-date: /home/bizare/Desktop/Robotics_System/install/youbot_description/share/youbot_description/meshes/youbot_plate
-- Up-to-date: /home/bizare/Desktop/Robotics_System/install/youbot_description/share/youbot_description/meshes/youbot_plate/plate.dae
-- Up-to-date: /home/bizare/Desktop/Robotics_System/install/youbot_description/share/youbot_description/meshes/youbot_plate/plate_convex.dae
-- Up-to-date: /home/bizare/Desktop/Robotics_System/install/youbot_description/share/youbot_description/meshes/youbot_base
-- Up-to-date: /home/bizare/Desktop/Robotics_System/install/youbot_description/share/youbot_description/meshes/youbot_base/base.dae
-- Up-to-date: /home/bizare/Desktop/Robotics_System/install/youbot_description/share/youbot_description/meshes/youbot_base/base_convex.dae
-- Up-to-date: /home/bizare/Desktop/Robotics_System/install/youbot_description/share/youbot_description/meshes/youbot_arm
-- Up-to-date: /home/bizare/Desktop/Robotics_System/install/youbot_description/share/youbot_description/meshes/youbot_arm/arm5_convex.dae
-- Up-to-date: /home/bizare/Desktop/Robotics_System/install/youbot_description/share/youbot_description/meshes/youbot_arm/arm2.dae
-- Up-to-date: /home/bizare/Desktop/Robotics_System/install/youbot_description/share/youbot_description/meshes/youbot_arm/arm1.dae
-- Up-to-date: /home/bizare/Desktop/Robotics_System/install/youbot_description/share/youbot_description/meshes/youbot_arm/arm0.dae
-- Up-to-date: /home/bizare/Desktop/Robotics_System/install/youbot_description/share/youbot_description/meshes/youbot_arm/arm0_convex.dae
-- Up-to-date: /home/bizare/Desktop/Robotics_System/install/youbot_description/share/youbot_description/meshes/youbot_arm/arm4_convex.dae
-- Up-to-date: /home/bizare/Desktop/Robotics_System/install/youbot_description/share/youbot_description/meshes/youbot_arm/arm3_convex.dae
-- Up-to-date: /home/bizare/Desktop/Robotics_System/install/youbot_description/share/youbot_description/meshes/youbot_arm/arm4.dae
-- Up-to-date: /home/bizare/Desktop/Robotics_System/install/youbot_description/share/youbot_description/meshes/youbot_arm/arm3.dae
-- Up-to-date: /home/bizare/Desktop/Robotics_System/install/youbot_description/share/youbot_description/meshes/youbot_arm/arm2_convex.dae
-- Up-to-date: /home/bizare/Desktop/Robotics_System/install/youbot_description/share/youbot_description/meshes/youbot_arm/arm1_convex.dae
-- Up-to-date: /home/bizare/Desktop/Robotics_System/install/youbot_description/share/youbot_description/meshes/youbot_arm/arm5.dae
-- Up-to-date: /home/bizare/Desktop/Robotics_System/install/youbot_description/share/youbot_description/meshes/sensors
-- Up-to-date: /home/bizare/Desktop/Robotics_System/install/youbot_description/share/youbot_description/meshes/sensors/asus_xtion_pro_live_base.dae
-- Up-to-date: /home/bizare/Desktop/Robotics_System/install/youbot_description/share/youbot_description/meshes/sensors/hokuyo.dae
-- Up-to-date: /home/bizare/Desktop/Robotics_System/install/youbot_description/share/youbot_description/meshes/sensors/kinect.tga
-- Up-to-date: /home/bizare/Desktop/Robotics_System/install/youbot_description/share/youbot_description/meshes/sensors/asus_xtion_pro_live_camera.png
-- Up-to-date: /home/bizare/Desktop/Robotics_System/install/youbot_description/share/youbot_description/meshes/sensors/asus_xtion_pro_live_camera.dae
-- Up-to-date: /home/bizare/Desktop/Robotics_System/install/youbot_description/share/youbot_description/meshes/sensors/hokuyo_convex.dae
-- Up-to-date: /home/bizare/Desktop/Robotics_System/install/youbot_description/share/youbot_description/meshes/sensors/asus_xtion_pro_live_base.png
-- Up-to-date: /home/bizare/Desktop/Robotics_System/install/youbot_description/share/youbot_description/meshes/sensors/kinect.dae
-- Up-to-date: /home/bizare/Desktop/Robotics_System/install/youbot_description/share/youbot_description/meshes/sensors/microsoft_lifecam.dae
-- Up-to-date: /home/bizare/Desktop/Robotics_System/install/youbot_description/share/youbot_description/robots
-- Up-to-date: /home/bizare/Desktop/Robotics_System/install/youbot_description/share/youbot_description/robots/youbot.urdf.xacro
-- Up-to-date: /home/bizare/Desktop/Robotics_System/install/youbot_description/share/youbot_description/robots/youbot_arm_only.urdf.xacro
-- Up-to-date: /home/bizare/Desktop/Robotics_System/install/youbot_description/share/youbot_description/robots/youbot_base_only.urdf.xacro
-- Up-to-date: /home/bizare/Desktop/Robotics_System/install/youbot_description/share/youbot_description/robots/youbot_dual_arm.urdf.xacro
-- Up-to-date: /home/bizare/Desktop/Robotics_System/install/youbot_description/share/youbot_description/urdf
-- Up-to-date: /home/bizare/Desktop/Robotics_System/install/youbot_description/share/youbot_description/urdf/youbot_gripper
-- Up-to-date: /home/bizare/Desktop/Robotics_System/install/youbot_description/share/youbot_description/urdf/youbot_gripper/gripper.gazebo.xacro
-- Up-to-date: /home/bizare/Desktop/Robotics_System/install/youbot_description/share/youbot_description/urdf/youbot_gripper/gripper.urdf.xacro
-- Up-to-date: /home/bizare/Desktop/Robotics_System/install/youbot_description/share/youbot_description/urdf/youbot_gripper/gripper.transmission.xacro
-- Up-to-date: /home/bizare/Desktop/Robotics_System/install/youbot_description/share/youbot_description/urdf/youbot_gripper/limits.urdf.xacro
-- Up-to-date: /home/bizare/Desktop/Robotics_System/install/youbot_description/share/youbot_description/urdf/youbot_plate
-- Up-to-date: /home/bizare/Desktop/Robotics_System/install/youbot_description/share/youbot_description/urdf/youbot_plate/plate.urdf.xacro
-- Up-to-date: /home/bizare/Desktop/Robotics_System/install/youbot_description/share/youbot_description/urdf/common.xacro
-- Up-to-date: /home/bizare/Desktop/Robotics_System/install/youbot_description/share/youbot_description/urdf/youbot_base
-- Up-to-date: /home/bizare/Desktop/Robotics_System/install/youbot_description/share/youbot_description/urdf/youbot_base/base.gazebo.xacro
-- Up-to-date: /home/bizare/Desktop/Robotics_System/install/youbot_description/share/youbot_description/urdf/youbot_base/base.transmission.xacro
-- Up-to-date: /home/bizare/Desktop/Robotics_System/install/youbot_description/share/youbot_description/urdf/youbot_base/base.urdf.xacro
-- Up-to-date: /home/bizare/Desktop/Robotics_System/install/youbot_description/share/youbot_description/urdf/youbot_arm
-- Up-to-date: /home/bizare/Desktop/Robotics_System/install/youbot_description/share/youbot_description/urdf/youbot_arm/arm.transmission.xacro
-- Up-to-date: /home/bizare/Desktop/Robotics_System/install/youbot_description/share/youbot_description/urdf/youbot_arm/limits.urdf.xacro
-- Up-to-date: /home/bizare/Desktop/Robotics_System/install/youbot_description/share/youbot_description/urdf/youbot_arm/code2.py
-- Up-to-date: /home/bizare/Desktop/Robotics_System/install/youbot_description/share/youbot_description/urdf/youbot_arm/arm.gazebo.xacro
-- Up-to-date: /home/bizare/Desktop/Robotics_System/install/youbot_description/share/youbot_description/urdf/youbot_arm/arm.urdf.xacro
-- Up-to-date: /home/bizare/Desktop/Robotics_System/install/youbot_description/share/youbot_description/urdf/misc
-- Up-to-date: /home/bizare/Desktop/Robotics_System/install/youbot_description/share/youbot_description/urdf/misc/sensor_angle.urdf.xacro
-- Up-to-date: /home/bizare/Desktop/Robotics_System/install/youbot_description/share/youbot_description/urdf/misc/cam3d_tower.urdf.xacro
-- Up-to-date: /home/bizare/Desktop/Robotics_System/install/youbot_description/share/youbot_description/urdf/sensors
-- Up-to-date: /home/bizare/Desktop/Robotics_System/install/youbot_description/share/youbot_description/urdf/sensors/asus_xtion_camera.gazebo.xacro
-- Up-to-date: /home/bizare/Desktop/Robotics_System/install/youbot_description/share/youbot_description/urdf/sensors/microsoft_lifecam.urdf.xacro
-- Up-to-date: /home/bizare/Desktop/Robotics_System/install/youbot_description/share/youbot_description/urdf/sensors/microsoft_lifecam.gazebo.xacro
-- Up-to-date: /home/bizare/Desktop/Robotics_System/install/youbot_description/share/youbot_description/urdf/sensors/kinect_camera.gazebo.xacro
-- Up-to-date: /home/bizare/Desktop/Robotics_System/install/youbot_description/share/youbot_description/urdf/sensors/kinect_camera.urdf.xacro
-- Up-to-date: /home/bizare/Desktop/Robotics_System/install/youbot_description/share/youbot_description/urdf/sensors/asus_xtion_camera.urdf.xacro
-- Up-to-date: /home/bizare/Desktop/Robotics_System/install/youbot_description/share/youbot_description/urdf/sensors/hokuyo_urg04_laser.urdf.xacro
-- Up-to-date: /home/bizare/Desktop/Robotics_System/install/youbot_description/share/youbot_description/urdf/sensors/hokuyo_urg04_laser.gazebo.xacro
-- Up-to-date: /home/bizare/Desktop/Robotics_System/install/youbot_description/share/youbot_description/urdf/materials.urdf.xacro
-- Up-to-date: /home/bizare/Desktop/Robotics_System/install/youbot_description/share/ament_index/resource_index/package_run_dependencies/youbot_description
-- Up-to-date: /home/bizare/Desktop/Robotics_System/install/youbot_description/share/ament_index/resource_index/parent_prefix_path/youbot_description
-- Up-to-date: /home/bizare/Desktop/Robotics_System/install/youbot_description/share/youbot_description/environment/ament_prefix_path.sh
-- Up-to-date: /home/bizare/Desktop/Robotics_System/install/youbot_description/share/youbot_description/environment/ament_prefix_path.dsv
-- Up-to-date: /home/bizare/Desktop/Robotics_System/install/youbot_description/share/youbot_description/environment/path.sh
-- Up-to-date: /home/bizare/Desktop/Robotics_System/install/youbot_description/share/youbot_description/environment/path.dsv
-- Up-to-date: /home/bizare/Desktop/Robotics_System/install/youbot_description/share/youbot_description/local_setup.bash
-- Up-to-date: /home/bizare/Desktop/Robotics_System/install/youbot_description/share/youbot_description/local_setup.sh
-- Up-to-date: /home/bizare/Desktop/Robotics_System/install/youbot_description/share/youbot_description/local_setup.zsh
-- Up-to-date: /home/bizare/Desktop/Robotics_System/install/youbot_description/share/youbot_description/local_setup.dsv
-- Installing: /home/bizare/Desktop/Robotics_System/install/youbot_description/share/youbot_description/package.dsv
-- Up-to-date: /home/bizare/Desktop/Robotics_System/install/youbot_description/share/ament_index/resource_index/packages/youbot_description
-- Up-to-date: /home/bizare/Desktop/Robotics_System/install/youbot_description/share/youbot_description/cmake/youbot_descriptionConfig.cmake
-- Up-to-date: /home/bizare/Desktop/Robotics_System/install/youbot_description/share/youbot_description/cmake/youbot_descriptionConfig-version.cmake
-- Up-to-date: /home/bizare/Desktop/Robotics_System/install/youbot_description/share/youbot_description/package.xml
