[1.192s] Invoking command in '/home/bizare/Desktop/Robotics_System/cw1q4': PYTHONPATH=/home/bizare/Desktop/Robotics_System/build/cw1q4/prefix_override:/usr/lib/python3/dist-packages/colcon_core/task/python/colcon_distutils_commands:/home/bizare/Desktop/Robotics_System/install/cw1q4/lib/python3.8/site-packages:${PYTHONPATH} /usr/bin/python3 -W ignore:setup.py install is deprecated -W ignore:easy_install command is deprecated setup.py egg_info --egg-base ../build/cw1q4 build --build-base /home/bizare/Desktop/Robotics_System/build/cw1q4/build install --record /home/bizare/Desktop/Robotics_System/build/cw1q4/install.log --install-scripts $base/lib/cw1q4 --single-version-externally-managed install_data
[1.396s] running egg_info
[1.396s] creating ../build/cw1q4/cw1q4.egg-info
[1.397s] writing ../build/cw1q4/cw1q4.egg-info/PKG-INFO
[1.397s] writing dependency_links to ../build/cw1q4/cw1q4.egg-info/dependency_links.txt
[1.397s] writing entry points to ../build/cw1q4/cw1q4.egg-info/entry_points.txt
[1.397s] writing requirements to ../build/cw1q4/cw1q4.egg-info/requires.txt
[1.397s] writing top-level names to ../build/cw1q4/cw1q4.egg-info/top_level.txt
[1.398s] writing manifest file '../build/cw1q4/cw1q4.egg-info/SOURCES.txt'
[1.433s] reading manifest file '../build/cw1q4/cw1q4.egg-info/SOURCES.txt'
[1.434s] writing manifest file '../build/cw1q4/cw1q4.egg-info/SOURCES.txt'
[1.434s] running build
[1.434s] running build_py
[1.434s] creating /home/bizare/Desktop/Robotics_System/build/cw1q4/build
[1.434s] creating /home/bizare/Desktop/Robotics_System/build/cw1q4/build/lib
[1.434s] creating /home/bizare/Desktop/Robotics_System/build/cw1q4/build/lib/cw1q4
[1.435s] copying cw1q4/__init__.py -> /home/bizare/Desktop/Robotics_System/build/cw1q4/build/lib/cw1q4
[1.435s] copying cw1q4/cw1q4_node.py -> /home/bizare/Desktop/Robotics_System/build/cw1q4/build/lib/cw1q4
[1.435s] running install
[1.437s] running install_lib
[1.439s] creating /home/bizare/Desktop/Robotics_System/install/cw1q4/lib/python3.8/site-packages/cw1q4
[1.440s] copying /home/bizare/Desktop/Robotics_System/build/cw1q4/build/lib/cw1q4/__init__.py -> /home/bizare/Desktop/Robotics_System/install/cw1q4/lib/python3.8/site-packages/cw1q4
[1.440s] copying /home/bizare/Desktop/Robotics_System/build/cw1q4/build/lib/cw1q4/cw1q4_node.py -> /home/bizare/Desktop/Robotics_System/install/cw1q4/lib/python3.8/site-packages/cw1q4
[1.440s] byte-compiling /home/bizare/Desktop/Robotics_System/install/cw1q4/lib/python3.8/site-packages/cw1q4/__init__.py to __init__.cpython-38.pyc
[1.444s] byte-compiling /home/bizare/Desktop/Robotics_System/install/cw1q4/lib/python3.8/site-packages/cw1q4/cw1q4_node.py to cw1q4_node.cpython-38.pyc
[1.444s] running install_data
[1.444s] creating /home/bizare/Desktop/Robotics_System/install/cw1q4/share/ament_index
[1.445s] creating /home/bizare/Desktop/Robotics_System/install/cw1q4/share/ament_index/resource_index
[1.446s] creating /home/bizare/Desktop/Robotics_System/install/cw1q4/share/ament_index/resource_index/packages
[1.446s] copying resource/cw1q4 -> /home/bizare/Desktop/Robotics_System/install/cw1q4/share/ament_index/resource_index/packages
[1.446s] copying package.xml -> /home/bizare/Desktop/Robotics_System/install/cw1q4/share/cw1q4
[1.446s] running install_egg_info
[1.446s] Copying ../build/cw1q4/cw1q4.egg-info to /home/bizare/Desktop/Robotics_System/install/cw1q4/lib/python3.8/site-packages/cw1q4-0.0.0-py3.8.egg-info
[1.446s] running install_scripts
[1.462s] Installing cw1q4_services script to /home/bizare/Desktop/Robotics_System/install/cw1q4/lib/cw1q4
[1.462s] writing list of installed files to '/home/bizare/Desktop/Robotics_System/build/cw1q4/install.log'
[1.500s] Invoked command in '/home/bizare/Desktop/Robotics_System/cw1q4' returned '0': PYTHONPATH=/home/bizare/Desktop/Robotics_System/build/cw1q4/prefix_override:/usr/lib/python3/dist-packages/colcon_core/task/python/colcon_distutils_commands:/home/bizare/Desktop/Robotics_System/install/cw1q4/lib/python3.8/site-packages:${PYTHONPATH} /usr/bin/python3 -W ignore:setup.py install is deprecated -W ignore:easy_install command is deprecated setup.py egg_info --egg-base ../build/cw1q4 build --build-base /home/bizare/Desktop/Robotics_System/build/cw1q4/build install --record /home/bizare/Desktop/Robotics_System/build/cw1q4/install.log --install-scripts $base/lib/cw1q4 --single-version-externally-managed install_data
