[0.228s] Invoking command in '/home/bizare/Desktop/MPHY0054_lab/cw1/build/cw1q4_interfaces': CMAKE_PREFIX_PATH=${CMAKE_PREFIX_PATH}:/home/bizare/Desktop/MPHY0054_lab/cw1/install/cw1q9:/home/bizare/Desktop/MPHY0054_lab/cw1/install/cw1q5:/home/bizare/Desktop/MPHY0054_lab/cw1/install/cw1q4:/opt/ros/foxy /usr/bin/cmake --build /home/bizare/Desktop/MPHY0054_lab/cw1/build/cw1q4_interfaces -- -j8 -l8
[0.438s] -- Found ament_cmake: 0.9.12 (/opt/ros/foxy/share/ament_cmake/cmake)
[0.438s] -- Found PythonInterp: /usr/bin/python3 (found suitable version "3.8.10", minimum required is "3") 
[0.439s] -- Using PYTHON_EXECUTABLE: /usr/bin/python3
[0.445s] -- Found rosidl_default_generators: 1.0.1 (/opt/ros/foxy/share/rosidl_default_generators/cmake)
[0.447s] -- Using all available rosidl_typesupport_c: rosidl_typesupport_fastrtps_c;rosidl_typesupport_introspection_c
[0.450s] -- Found rosidl_adapter: 1.3.1 (/opt/ros/foxy/share/rosidl_adapter/cmake)
[0.567s] -- Using all available rosidl_typesupport_cpp: rosidl_typesupport_fastrtps_cpp;rosidl_typesupport_introspection_cpp
[0.586s] -- Found geometry_msgs: 2.0.5 (/opt/ros/foxy/share/geometry_msgs/cmake)
[0.671s] -- Found PythonInterp: /usr/bin/python3 (found version "3.8.10") 
[0.852s] -- Found ament_cmake_ros: 0.9.2 (/opt/ros/foxy/share/ament_cmake_ros/cmake)
[1.068s] -- Using all available rosidl_typesupport_c: rosidl_typesupport_fastrtps_c;rosidl_typesupport_introspection_c
[1.195s] -- Using all available rosidl_typesupport_cpp: rosidl_typesupport_fastrtps_cpp;rosidl_typesupport_introspection_cpp
[1.218s] -- Found PythonInterp: /usr/bin/python3 (found suitable version "3.8.10", minimum required is "3.5") 
[1.219s] -- Found python_cmake_module: 0.8.1 (/opt/ros/foxy/share/python_cmake_module/cmake)
[1.239s] -- Using PYTHON_EXECUTABLE: /usr/bin/python3
[1.240s] -- Using PYTHON_INCLUDE_DIRS: /usr/include/python3.8
[1.240s] -- Using PYTHON_LIBRARIES: /usr/lib/x86_64-linux-gnu/libpython3.8.so
[1.306s] -- Configuring done
[1.369s] -- Generating done
[1.402s] -- Build files have been written to: /home/bizare/Desktop/MPHY0054_lab/cw1/build/cw1q4_interfaces
[1.431s] [  2%] [34m[1mGenerating C code for ROS interfaces[0m
[1.443s] [  5%] [34m[1mGenerating C++ code for ROS interfaces[0m
[1.770s] [  5%] Built target cw1q4_interfaces__cpp
[1.780s] [35m[1mScanning dependencies of target cw1q4_interfaces__rosidl_generator_c[0m
[1.783s] [  7%] [34m[1mGenerating C++ type support dispatch for ROS interfaces[0m
[1.784s] [ 10%] [34m[1mGenerating C++ type support for eProsima Fast-RTPS[0m
[1.785s] [ 12%] [34m[1mGenerating C++ introspection for ROS interfaces[0m
[1.817s] [ 17%] [32mBuilding C object CMakeFiles/cw1q4_interfaces__rosidl_generator_c.dir/rosidl_generator_c/cw1q4_interfaces/srv/detail/quat_to_euler__functions.c.o[0m
[1.817s] [ 17%] [32mBuilding C object CMakeFiles/cw1q4_interfaces__rosidl_generator_c.dir/rosidl_generator_c/cw1q4_interfaces/srv/detail/quat_to_rodrigues__functions.c.o[0m
[1.894s] [ 20%] [32m[1mLinking C shared library libcw1q4_interfaces__rosidl_generator_c.so[0m
[1.938s] [ 20%] Built target cw1q4_interfaces__rosidl_generator_c
[1.949s] [ 23%] [34m[1mGenerating C type support dispatch for ROS interfaces[0m
[1.950s] [ 25%] [34m[1mGenerating C introspection for ROS interfaces[0m
[2.104s] [35m[1mScanning dependencies of target cw1q4_interfaces__rosidl_typesupport_introspection_cpp[0m
[2.105s] [35m[1mScanning dependencies of target cw1q4_interfaces__rosidl_typesupport_cpp[0m
[2.132s] [ 28%] [32mBuilding CXX object CMakeFiles/cw1q4_interfaces__rosidl_typesupport_introspection_cpp.dir/rosidl_typesupport_introspection_cpp/cw1q4_interfaces/srv/detail/quat_to_euler__type_support.cpp.o[0m
[2.132s] [ 30%] [32mBuilding CXX object CMakeFiles/cw1q4_interfaces__rosidl_typesupport_cpp.dir/rosidl_typesupport_cpp/cw1q4_interfaces/srv/quat_to_euler__type_support.cpp.o[0m
[2.132s] [ 33%] [32mBuilding CXX object CMakeFiles/cw1q4_interfaces__rosidl_typesupport_introspection_cpp.dir/rosidl_typesupport_introspection_cpp/cw1q4_interfaces/srv/detail/quat_to_rodrigues__type_support.cpp.o[0m
[2.146s] [ 35%] [32mBuilding CXX object CMakeFiles/cw1q4_interfaces__rosidl_typesupport_cpp.dir/rosidl_typesupport_cpp/cw1q4_interfaces/srv/quat_to_rodrigues__type_support.cpp.o[0m
[2.155s] [35m[1mScanning dependencies of target cw1q4_interfaces__rosidl_typesupport_fastrtps_cpp[0m
[2.214s] [ 38%] [32mBuilding CXX object CMakeFiles/cw1q4_interfaces__rosidl_typesupport_fastrtps_cpp.dir/rosidl_typesupport_fastrtps_cpp/cw1q4_interfaces/srv/detail/dds_fastrtps/quat_to_rodrigues__type_support.cpp.o[0m
[2.222s] [ 41%] [32mBuilding CXX object CMakeFiles/cw1q4_interfaces__rosidl_typesupport_fastrtps_cpp.dir/rosidl_typesupport_fastrtps_cpp/cw1q4_interfaces/srv/detail/dds_fastrtps/quat_to_euler__type_support.cpp.o[0m
[2.300s] [35m[1mScanning dependencies of target cw1q4_interfaces__rosidl_typesupport_c[0m
[2.326s] [ 43%] [32mBuilding CXX object CMakeFiles/cw1q4_interfaces__rosidl_typesupport_c.dir/rosidl_typesupport_c/cw1q4_interfaces/srv/quat_to_euler__type_support.cpp.o[0m
[2.355s] [35m[1mScanning dependencies of target cw1q4_interfaces__rosidl_typesupport_introspection_c[0m
[2.368s] [ 46%] [32mBuilding CXX object CMakeFiles/cw1q4_interfaces__rosidl_typesupport_c.dir/rosidl_typesupport_c/cw1q4_interfaces/srv/quat_to_rodrigues__type_support.cpp.o[0m
[2.438s] [ 48%] [32mBuilding C object CMakeFiles/cw1q4_interfaces__rosidl_typesupport_introspection_c.dir/rosidl_typesupport_introspection_c/cw1q4_interfaces/srv/detail/quat_to_euler__type_support.c.o[0m
[2.448s] [ 51%] [32m[1mLinking CXX shared library libcw1q4_interfaces__rosidl_typesupport_c.so[0m
[2.474s] [ 53%] [32mBuilding C object CMakeFiles/cw1q4_interfaces__rosidl_typesupport_introspection_c.dir/rosidl_typesupport_introspection_c/cw1q4_interfaces/srv/detail/quat_to_rodrigues__type_support.c.o[0m
[2.505s] [ 53%] Built target cw1q4_interfaces__rosidl_typesupport_c
[2.530s] [ 56%] [32m[1mLinking C shared library libcw1q4_interfaces__rosidl_typesupport_introspection_c.so[0m
[2.556s] [ 58%] [32m[1mLinking CXX shared library libcw1q4_interfaces__rosidl_typesupport_cpp.so[0m
[2.571s] [ 61%] [32m[1mLinking CXX shared library libcw1q4_interfaces__rosidl_typesupport_introspection_cpp.so[0m
[2.590s] [ 61%] Built target cw1q4_interfaces__rosidl_typesupport_introspection_c
[2.612s] [ 61%] Built target cw1q4_interfaces__rosidl_typesupport_cpp
[2.637s] [ 61%] Built target cw1q4_interfaces__rosidl_typesupport_introspection_cpp
[2.734s] [ 64%] [32m[1mLinking CXX shared library libcw1q4_interfaces__rosidl_typesupport_fastrtps_cpp.so[0m
[2.808s] [ 64%] Built target cw1q4_interfaces__rosidl_typesupport_fastrtps_cpp
[2.820s] [ 66%] [34m[1mGenerating C type support for eProsima Fast-RTPS[0m
[3.083s] [35m[1mScanning dependencies of target cw1q4_interfaces__rosidl_typesupport_fastrtps_c[0m
[3.100s] [ 71%] [32mBuilding CXX object CMakeFiles/cw1q4_interfaces__rosidl_typesupport_fastrtps_c.dir/rosidl_typesupport_fastrtps_c/cw1q4_interfaces/srv/detail/quat_to_euler__type_support_c.cpp.o[0m
[3.100s] [ 71%] [32mBuilding CXX object CMakeFiles/cw1q4_interfaces__rosidl_typesupport_fastrtps_c.dir/rosidl_typesupport_fastrtps_c/cw1q4_interfaces/srv/detail/quat_to_rodrigues__type_support_c.cpp.o[0m
[3.420s] [ 74%] [32m[1mLinking CXX shared library libcw1q4_interfaces__rosidl_typesupport_fastrtps_c.so[0m
[3.495s] [ 74%] Built target cw1q4_interfaces__rosidl_typesupport_fastrtps_c
[3.514s] [ 74%] Built target cw1q4_interfaces
[3.537s] [ 76%] [34m[1mGenerating Python code for ROS interfaces[0m
[4.069s] [ 76%] Built target cw1q4_interfaces__py
[4.081s] [35m[1mScanning dependencies of target cw1q4_interfaces__python[0m
[4.099s] [ 82%] [32mBuilding C object CMakeFiles/cw1q4_interfaces__python.dir/rosidl_generator_py/cw1q4_interfaces/srv/_quat_to_rodrigues_s.c.o[0m
[4.099s] [ 82%] [32mBuilding C object CMakeFiles/cw1q4_interfaces__python.dir/rosidl_generator_py/cw1q4_interfaces/srv/_quat_to_euler_s.c.o[0m
[4.182s] [ 84%] [32m[1mLinking C shared library rosidl_generator_py/cw1q4_interfaces/libcw1q4_interfaces__python.so[0m
[4.223s] [ 84%] Built target cw1q4_interfaces__python
[4.234s] [35m[1mScanning dependencies of target cw1q4_interfaces__rosidl_typesupport_introspection_c__pyext[0m
[4.234s] [35m[1mScanning dependencies of target cw1q4_interfaces__rosidl_typesupport_fastrtps_c__pyext[0m
[4.234s] [35m[1mScanning dependencies of target cw1q4_interfaces__rosidl_typesupport_c__pyext[0m
[4.249s] [ 87%] [32mBuilding C object CMakeFiles/cw1q4_interfaces__rosidl_typesupport_fastrtps_c__pyext.dir/rosidl_generator_py/cw1q4_interfaces/_cw1q4_interfaces_s.ep.rosidl_typesupport_fastrtps_c.c.o[0m
[4.250s] [ 89%] [32mBuilding C object CMakeFiles/cw1q4_interfaces__rosidl_typesupport_introspection_c__pyext.dir/rosidl_generator_py/cw1q4_interfaces/_cw1q4_interfaces_s.ep.rosidl_typesupport_introspection_c.c.o[0m
[4.250s] [ 92%] [32mBuilding C object CMakeFiles/cw1q4_interfaces__rosidl_typesupport_c__pyext.dir/rosidl_generator_py/cw1q4_interfaces/_cw1q4_interfaces_s.ep.rosidl_typesupport_c.c.o[0m
[4.346s] [ 94%] [32m[1mLinking C shared library rosidl_generator_py/cw1q4_interfaces/cw1q4_interfaces_s__rosidl_typesupport_introspection_c.cpython-38-x86_64-linux-gnu.so[0m
[4.348s] [ 97%] [32m[1mLinking CXX shared library rosidl_generator_py/cw1q4_interfaces/cw1q4_interfaces_s__rosidl_typesupport_fastrtps_c.cpython-38-x86_64-linux-gnu.so[0m
[4.351s] [100%] [32m[1mLinking C shared library rosidl_generator_py/cw1q4_interfaces/cw1q4_interfaces_s__rosidl_typesupport_c.cpython-38-x86_64-linux-gnu.so[0m
[4.393s] [100%] Built target cw1q4_interfaces__rosidl_typesupport_introspection_c__pyext
[4.395s] [100%] Built target cw1q4_interfaces__rosidl_typesupport_c__pyext
[4.426s] [100%] Built target cw1q4_interfaces__rosidl_typesupport_fastrtps_c__pyext
[4.437s] Invoked command in '/home/bizare/Desktop/MPHY0054_lab/cw1/build/cw1q4_interfaces' returned '0': CMAKE_PREFIX_PATH=${CMAKE_PREFIX_PATH}:/home/bizare/Desktop/MPHY0054_lab/cw1/install/cw1q9:/home/bizare/Desktop/MPHY0054_lab/cw1/install/cw1q5:/home/bizare/Desktop/MPHY0054_lab/cw1/install/cw1q4:/opt/ros/foxy /usr/bin/cmake --build /home/bizare/Desktop/MPHY0054_lab/cw1/build/cw1q4_interfaces -- -j8 -l8
[4.450s] Invoking command in '/home/bizare/Desktop/MPHY0054_lab/cw1/build/cw1q4_interfaces': CMAKE_PREFIX_PATH=${CMAKE_PREFIX_PATH}:/home/bizare/Desktop/MPHY0054_lab/cw1/install/cw1q9:/home/bizare/Desktop/MPHY0054_lab/cw1/install/cw1q5:/home/bizare/Desktop/MPHY0054_lab/cw1/install/cw1q4:/opt/ros/foxy /usr/bin/cmake --install /home/bizare/Desktop/MPHY0054_lab/cw1/build/cw1q4_interfaces
[4.458s] -- Install configuration: ""
[4.458s] -- Up-to-date: /home/bizare/Desktop/MPHY0054_lab/cw1/install/cw1q4_interfaces/share/ament_index/resource_index/rosidl_interfaces/cw1q4_interfaces
[4.458s] -- Up-to-date: /home/bizare/Desktop/MPHY0054_lab/cw1/install/cw1q4_interfaces/include/cw1q4_interfaces
[4.458s] -- Up-to-date: /home/bizare/Desktop/MPHY0054_lab/cw1/install/cw1q4_interfaces/include/cw1q4_interfaces/msg
[4.458s] -- Up-to-date: /home/bizare/Desktop/MPHY0054_lab/cw1/install/cw1q4_interfaces/include/cw1q4_interfaces/msg/rosidl_generator_c__visibility_control.h
[4.458s] -- Up-to-date: /home/bizare/Desktop/MPHY0054_lab/cw1/install/cw1q4_interfaces/include/cw1q4_interfaces/srv
[4.459s] -- Up-to-date: /home/bizare/Desktop/MPHY0054_lab/cw1/install/cw1q4_interfaces/include/cw1q4_interfaces/srv/detail
[4.459s] -- Installing: /home/bizare/Desktop/MPHY0054_lab/cw1/install/cw1q4_interfaces/include/cw1q4_interfaces/srv/detail/quat_to_euler__functions.c
[4.459s] -- Installing: /home/bizare/Desktop/MPHY0054_lab/cw1/install/cw1q4_interfaces/include/cw1q4_interfaces/srv/detail/quat_to_euler__type_support.h
[4.459s] -- Installing: /home/bizare/Desktop/MPHY0054_lab/cw1/install/cw1q4_interfaces/include/cw1q4_interfaces/srv/detail/quat_to_euler__functions.h
[4.459s] -- Installing: /home/bizare/Desktop/MPHY0054_lab/cw1/install/cw1q4_interfaces/include/cw1q4_interfaces/srv/detail/quat_to_rodrigues__struct.h
[4.459s] -- Installing: /home/bizare/Desktop/MPHY0054_lab/cw1/install/cw1q4_interfaces/include/cw1q4_interfaces/srv/detail/quat_to_euler__struct.h
[4.459s] -- Installing: /home/bizare/Desktop/MPHY0054_lab/cw1/install/cw1q4_interfaces/include/cw1q4_interfaces/srv/detail/quat_to_rodrigues__functions.c
[4.459s] -- Installing: /home/bizare/Desktop/MPHY0054_lab/cw1/install/cw1q4_interfaces/include/cw1q4_interfaces/srv/detail/quat_to_rodrigues__functions.h
[4.460s] -- Installing: /home/bizare/Desktop/MPHY0054_lab/cw1/install/cw1q4_interfaces/include/cw1q4_interfaces/srv/detail/quat_to_rodrigues__type_support.h
[4.460s] -- Installing: /home/bizare/Desktop/MPHY0054_lab/cw1/install/cw1q4_interfaces/include/cw1q4_interfaces/srv/quat_to_rodrigues.h
[4.460s] -- Installing: /home/bizare/Desktop/MPHY0054_lab/cw1/install/cw1q4_interfaces/include/cw1q4_interfaces/srv/quat_to_euler.h
[4.460s] -- Up-to-date: /home/bizare/Desktop/MPHY0054_lab/cw1/install/cw1q4_interfaces/share/cw1q4_interfaces/environment/library_path.sh
[4.460s] -- Installing: /home/bizare/Desktop/MPHY0054_lab/cw1/install/cw1q4_interfaces/share/cw1q4_interfaces/environment/library_path.dsv
[4.460s] -- Installing: /home/bizare/Desktop/MPHY0054_lab/cw1/install/cw1q4_interfaces/lib/libcw1q4_interfaces__rosidl_generator_c.so
[4.460s] -- Set runtime path of "/home/bizare/Desktop/MPHY0054_lab/cw1/install/cw1q4_interfaces/lib/libcw1q4_interfaces__rosidl_generator_c.so" to ""
[4.460s] -- Up-to-date: /home/bizare/Desktop/MPHY0054_lab/cw1/install/cw1q4_interfaces/include/cw1q4_interfaces
[4.461s] -- Up-to-date: /home/bizare/Desktop/MPHY0054_lab/cw1/install/cw1q4_interfaces/include/cw1q4_interfaces/msg
[4.461s] -- Up-to-date: /home/bizare/Desktop/MPHY0054_lab/cw1/install/cw1q4_interfaces/include/cw1q4_interfaces/msg/rosidl_typesupport_fastrtps_c__visibility_control.h
[4.461s] -- Up-to-date: /home/bizare/Desktop/MPHY0054_lab/cw1/install/cw1q4_interfaces/include/cw1q4_interfaces/srv
[4.461s] -- Up-to-date: /home/bizare/Desktop/MPHY0054_lab/cw1/install/cw1q4_interfaces/include/cw1q4_interfaces/srv/detail
[4.461s] -- Installing: /home/bizare/Desktop/MPHY0054_lab/cw1/install/cw1q4_interfaces/include/cw1q4_interfaces/srv/detail/quat_to_euler__rosidl_typesupport_fastrtps_c.h
[4.462s] -- Installing: /home/bizare/Desktop/MPHY0054_lab/cw1/install/cw1q4_interfaces/include/cw1q4_interfaces/srv/detail/quat_to_rodrigues__rosidl_typesupport_fastrtps_c.h
[4.462s] -- Installing: /home/bizare/Desktop/MPHY0054_lab/cw1/install/cw1q4_interfaces/lib/libcw1q4_interfaces__rosidl_typesupport_fastrtps_c.so
[4.462s] -- Set runtime path of "/home/bizare/Desktop/MPHY0054_lab/cw1/install/cw1q4_interfaces/lib/libcw1q4_interfaces__rosidl_typesupport_fastrtps_c.so" to ""
[4.462s] -- Up-to-date: /home/bizare/Desktop/MPHY0054_lab/cw1/install/cw1q4_interfaces/include/cw1q4_interfaces
[4.462s] -- Up-to-date: /home/bizare/Desktop/MPHY0054_lab/cw1/install/cw1q4_interfaces/include/cw1q4_interfaces/msg
[4.462s] -- Up-to-date: /home/bizare/Desktop/MPHY0054_lab/cw1/install/cw1q4_interfaces/include/cw1q4_interfaces/msg/rosidl_typesupport_fastrtps_cpp__visibility_control.h
[4.462s] -- Up-to-date: /home/bizare/Desktop/MPHY0054_lab/cw1/install/cw1q4_interfaces/include/cw1q4_interfaces/srv
[4.462s] -- Up-to-date: /home/bizare/Desktop/MPHY0054_lab/cw1/install/cw1q4_interfaces/include/cw1q4_interfaces/srv/detail
[4.463s] -- Installing: /home/bizare/Desktop/MPHY0054_lab/cw1/install/cw1q4_interfaces/include/cw1q4_interfaces/srv/detail/quat_to_euler__rosidl_typesupport_fastrtps_cpp.hpp
[4.463s] -- Installing: /home/bizare/Desktop/MPHY0054_lab/cw1/install/cw1q4_interfaces/include/cw1q4_interfaces/srv/detail/quat_to_rodrigues__rosidl_typesupport_fastrtps_cpp.hpp
[4.463s] -- Up-to-date: /home/bizare/Desktop/MPHY0054_lab/cw1/install/cw1q4_interfaces/include/cw1q4_interfaces/srv/detail/dds_fastrtps
[4.463s] -- Installing: /home/bizare/Desktop/MPHY0054_lab/cw1/install/cw1q4_interfaces/lib/libcw1q4_interfaces__rosidl_typesupport_fastrtps_cpp.so
[4.463s] -- Set runtime path of "/home/bizare/Desktop/MPHY0054_lab/cw1/install/cw1q4_interfaces/lib/libcw1q4_interfaces__rosidl_typesupport_fastrtps_cpp.so" to ""
[4.463s] -- Up-to-date: /home/bizare/Desktop/MPHY0054_lab/cw1/install/cw1q4_interfaces/include/cw1q4_interfaces
[4.463s] -- Up-to-date: /home/bizare/Desktop/MPHY0054_lab/cw1/install/cw1q4_interfaces/include/cw1q4_interfaces/msg
[4.464s] -- Up-to-date: /home/bizare/Desktop/MPHY0054_lab/cw1/install/cw1q4_interfaces/include/cw1q4_interfaces/msg/rosidl_typesupport_introspection_c__visibility_control.h
[4.464s] -- Up-to-date: /home/bizare/Desktop/MPHY0054_lab/cw1/install/cw1q4_interfaces/include/cw1q4_interfaces/srv
[4.464s] -- Up-to-date: /home/bizare/Desktop/MPHY0054_lab/cw1/install/cw1q4_interfaces/include/cw1q4_interfaces/srv/detail
[4.464s] -- Installing: /home/bizare/Desktop/MPHY0054_lab/cw1/install/cw1q4_interfaces/include/cw1q4_interfaces/srv/detail/quat_to_euler__rosidl_typesupport_introspection_c.h
[4.464s] -- Installing: /home/bizare/Desktop/MPHY0054_lab/cw1/install/cw1q4_interfaces/include/cw1q4_interfaces/srv/detail/quat_to_rodrigues__rosidl_typesupport_introspection_c.h
[4.464s] -- Installing: /home/bizare/Desktop/MPHY0054_lab/cw1/install/cw1q4_interfaces/include/cw1q4_interfaces/srv/detail/quat_to_euler__type_support.c
[4.464s] -- Installing: /home/bizare/Desktop/MPHY0054_lab/cw1/install/cw1q4_interfaces/include/cw1q4_interfaces/srv/detail/quat_to_rodrigues__type_support.c
[4.464s] -- Installing: /home/bizare/Desktop/MPHY0054_lab/cw1/install/cw1q4_interfaces/lib/libcw1q4_interfaces__rosidl_typesupport_introspection_c.so
[4.465s] -- Set runtime path of "/home/bizare/Desktop/MPHY0054_lab/cw1/install/cw1q4_interfaces/lib/libcw1q4_interfaces__rosidl_typesupport_introspection_c.so" to ""
[4.465s] -- Installing: /home/bizare/Desktop/MPHY0054_lab/cw1/install/cw1q4_interfaces/lib/libcw1q4_interfaces__rosidl_typesupport_c.so
[4.465s] -- Set runtime path of "/home/bizare/Desktop/MPHY0054_lab/cw1/install/cw1q4_interfaces/lib/libcw1q4_interfaces__rosidl_typesupport_c.so" to ""
[4.465s] -- Up-to-date: /home/bizare/Desktop/MPHY0054_lab/cw1/install/cw1q4_interfaces/include/cw1q4_interfaces
[4.465s] -- Up-to-date: /home/bizare/Desktop/MPHY0054_lab/cw1/install/cw1q4_interfaces/include/cw1q4_interfaces/msg
[4.465s] -- Up-to-date: /home/bizare/Desktop/MPHY0054_lab/cw1/install/cw1q4_interfaces/include/cw1q4_interfaces/msg/rosidl_generator_cpp__visibility_control.hpp
[4.465s] -- Up-to-date: /home/bizare/Desktop/MPHY0054_lab/cw1/install/cw1q4_interfaces/include/cw1q4_interfaces/srv
[4.465s] -- Installing: /home/bizare/Desktop/MPHY0054_lab/cw1/install/cw1q4_interfaces/include/cw1q4_interfaces/srv/quat_to_euler.hpp
[4.466s] -- Up-to-date: /home/bizare/Desktop/MPHY0054_lab/cw1/install/cw1q4_interfaces/include/cw1q4_interfaces/srv/detail
[4.466s] -- Installing: /home/bizare/Desktop/MPHY0054_lab/cw1/install/cw1q4_interfaces/include/cw1q4_interfaces/srv/detail/quat_to_euler__struct.hpp
[4.466s] -- Installing: /home/bizare/Desktop/MPHY0054_lab/cw1/install/cw1q4_interfaces/include/cw1q4_interfaces/srv/detail/quat_to_euler__builder.hpp
[4.466s] -- Installing: /home/bizare/Desktop/MPHY0054_lab/cw1/install/cw1q4_interfaces/include/cw1q4_interfaces/srv/detail/quat_to_rodrigues__type_support.hpp
[4.466s] -- Installing: /home/bizare/Desktop/MPHY0054_lab/cw1/install/cw1q4_interfaces/include/cw1q4_interfaces/srv/detail/quat_to_euler__type_support.hpp
[4.466s] -- Installing: /home/bizare/Desktop/MPHY0054_lab/cw1/install/cw1q4_interfaces/include/cw1q4_interfaces/srv/detail/quat_to_euler__traits.hpp
[4.467s] -- Installing: /home/bizare/Desktop/MPHY0054_lab/cw1/install/cw1q4_interfaces/include/cw1q4_interfaces/srv/detail/quat_to_rodrigues__struct.hpp
[4.467s] -- Installing: /home/bizare/Desktop/MPHY0054_lab/cw1/install/cw1q4_interfaces/include/cw1q4_interfaces/srv/detail/quat_to_rodrigues__traits.hpp
[4.467s] -- Installing: /home/bizare/Desktop/MPHY0054_lab/cw1/install/cw1q4_interfaces/include/cw1q4_interfaces/srv/detail/quat_to_rodrigues__builder.hpp
[4.467s] -- Installing: /home/bizare/Desktop/MPHY0054_lab/cw1/install/cw1q4_interfaces/include/cw1q4_interfaces/srv/quat_to_rodrigues.hpp
[4.467s] -- Up-to-date: /home/bizare/Desktop/MPHY0054_lab/cw1/install/cw1q4_interfaces/include/cw1q4_interfaces
[4.467s] -- Up-to-date: /home/bizare/Desktop/MPHY0054_lab/cw1/install/cw1q4_interfaces/include/cw1q4_interfaces/srv
[4.467s] -- Up-to-date: /home/bizare/Desktop/MPHY0054_lab/cw1/install/cw1q4_interfaces/include/cw1q4_interfaces/srv/detail
[4.467s] -- Installing: /home/bizare/Desktop/MPHY0054_lab/cw1/install/cw1q4_interfaces/include/cw1q4_interfaces/srv/detail/quat_to_rodrigues__rosidl_typesupport_introspection_cpp.hpp
[4.467s] -- Installing: /home/bizare/Desktop/MPHY0054_lab/cw1/install/cw1q4_interfaces/include/cw1q4_interfaces/srv/detail/quat_to_euler__rosidl_typesupport_introspection_cpp.hpp
[4.467s] -- Installing: /home/bizare/Desktop/MPHY0054_lab/cw1/install/cw1q4_interfaces/include/cw1q4_interfaces/srv/detail/quat_to_euler__type_support.cpp
[4.468s] -- Installing: /home/bizare/Desktop/MPHY0054_lab/cw1/install/cw1q4_interfaces/include/cw1q4_interfaces/srv/detail/quat_to_rodrigues__type_support.cpp
[4.468s] -- Installing: /home/bizare/Desktop/MPHY0054_lab/cw1/install/cw1q4_interfaces/lib/libcw1q4_interfaces__rosidl_typesupport_introspection_cpp.so
[4.468s] -- Set runtime path of "/home/bizare/Desktop/MPHY0054_lab/cw1/install/cw1q4_interfaces/lib/libcw1q4_interfaces__rosidl_typesupport_introspection_cpp.so" to ""
[4.468s] -- Installing: /home/bizare/Desktop/MPHY0054_lab/cw1/install/cw1q4_interfaces/lib/libcw1q4_interfaces__rosidl_typesupport_cpp.so
[4.468s] -- Set runtime path of "/home/bizare/Desktop/MPHY0054_lab/cw1/install/cw1q4_interfaces/lib/libcw1q4_interfaces__rosidl_typesupport_cpp.so" to ""
[4.469s] -- Up-to-date: /home/bizare/Desktop/MPHY0054_lab/cw1/install/cw1q4_interfaces/share/cw1q4_interfaces/environment/pythonpath.sh
[4.469s] -- Installing: /home/bizare/Desktop/MPHY0054_lab/cw1/install/cw1q4_interfaces/share/cw1q4_interfaces/environment/pythonpath.dsv
[4.469s] -- Installing: /home/bizare/Desktop/MPHY0054_lab/cw1/install/cw1q4_interfaces/lib/python3.8/site-packages/cw1q4_interfaces/__init__.py
[4.495s] Compiling '/home/bizare/Desktop/MPHY0054_lab/cw1/install/cw1q4_interfaces/lib/python3.8/site-packages/cw1q4_interfaces/__init__.py'...
[4.500s] -- Up-to-date: /home/bizare/Desktop/MPHY0054_lab/cw1/install/cw1q4_interfaces/lib/python3.8/site-packages/cw1q4_interfaces/srv
[4.500s] -- Installing: /home/bizare/Desktop/MPHY0054_lab/cw1/install/cw1q4_interfaces/lib/python3.8/site-packages/cw1q4_interfaces/srv/_quat_to_euler_s.c
[4.500s] -- Installing: /home/bizare/Desktop/MPHY0054_lab/cw1/install/cw1q4_interfaces/lib/python3.8/site-packages/cw1q4_interfaces/srv/__init__.py
[4.500s] -- Installing: /home/bizare/Desktop/MPHY0054_lab/cw1/install/cw1q4_interfaces/lib/python3.8/site-packages/cw1q4_interfaces/srv/_quat_to_euler.py
[4.500s] -- Installing: /home/bizare/Desktop/MPHY0054_lab/cw1/install/cw1q4_interfaces/lib/python3.8/site-packages/cw1q4_interfaces/srv/_quat_to_rodrigues_s.c
[4.500s] -- Installing: /home/bizare/Desktop/MPHY0054_lab/cw1/install/cw1q4_interfaces/lib/python3.8/site-packages/cw1q4_interfaces/srv/_quat_to_rodrigues.py
[4.500s] -- Installing: /home/bizare/Desktop/MPHY0054_lab/cw1/install/cw1q4_interfaces/lib/python3.8/site-packages/cw1q4_interfaces/cw1q4_interfaces_s__rosidl_typesupport_fastrtps_c.cpython-38-x86_64-linux-gnu.so
[4.501s] -- Set runtime path of "/home/bizare/Desktop/MPHY0054_lab/cw1/install/cw1q4_interfaces/lib/python3.8/site-packages/cw1q4_interfaces/cw1q4_interfaces_s__rosidl_typesupport_fastrtps_c.cpython-38-x86_64-linux-gnu.so" to ""
[4.501s] -- Installing: /home/bizare/Desktop/MPHY0054_lab/cw1/install/cw1q4_interfaces/lib/python3.8/site-packages/cw1q4_interfaces/cw1q4_interfaces_s__rosidl_typesupport_introspection_c.cpython-38-x86_64-linux-gnu.so
[4.501s] -- Set runtime path of "/home/bizare/Desktop/MPHY0054_lab/cw1/install/cw1q4_interfaces/lib/python3.8/site-packages/cw1q4_interfaces/cw1q4_interfaces_s__rosidl_typesupport_introspection_c.cpython-38-x86_64-linux-gnu.so" to ""
[4.501s] -- Installing: /home/bizare/Desktop/MPHY0054_lab/cw1/install/cw1q4_interfaces/lib/python3.8/site-packages/cw1q4_interfaces/cw1q4_interfaces_s__rosidl_typesupport_c.cpython-38-x86_64-linux-gnu.so
[4.502s] -- Set runtime path of "/home/bizare/Desktop/MPHY0054_lab/cw1/install/cw1q4_interfaces/lib/python3.8/site-packages/cw1q4_interfaces/cw1q4_interfaces_s__rosidl_typesupport_c.cpython-38-x86_64-linux-gnu.so" to ""
[4.502s] -- Installing: /home/bizare/Desktop/MPHY0054_lab/cw1/install/cw1q4_interfaces/lib/libcw1q4_interfaces__python.so
[4.503s] -- Set runtime path of "/home/bizare/Desktop/MPHY0054_lab/cw1/install/cw1q4_interfaces/lib/libcw1q4_interfaces__python.so" to ""
[4.503s] -- Installing: /home/bizare/Desktop/MPHY0054_lab/cw1/install/cw1q4_interfaces/share/cw1q4_interfaces/srv/QuatToEuler.idl
[4.503s] -- Installing: /home/bizare/Desktop/MPHY0054_lab/cw1/install/cw1q4_interfaces/share/cw1q4_interfaces/srv/QuatToRodrigues.idl
[4.503s] -- Installing: /home/bizare/Desktop/MPHY0054_lab/cw1/install/cw1q4_interfaces/share/cw1q4_interfaces/srv/QuatToEuler.srv
[4.503s] -- Installing: /home/bizare/Desktop/MPHY0054_lab/cw1/install/cw1q4_interfaces/share/cw1q4_interfaces/srv/QuatToEuler_Request.msg
[4.503s] -- Installing: /home/bizare/Desktop/MPHY0054_lab/cw1/install/cw1q4_interfaces/share/cw1q4_interfaces/srv/QuatToEuler_Response.msg
[4.504s] -- Installing: /home/bizare/Desktop/MPHY0054_lab/cw1/install/cw1q4_interfaces/share/cw1q4_interfaces/srv/QuatToRodrigues.srv
[4.504s] -- Installing: /home/bizare/Desktop/MPHY0054_lab/cw1/install/cw1q4_interfaces/share/cw1q4_interfaces/srv/QuatToRodrigues_Request.msg
[4.504s] -- Installing: /home/bizare/Desktop/MPHY0054_lab/cw1/install/cw1q4_interfaces/share/cw1q4_interfaces/srv/QuatToRodrigues_Response.msg
[4.504s] -- Up-to-date: /home/bizare/Desktop/MPHY0054_lab/cw1/install/cw1q4_interfaces/share/ament_index/resource_index/package_run_dependencies/cw1q4_interfaces
[4.504s] -- Up-to-date: /home/bizare/Desktop/MPHY0054_lab/cw1/install/cw1q4_interfaces/share/ament_index/resource_index/parent_prefix_path/cw1q4_interfaces
[4.504s] -- Up-to-date: /home/bizare/Desktop/MPHY0054_lab/cw1/install/cw1q4_interfaces/share/cw1q4_interfaces/environment/ament_prefix_path.sh
[4.505s] -- Installing: /home/bizare/Desktop/MPHY0054_lab/cw1/install/cw1q4_interfaces/share/cw1q4_interfaces/environment/ament_prefix_path.dsv
[4.505s] -- Up-to-date: /home/bizare/Desktop/MPHY0054_lab/cw1/install/cw1q4_interfaces/share/cw1q4_interfaces/environment/path.sh
[4.505s] -- Installing: /home/bizare/Desktop/MPHY0054_lab/cw1/install/cw1q4_interfaces/share/cw1q4_interfaces/environment/path.dsv
[4.505s] -- Up-to-date: /home/bizare/Desktop/MPHY0054_lab/cw1/install/cw1q4_interfaces/share/cw1q4_interfaces/local_setup.bash
[4.505s] -- Up-to-date: /home/bizare/Desktop/MPHY0054_lab/cw1/install/cw1q4_interfaces/share/cw1q4_interfaces/local_setup.sh
[4.505s] -- Up-to-date: /home/bizare/Desktop/MPHY0054_lab/cw1/install/cw1q4_interfaces/share/cw1q4_interfaces/local_setup.zsh
[4.505s] -- Installing: /home/bizare/Desktop/MPHY0054_lab/cw1/install/cw1q4_interfaces/share/cw1q4_interfaces/local_setup.dsv
[4.505s] -- Installing: /home/bizare/Desktop/MPHY0054_lab/cw1/install/cw1q4_interfaces/share/cw1q4_interfaces/package.dsv
[4.506s] -- Up-to-date: /home/bizare/Desktop/MPHY0054_lab/cw1/install/cw1q4_interfaces/share/ament_index/resource_index/packages/cw1q4_interfaces
[4.506s] -- Up-to-date: /home/bizare/Desktop/MPHY0054_lab/cw1/install/cw1q4_interfaces/share/cw1q4_interfaces/cmake/cw1q4_interfaces__rosidl_generator_cExport.cmake
[4.506s] -- Installing: /home/bizare/Desktop/MPHY0054_lab/cw1/install/cw1q4_interfaces/share/cw1q4_interfaces/cmake/cw1q4_interfaces__rosidl_generator_cExport-noconfig.cmake
[4.506s] -- Up-to-date: /home/bizare/Desktop/MPHY0054_lab/cw1/install/cw1q4_interfaces/share/cw1q4_interfaces/cmake/cw1q4_interfaces__rosidl_typesupport_introspection_cExport.cmake
[4.506s] -- Installing: /home/bizare/Desktop/MPHY0054_lab/cw1/install/cw1q4_interfaces/share/cw1q4_interfaces/cmake/cw1q4_interfaces__rosidl_typesupport_introspection_cExport-noconfig.cmake
[4.506s] -- Up-to-date: /home/bizare/Desktop/MPHY0054_lab/cw1/install/cw1q4_interfaces/share/cw1q4_interfaces/cmake/cw1q4_interfaces__rosidl_typesupport_cExport.cmake
[4.506s] -- Installing: /home/bizare/Desktop/MPHY0054_lab/cw1/install/cw1q4_interfaces/share/cw1q4_interfaces/cmake/cw1q4_interfaces__rosidl_typesupport_cExport-noconfig.cmake
[4.506s] -- Up-to-date: /home/bizare/Desktop/MPHY0054_lab/cw1/install/cw1q4_interfaces/share/cw1q4_interfaces/cmake/cw1q4_interfaces__rosidl_generator_cppExport.cmake
[4.507s] -- Up-to-date: /home/bizare/Desktop/MPHY0054_lab/cw1/install/cw1q4_interfaces/share/cw1q4_interfaces/cmake/cw1q4_interfaces__rosidl_typesupport_introspection_cppExport.cmake
[4.507s] -- Installing: /home/bizare/Desktop/MPHY0054_lab/cw1/install/cw1q4_interfaces/share/cw1q4_interfaces/cmake/cw1q4_interfaces__rosidl_typesupport_introspection_cppExport-noconfig.cmake
[4.507s] -- Up-to-date: /home/bizare/Desktop/MPHY0054_lab/cw1/install/cw1q4_interfaces/share/cw1q4_interfaces/cmake/cw1q4_interfaces__rosidl_typesupport_cppExport.cmake
[4.507s] -- Installing: /home/bizare/Desktop/MPHY0054_lab/cw1/install/cw1q4_interfaces/share/cw1q4_interfaces/cmake/cw1q4_interfaces__rosidl_typesupport_cppExport-noconfig.cmake
[4.507s] -- Up-to-date: /home/bizare/Desktop/MPHY0054_lab/cw1/install/cw1q4_interfaces/share/cw1q4_interfaces/cmake/rosidl_cmake-extras.cmake
[4.507s] -- Up-to-date: /home/bizare/Desktop/MPHY0054_lab/cw1/install/cw1q4_interfaces/share/cw1q4_interfaces/cmake/ament_cmake_export_dependencies-extras.cmake
[4.507s] -- Up-to-date: /home/bizare/Desktop/MPHY0054_lab/cw1/install/cw1q4_interfaces/share/cw1q4_interfaces/cmake/ament_cmake_export_libraries-extras.cmake
[4.508s] -- Up-to-date: /home/bizare/Desktop/MPHY0054_lab/cw1/install/cw1q4_interfaces/share/cw1q4_interfaces/cmake/ament_cmake_export_targets-extras.cmake
[4.508s] -- Up-to-date: /home/bizare/Desktop/MPHY0054_lab/cw1/install/cw1q4_interfaces/share/cw1q4_interfaces/cmake/ament_cmake_export_include_directories-extras.cmake
[4.508s] -- Up-to-date: /home/bizare/Desktop/MPHY0054_lab/cw1/install/cw1q4_interfaces/share/cw1q4_interfaces/cmake/rosidl_cmake_export_typesupport_libraries-extras.cmake
[4.508s] -- Up-to-date: /home/bizare/Desktop/MPHY0054_lab/cw1/install/cw1q4_interfaces/share/cw1q4_interfaces/cmake/rosidl_cmake_export_typesupport_targets-extras.cmake
[4.508s] -- Up-to-date: /home/bizare/Desktop/MPHY0054_lab/cw1/install/cw1q4_interfaces/share/cw1q4_interfaces/cmake/cw1q4_interfacesConfig.cmake
[4.508s] -- Up-to-date: /home/bizare/Desktop/MPHY0054_lab/cw1/install/cw1q4_interfaces/share/cw1q4_interfaces/cmake/cw1q4_interfacesConfig-version.cmake
[4.508s] -- Up-to-date: /home/bizare/Desktop/MPHY0054_lab/cw1/install/cw1q4_interfaces/share/cw1q4_interfaces/package.xml
[4.511s] Invoked command in '/home/bizare/Desktop/MPHY0054_lab/cw1/build/cw1q4_interfaces' returned '0': CMAKE_PREFIX_PATH=${CMAKE_PREFIX_PATH}:/home/bizare/Desktop/MPHY0054_lab/cw1/install/cw1q9:/home/bizare/Desktop/MPHY0054_lab/cw1/install/cw1q5:/home/bizare/Desktop/MPHY0054_lab/cw1/install/cw1q4:/opt/ros/foxy /usr/bin/cmake --install /home/bizare/Desktop/MPHY0054_lab/cw1/build/cw1q4_interfaces
