[0.200s] DEBUG:colcon:Command line arguments: ['/usr/bin/colcon', 'build']
[0.200s] DEBUG:colcon:Parsed command line arguments: Namespace(allow_overriding=[], ament_cmake_args=None, base_paths=['.'], build_base='build', catkin_cmake_args=None, catkin_skip_building_tests=False, cmake_args=None, cmake_clean_cache=False, cmake_clean_first=False, cmake_force_configure=False, cmake_target=None, cmake_target_skip_unavailable=False, continue_on_error=False, event_handlers=None, executor='parallel', ignore_user_meta=False, install_base='install', log_base=None, log_level=None, main=<bound method BuildVerb.main of <colcon_core.verb.build.BuildVerb object at 0x7f6be0da1c10>>, merge_install=False, metas=['./colcon.meta'], packages_above=None, packages_above_and_dependencies=None, packages_above_depth=None, packages_end=None, packages_ignore=None, packages_ignore_regex=None, packages_select=None, packages_select_build_failed=False, packages_select_by_dep=None, packages_select_regex=None, packages_select_test_failures=False, packages_skip=None, packages_skip_build_finished=False, packages_skip_by_dep=None, packages_skip_regex=None, packages_skip_test_passed=False, packages_skip_up_to=None, packages_start=None, packages_up_to=None, packages_up_to_regex=None, parallel_workers=8, paths=None, symlink_install=False, test_result_base=None, verb_extension=<colcon_core.verb.build.BuildVerb object at 0x7f6be0da1c10>, verb_name='build', verb_parser=<colcon_defaults.argument_parser.defaults.DefaultArgumentsDecorator object at 0x7f6be0ceae50>)
[0.342s] Level 1:colcon.colcon_core.package_discovery:discover_packages(colcon_meta) check parameters
[0.342s] Level 1:colcon.colcon_core.package_discovery:discover_packages(recursive) check parameters
[0.342s] Level 1:colcon.colcon_core.package_discovery:discover_packages(ignore) check parameters
[0.342s] Level 1:colcon.colcon_core.package_discovery:discover_packages(path) check parameters
[0.342s] Level 1:colcon.colcon_core.package_discovery:discover_packages(colcon_meta) discover
[0.342s] Level 1:colcon.colcon_core.package_discovery:discover_packages(recursive) discover
[0.342s] INFO:colcon.colcon_core.package_discovery:Crawling recursively for packages in '/home/bizare/Desktop/Robotics_System'
[0.342s] Level 1:colcon.colcon_core.package_identification:_identify(.) by extensions ['ignore', 'ignore_ament_install']
[0.343s] Level 1:colcon.colcon_core.package_identification:_identify(.) by extension 'ignore'
[0.343s] Level 1:colcon.colcon_core.package_identification:_identify(.) by extension 'ignore_ament_install'
[0.343s] Level 1:colcon.colcon_core.package_identification:_identify(.) by extensions ['colcon_pkg']
[0.343s] Level 1:colcon.colcon_core.package_identification:_identify(.) by extension 'colcon_pkg'
[0.343s] Level 1:colcon.colcon_core.package_identification:_identify(.) by extensions ['colcon_meta']
[0.343s] Level 1:colcon.colcon_core.package_identification:_identify(.) by extension 'colcon_meta'
[0.343s] Level 1:colcon.colcon_core.package_identification:_identify(.) by extensions ['ros']
[0.343s] Level 1:colcon.colcon_core.package_identification:_identify(.) by extension 'ros'
[0.357s] Level 1:colcon.colcon_core.package_identification:_identify(.) by extensions ['cmake', 'python']
[0.357s] Level 1:colcon.colcon_core.package_identification:_identify(.) by extension 'cmake'
[0.357s] Level 1:colcon.colcon_core.package_identification:_identify(.) by extension 'python'
[0.357s] Level 1:colcon.colcon_core.package_identification:_identify(.) by extensions ['python_setup_py']
[0.357s] Level 1:colcon.colcon_core.package_identification:_identify(.) by extension 'python_setup_py'
[0.357s] Level 1:colcon.colcon_core.package_identification:_identify(build) by extensions ['ignore', 'ignore_ament_install']
[0.357s] Level 1:colcon.colcon_core.package_identification:_identify(build) by extension 'ignore'
[0.357s] Level 1:colcon.colcon_core.package_identification:_identify(build) ignored
[0.357s] Level 1:colcon.colcon_core.package_identification:_identify(cw1q4) by extensions ['ignore', 'ignore_ament_install']
[0.357s] Level 1:colcon.colcon_core.package_identification:_identify(cw1q4) by extension 'ignore'
[0.357s] Level 1:colcon.colcon_core.package_identification:_identify(cw1q4) by extension 'ignore_ament_install'
[0.357s] Level 1:colcon.colcon_core.package_identification:_identify(cw1q4) by extensions ['colcon_pkg']
[0.358s] Level 1:colcon.colcon_core.package_identification:_identify(cw1q4) by extension 'colcon_pkg'
[0.358s] Level 1:colcon.colcon_core.package_identification:_identify(cw1q4) by extensions ['colcon_meta']
[0.358s] Level 1:colcon.colcon_core.package_identification:_identify(cw1q4) by extension 'colcon_meta'
[0.358s] Level 1:colcon.colcon_core.package_identification:_identify(cw1q4) by extensions ['ros']
[0.358s] Level 1:colcon.colcon_core.package_identification:_identify(cw1q4) by extension 'ros'
[0.361s] DEBUG:colcon.colcon_core.package_identification:Package 'cw1q4' with type 'ros.ament_python' and name 'cw1q4'
[0.361s] Level 1:colcon.colcon_core.package_identification:_identify(cw1q4_interfaces) by extensions ['ignore', 'ignore_ament_install']
[0.361s] Level 1:colcon.colcon_core.package_identification:_identify(cw1q4_interfaces) by extension 'ignore'
[0.361s] Level 1:colcon.colcon_core.package_identification:_identify(cw1q4_interfaces) by extension 'ignore_ament_install'
[0.361s] Level 1:colcon.colcon_core.package_identification:_identify(cw1q4_interfaces) by extensions ['colcon_pkg']
[0.361s] Level 1:colcon.colcon_core.package_identification:_identify(cw1q4_interfaces) by extension 'colcon_pkg'
[0.361s] Level 1:colcon.colcon_core.package_identification:_identify(cw1q4_interfaces) by extensions ['colcon_meta']
[0.361s] Level 1:colcon.colcon_core.package_identification:_identify(cw1q4_interfaces) by extension 'colcon_meta'
[0.361s] Level 1:colcon.colcon_core.package_identification:_identify(cw1q4_interfaces) by extensions ['ros']
[0.362s] Level 1:colcon.colcon_core.package_identification:_identify(cw1q4_interfaces) by extension 'ros'
[0.362s] DEBUG:colcon.colcon_core.package_identification:Package 'cw1q4_interfaces' with type 'ros.ament_cmake' and name 'cw1q4_interfaces'
[0.362s] Level 1:colcon.colcon_core.package_identification:_identify(cw1q5) by extensions ['ignore', 'ignore_ament_install']
[0.363s] Level 1:colcon.colcon_core.package_identification:_identify(cw1q5) by extension 'ignore'
[0.363s] Level 1:colcon.colcon_core.package_identification:_identify(cw1q5) by extension 'ignore_ament_install'
[0.363s] Level 1:colcon.colcon_core.package_identification:_identify(cw1q5) by extensions ['colcon_pkg']
[0.363s] Level 1:colcon.colcon_core.package_identification:_identify(cw1q5) by extension 'colcon_pkg'
[0.363s] Level 1:colcon.colcon_core.package_identification:_identify(cw1q5) by extensions ['colcon_meta']
[0.363s] Level 1:colcon.colcon_core.package_identification:_identify(cw1q5) by extension 'colcon_meta'
[0.363s] Level 1:colcon.colcon_core.package_identification:_identify(cw1q5) by extensions ['ros']
[0.363s] Level 1:colcon.colcon_core.package_identification:_identify(cw1q5) by extension 'ros'
[0.364s] DEBUG:colcon.colcon_core.package_identification:Package 'cw1q5' with type 'ros.ament_python' and name 'cw1q5'
[0.364s] Level 1:colcon.colcon_core.package_identification:_identify(cw1q9) by extensions ['ignore', 'ignore_ament_install']
[0.364s] Level 1:colcon.colcon_core.package_identification:_identify(cw1q9) by extension 'ignore'
[0.364s] Level 1:colcon.colcon_core.package_identification:_identify(cw1q9) by extension 'ignore_ament_install'
[0.364s] Level 1:colcon.colcon_core.package_identification:_identify(cw1q9) by extensions ['colcon_pkg']
[0.364s] Level 1:colcon.colcon_core.package_identification:_identify(cw1q9) by extension 'colcon_pkg'
[0.364s] Level 1:colcon.colcon_core.package_identification:_identify(cw1q9) by extensions ['colcon_meta']
[0.364s] Level 1:colcon.colcon_core.package_identification:_identify(cw1q9) by extension 'colcon_meta'
[0.364s] Level 1:colcon.colcon_core.package_identification:_identify(cw1q9) by extensions ['ros']
[0.364s] Level 1:colcon.colcon_core.package_identification:_identify(cw1q9) by extension 'ros'
[0.366s] DEBUG:colcon.colcon_core.package_identification:Package 'cw1q9' with type 'ros.ament_python' and name 'cw1q9'
[0.366s] Level 1:colcon.colcon_core.package_identification:_identify(install) by extensions ['ignore', 'ignore_ament_install']
[0.366s] Level 1:colcon.colcon_core.package_identification:_identify(install) by extension 'ignore'
[0.366s] Level 1:colcon.colcon_core.package_identification:_identify(install) ignored
[0.366s] Level 1:colcon.colcon_core.package_identification:_identify(log) by extensions ['ignore', 'ignore_ament_install']
[0.366s] Level 1:colcon.colcon_core.package_identification:_identify(log) by extension 'ignore'
[0.366s] Level 1:colcon.colcon_core.package_identification:_identify(log) ignored
[0.366s] Level 1:colcon.colcon_core.package_identification:_identify(pic) by extensions ['ignore', 'ignore_ament_install']
[0.366s] Level 1:colcon.colcon_core.package_identification:_identify(pic) by extension 'ignore'
[0.366s] Level 1:colcon.colcon_core.package_identification:_identify(pic) by extension 'ignore_ament_install'
[0.366s] Level 1:colcon.colcon_core.package_identification:_identify(pic) by extensions ['colcon_pkg']
[0.367s] Level 1:colcon.colcon_core.package_identification:_identify(pic) by extension 'colcon_pkg'
[0.367s] Level 1:colcon.colcon_core.package_identification:_identify(pic) by extensions ['colcon_meta']
[0.367s] Level 1:colcon.colcon_core.package_identification:_identify(pic) by extension 'colcon_meta'
[0.367s] Level 1:colcon.colcon_core.package_identification:_identify(pic) by extensions ['ros']
[0.367s] Level 1:colcon.colcon_core.package_identification:_identify(pic) by extension 'ros'
[0.367s] Level 1:colcon.colcon_core.package_identification:_identify(pic) by extensions ['cmake', 'python']
[0.367s] Level 1:colcon.colcon_core.package_identification:_identify(pic) by extension 'cmake'
[0.367s] Level 1:colcon.colcon_core.package_identification:_identify(pic) by extension 'python'
[0.367s] Level 1:colcon.colcon_core.package_identification:_identify(pic) by extensions ['python_setup_py']
[0.367s] Level 1:colcon.colcon_core.package_identification:_identify(pic) by extension 'python_setup_py'
[0.367s] Level 1:colcon.colcon_core.package_identification:_identify(robot_description) by extensions ['ignore', 'ignore_ament_install']
[0.367s] Level 1:colcon.colcon_core.package_identification:_identify(robot_description) by extension 'ignore'
[0.367s] Level 1:colcon.colcon_core.package_identification:_identify(robot_description) by extension 'ignore_ament_install'
[0.367s] Level 1:colcon.colcon_core.package_identification:_identify(robot_description) by extensions ['colcon_pkg']
[0.367s] Level 1:colcon.colcon_core.package_identification:_identify(robot_description) by extension 'colcon_pkg'
[0.367s] Level 1:colcon.colcon_core.package_identification:_identify(robot_description) by extensions ['colcon_meta']
[0.367s] Level 1:colcon.colcon_core.package_identification:_identify(robot_description) by extension 'colcon_meta'
[0.367s] Level 1:colcon.colcon_core.package_identification:_identify(robot_description) by extensions ['ros']
[0.367s] Level 1:colcon.colcon_core.package_identification:_identify(robot_description) by extension 'ros'
[0.367s] Level 1:colcon.colcon_core.package_identification:_identify(robot_description) by extensions ['cmake', 'python']
[0.368s] Level 1:colcon.colcon_core.package_identification:_identify(robot_description) by extension 'cmake'
[0.368s] Level 1:colcon.colcon_core.package_identification:_identify(robot_description) by extension 'python'
[0.368s] Level 1:colcon.colcon_core.package_identification:_identify(robot_description) by extensions ['python_setup_py']
[0.368s] Level 1:colcon.colcon_core.package_identification:_identify(robot_description) by extension 'python_setup_py'
[0.368s] Level 1:colcon.colcon_core.package_identification:_identify(robot_description/open_manipulator_description) by extensions ['ignore', 'ignore_ament_install']
[0.368s] Level 1:colcon.colcon_core.package_identification:_identify(robot_description/open_manipulator_description) by extension 'ignore'
[0.368s] Level 1:colcon.colcon_core.package_identification:_identify(robot_description/open_manipulator_description) by extension 'ignore_ament_install'
[0.368s] Level 1:colcon.colcon_core.package_identification:_identify(robot_description/open_manipulator_description) by extensions ['colcon_pkg']
[0.368s] Level 1:colcon.colcon_core.package_identification:_identify(robot_description/open_manipulator_description) by extension 'colcon_pkg'
[0.368s] Level 1:colcon.colcon_core.package_identification:_identify(robot_description/open_manipulator_description) by extensions ['colcon_meta']
[0.368s] Level 1:colcon.colcon_core.package_identification:_identify(robot_description/open_manipulator_description) by extension 'colcon_meta'
[0.368s] Level 1:colcon.colcon_core.package_identification:_identify(robot_description/open_manipulator_description) by extensions ['ros']
[0.368s] Level 1:colcon.colcon_core.package_identification:_identify(robot_description/open_manipulator_description) by extension 'ros'
[0.369s] DEBUG:colcon.colcon_core.package_identification:Package 'robot_description/open_manipulator_description' with type 'ros.ament_cmake' and name 'open_manipulator_description'
[0.369s] Level 1:colcon.colcon_core.package_identification:_identify(robot_description/youbot_description) by extensions ['ignore', 'ignore_ament_install']
[0.369s] Level 1:colcon.colcon_core.package_identification:_identify(robot_description/youbot_description) by extension 'ignore'
[0.369s] Level 1:colcon.colcon_core.package_identification:_identify(robot_description/youbot_description) by extension 'ignore_ament_install'
[0.369s] Level 1:colcon.colcon_core.package_identification:_identify(robot_description/youbot_description) by extensions ['colcon_pkg']
[0.369s] Level 1:colcon.colcon_core.package_identification:_identify(robot_description/youbot_description) by extension 'colcon_pkg'
[0.370s] Level 1:colcon.colcon_core.package_identification:_identify(robot_description/youbot_description) by extensions ['colcon_meta']
[0.370s] Level 1:colcon.colcon_core.package_identification:_identify(robot_description/youbot_description) by extension 'colcon_meta'
[0.370s] Level 1:colcon.colcon_core.package_identification:_identify(robot_description/youbot_description) by extensions ['ros']
[0.370s] Level 1:colcon.colcon_core.package_identification:_identify(robot_description/youbot_description) by extension 'ros'
[0.370s] DEBUG:colcon.colcon_core.package_identification:Package 'robot_description/youbot_description' with type 'ros.ament_cmake' and name 'youbot_description'
[0.370s] Level 1:colcon.colcon_core.package_identification:_identify(youbot_simulator) by extensions ['ignore', 'ignore_ament_install']
[0.371s] Level 1:colcon.colcon_core.package_identification:_identify(youbot_simulator) by extension 'ignore'
[0.371s] Level 1:colcon.colcon_core.package_identification:_identify(youbot_simulator) by extension 'ignore_ament_install'
[0.371s] Level 1:colcon.colcon_core.package_identification:_identify(youbot_simulator) by extensions ['colcon_pkg']
[0.371s] Level 1:colcon.colcon_core.package_identification:_identify(youbot_simulator) by extension 'colcon_pkg'
[0.371s] Level 1:colcon.colcon_core.package_identification:_identify(youbot_simulator) by extensions ['colcon_meta']
[0.371s] Level 1:colcon.colcon_core.package_identification:_identify(youbot_simulator) by extension 'colcon_meta'
[0.371s] Level 1:colcon.colcon_core.package_identification:_identify(youbot_simulator) by extensions ['ros']
[0.371s] Level 1:colcon.colcon_core.package_identification:_identify(youbot_simulator) by extension 'ros'
[0.372s] DEBUG:colcon.colcon_core.package_identification:Package 'youbot_simulator' with type 'ros.ament_cmake' and name 'youbot_simulator'
[0.372s] Level 1:colcon.colcon_core.package_discovery:discover_packages(recursive) using defaults
[0.372s] Level 1:colcon.colcon_core.package_discovery:discover_packages(ignore) discover
[0.372s] Level 1:colcon.colcon_core.package_discovery:discover_packages(ignore) using defaults
[0.372s] Level 1:colcon.colcon_core.package_discovery:discover_packages(path) discover
[0.372s] Level 1:colcon.colcon_core.package_discovery:discover_packages(path) using defaults
[0.392s] Level 1:colcon.colcon_core.package_discovery:discover_packages(prefix_path) check parameters
[0.392s] Level 1:colcon.colcon_core.package_discovery:discover_packages(prefix_path) discover
[0.395s] DEBUG:colcon.colcon_installed_package_information.package_discovery:Found 267 installed packages in /opt/ros/foxy
[0.396s] Level 1:colcon.colcon_core.package_discovery:discover_packages(prefix_path) using defaults
[0.473s] Level 5:colcon.colcon_core.verb:set package 'cw1q4' build argument 'cmake_args' from command line to 'None'
[0.473s] Level 5:colcon.colcon_core.verb:set package 'cw1q4' build argument 'cmake_target' from command line to 'None'
[0.474s] Level 5:colcon.colcon_core.verb:set package 'cw1q4' build argument 'cmake_target_skip_unavailable' from command line to 'False'
[0.474s] Level 5:colcon.colcon_core.verb:set package 'cw1q4' build argument 'cmake_clean_cache' from command line to 'False'
[0.474s] Level 5:colcon.colcon_core.verb:set package 'cw1q4' build argument 'cmake_clean_first' from command line to 'False'
[0.474s] Level 5:colcon.colcon_core.verb:set package 'cw1q4' build argument 'cmake_force_configure' from command line to 'False'
[0.474s] Level 5:colcon.colcon_core.verb:set package 'cw1q4' build argument 'ament_cmake_args' from command line to 'None'
[0.474s] Level 5:colcon.colcon_core.verb:set package 'cw1q4' build argument 'catkin_cmake_args' from command line to 'None'
[0.474s] Level 5:colcon.colcon_core.verb:set package 'cw1q4' build argument 'catkin_skip_building_tests' from command line to 'False'
[0.474s] DEBUG:colcon.colcon_core.verb:Building package 'cw1q4' with the following arguments: {'ament_cmake_args': None, 'build_base': '/home/bizare/Desktop/Robotics_System/build/cw1q4', 'catkin_cmake_args': None, 'catkin_skip_building_tests': False, 'cmake_args': None, 'cmake_clean_cache': False, 'cmake_clean_first': False, 'cmake_force_configure': False, 'cmake_target': None, 'cmake_target_skip_unavailable': False, 'install_base': '/home/bizare/Desktop/Robotics_System/install/cw1q4', 'merge_install': False, 'path': '/home/bizare/Desktop/Robotics_System/cw1q4', 'symlink_install': False, 'test_result_base': None}
[0.474s] Level 5:colcon.colcon_core.verb:set package 'cw1q4_interfaces' build argument 'cmake_args' from command line to 'None'
[0.474s] Level 5:colcon.colcon_core.verb:set package 'cw1q4_interfaces' build argument 'cmake_target' from command line to 'None'
[0.474s] Level 5:colcon.colcon_core.verb:set package 'cw1q4_interfaces' build argument 'cmake_target_skip_unavailable' from command line to 'False'
[0.474s] Level 5:colcon.colcon_core.verb:set package 'cw1q4_interfaces' build argument 'cmake_clean_cache' from command line to 'False'
[0.474s] Level 5:colcon.colcon_core.verb:set package 'cw1q4_interfaces' build argument 'cmake_clean_first' from command line to 'False'
[0.474s] Level 5:colcon.colcon_core.verb:set package 'cw1q4_interfaces' build argument 'cmake_force_configure' from command line to 'False'
[0.474s] Level 5:colcon.colcon_core.verb:set package 'cw1q4_interfaces' build argument 'ament_cmake_args' from command line to 'None'
[0.474s] Level 5:colcon.colcon_core.verb:set package 'cw1q4_interfaces' build argument 'catkin_cmake_args' from command line to 'None'
[0.474s] Level 5:colcon.colcon_core.verb:set package 'cw1q4_interfaces' build argument 'catkin_skip_building_tests' from command line to 'False'
[0.474s] DEBUG:colcon.colcon_core.verb:Building package 'cw1q4_interfaces' with the following arguments: {'ament_cmake_args': None, 'build_base': '/home/bizare/Desktop/Robotics_System/build/cw1q4_interfaces', 'catkin_cmake_args': None, 'catkin_skip_building_tests': False, 'cmake_args': None, 'cmake_clean_cache': False, 'cmake_clean_first': False, 'cmake_force_configure': False, 'cmake_target': None, 'cmake_target_skip_unavailable': False, 'install_base': '/home/bizare/Desktop/Robotics_System/install/cw1q4_interfaces', 'merge_install': False, 'path': '/home/bizare/Desktop/Robotics_System/cw1q4_interfaces', 'symlink_install': False, 'test_result_base': None}
[0.475s] Level 5:colcon.colcon_core.verb:set package 'cw1q9' build argument 'cmake_args' from command line to 'None'
[0.475s] Level 5:colcon.colcon_core.verb:set package 'cw1q9' build argument 'cmake_target' from command line to 'None'
[0.475s] Level 5:colcon.colcon_core.verb:set package 'cw1q9' build argument 'cmake_target_skip_unavailable' from command line to 'False'
[0.475s] Level 5:colcon.colcon_core.verb:set package 'cw1q9' build argument 'cmake_clean_cache' from command line to 'False'
[0.475s] Level 5:colcon.colcon_core.verb:set package 'cw1q9' build argument 'cmake_clean_first' from command line to 'False'
[0.475s] Level 5:colcon.colcon_core.verb:set package 'cw1q9' build argument 'cmake_force_configure' from command line to 'False'
[0.475s] Level 5:colcon.colcon_core.verb:set package 'cw1q9' build argument 'ament_cmake_args' from command line to 'None'
[0.475s] Level 5:colcon.colcon_core.verb:set package 'cw1q9' build argument 'catkin_cmake_args' from command line to 'None'
[0.475s] Level 5:colcon.colcon_core.verb:set package 'cw1q9' build argument 'catkin_skip_building_tests' from command line to 'False'
[0.475s] DEBUG:colcon.colcon_core.verb:Building package 'cw1q9' with the following arguments: {'ament_cmake_args': None, 'build_base': '/home/bizare/Desktop/Robotics_System/build/cw1q9', 'catkin_cmake_args': None, 'catkin_skip_building_tests': False, 'cmake_args': None, 'cmake_clean_cache': False, 'cmake_clean_first': False, 'cmake_force_configure': False, 'cmake_target': None, 'cmake_target_skip_unavailable': False, 'install_base': '/home/bizare/Desktop/Robotics_System/install/cw1q9', 'merge_install': False, 'path': '/home/bizare/Desktop/Robotics_System/cw1q9', 'symlink_install': False, 'test_result_base': None}
[0.475s] Level 5:colcon.colcon_core.verb:set package 'open_manipulator_description' build argument 'cmake_args' from command line to 'None'
[0.475s] Level 5:colcon.colcon_core.verb:set package 'open_manipulator_description' build argument 'cmake_target' from command line to 'None'
[0.475s] Level 5:colcon.colcon_core.verb:set package 'open_manipulator_description' build argument 'cmake_target_skip_unavailable' from command line to 'False'
[0.475s] Level 5:colcon.colcon_core.verb:set package 'open_manipulator_description' build argument 'cmake_clean_cache' from command line to 'False'
[0.475s] Level 5:colcon.colcon_core.verb:set package 'open_manipulator_description' build argument 'cmake_clean_first' from command line to 'False'
[0.475s] Level 5:colcon.colcon_core.verb:set package 'open_manipulator_description' build argument 'cmake_force_configure' from command line to 'False'
[0.475s] Level 5:colcon.colcon_core.verb:set package 'open_manipulator_description' build argument 'ament_cmake_args' from command line to 'None'
[0.475s] Level 5:colcon.colcon_core.verb:set package 'open_manipulator_description' build argument 'catkin_cmake_args' from command line to 'None'
[0.475s] Level 5:colcon.colcon_core.verb:set package 'open_manipulator_description' build argument 'catkin_skip_building_tests' from command line to 'False'
[0.475s] DEBUG:colcon.colcon_core.verb:Building package 'open_manipulator_description' with the following arguments: {'ament_cmake_args': None, 'build_base': '/home/bizare/Desktop/Robotics_System/build/open_manipulator_description', 'catkin_cmake_args': None, 'catkin_skip_building_tests': False, 'cmake_args': None, 'cmake_clean_cache': False, 'cmake_clean_first': False, 'cmake_force_configure': False, 'cmake_target': None, 'cmake_target_skip_unavailable': False, 'install_base': '/home/bizare/Desktop/Robotics_System/install/open_manipulator_description', 'merge_install': False, 'path': '/home/bizare/Desktop/Robotics_System/robot_description/open_manipulator_description', 'symlink_install': False, 'test_result_base': None}
[0.476s] Level 5:colcon.colcon_core.verb:set package 'youbot_description' build argument 'cmake_args' from command line to 'None'
[0.476s] Level 5:colcon.colcon_core.verb:set package 'youbot_description' build argument 'cmake_target' from command line to 'None'
[0.476s] Level 5:colcon.colcon_core.verb:set package 'youbot_description' build argument 'cmake_target_skip_unavailable' from command line to 'False'
[0.476s] Level 5:colcon.colcon_core.verb:set package 'youbot_description' build argument 'cmake_clean_cache' from command line to 'False'
[0.476s] Level 5:colcon.colcon_core.verb:set package 'youbot_description' build argument 'cmake_clean_first' from command line to 'False'
[0.476s] Level 5:colcon.colcon_core.verb:set package 'youbot_description' build argument 'cmake_force_configure' from command line to 'False'
[0.476s] Level 5:colcon.colcon_core.verb:set package 'youbot_description' build argument 'ament_cmake_args' from command line to 'None'
[0.476s] Level 5:colcon.colcon_core.verb:set package 'youbot_description' build argument 'catkin_cmake_args' from command line to 'None'
[0.476s] Level 5:colcon.colcon_core.verb:set package 'youbot_description' build argument 'catkin_skip_building_tests' from command line to 'False'
[0.476s] DEBUG:colcon.colcon_core.verb:Building package 'youbot_description' with the following arguments: {'ament_cmake_args': None, 'build_base': '/home/bizare/Desktop/Robotics_System/build/youbot_description', 'catkin_cmake_args': None, 'catkin_skip_building_tests': False, 'cmake_args': None, 'cmake_clean_cache': False, 'cmake_clean_first': False, 'cmake_force_configure': False, 'cmake_target': None, 'cmake_target_skip_unavailable': False, 'install_base': '/home/bizare/Desktop/Robotics_System/install/youbot_description', 'merge_install': False, 'path': '/home/bizare/Desktop/Robotics_System/robot_description/youbot_description', 'symlink_install': False, 'test_result_base': None}
[0.476s] Level 5:colcon.colcon_core.verb:set package 'youbot_simulator' build argument 'cmake_args' from command line to 'None'
[0.476s] Level 5:colcon.colcon_core.verb:set package 'youbot_simulator' build argument 'cmake_target' from command line to 'None'
[0.476s] Level 5:colcon.colcon_core.verb:set package 'youbot_simulator' build argument 'cmake_target_skip_unavailable' from command line to 'False'
[0.476s] Level 5:colcon.colcon_core.verb:set package 'youbot_simulator' build argument 'cmake_clean_cache' from command line to 'False'
[0.476s] Level 5:colcon.colcon_core.verb:set package 'youbot_simulator' build argument 'cmake_clean_first' from command line to 'False'
[0.476s] Level 5:colcon.colcon_core.verb:set package 'youbot_simulator' build argument 'cmake_force_configure' from command line to 'False'
[0.476s] Level 5:colcon.colcon_core.verb:set package 'youbot_simulator' build argument 'ament_cmake_args' from command line to 'None'
[0.476s] Level 5:colcon.colcon_core.verb:set package 'youbot_simulator' build argument 'catkin_cmake_args' from command line to 'None'
[0.476s] Level 5:colcon.colcon_core.verb:set package 'youbot_simulator' build argument 'catkin_skip_building_tests' from command line to 'False'
[0.476s] DEBUG:colcon.colcon_core.verb:Building package 'youbot_simulator' with the following arguments: {'ament_cmake_args': None, 'build_base': '/home/bizare/Desktop/Robotics_System/build/youbot_simulator', 'catkin_cmake_args': None, 'catkin_skip_building_tests': False, 'cmake_args': None, 'cmake_clean_cache': False, 'cmake_clean_first': False, 'cmake_force_configure': False, 'cmake_target': None, 'cmake_target_skip_unavailable': False, 'install_base': '/home/bizare/Desktop/Robotics_System/install/youbot_simulator', 'merge_install': False, 'path': '/home/bizare/Desktop/Robotics_System/youbot_simulator', 'symlink_install': False, 'test_result_base': None}
[0.477s] Level 5:colcon.colcon_core.verb:set package 'cw1q5' build argument 'cmake_args' from command line to 'None'
[0.477s] Level 5:colcon.colcon_core.verb:set package 'cw1q5' build argument 'cmake_target' from command line to 'None'
[0.477s] Level 5:colcon.colcon_core.verb:set package 'cw1q5' build argument 'cmake_target_skip_unavailable' from command line to 'False'
[0.477s] Level 5:colcon.colcon_core.verb:set package 'cw1q5' build argument 'cmake_clean_cache' from command line to 'False'
[0.477s] Level 5:colcon.colcon_core.verb:set package 'cw1q5' build argument 'cmake_clean_first' from command line to 'False'
[0.477s] Level 5:colcon.colcon_core.verb:set package 'cw1q5' build argument 'cmake_force_configure' from command line to 'False'
[0.477s] Level 5:colcon.colcon_core.verb:set package 'cw1q5' build argument 'ament_cmake_args' from command line to 'None'
[0.477s] Level 5:colcon.colcon_core.verb:set package 'cw1q5' build argument 'catkin_cmake_args' from command line to 'None'
[0.477s] Level 5:colcon.colcon_core.verb:set package 'cw1q5' build argument 'catkin_skip_building_tests' from command line to 'False'
[0.477s] DEBUG:colcon.colcon_core.verb:Building package 'cw1q5' with the following arguments: {'ament_cmake_args': None, 'build_base': '/home/bizare/Desktop/Robotics_System/build/cw1q5', 'catkin_cmake_args': None, 'catkin_skip_building_tests': False, 'cmake_args': None, 'cmake_clean_cache': False, 'cmake_clean_first': False, 'cmake_force_configure': False, 'cmake_target': None, 'cmake_target_skip_unavailable': False, 'install_base': '/home/bizare/Desktop/Robotics_System/install/cw1q5', 'merge_install': False, 'path': '/home/bizare/Desktop/Robotics_System/cw1q5', 'symlink_install': False, 'test_result_base': None}
[0.477s] INFO:colcon.colcon_core.executor:Executing jobs using 'parallel' executor
[0.478s] DEBUG:colcon.colcon_parallel_executor.executor.parallel:run_until_complete
[0.478s] INFO:colcon.colcon_ros.task.ament_cmake.build:Building ROS package in '/home/bizare/Desktop/Robotics_System/robot_description/youbot_description' with build type 'ament_cmake'
[0.479s] INFO:colcon.colcon_cmake.task.cmake.build:Building CMake package in '/home/bizare/Desktop/Robotics_System/robot_description/youbot_description'
[0.483s] INFO:colcon.colcon_core.plugin_system:Skipping extension 'colcon_core.shell.bat': Not used on non-Windows systems
[0.483s] INFO:colcon.colcon_core.shell:Skip shell extension 'powershell' for command environment: Not usable outside of PowerShell
[0.483s] DEBUG:colcon.colcon_core.shell:Skip shell extension 'dsv' for command environment
[0.488s] INFO:colcon.colcon_ros.task.ament_python.build:Building ROS package in '/home/bizare/Desktop/Robotics_System/cw1q4' with build type 'ament_python'
[0.488s] Level 1:colcon.colcon_core.shell:create_environment_hook('cw1q4', 'ament_prefix_path')
[0.489s] INFO:colcon.colcon_core.shell:Creating environment hook '/home/bizare/Desktop/Robotics_System/install/cw1q4/share/cw1q4/hook/ament_prefix_path.ps1'
[0.490s] INFO:colcon.colcon_core.shell:Creating environment descriptor '/home/bizare/Desktop/Robotics_System/install/cw1q4/share/cw1q4/hook/ament_prefix_path.dsv'
[0.492s] INFO:colcon.colcon_core.shell:Creating environment hook '/home/bizare/Desktop/Robotics_System/install/cw1q4/share/cw1q4/hook/ament_prefix_path.sh'
[0.493s] INFO:colcon.colcon_core.shell:Skip shell extension 'powershell' for command environment: Not usable outside of PowerShell
[0.493s] DEBUG:colcon.colcon_core.shell:Skip shell extension 'dsv' for command environment
[0.497s] INFO:colcon.colcon_ros.task.ament_cmake.build:Building ROS package in '/home/bizare/Desktop/Robotics_System/cw1q4_interfaces' with build type 'ament_cmake'
[0.497s] INFO:colcon.colcon_cmake.task.cmake.build:Building CMake package in '/home/bizare/Desktop/Robotics_System/cw1q4_interfaces'
[0.497s] INFO:colcon.colcon_core.shell:Skip shell extension 'powershell' for command environment: Not usable outside of PowerShell
[0.498s] DEBUG:colcon.colcon_core.shell:Skip shell extension 'dsv' for command environment
[0.501s] INFO:colcon.colcon_ros.task.ament_python.build:Building ROS package in '/home/bizare/Desktop/Robotics_System/cw1q9' with build type 'ament_python'
[0.502s] Level 1:colcon.colcon_core.shell:create_environment_hook('cw1q9', 'ament_prefix_path')
[0.502s] INFO:colcon.colcon_core.shell:Creating environment hook '/home/bizare/Desktop/Robotics_System/install/cw1q9/share/cw1q9/hook/ament_prefix_path.ps1'
[0.503s] INFO:colcon.colcon_core.shell:Creating environment descriptor '/home/bizare/Desktop/Robotics_System/install/cw1q9/share/cw1q9/hook/ament_prefix_path.dsv'
[0.504s] INFO:colcon.colcon_core.shell:Creating environment hook '/home/bizare/Desktop/Robotics_System/install/cw1q9/share/cw1q9/hook/ament_prefix_path.sh'
[0.505s] INFO:colcon.colcon_core.shell:Skip shell extension 'powershell' for command environment: Not usable outside of PowerShell
[0.505s] DEBUG:colcon.colcon_core.shell:Skip shell extension 'dsv' for command environment
[0.508s] INFO:colcon.colcon_ros.task.ament_cmake.build:Building ROS package in '/home/bizare/Desktop/Robotics_System/robot_description/open_manipulator_description' with build type 'ament_cmake'
[0.509s] INFO:colcon.colcon_cmake.task.cmake.build:Building CMake package in '/home/bizare/Desktop/Robotics_System/robot_description/open_manipulator_description'
[0.509s] INFO:colcon.colcon_core.shell:Skip shell extension 'powershell' for command environment: Not usable outside of PowerShell
[0.509s] DEBUG:colcon.colcon_core.shell:Skip shell extension 'dsv' for command environment
[0.521s] DEBUG:colcon.colcon_core.event_handler.log_command:Invoking command in '/home/bizare/Desktop/Robotics_System/build/youbot_description': CMAKE_PREFIX_PATH=/opt/ros/foxy /usr/bin/cmake --build /home/bizare/Desktop/Robotics_System/build/youbot_description -- -j8 -l8
[0.702s] INFO:colcon.colcon_core.task.python.build:Building Python package in '/home/bizare/Desktop/Robotics_System/cw1q4'
[0.702s] INFO:colcon.colcon_core.shell:Skip shell extension 'powershell' for command environment: Not usable outside of PowerShell
[0.703s] DEBUG:colcon.colcon_core.shell:Skip shell extension 'dsv' for command environment
[0.712s] DEBUG:colcon.colcon_core.event_handler.log_command:Invoking command in '/home/bizare/Desktop/Robotics_System/build/cw1q4_interfaces': CMAKE_PREFIX_PATH=/opt/ros/foxy /usr/bin/cmake --build /home/bizare/Desktop/Robotics_System/build/cw1q4_interfaces -- -j8 -l8
[0.900s] INFO:colcon.colcon_core.task.python.build:Building Python package in '/home/bizare/Desktop/Robotics_System/cw1q9'
[0.901s] INFO:colcon.colcon_core.shell:Skip shell extension 'powershell' for command environment: Not usable outside of PowerShell
[0.901s] DEBUG:colcon.colcon_core.shell:Skip shell extension 'dsv' for command environment
[0.913s] DEBUG:colcon.colcon_core.event_handler.log_command:Invoking command in '/home/bizare/Desktop/Robotics_System/build/open_manipulator_description': CMAKE_PREFIX_PATH=/opt/ros/foxy /usr/bin/cmake --build /home/bizare/Desktop/Robotics_System/build/open_manipulator_description -- -j8 -l8
[0.920s] DEBUG:colcon.colcon_core.event_handler.log_command:Invoked command in '/home/bizare/Desktop/Robotics_System/build/youbot_description' returned '0': CMAKE_PREFIX_PATH=/opt/ros/foxy /usr/bin/cmake --build /home/bizare/Desktop/Robotics_System/build/youbot_description -- -j8 -l8
[0.934s] DEBUG:colcon.colcon_core.event_handler.log_command:Invoking command in '/home/bizare/Desktop/Robotics_System/build/youbot_description': CMAKE_PREFIX_PATH=/opt/ros/foxy /usr/bin/cmake --install /home/bizare/Desktop/Robotics_System/build/youbot_description
[0.952s] Level 1:colcon.colcon_core.environment:create_environment_scripts_only(youbot_description)
[0.964s] DEBUG:colcon.colcon_core.event_handler.log_command:Invoked command in '/home/bizare/Desktop/Robotics_System/build/youbot_description' returned '0': CMAKE_PREFIX_PATH=/opt/ros/foxy /usr/bin/cmake --install /home/bizare/Desktop/Robotics_System/build/youbot_description
[0.968s] Level 1:colcon.colcon_core.environment:checking '/home/bizare/Desktop/Robotics_System/install/youbot_description' for CMake module files
[0.968s] Level 1:colcon.colcon_core.environment:checking '/home/bizare/Desktop/Robotics_System/install/youbot_description' for CMake config files
[0.969s] Level 1:colcon.colcon_core.shell:create_environment_hook('youbot_description', 'cmake_prefix_path')
[0.969s] INFO:colcon.colcon_core.shell:Creating environment hook '/home/bizare/Desktop/Robotics_System/install/youbot_description/share/youbot_description/hook/cmake_prefix_path.ps1'
[0.969s] INFO:colcon.colcon_core.shell:Creating environment descriptor '/home/bizare/Desktop/Robotics_System/install/youbot_description/share/youbot_description/hook/cmake_prefix_path.dsv'
[0.970s] INFO:colcon.colcon_core.shell:Creating environment hook '/home/bizare/Desktop/Robotics_System/install/youbot_description/share/youbot_description/hook/cmake_prefix_path.sh'
[0.971s] Level 1:colcon.colcon_core.environment:checking '/home/bizare/Desktop/Robotics_System/install/youbot_description/bin'
[0.971s] Level 1:colcon.colcon_core.environment:checking '/home/bizare/Desktop/Robotics_System/install/youbot_description/lib/pkgconfig/youbot_description.pc'
[0.971s] Level 1:colcon.colcon_core.environment:checking '/home/bizare/Desktop/Robotics_System/install/youbot_description/lib/python3.8/site-packages'
[0.971s] Level 1:colcon.colcon_core.environment:checking '/home/bizare/Desktop/Robotics_System/install/youbot_description/bin'
[0.971s] INFO:colcon.colcon_core.shell:Creating package script '/home/bizare/Desktop/Robotics_System/install/youbot_description/share/youbot_description/package.ps1'
[0.972s] INFO:colcon.colcon_core.shell:Creating package descriptor '/home/bizare/Desktop/Robotics_System/install/youbot_description/share/youbot_description/package.dsv'
[0.973s] INFO:colcon.colcon_core.shell:Creating package script '/home/bizare/Desktop/Robotics_System/install/youbot_description/share/youbot_description/package.sh'
[0.974s] INFO:colcon.colcon_core.shell:Creating package script '/home/bizare/Desktop/Robotics_System/install/youbot_description/share/youbot_description/package.bash'
[0.975s] INFO:colcon.colcon_core.shell:Creating package script '/home/bizare/Desktop/Robotics_System/install/youbot_description/share/youbot_description/package.zsh'
[0.976s] Level 1:colcon.colcon_core.environment:create_file_with_runtime_dependencies(/home/bizare/Desktop/Robotics_System/install/youbot_description/share/colcon-core/packages/youbot_description)
[0.977s] Level 1:colcon.colcon_core.environment:create_environment_scripts_only(youbot_description)
[0.977s] Level 1:colcon.colcon_core.environment:checking '/home/bizare/Desktop/Robotics_System/install/youbot_description' for CMake module files
[0.977s] Level 1:colcon.colcon_core.environment:checking '/home/bizare/Desktop/Robotics_System/install/youbot_description' for CMake config files
[0.978s] Level 1:colcon.colcon_core.shell:create_environment_hook('youbot_description', 'cmake_prefix_path')
[0.978s] INFO:colcon.colcon_core.shell:Creating environment hook '/home/bizare/Desktop/Robotics_System/install/youbot_description/share/youbot_description/hook/cmake_prefix_path.ps1'
[0.978s] INFO:colcon.colcon_core.shell:Creating environment descriptor '/home/bizare/Desktop/Robotics_System/install/youbot_description/share/youbot_description/hook/cmake_prefix_path.dsv'
[0.979s] INFO:colcon.colcon_core.shell:Creating environment hook '/home/bizare/Desktop/Robotics_System/install/youbot_description/share/youbot_description/hook/cmake_prefix_path.sh'
[0.979s] Level 1:colcon.colcon_core.environment:checking '/home/bizare/Desktop/Robotics_System/install/youbot_description/bin'
[0.979s] Level 1:colcon.colcon_core.environment:checking '/home/bizare/Desktop/Robotics_System/install/youbot_description/lib/pkgconfig/youbot_description.pc'
[0.979s] Level 1:colcon.colcon_core.environment:checking '/home/bizare/Desktop/Robotics_System/install/youbot_description/lib/python3.8/site-packages'
[0.979s] Level 1:colcon.colcon_core.environment:checking '/home/bizare/Desktop/Robotics_System/install/youbot_description/bin'
[0.980s] INFO:colcon.colcon_core.shell:Creating package script '/home/bizare/Desktop/Robotics_System/install/youbot_description/share/youbot_description/package.ps1'
[0.981s] INFO:colcon.colcon_core.shell:Creating package descriptor '/home/bizare/Desktop/Robotics_System/install/youbot_description/share/youbot_description/package.dsv'
[0.981s] INFO:colcon.colcon_core.shell:Creating package script '/home/bizare/Desktop/Robotics_System/install/youbot_description/share/youbot_description/package.sh'
[0.982s] INFO:colcon.colcon_core.shell:Creating package script '/home/bizare/Desktop/Robotics_System/install/youbot_description/share/youbot_description/package.bash'
[0.982s] INFO:colcon.colcon_core.shell:Creating package script '/home/bizare/Desktop/Robotics_System/install/youbot_description/share/youbot_description/package.zsh'
[0.983s] Level 1:colcon.colcon_core.environment:create_file_with_runtime_dependencies(/home/bizare/Desktop/Robotics_System/install/youbot_description/share/colcon-core/packages/youbot_description)
[0.984s] INFO:colcon.colcon_ros.task.ament_cmake.build:Building ROS package in '/home/bizare/Desktop/Robotics_System/youbot_simulator' with build type 'ament_cmake'
[0.984s] INFO:colcon.colcon_cmake.task.cmake.build:Building CMake package in '/home/bizare/Desktop/Robotics_System/youbot_simulator'
[0.984s] INFO:colcon.colcon_core.shell:Skip shell extension 'powershell' for command environment: Not usable outside of PowerShell
[0.984s] DEBUG:colcon.colcon_core.shell:Skip shell extension 'dsv' for command environment
[0.989s] DEBUG:colcon.colcon_core.event_handler.log_command:Invoked command in '/home/bizare/Desktop/Robotics_System/build/cw1q4_interfaces' returned '0': CMAKE_PREFIX_PATH=/opt/ros/foxy /usr/bin/cmake --build /home/bizare/Desktop/Robotics_System/build/cw1q4_interfaces -- -j8 -l8
[0.994s] DEBUG:colcon.colcon_core.event_handler.log_command:Invoking command in '/home/bizare/Desktop/Robotics_System/build/cw1q4_interfaces': CMAKE_PREFIX_PATH=/opt/ros/foxy /usr/bin/cmake --install /home/bizare/Desktop/Robotics_System/build/cw1q4_interfaces
[0.996s] DEBUG:colcon.colcon_core.event_handler.log_command:Invoked command in '/home/bizare/Desktop/Robotics_System/build/open_manipulator_description' returned '0': CMAKE_PREFIX_PATH=/opt/ros/foxy /usr/bin/cmake --build /home/bizare/Desktop/Robotics_System/build/open_manipulator_description -- -j8 -l8
[1.000s] DEBUG:colcon.colcon_core.event_handler.log_command:Invoking command in '/home/bizare/Desktop/Robotics_System/build/open_manipulator_description': CMAKE_PREFIX_PATH=/opt/ros/foxy /usr/bin/cmake --install /home/bizare/Desktop/Robotics_System/build/open_manipulator_description
[1.016s] Level 1:colcon.colcon_core.environment:create_environment_scripts_only(open_manipulator_description)
[1.017s] Level 1:colcon.colcon_core.environment:checking '/home/bizare/Desktop/Robotics_System/install/open_manipulator_description' for CMake module files
[1.022s] DEBUG:colcon.colcon_core.event_handler.log_command:Invoking command in '/home/bizare/Desktop/Robotics_System/build/youbot_simulator': AMENT_PREFIX_PATH=/home/bizare/Desktop/Robotics_System/install/youbot_description:${AMENT_PREFIX_PATH} CMAKE_PREFIX_PATH=/opt/ros/foxy:/home/bizare/Desktop/Robotics_System/install/youbot_description /usr/bin/cmake --build /home/bizare/Desktop/Robotics_System/build/youbot_simulator -- -j8 -l8
[1.023s] Level 1:colcon.colcon_core.environment:checking '/home/bizare/Desktop/Robotics_System/install/open_manipulator_description' for CMake config files
[1.029s] DEBUG:colcon.colcon_core.event_handler.log_command:Invoked command in '/home/bizare/Desktop/Robotics_System/build/open_manipulator_description' returned '0': CMAKE_PREFIX_PATH=/opt/ros/foxy /usr/bin/cmake --install /home/bizare/Desktop/Robotics_System/build/open_manipulator_description
[1.029s] Level 1:colcon.colcon_core.shell:create_environment_hook('open_manipulator_description', 'cmake_prefix_path')
[1.029s] INFO:colcon.colcon_core.shell:Creating environment hook '/home/bizare/Desktop/Robotics_System/install/open_manipulator_description/share/open_manipulator_description/hook/cmake_prefix_path.ps1'
[1.030s] INFO:colcon.colcon_core.shell:Creating environment descriptor '/home/bizare/Desktop/Robotics_System/install/open_manipulator_description/share/open_manipulator_description/hook/cmake_prefix_path.dsv'
[1.030s] INFO:colcon.colcon_core.shell:Creating environment hook '/home/bizare/Desktop/Robotics_System/install/open_manipulator_description/share/open_manipulator_description/hook/cmake_prefix_path.sh'
[1.031s] Level 1:colcon.colcon_core.environment:checking '/home/bizare/Desktop/Robotics_System/install/open_manipulator_description/bin'
[1.031s] Level 1:colcon.colcon_core.environment:checking '/home/bizare/Desktop/Robotics_System/install/open_manipulator_description/lib/pkgconfig/open_manipulator_description.pc'
[1.031s] Level 1:colcon.colcon_core.environment:checking '/home/bizare/Desktop/Robotics_System/install/open_manipulator_description/lib/python3.8/site-packages'
[1.032s] Level 1:colcon.colcon_core.environment:checking '/home/bizare/Desktop/Robotics_System/install/open_manipulator_description/bin'
[1.032s] INFO:colcon.colcon_core.shell:Creating package script '/home/bizare/Desktop/Robotics_System/install/open_manipulator_description/share/open_manipulator_description/package.ps1'
[1.033s] INFO:colcon.colcon_core.shell:Creating package descriptor '/home/bizare/Desktop/Robotics_System/install/open_manipulator_description/share/open_manipulator_description/package.dsv'
[1.033s] INFO:colcon.colcon_core.shell:Creating package script '/home/bizare/Desktop/Robotics_System/install/open_manipulator_description/share/open_manipulator_description/package.sh'
[1.034s] INFO:colcon.colcon_core.shell:Creating package script '/home/bizare/Desktop/Robotics_System/install/open_manipulator_description/share/open_manipulator_description/package.bash'
[1.034s] INFO:colcon.colcon_core.shell:Creating package script '/home/bizare/Desktop/Robotics_System/install/open_manipulator_description/share/open_manipulator_description/package.zsh'
[1.035s] Level 1:colcon.colcon_core.environment:create_file_with_runtime_dependencies(/home/bizare/Desktop/Robotics_System/install/open_manipulator_description/share/colcon-core/packages/open_manipulator_description)
[1.035s] Level 1:colcon.colcon_core.environment:create_environment_scripts_only(open_manipulator_description)
[1.035s] Level 1:colcon.colcon_core.environment:checking '/home/bizare/Desktop/Robotics_System/install/open_manipulator_description' for CMake module files
[1.036s] Level 1:colcon.colcon_core.environment:checking '/home/bizare/Desktop/Robotics_System/install/open_manipulator_description' for CMake config files
[1.036s] Level 1:colcon.colcon_core.shell:create_environment_hook('open_manipulator_description', 'cmake_prefix_path')
[1.036s] INFO:colcon.colcon_core.shell:Creating environment hook '/home/bizare/Desktop/Robotics_System/install/open_manipulator_description/share/open_manipulator_description/hook/cmake_prefix_path.ps1'
[1.037s] INFO:colcon.colcon_core.shell:Creating environment descriptor '/home/bizare/Desktop/Robotics_System/install/open_manipulator_description/share/open_manipulator_description/hook/cmake_prefix_path.dsv'
[1.037s] INFO:colcon.colcon_core.shell:Creating environment hook '/home/bizare/Desktop/Robotics_System/install/open_manipulator_description/share/open_manipulator_description/hook/cmake_prefix_path.sh'
[1.038s] Level 1:colcon.colcon_core.environment:checking '/home/bizare/Desktop/Robotics_System/install/open_manipulator_description/bin'
[1.038s] Level 1:colcon.colcon_core.environment:checking '/home/bizare/Desktop/Robotics_System/install/open_manipulator_description/lib/pkgconfig/open_manipulator_description.pc'
[1.038s] Level 1:colcon.colcon_core.environment:checking '/home/bizare/Desktop/Robotics_System/install/open_manipulator_description/lib/python3.8/site-packages'
[1.038s] Level 1:colcon.colcon_core.environment:checking '/home/bizare/Desktop/Robotics_System/install/open_manipulator_description/bin'
[1.038s] INFO:colcon.colcon_core.shell:Creating package script '/home/bizare/Desktop/Robotics_System/install/open_manipulator_description/share/open_manipulator_description/package.ps1'
[1.039s] INFO:colcon.colcon_core.shell:Creating package descriptor '/home/bizare/Desktop/Robotics_System/install/open_manipulator_description/share/open_manipulator_description/package.dsv'
[1.040s] INFO:colcon.colcon_core.shell:Creating package script '/home/bizare/Desktop/Robotics_System/install/open_manipulator_description/share/open_manipulator_description/package.sh'
[1.040s] INFO:colcon.colcon_core.shell:Creating package script '/home/bizare/Desktop/Robotics_System/install/open_manipulator_description/share/open_manipulator_description/package.bash'
[1.041s] INFO:colcon.colcon_core.shell:Creating package script '/home/bizare/Desktop/Robotics_System/install/open_manipulator_description/share/open_manipulator_description/package.zsh'
[1.041s] Level 1:colcon.colcon_core.environment:create_file_with_runtime_dependencies(/home/bizare/Desktop/Robotics_System/install/open_manipulator_description/share/colcon-core/packages/open_manipulator_description)
[1.056s] DEBUG:colcon.colcon_core.event_handler.log_command:Invoked command in '/home/bizare/Desktop/Robotics_System/build/youbot_simulator' returned '0': AMENT_PREFIX_PATH=/home/bizare/Desktop/Robotics_System/install/youbot_description:${AMENT_PREFIX_PATH} CMAKE_PREFIX_PATH=/opt/ros/foxy:/home/bizare/Desktop/Robotics_System/install/youbot_description /usr/bin/cmake --build /home/bizare/Desktop/Robotics_System/build/youbot_simulator -- -j8 -l8
[1.065s] DEBUG:colcon.colcon_core.event_handler.log_command:Invoking command in '/home/bizare/Desktop/Robotics_System/build/youbot_simulator': AMENT_PREFIX_PATH=/home/bizare/Desktop/Robotics_System/install/youbot_description:${AMENT_PREFIX_PATH} CMAKE_PREFIX_PATH=/opt/ros/foxy:/home/bizare/Desktop/Robotics_System/install/youbot_description /usr/bin/cmake --install /home/bizare/Desktop/Robotics_System/build/youbot_simulator
[1.066s] Level 1:colcon.colcon_core.environment:create_environment_scripts_only(cw1q4_interfaces)
[1.067s] Level 1:colcon.colcon_core.environment:checking '/home/bizare/Desktop/Robotics_System/install/cw1q4_interfaces' for CMake module files
[1.067s] DEBUG:colcon.colcon_core.event_handler.log_command:Invoked command in '/home/bizare/Desktop/Robotics_System/build/cw1q4_interfaces' returned '0': CMAKE_PREFIX_PATH=/opt/ros/foxy /usr/bin/cmake --install /home/bizare/Desktop/Robotics_System/build/cw1q4_interfaces
[1.068s] Level 1:colcon.colcon_core.environment:checking '/home/bizare/Desktop/Robotics_System/install/cw1q4_interfaces' for CMake config files
[1.069s] Level 1:colcon.colcon_core.shell:create_environment_hook('cw1q4_interfaces', 'cmake_prefix_path')
[1.069s] INFO:colcon.colcon_core.shell:Creating environment hook '/home/bizare/Desktop/Robotics_System/install/cw1q4_interfaces/share/cw1q4_interfaces/hook/cmake_prefix_path.ps1'
[1.069s] INFO:colcon.colcon_core.shell:Creating environment descriptor '/home/bizare/Desktop/Robotics_System/install/cw1q4_interfaces/share/cw1q4_interfaces/hook/cmake_prefix_path.dsv'
[1.072s] INFO:colcon.colcon_core.shell:Creating environment hook '/home/bizare/Desktop/Robotics_System/install/cw1q4_interfaces/share/cw1q4_interfaces/hook/cmake_prefix_path.sh'
[1.075s] Level 1:colcon.colcon_core.environment:checking '/home/bizare/Desktop/Robotics_System/install/cw1q4_interfaces/lib'
[1.075s] Level 1:colcon.colcon_core.shell:create_environment_hook('cw1q4_interfaces', 'ld_library_path_lib')
[1.075s] INFO:colcon.colcon_core.shell:Creating environment hook '/home/bizare/Desktop/Robotics_System/install/cw1q4_interfaces/share/cw1q4_interfaces/hook/ld_library_path_lib.ps1'
[1.076s] INFO:colcon.colcon_core.shell:Creating environment descriptor '/home/bizare/Desktop/Robotics_System/install/cw1q4_interfaces/share/cw1q4_interfaces/hook/ld_library_path_lib.dsv'
[1.076s] INFO:colcon.colcon_core.shell:Creating environment hook '/home/bizare/Desktop/Robotics_System/install/cw1q4_interfaces/share/cw1q4_interfaces/hook/ld_library_path_lib.sh'
[1.077s] Level 1:colcon.colcon_core.environment:checking '/home/bizare/Desktop/Robotics_System/install/cw1q4_interfaces/bin'
[1.077s] Level 1:colcon.colcon_core.environment:checking '/home/bizare/Desktop/Robotics_System/install/cw1q4_interfaces/lib/pkgconfig/cw1q4_interfaces.pc'
[1.077s] Level 1:colcon.colcon_core.environment:checking '/home/bizare/Desktop/Robotics_System/install/cw1q4_interfaces/lib/python3.8/site-packages'
[1.077s] Level 1:colcon.colcon_core.shell:create_environment_hook('cw1q4_interfaces', 'pythonpath')
[1.077s] INFO:colcon.colcon_core.shell:Creating environment hook '/home/bizare/Desktop/Robotics_System/install/cw1q4_interfaces/share/cw1q4_interfaces/hook/pythonpath.ps1'
[1.078s] INFO:colcon.colcon_core.shell:Creating environment descriptor '/home/bizare/Desktop/Robotics_System/install/cw1q4_interfaces/share/cw1q4_interfaces/hook/pythonpath.dsv'
[1.078s] INFO:colcon.colcon_core.shell:Creating environment hook '/home/bizare/Desktop/Robotics_System/install/cw1q4_interfaces/share/cw1q4_interfaces/hook/pythonpath.sh'
[1.078s] Level 1:colcon.colcon_core.environment:checking '/home/bizare/Desktop/Robotics_System/install/cw1q4_interfaces/bin'
[1.079s] INFO:colcon.colcon_core.shell:Creating package script '/home/bizare/Desktop/Robotics_System/install/cw1q4_interfaces/share/cw1q4_interfaces/package.ps1'
[1.079s] INFO:colcon.colcon_core.shell:Creating package descriptor '/home/bizare/Desktop/Robotics_System/install/cw1q4_interfaces/share/cw1q4_interfaces/package.dsv'
[1.080s] INFO:colcon.colcon_core.shell:Creating package script '/home/bizare/Desktop/Robotics_System/install/cw1q4_interfaces/share/cw1q4_interfaces/package.sh'
[1.081s] INFO:colcon.colcon_core.shell:Creating package script '/home/bizare/Desktop/Robotics_System/install/cw1q4_interfaces/share/cw1q4_interfaces/package.bash'
[1.082s] INFO:colcon.colcon_core.shell:Creating package script '/home/bizare/Desktop/Robotics_System/install/cw1q4_interfaces/share/cw1q4_interfaces/package.zsh'
[1.082s] Level 1:colcon.colcon_core.environment:create_file_with_runtime_dependencies(/home/bizare/Desktop/Robotics_System/install/cw1q4_interfaces/share/colcon-core/packages/cw1q4_interfaces)
[1.083s] Level 1:colcon.colcon_core.environment:create_environment_scripts_only(cw1q4_interfaces)
[1.083s] Level 1:colcon.colcon_core.environment:checking '/home/bizare/Desktop/Robotics_System/install/cw1q4_interfaces' for CMake module files
[1.084s] Level 1:colcon.colcon_core.environment:checking '/home/bizare/Desktop/Robotics_System/install/cw1q4_interfaces' for CMake config files
[1.084s] Level 1:colcon.colcon_core.shell:create_environment_hook('cw1q4_interfaces', 'cmake_prefix_path')
[1.084s] INFO:colcon.colcon_core.shell:Creating environment hook '/home/bizare/Desktop/Robotics_System/install/cw1q4_interfaces/share/cw1q4_interfaces/hook/cmake_prefix_path.ps1'
[1.085s] INFO:colcon.colcon_core.shell:Creating environment descriptor '/home/bizare/Desktop/Robotics_System/install/cw1q4_interfaces/share/cw1q4_interfaces/hook/cmake_prefix_path.dsv'
[1.085s] INFO:colcon.colcon_core.shell:Creating environment hook '/home/bizare/Desktop/Robotics_System/install/cw1q4_interfaces/share/cw1q4_interfaces/hook/cmake_prefix_path.sh'
[1.086s] Level 1:colcon.colcon_core.environment:checking '/home/bizare/Desktop/Robotics_System/install/cw1q4_interfaces/lib'
[1.086s] Level 1:colcon.colcon_core.shell:create_environment_hook('cw1q4_interfaces', 'ld_library_path_lib')
[1.086s] INFO:colcon.colcon_core.shell:Creating environment hook '/home/bizare/Desktop/Robotics_System/install/cw1q4_interfaces/share/cw1q4_interfaces/hook/ld_library_path_lib.ps1'
[1.087s] INFO:colcon.colcon_core.shell:Creating environment descriptor '/home/bizare/Desktop/Robotics_System/install/cw1q4_interfaces/share/cw1q4_interfaces/hook/ld_library_path_lib.dsv'
[1.087s] INFO:colcon.colcon_core.shell:Creating environment hook '/home/bizare/Desktop/Robotics_System/install/cw1q4_interfaces/share/cw1q4_interfaces/hook/ld_library_path_lib.sh'
[1.088s] Level 1:colcon.colcon_core.environment:checking '/home/bizare/Desktop/Robotics_System/install/cw1q4_interfaces/bin'
[1.088s] Level 1:colcon.colcon_core.environment:checking '/home/bizare/Desktop/Robotics_System/install/cw1q4_interfaces/lib/pkgconfig/cw1q4_interfaces.pc'
[1.088s] Level 1:colcon.colcon_core.environment:checking '/home/bizare/Desktop/Robotics_System/install/cw1q4_interfaces/lib/python3.8/site-packages'
[1.088s] Level 1:colcon.colcon_core.shell:create_environment_hook('cw1q4_interfaces', 'pythonpath')
[1.088s] INFO:colcon.colcon_core.shell:Creating environment hook '/home/bizare/Desktop/Robotics_System/install/cw1q4_interfaces/share/cw1q4_interfaces/hook/pythonpath.ps1'
[1.088s] INFO:colcon.colcon_core.shell:Creating environment descriptor '/home/bizare/Desktop/Robotics_System/install/cw1q4_interfaces/share/cw1q4_interfaces/hook/pythonpath.dsv'
[1.089s] INFO:colcon.colcon_core.shell:Creating environment hook '/home/bizare/Desktop/Robotics_System/install/cw1q4_interfaces/share/cw1q4_interfaces/hook/pythonpath.sh'
[1.089s] Level 1:colcon.colcon_core.environment:checking '/home/bizare/Desktop/Robotics_System/install/cw1q4_interfaces/bin'
[1.090s] INFO:colcon.colcon_core.shell:Creating package script '/home/bizare/Desktop/Robotics_System/install/cw1q4_interfaces/share/cw1q4_interfaces/package.ps1'
[1.091s] INFO:colcon.colcon_core.shell:Creating package descriptor '/home/bizare/Desktop/Robotics_System/install/cw1q4_interfaces/share/cw1q4_interfaces/package.dsv'
[1.091s] INFO:colcon.colcon_core.shell:Creating package script '/home/bizare/Desktop/Robotics_System/install/cw1q4_interfaces/share/cw1q4_interfaces/package.sh'
[1.092s] INFO:colcon.colcon_core.shell:Creating package script '/home/bizare/Desktop/Robotics_System/install/cw1q4_interfaces/share/cw1q4_interfaces/package.bash'
[1.092s] INFO:colcon.colcon_core.shell:Creating package script '/home/bizare/Desktop/Robotics_System/install/cw1q4_interfaces/share/cw1q4_interfaces/package.zsh'
[1.093s] Level 1:colcon.colcon_core.environment:create_file_with_runtime_dependencies(/home/bizare/Desktop/Robotics_System/install/cw1q4_interfaces/share/colcon-core/packages/cw1q4_interfaces)
[1.095s] Level 1:colcon.colcon_core.environment:create_environment_scripts_only(youbot_simulator)
[1.095s] Level 1:colcon.colcon_core.environment:checking '/home/bizare/Desktop/Robotics_System/install/youbot_simulator' for CMake module files
[1.096s] DEBUG:colcon.colcon_core.event_handler.log_command:Invoked command in '/home/bizare/Desktop/Robotics_System/build/youbot_simulator' returned '0': AMENT_PREFIX_PATH=/home/bizare/Desktop/Robotics_System/install/youbot_description:${AMENT_PREFIX_PATH} CMAKE_PREFIX_PATH=/opt/ros/foxy:/home/bizare/Desktop/Robotics_System/install/youbot_description /usr/bin/cmake --install /home/bizare/Desktop/Robotics_System/build/youbot_simulator
[1.096s] Level 1:colcon.colcon_core.environment:checking '/home/bizare/Desktop/Robotics_System/install/youbot_simulator' for CMake config files
[1.096s] Level 1:colcon.colcon_core.shell:create_environment_hook('youbot_simulator', 'cmake_prefix_path')
[1.097s] INFO:colcon.colcon_core.shell:Creating environment hook '/home/bizare/Desktop/Robotics_System/install/youbot_simulator/share/youbot_simulator/hook/cmake_prefix_path.ps1'
[1.097s] INFO:colcon.colcon_core.shell:Creating environment descriptor '/home/bizare/Desktop/Robotics_System/install/youbot_simulator/share/youbot_simulator/hook/cmake_prefix_path.dsv'
[1.097s] INFO:colcon.colcon_core.shell:Creating environment hook '/home/bizare/Desktop/Robotics_System/install/youbot_simulator/share/youbot_simulator/hook/cmake_prefix_path.sh'
[1.098s] Level 1:colcon.colcon_core.environment:checking '/home/bizare/Desktop/Robotics_System/install/youbot_simulator/bin'
[1.098s] Level 1:colcon.colcon_core.environment:checking '/home/bizare/Desktop/Robotics_System/install/youbot_simulator/lib/pkgconfig/youbot_simulator.pc'
[1.098s] Level 1:colcon.colcon_core.environment:checking '/home/bizare/Desktop/Robotics_System/install/youbot_simulator/lib/python3.8/site-packages'
[1.099s] Level 1:colcon.colcon_core.environment:checking '/home/bizare/Desktop/Robotics_System/install/youbot_simulator/bin'
[1.099s] INFO:colcon.colcon_core.shell:Creating package script '/home/bizare/Desktop/Robotics_System/install/youbot_simulator/share/youbot_simulator/package.ps1'
[1.099s] INFO:colcon.colcon_core.shell:Creating package descriptor '/home/bizare/Desktop/Robotics_System/install/youbot_simulator/share/youbot_simulator/package.dsv'
[1.100s] INFO:colcon.colcon_core.shell:Creating package script '/home/bizare/Desktop/Robotics_System/install/youbot_simulator/share/youbot_simulator/package.sh'
[1.101s] INFO:colcon.colcon_core.shell:Creating package script '/home/bizare/Desktop/Robotics_System/install/youbot_simulator/share/youbot_simulator/package.bash'
[1.101s] INFO:colcon.colcon_core.shell:Creating package script '/home/bizare/Desktop/Robotics_System/install/youbot_simulator/share/youbot_simulator/package.zsh'
[1.102s] Level 1:colcon.colcon_core.environment:create_file_with_runtime_dependencies(/home/bizare/Desktop/Robotics_System/install/youbot_simulator/share/colcon-core/packages/youbot_simulator)
[1.102s] Level 1:colcon.colcon_core.environment:create_environment_scripts_only(youbot_simulator)
[1.103s] Level 1:colcon.colcon_core.environment:checking '/home/bizare/Desktop/Robotics_System/install/youbot_simulator' for CMake module files
[1.103s] Level 1:colcon.colcon_core.environment:checking '/home/bizare/Desktop/Robotics_System/install/youbot_simulator' for CMake config files
[1.103s] Level 1:colcon.colcon_core.shell:create_environment_hook('youbot_simulator', 'cmake_prefix_path')
[1.103s] INFO:colcon.colcon_core.shell:Creating environment hook '/home/bizare/Desktop/Robotics_System/install/youbot_simulator/share/youbot_simulator/hook/cmake_prefix_path.ps1'
[1.104s] INFO:colcon.colcon_core.shell:Creating environment descriptor '/home/bizare/Desktop/Robotics_System/install/youbot_simulator/share/youbot_simulator/hook/cmake_prefix_path.dsv'
[1.104s] INFO:colcon.colcon_core.shell:Creating environment hook '/home/bizare/Desktop/Robotics_System/install/youbot_simulator/share/youbot_simulator/hook/cmake_prefix_path.sh'
[1.105s] Level 1:colcon.colcon_core.environment:checking '/home/bizare/Desktop/Robotics_System/install/youbot_simulator/bin'
[1.105s] Level 1:colcon.colcon_core.environment:checking '/home/bizare/Desktop/Robotics_System/install/youbot_simulator/lib/pkgconfig/youbot_simulator.pc'
[1.105s] Level 1:colcon.colcon_core.environment:checking '/home/bizare/Desktop/Robotics_System/install/youbot_simulator/lib/python3.8/site-packages'
[1.105s] Level 1:colcon.colcon_core.environment:checking '/home/bizare/Desktop/Robotics_System/install/youbot_simulator/bin'
[1.106s] INFO:colcon.colcon_core.shell:Creating package script '/home/bizare/Desktop/Robotics_System/install/youbot_simulator/share/youbot_simulator/package.ps1'
[1.106s] INFO:colcon.colcon_core.shell:Creating package descriptor '/home/bizare/Desktop/Robotics_System/install/youbot_simulator/share/youbot_simulator/package.dsv'
[1.107s] INFO:colcon.colcon_core.shell:Creating package script '/home/bizare/Desktop/Robotics_System/install/youbot_simulator/share/youbot_simulator/package.sh'
[1.107s] INFO:colcon.colcon_core.shell:Creating package script '/home/bizare/Desktop/Robotics_System/install/youbot_simulator/share/youbot_simulator/package.bash'
[1.108s] INFO:colcon.colcon_core.shell:Creating package script '/home/bizare/Desktop/Robotics_System/install/youbot_simulator/share/youbot_simulator/package.zsh'
[1.108s] Level 1:colcon.colcon_core.environment:create_file_with_runtime_dependencies(/home/bizare/Desktop/Robotics_System/install/youbot_simulator/share/colcon-core/packages/youbot_simulator)
[1.109s] INFO:colcon.colcon_ros.task.ament_python.build:Building ROS package in '/home/bizare/Desktop/Robotics_System/cw1q5' with build type 'ament_python'
[1.109s] Level 1:colcon.colcon_core.shell:create_environment_hook('cw1q5', 'ament_prefix_path')
[1.109s] INFO:colcon.colcon_core.shell:Creating environment hook '/home/bizare/Desktop/Robotics_System/install/cw1q5/share/cw1q5/hook/ament_prefix_path.ps1'
[1.110s] INFO:colcon.colcon_core.shell:Creating environment descriptor '/home/bizare/Desktop/Robotics_System/install/cw1q5/share/cw1q5/hook/ament_prefix_path.dsv'
[1.111s] INFO:colcon.colcon_core.shell:Creating environment hook '/home/bizare/Desktop/Robotics_System/install/cw1q5/share/cw1q5/hook/ament_prefix_path.sh'
[1.111s] INFO:colcon.colcon_core.shell:Skip shell extension 'powershell' for command environment: Not usable outside of PowerShell
[1.111s] DEBUG:colcon.colcon_core.shell:Skip shell extension 'dsv' for command environment
[1.303s] INFO:colcon.colcon_core.task.python.build:Building Python package in '/home/bizare/Desktop/Robotics_System/cw1q5'
[1.303s] INFO:colcon.colcon_core.shell:Skip shell extension 'powershell' for command environment: Not usable outside of PowerShell
[1.303s] DEBUG:colcon.colcon_core.shell:Skip shell extension 'dsv' for command environment
[1.364s] DEBUG:colcon.colcon_core.event_handler.log_command:Invoking command in '/home/bizare/Desktop/Robotics_System/cw1q9': PYTHONPATH=/home/bizare/Desktop/Robotics_System/build/cw1q9/prefix_override:/usr/lib/python3/dist-packages/colcon_core/task/python/colcon_distutils_commands:/home/bizare/Desktop/Robotics_System/install/cw1q9/lib/python3.8/site-packages:${PYTHONPATH} /usr/bin/python3 -W ignore:setup.py install is deprecated -W ignore:easy_install command is deprecated setup.py egg_info --egg-base ../build/cw1q9 build --build-base /home/bizare/Desktop/Robotics_System/build/cw1q9/build install --record /home/bizare/Desktop/Robotics_System/build/cw1q9/install.log --install-scripts $base/lib/cw1q9 --single-version-externally-managed install_data
[1.369s] DEBUG:colcon.colcon_core.event_handler.log_command:Invoking command in '/home/bizare/Desktop/Robotics_System/cw1q4': PYTHONPATH=/home/bizare/Desktop/Robotics_System/build/cw1q4/prefix_override:/usr/lib/python3/dist-packages/colcon_core/task/python/colcon_distutils_commands:/home/bizare/Desktop/Robotics_System/install/cw1q4/lib/python3.8/site-packages:${PYTHONPATH} /usr/bin/python3 -W ignore:setup.py install is deprecated -W ignore:easy_install command is deprecated setup.py egg_info --egg-base ../build/cw1q4 build --build-base /home/bizare/Desktop/Robotics_System/build/cw1q4/build install --record /home/bizare/Desktop/Robotics_System/build/cw1q4/install.log --install-scripts $base/lib/cw1q4 --single-version-externally-managed install_data
[1.663s] DEBUG:colcon.colcon_core.event_handler.log_command:Invoking command in '/home/bizare/Desktop/Robotics_System/cw1q5': AMENT_PREFIX_PATH=/home/bizare/Desktop/Robotics_System/install/youbot_simulator:/home/bizare/Desktop/Robotics_System/install/youbot_description:${AMENT_PREFIX_PATH} CMAKE_PREFIX_PATH=/home/bizare/Desktop/Robotics_System/install/youbot_simulator:/home/bizare/Desktop/Robotics_System/install/youbot_description PYTHONPATH=/home/bizare/Desktop/Robotics_System/build/cw1q5/prefix_override:/usr/lib/python3/dist-packages/colcon_core/task/python/colcon_distutils_commands:/home/bizare/Desktop/Robotics_System/install/cw1q5/lib/python3.8/site-packages:${PYTHONPATH} /usr/bin/python3 -W ignore:setup.py install is deprecated -W ignore:easy_install command is deprecated setup.py egg_info --egg-base ../build/cw1q5 build --build-base /home/bizare/Desktop/Robotics_System/build/cw1q5/build install --record /home/bizare/Desktop/Robotics_System/build/cw1q5/install.log --install-scripts $base/lib/cw1q5 --single-version-externally-managed install_data
[1.675s] Level 1:colcon.colcon_core.environment:checking '/home/bizare/Desktop/Robotics_System/install/cw1q4' for CMake module files
[1.676s] DEBUG:colcon.colcon_core.event_handler.log_command:Invoked command in '/home/bizare/Desktop/Robotics_System/cw1q4' returned '0': PYTHONPATH=/home/bizare/Desktop/Robotics_System/build/cw1q4/prefix_override:/usr/lib/python3/dist-packages/colcon_core/task/python/colcon_distutils_commands:/home/bizare/Desktop/Robotics_System/install/cw1q4/lib/python3.8/site-packages:${PYTHONPATH} /usr/bin/python3 -W ignore:setup.py install is deprecated -W ignore:easy_install command is deprecated setup.py egg_info --egg-base ../build/cw1q4 build --build-base /home/bizare/Desktop/Robotics_System/build/cw1q4/build install --record /home/bizare/Desktop/Robotics_System/build/cw1q4/install.log --install-scripts $base/lib/cw1q4 --single-version-externally-managed install_data
[1.676s] Level 1:colcon.colcon_core.environment:checking '/home/bizare/Desktop/Robotics_System/install/cw1q4' for CMake config files
[1.677s] Level 1:colcon.colcon_core.environment:checking '/home/bizare/Desktop/Robotics_System/install/cw1q4/lib'
[1.677s] Level 1:colcon.colcon_core.environment:checking '/home/bizare/Desktop/Robotics_System/install/cw1q4/bin'
[1.677s] Level 1:colcon.colcon_core.environment:checking '/home/bizare/Desktop/Robotics_System/install/cw1q4/lib/pkgconfig/cw1q4.pc'
[1.677s] Level 1:colcon.colcon_core.environment:checking '/home/bizare/Desktop/Robotics_System/install/cw1q4/lib/python3.8/site-packages'
[1.677s] Level 1:colcon.colcon_core.shell:create_environment_hook('cw1q4', 'pythonpath')
[1.677s] INFO:colcon.colcon_core.shell:Creating environment hook '/home/bizare/Desktop/Robotics_System/install/cw1q4/share/cw1q4/hook/pythonpath.ps1'
[1.678s] INFO:colcon.colcon_core.shell:Creating environment descriptor '/home/bizare/Desktop/Robotics_System/install/cw1q4/share/cw1q4/hook/pythonpath.dsv'
[1.679s] INFO:colcon.colcon_core.shell:Creating environment hook '/home/bizare/Desktop/Robotics_System/install/cw1q4/share/cw1q4/hook/pythonpath.sh'
[1.679s] Level 1:colcon.colcon_core.environment:checking '/home/bizare/Desktop/Robotics_System/install/cw1q4/bin'
[1.680s] Level 1:colcon.colcon_core.environment:create_environment_scripts_only(cw1q4)
[1.680s] INFO:colcon.colcon_core.shell:Creating package script '/home/bizare/Desktop/Robotics_System/install/cw1q4/share/cw1q4/package.ps1'
[1.681s] INFO:colcon.colcon_core.shell:Creating package descriptor '/home/bizare/Desktop/Robotics_System/install/cw1q4/share/cw1q4/package.dsv'
[1.681s] INFO:colcon.colcon_core.shell:Creating package script '/home/bizare/Desktop/Robotics_System/install/cw1q4/share/cw1q4/package.sh'
[1.682s] INFO:colcon.colcon_core.shell:Creating package script '/home/bizare/Desktop/Robotics_System/install/cw1q4/share/cw1q4/package.bash'
[1.683s] INFO:colcon.colcon_core.shell:Creating package script '/home/bizare/Desktop/Robotics_System/install/cw1q4/share/cw1q4/package.zsh'
[1.683s] Level 1:colcon.colcon_core.environment:create_file_with_runtime_dependencies(/home/bizare/Desktop/Robotics_System/install/cw1q4/share/colcon-core/packages/cw1q4)
[1.685s] Level 1:colcon.colcon_core.environment:checking '/home/bizare/Desktop/Robotics_System/install/cw1q9' for CMake module files
[1.685s] DEBUG:colcon.colcon_core.event_handler.log_command:Invoked command in '/home/bizare/Desktop/Robotics_System/cw1q9' returned '0': PYTHONPATH=/home/bizare/Desktop/Robotics_System/build/cw1q9/prefix_override:/usr/lib/python3/dist-packages/colcon_core/task/python/colcon_distutils_commands:/home/bizare/Desktop/Robotics_System/install/cw1q9/lib/python3.8/site-packages:${PYTHONPATH} /usr/bin/python3 -W ignore:setup.py install is deprecated -W ignore:easy_install command is deprecated setup.py egg_info --egg-base ../build/cw1q9 build --build-base /home/bizare/Desktop/Robotics_System/build/cw1q9/build install --record /home/bizare/Desktop/Robotics_System/build/cw1q9/install.log --install-scripts $base/lib/cw1q9 --single-version-externally-managed install_data
[1.686s] Level 1:colcon.colcon_core.environment:checking '/home/bizare/Desktop/Robotics_System/install/cw1q9' for CMake config files
[1.686s] Level 1:colcon.colcon_core.environment:checking '/home/bizare/Desktop/Robotics_System/install/cw1q9/lib'
[1.687s] Level 1:colcon.colcon_core.environment:checking '/home/bizare/Desktop/Robotics_System/install/cw1q9/bin'
[1.687s] Level 1:colcon.colcon_core.environment:checking '/home/bizare/Desktop/Robotics_System/install/cw1q9/lib/pkgconfig/cw1q9.pc'
[1.687s] Level 1:colcon.colcon_core.environment:checking '/home/bizare/Desktop/Robotics_System/install/cw1q9/lib/python3.8/site-packages'
[1.687s] Level 1:colcon.colcon_core.shell:create_environment_hook('cw1q9', 'pythonpath')
[1.687s] INFO:colcon.colcon_core.shell:Creating environment hook '/home/bizare/Desktop/Robotics_System/install/cw1q9/share/cw1q9/hook/pythonpath.ps1'
[1.688s] INFO:colcon.colcon_core.shell:Creating environment descriptor '/home/bizare/Desktop/Robotics_System/install/cw1q9/share/cw1q9/hook/pythonpath.dsv'
[1.688s] INFO:colcon.colcon_core.shell:Creating environment hook '/home/bizare/Desktop/Robotics_System/install/cw1q9/share/cw1q9/hook/pythonpath.sh'
[1.689s] Level 1:colcon.colcon_core.environment:checking '/home/bizare/Desktop/Robotics_System/install/cw1q9/bin'
[1.689s] Level 1:colcon.colcon_core.environment:create_environment_scripts_only(cw1q9)
[1.689s] INFO:colcon.colcon_core.shell:Creating package script '/home/bizare/Desktop/Robotics_System/install/cw1q9/share/cw1q9/package.ps1'
[1.690s] INFO:colcon.colcon_core.shell:Creating package descriptor '/home/bizare/Desktop/Robotics_System/install/cw1q9/share/cw1q9/package.dsv'
[1.690s] INFO:colcon.colcon_core.shell:Creating package script '/home/bizare/Desktop/Robotics_System/install/cw1q9/share/cw1q9/package.sh'
[1.691s] INFO:colcon.colcon_core.shell:Creating package script '/home/bizare/Desktop/Robotics_System/install/cw1q9/share/cw1q9/package.bash'
[1.691s] INFO:colcon.colcon_core.shell:Creating package script '/home/bizare/Desktop/Robotics_System/install/cw1q9/share/cw1q9/package.zsh'
[1.692s] Level 1:colcon.colcon_core.environment:create_file_with_runtime_dependencies(/home/bizare/Desktop/Robotics_System/install/cw1q9/share/colcon-core/packages/cw1q9)
[1.921s] Level 1:colcon.colcon_core.environment:checking '/home/bizare/Desktop/Robotics_System/install/cw1q5' for CMake module files
[1.921s] DEBUG:colcon.colcon_core.event_handler.log_command:Invoked command in '/home/bizare/Desktop/Robotics_System/cw1q5' returned '0': AMENT_PREFIX_PATH=/home/bizare/Desktop/Robotics_System/install/youbot_simulator:/home/bizare/Desktop/Robotics_System/install/youbot_description:${AMENT_PREFIX_PATH} CMAKE_PREFIX_PATH=/home/bizare/Desktop/Robotics_System/install/youbot_simulator:/home/bizare/Desktop/Robotics_System/install/youbot_description PYTHONPATH=/home/bizare/Desktop/Robotics_System/build/cw1q5/prefix_override:/usr/lib/python3/dist-packages/colcon_core/task/python/colcon_distutils_commands:/home/bizare/Desktop/Robotics_System/install/cw1q5/lib/python3.8/site-packages:${PYTHONPATH} /usr/bin/python3 -W ignore:setup.py install is deprecated -W ignore:easy_install command is deprecated setup.py egg_info --egg-base ../build/cw1q5 build --build-base /home/bizare/Desktop/Robotics_System/build/cw1q5/build install --record /home/bizare/Desktop/Robotics_System/build/cw1q5/install.log --install-scripts $base/lib/cw1q5 --single-version-externally-managed install_data
[1.922s] Level 1:colcon.colcon_core.environment:checking '/home/bizare/Desktop/Robotics_System/install/cw1q5' for CMake config files
[1.922s] Level 1:colcon.colcon_core.environment:checking '/home/bizare/Desktop/Robotics_System/install/cw1q5/lib'
[1.922s] Level 1:colcon.colcon_core.environment:checking '/home/bizare/Desktop/Robotics_System/install/cw1q5/bin'
[1.922s] Level 1:colcon.colcon_core.environment:checking '/home/bizare/Desktop/Robotics_System/install/cw1q5/lib/pkgconfig/cw1q5.pc'
[1.923s] Level 1:colcon.colcon_core.environment:checking '/home/bizare/Desktop/Robotics_System/install/cw1q5/lib/python3.8/site-packages'
[1.923s] Level 1:colcon.colcon_core.shell:create_environment_hook('cw1q5', 'pythonpath')
[1.923s] INFO:colcon.colcon_core.shell:Creating environment hook '/home/bizare/Desktop/Robotics_System/install/cw1q5/share/cw1q5/hook/pythonpath.ps1'
[1.923s] INFO:colcon.colcon_core.shell:Creating environment descriptor '/home/bizare/Desktop/Robotics_System/install/cw1q5/share/cw1q5/hook/pythonpath.dsv'
[1.924s] INFO:colcon.colcon_core.shell:Creating environment hook '/home/bizare/Desktop/Robotics_System/install/cw1q5/share/cw1q5/hook/pythonpath.sh'
[1.925s] Level 1:colcon.colcon_core.environment:checking '/home/bizare/Desktop/Robotics_System/install/cw1q5/bin'
[1.925s] Level 1:colcon.colcon_core.environment:create_environment_scripts_only(cw1q5)
[1.925s] INFO:colcon.colcon_core.shell:Creating package script '/home/bizare/Desktop/Robotics_System/install/cw1q5/share/cw1q5/package.ps1'
[1.925s] INFO:colcon.colcon_core.shell:Creating package descriptor '/home/bizare/Desktop/Robotics_System/install/cw1q5/share/cw1q5/package.dsv'
[1.926s] INFO:colcon.colcon_core.shell:Creating package script '/home/bizare/Desktop/Robotics_System/install/cw1q5/share/cw1q5/package.sh'
[1.927s] INFO:colcon.colcon_core.shell:Creating package script '/home/bizare/Desktop/Robotics_System/install/cw1q5/share/cw1q5/package.bash'
[1.927s] INFO:colcon.colcon_core.shell:Creating package script '/home/bizare/Desktop/Robotics_System/install/cw1q5/share/cw1q5/package.zsh'
[1.927s] Level 1:colcon.colcon_core.environment:create_file_with_runtime_dependencies(/home/bizare/Desktop/Robotics_System/install/cw1q5/share/colcon-core/packages/cw1q5)
[1.928s] DEBUG:colcon.colcon_parallel_executor.executor.parallel:closing loop
[1.928s] DEBUG:colcon.colcon_parallel_executor.executor.parallel:loop closed
[1.928s] DEBUG:colcon.colcon_parallel_executor.executor.parallel:run_until_complete finished with '0'
[1.929s] DEBUG:colcon.colcon_core.event_reactor:joining thread
[1.938s] INFO:colcon.colcon_core.plugin_system:Skipping extension 'colcon_notification.desktop_notification.terminal_notifier': Not used on non-Darwin systems
[1.938s] INFO:colcon.colcon_core.plugin_system:Skipping extension 'colcon_notification.desktop_notification.win32': Not used on non-Windows systems
[1.938s] INFO:colcon.colcon_notification.desktop_notification:Sending desktop notification using 'notify2'
[1.950s] DEBUG:colcon.colcon_core.event_reactor:joined thread
[1.950s] INFO:colcon.colcon_core.shell:Creating prefix script '/home/bizare/Desktop/Robotics_System/install/local_setup.ps1'
[1.952s] INFO:colcon.colcon_core.shell:Creating prefix util module '/home/bizare/Desktop/Robotics_System/install/_local_setup_util_ps1.py'
[1.953s] INFO:colcon.colcon_core.shell:Creating prefix chain script '/home/bizare/Desktop/Robotics_System/install/setup.ps1'
[1.955s] INFO:colcon.colcon_core.shell:Creating prefix script '/home/bizare/Desktop/Robotics_System/install/local_setup.sh'
[1.956s] INFO:colcon.colcon_core.shell:Creating prefix util module '/home/bizare/Desktop/Robotics_System/install/_local_setup_util_sh.py'
[1.957s] INFO:colcon.colcon_core.shell:Creating prefix chain script '/home/bizare/Desktop/Robotics_System/install/setup.sh'
[1.959s] INFO:colcon.colcon_core.shell:Creating prefix script '/home/bizare/Desktop/Robotics_System/install/local_setup.bash'
[1.960s] INFO:colcon.colcon_core.shell:Creating prefix chain script '/home/bizare/Desktop/Robotics_System/install/setup.bash'
[1.961s] INFO:colcon.colcon_core.shell:Creating prefix script '/home/bizare/Desktop/Robotics_System/install/local_setup.zsh'
[1.962s] INFO:colcon.colcon_core.shell:Creating prefix chain script '/home/bizare/Desktop/Robotics_System/install/setup.zsh'
