[0.198s] DEBUG:colcon:Command line arguments: ['/usr/bin/colcon', 'build']
[0.198s] DEBUG:colcon:Parsed command line arguments: Namespace(allow_overriding=[], ament_cmake_args=None, base_paths=['.'], build_base='build', catkin_cmake_args=None, catkin_skip_building_tests=False, cmake_args=None, cmake_clean_cache=False, cmake_clean_first=False, cmake_force_configure=False, cmake_target=None, cmake_target_skip_unavailable=False, continue_on_error=False, event_handlers=None, executor='parallel', ignore_user_meta=False, install_base='install', log_base=None, log_level=None, main=<bound method BuildVerb.main of <colcon_core.verb.build.BuildVerb object at 0x7fb5a0748f10>>, merge_install=False, metas=['./colcon.meta'], packages_above=None, packages_above_and_dependencies=None, packages_above_depth=None, packages_end=None, packages_ignore=None, packages_ignore_regex=None, packages_select=None, packages_select_build_failed=False, packages_select_by_dep=None, packages_select_regex=None, packages_select_test_failures=False, packages_skip=None, packages_skip_build_finished=False, packages_skip_by_dep=None, packages_skip_regex=None, packages_skip_test_passed=False, packages_skip_up_to=None, packages_start=None, packages_up_to=None, packages_up_to_regex=None, parallel_workers=8, paths=None, symlink_install=False, test_result_base=None, verb_extension=<colcon_core.verb.build.BuildVerb object at 0x7fb5a0748f10>, verb_name='build', verb_parser=<colcon_defaults.argument_parser.defaults.DefaultArgumentsDecorator object at 0x7fb5a0637190>)
[0.335s] Level 1:colcon.colcon_core.package_discovery:discover_packages(colcon_meta) check parameters
[0.335s] Level 1:colcon.colcon_core.package_discovery:discover_packages(recursive) check parameters
[0.335s] Level 1:colcon.colcon_core.package_discovery:discover_packages(ignore) check parameters
[0.335s] Level 1:colcon.colcon_core.package_discovery:discover_packages(path) check parameters
[0.335s] Level 1:colcon.colcon_core.package_discovery:discover_packages(colcon_meta) discover
[0.336s] Level 1:colcon.colcon_core.package_discovery:discover_packages(recursive) discover
[0.336s] INFO:colcon.colcon_core.package_discovery:Crawling recursively for packages in '/home/bizare/Desktop/MPHY0054_lab/cw1'
[0.336s] Level 1:colcon.colcon_core.package_identification:_identify(.) by extensions ['ignore', 'ignore_ament_install']
[0.336s] Level 1:colcon.colcon_core.package_identification:_identify(.) by extension 'ignore'
[0.336s] Level 1:colcon.colcon_core.package_identification:_identify(.) by extension 'ignore_ament_install'
[0.336s] Level 1:colcon.colcon_core.package_identification:_identify(.) by extensions ['colcon_pkg']
[0.336s] Level 1:colcon.colcon_core.package_identification:_identify(.) by extension 'colcon_pkg'
[0.336s] Level 1:colcon.colcon_core.package_identification:_identify(.) by extensions ['colcon_meta']
[0.336s] Level 1:colcon.colcon_core.package_identification:_identify(.) by extension 'colcon_meta'
[0.336s] Level 1:colcon.colcon_core.package_identification:_identify(.) by extensions ['ros']
[0.336s] Level 1:colcon.colcon_core.package_identification:_identify(.) by extension 'ros'
[0.350s] Level 1:colcon.colcon_core.package_identification:_identify(.) by extensions ['cmake', 'python']
[0.350s] Level 1:colcon.colcon_core.package_identification:_identify(.) by extension 'cmake'
[0.350s] Level 1:colcon.colcon_core.package_identification:_identify(.) by extension 'python'
[0.350s] Level 1:colcon.colcon_core.package_identification:_identify(.) by extensions ['python_setup_py']
[0.351s] Level 1:colcon.colcon_core.package_identification:_identify(.) by extension 'python_setup_py'
[0.351s] Level 1:colcon.colcon_core.package_identification:_identify(build) by extensions ['ignore', 'ignore_ament_install']
[0.351s] Level 1:colcon.colcon_core.package_identification:_identify(build) by extension 'ignore'
[0.351s] Level 1:colcon.colcon_core.package_identification:_identify(build) ignored
[0.351s] Level 1:colcon.colcon_core.package_identification:_identify(cw1q4) by extensions ['ignore', 'ignore_ament_install']
[0.351s] Level 1:colcon.colcon_core.package_identification:_identify(cw1q4) by extension 'ignore'
[0.351s] Level 1:colcon.colcon_core.package_identification:_identify(cw1q4) by extension 'ignore_ament_install'
[0.351s] Level 1:colcon.colcon_core.package_identification:_identify(cw1q4) by extensions ['colcon_pkg']
[0.351s] Level 1:colcon.colcon_core.package_identification:_identify(cw1q4) by extension 'colcon_pkg'
[0.351s] Level 1:colcon.colcon_core.package_identification:_identify(cw1q4) by extensions ['colcon_meta']
[0.351s] Level 1:colcon.colcon_core.package_identification:_identify(cw1q4) by extension 'colcon_meta'
[0.351s] Level 1:colcon.colcon_core.package_identification:_identify(cw1q4) by extensions ['ros']
[0.351s] Level 1:colcon.colcon_core.package_identification:_identify(cw1q4) by extension 'ros'
[0.353s] DEBUG:colcon.colcon_core.package_identification:Package 'cw1q4' with type 'ros.ament_python' and name 'cw1q4'
[0.354s] Level 1:colcon.colcon_core.package_identification:_identify(cw1q4_interfaces) by extensions ['ignore', 'ignore_ament_install']
[0.354s] Level 1:colcon.colcon_core.package_identification:_identify(cw1q4_interfaces) by extension 'ignore'
[0.354s] Level 1:colcon.colcon_core.package_identification:_identify(cw1q4_interfaces) by extension 'ignore_ament_install'
[0.354s] Level 1:colcon.colcon_core.package_identification:_identify(cw1q4_interfaces) by extensions ['colcon_pkg']
[0.354s] Level 1:colcon.colcon_core.package_identification:_identify(cw1q4_interfaces) by extension 'colcon_pkg'
[0.354s] Level 1:colcon.colcon_core.package_identification:_identify(cw1q4_interfaces) by extensions ['colcon_meta']
[0.354s] Level 1:colcon.colcon_core.package_identification:_identify(cw1q4_interfaces) by extension 'colcon_meta'
[0.354s] Level 1:colcon.colcon_core.package_identification:_identify(cw1q4_interfaces) by extensions ['ros']
[0.354s] Level 1:colcon.colcon_core.package_identification:_identify(cw1q4_interfaces) by extension 'ros'
[0.354s] DEBUG:colcon.colcon_core.package_identification:Package 'cw1q4_interfaces' with type 'ros.ament_cmake' and name 'cw1q4_interfaces'
[0.355s] Level 1:colcon.colcon_core.package_identification:_identify(cw1q5) by extensions ['ignore', 'ignore_ament_install']
[0.355s] Level 1:colcon.colcon_core.package_identification:_identify(cw1q5) by extension 'ignore'
[0.355s] Level 1:colcon.colcon_core.package_identification:_identify(cw1q5) by extension 'ignore_ament_install'
[0.355s] Level 1:colcon.colcon_core.package_identification:_identify(cw1q5) by extensions ['colcon_pkg']
[0.355s] Level 1:colcon.colcon_core.package_identification:_identify(cw1q5) by extension 'colcon_pkg'
[0.355s] Level 1:colcon.colcon_core.package_identification:_identify(cw1q5) by extensions ['colcon_meta']
[0.355s] Level 1:colcon.colcon_core.package_identification:_identify(cw1q5) by extension 'colcon_meta'
[0.355s] Level 1:colcon.colcon_core.package_identification:_identify(cw1q5) by extensions ['ros']
[0.355s] Level 1:colcon.colcon_core.package_identification:_identify(cw1q5) by extension 'ros'
[0.355s] DEBUG:colcon.colcon_core.package_identification:Package 'cw1q5' with type 'ros.ament_python' and name 'cw1q5'
[0.355s] Level 1:colcon.colcon_core.package_identification:_identify(cw1q9) by extensions ['ignore', 'ignore_ament_install']
[0.356s] Level 1:colcon.colcon_core.package_identification:_identify(cw1q9) by extension 'ignore'
[0.356s] Level 1:colcon.colcon_core.package_identification:_identify(cw1q9) by extension 'ignore_ament_install'
[0.356s] Level 1:colcon.colcon_core.package_identification:_identify(cw1q9) by extensions ['colcon_pkg']
[0.356s] Level 1:colcon.colcon_core.package_identification:_identify(cw1q9) by extension 'colcon_pkg'
[0.356s] Level 1:colcon.colcon_core.package_identification:_identify(cw1q9) by extensions ['colcon_meta']
[0.356s] Level 1:colcon.colcon_core.package_identification:_identify(cw1q9) by extension 'colcon_meta'
[0.356s] Level 1:colcon.colcon_core.package_identification:_identify(cw1q9) by extensions ['ros']
[0.356s] Level 1:colcon.colcon_core.package_identification:_identify(cw1q9) by extension 'ros'
[0.357s] DEBUG:colcon.colcon_core.package_identification:Package 'cw1q9' with type 'ros.ament_python' and name 'cw1q9'
[0.357s] Level 1:colcon.colcon_core.package_identification:_identify(install) by extensions ['ignore', 'ignore_ament_install']
[0.357s] Level 1:colcon.colcon_core.package_identification:_identify(install) by extension 'ignore'
[0.357s] Level 1:colcon.colcon_core.package_identification:_identify(install) ignored
[0.357s] Level 1:colcon.colcon_core.package_identification:_identify(log) by extensions ['ignore', 'ignore_ament_install']
[0.357s] Level 1:colcon.colcon_core.package_identification:_identify(log) by extension 'ignore'
[0.357s] Level 1:colcon.colcon_core.package_identification:_identify(log) ignored
[0.357s] Level 1:colcon.colcon_core.package_discovery:discover_packages(recursive) using defaults
[0.357s] Level 1:colcon.colcon_core.package_discovery:discover_packages(ignore) discover
[0.357s] Level 1:colcon.colcon_core.package_discovery:discover_packages(ignore) using defaults
[0.357s] Level 1:colcon.colcon_core.package_discovery:discover_packages(path) discover
[0.357s] Level 1:colcon.colcon_core.package_discovery:discover_packages(path) using defaults
[0.371s] Level 1:colcon.colcon_core.package_discovery:discover_packages(prefix_path) check parameters
[0.371s] Level 1:colcon.colcon_core.package_discovery:discover_packages(prefix_path) discover
[0.371s] WARNING:colcon.colcon_ros.prefix_path.ament:The path '/home/bizare/Desktop/MPHY0054_lab/cw1/install/cw1q9' in the environment variable AMENT_PREFIX_PATH doesn't exist
[0.372s] WARNING:colcon.colcon_ros.prefix_path.ament:The path '/home/bizare/Desktop/MPHY0054_lab/cw1/install/cw1q5' in the environment variable AMENT_PREFIX_PATH doesn't exist
[0.372s] WARNING:colcon.colcon_ros.prefix_path.ament:The path '/home/bizare/Desktop/MPHY0054_lab/cw1/install/cw1q4_interfaces' in the environment variable AMENT_PREFIX_PATH doesn't exist
[0.372s] WARNING:colcon.colcon_ros.prefix_path.ament:The path '/home/bizare/Desktop/MPHY0054_lab/cw1/install/cw1q4' in the environment variable AMENT_PREFIX_PATH doesn't exist
[0.372s] WARNING:colcon.colcon_ros.prefix_path.catkin:The path '/home/bizare/Desktop/MPHY0054_lab/cw1/install/cw1q4_interfaces' in the environment variable CMAKE_PREFIX_PATH doesn't exist
[0.372s] DEBUG:colcon.colcon_installed_package_information.package_discovery:Found 0 installed packages in /home/bizare/Desktop/MPHY0054_lab/cw1/install
[0.373s] DEBUG:colcon.colcon_installed_package_information.package_discovery:Found 266 installed packages in /opt/ros/foxy
[0.374s] Level 1:colcon.colcon_core.package_discovery:discover_packages(prefix_path) using defaults
[0.438s] Level 5:colcon.colcon_core.verb:set package 'cw1q4' build argument 'cmake_args' from command line to 'None'
[0.438s] Level 5:colcon.colcon_core.verb:set package 'cw1q4' build argument 'cmake_target' from command line to 'None'
[0.438s] Level 5:colcon.colcon_core.verb:set package 'cw1q4' build argument 'cmake_target_skip_unavailable' from command line to 'False'
[0.438s] Level 5:colcon.colcon_core.verb:set package 'cw1q4' build argument 'cmake_clean_cache' from command line to 'False'
[0.438s] Level 5:colcon.colcon_core.verb:set package 'cw1q4' build argument 'cmake_clean_first' from command line to 'False'
[0.438s] Level 5:colcon.colcon_core.verb:set package 'cw1q4' build argument 'cmake_force_configure' from command line to 'False'
[0.438s] Level 5:colcon.colcon_core.verb:set package 'cw1q4' build argument 'ament_cmake_args' from command line to 'None'
[0.438s] Level 5:colcon.colcon_core.verb:set package 'cw1q4' build argument 'catkin_cmake_args' from command line to 'None'
[0.438s] Level 5:colcon.colcon_core.verb:set package 'cw1q4' build argument 'catkin_skip_building_tests' from command line to 'False'
[0.438s] DEBUG:colcon.colcon_core.verb:Building package 'cw1q4' with the following arguments: {'ament_cmake_args': None, 'build_base': '/home/bizare/Desktop/MPHY0054_lab/cw1/build/cw1q4', 'catkin_cmake_args': None, 'catkin_skip_building_tests': False, 'cmake_args': None, 'cmake_clean_cache': False, 'cmake_clean_first': False, 'cmake_force_configure': False, 'cmake_target': None, 'cmake_target_skip_unavailable': False, 'install_base': '/home/bizare/Desktop/MPHY0054_lab/cw1/install/cw1q4', 'merge_install': False, 'path': '/home/bizare/Desktop/MPHY0054_lab/cw1/cw1q4', 'symlink_install': False, 'test_result_base': None}
[0.438s] Level 5:colcon.colcon_core.verb:set package 'cw1q4_interfaces' build argument 'cmake_args' from command line to 'None'
[0.439s] Level 5:colcon.colcon_core.verb:set package 'cw1q4_interfaces' build argument 'cmake_target' from command line to 'None'
[0.439s] Level 5:colcon.colcon_core.verb:set package 'cw1q4_interfaces' build argument 'cmake_target_skip_unavailable' from command line to 'False'
[0.439s] Level 5:colcon.colcon_core.verb:set package 'cw1q4_interfaces' build argument 'cmake_clean_cache' from command line to 'False'
[0.439s] Level 5:colcon.colcon_core.verb:set package 'cw1q4_interfaces' build argument 'cmake_clean_first' from command line to 'False'
[0.439s] Level 5:colcon.colcon_core.verb:set package 'cw1q4_interfaces' build argument 'cmake_force_configure' from command line to 'False'
[0.439s] Level 5:colcon.colcon_core.verb:set package 'cw1q4_interfaces' build argument 'ament_cmake_args' from command line to 'None'
[0.439s] Level 5:colcon.colcon_core.verb:set package 'cw1q4_interfaces' build argument 'catkin_cmake_args' from command line to 'None'
[0.439s] Level 5:colcon.colcon_core.verb:set package 'cw1q4_interfaces' build argument 'catkin_skip_building_tests' from command line to 'False'
[0.439s] DEBUG:colcon.colcon_core.verb:Building package 'cw1q4_interfaces' with the following arguments: {'ament_cmake_args': None, 'build_base': '/home/bizare/Desktop/MPHY0054_lab/cw1/build/cw1q4_interfaces', 'catkin_cmake_args': None, 'catkin_skip_building_tests': False, 'cmake_args': None, 'cmake_clean_cache': False, 'cmake_clean_first': False, 'cmake_force_configure': False, 'cmake_target': None, 'cmake_target_skip_unavailable': False, 'install_base': '/home/bizare/Desktop/MPHY0054_lab/cw1/install/cw1q4_interfaces', 'merge_install': False, 'path': '/home/bizare/Desktop/MPHY0054_lab/cw1/cw1q4_interfaces', 'symlink_install': False, 'test_result_base': None}
[0.439s] Level 5:colcon.colcon_core.verb:set package 'cw1q5' build argument 'cmake_args' from command line to 'None'
[0.439s] Level 5:colcon.colcon_core.verb:set package 'cw1q5' build argument 'cmake_target' from command line to 'None'
[0.439s] Level 5:colcon.colcon_core.verb:set package 'cw1q5' build argument 'cmake_target_skip_unavailable' from command line to 'False'
[0.439s] Level 5:colcon.colcon_core.verb:set package 'cw1q5' build argument 'cmake_clean_cache' from command line to 'False'
[0.439s] Level 5:colcon.colcon_core.verb:set package 'cw1q5' build argument 'cmake_clean_first' from command line to 'False'
[0.439s] Level 5:colcon.colcon_core.verb:set package 'cw1q5' build argument 'cmake_force_configure' from command line to 'False'
[0.439s] Level 5:colcon.colcon_core.verb:set package 'cw1q5' build argument 'ament_cmake_args' from command line to 'None'
[0.439s] Level 5:colcon.colcon_core.verb:set package 'cw1q5' build argument 'catkin_cmake_args' from command line to 'None'
[0.439s] Level 5:colcon.colcon_core.verb:set package 'cw1q5' build argument 'catkin_skip_building_tests' from command line to 'False'
[0.439s] DEBUG:colcon.colcon_core.verb:Building package 'cw1q5' with the following arguments: {'ament_cmake_args': None, 'build_base': '/home/bizare/Desktop/MPHY0054_lab/cw1/build/cw1q5', 'catkin_cmake_args': None, 'catkin_skip_building_tests': False, 'cmake_args': None, 'cmake_clean_cache': False, 'cmake_clean_first': False, 'cmake_force_configure': False, 'cmake_target': None, 'cmake_target_skip_unavailable': False, 'install_base': '/home/bizare/Desktop/MPHY0054_lab/cw1/install/cw1q5', 'merge_install': False, 'path': '/home/bizare/Desktop/MPHY0054_lab/cw1/cw1q5', 'symlink_install': False, 'test_result_base': None}
[0.440s] Level 5:colcon.colcon_core.verb:set package 'cw1q9' build argument 'cmake_args' from command line to 'None'
[0.440s] Level 5:colcon.colcon_core.verb:set package 'cw1q9' build argument 'cmake_target' from command line to 'None'
[0.440s] Level 5:colcon.colcon_core.verb:set package 'cw1q9' build argument 'cmake_target_skip_unavailable' from command line to 'False'
[0.440s] Level 5:colcon.colcon_core.verb:set package 'cw1q9' build argument 'cmake_clean_cache' from command line to 'False'
[0.440s] Level 5:colcon.colcon_core.verb:set package 'cw1q9' build argument 'cmake_clean_first' from command line to 'False'
[0.440s] Level 5:colcon.colcon_core.verb:set package 'cw1q9' build argument 'cmake_force_configure' from command line to 'False'
[0.440s] Level 5:colcon.colcon_core.verb:set package 'cw1q9' build argument 'ament_cmake_args' from command line to 'None'
[0.440s] Level 5:colcon.colcon_core.verb:set package 'cw1q9' build argument 'catkin_cmake_args' from command line to 'None'
[0.440s] Level 5:colcon.colcon_core.verb:set package 'cw1q9' build argument 'catkin_skip_building_tests' from command line to 'False'
[0.440s] DEBUG:colcon.colcon_core.verb:Building package 'cw1q9' with the following arguments: {'ament_cmake_args': None, 'build_base': '/home/bizare/Desktop/MPHY0054_lab/cw1/build/cw1q9', 'catkin_cmake_args': None, 'catkin_skip_building_tests': False, 'cmake_args': None, 'cmake_clean_cache': False, 'cmake_clean_first': False, 'cmake_force_configure': False, 'cmake_target': None, 'cmake_target_skip_unavailable': False, 'install_base': '/home/bizare/Desktop/MPHY0054_lab/cw1/install/cw1q9', 'merge_install': False, 'path': '/home/bizare/Desktop/MPHY0054_lab/cw1/cw1q9', 'symlink_install': False, 'test_result_base': None}
[0.440s] INFO:colcon.colcon_core.executor:Executing jobs using 'parallel' executor
[0.441s] DEBUG:colcon.colcon_parallel_executor.executor.parallel:run_until_complete
[0.441s] INFO:colcon.colcon_ros.task.ament_python.build:Building ROS package in '/home/bizare/Desktop/MPHY0054_lab/cw1/cw1q4' with build type 'ament_python'
[0.441s] Level 1:colcon.colcon_core.shell:create_environment_hook('cw1q4', 'ament_prefix_path')
[0.444s] INFO:colcon.colcon_core.plugin_system:Skipping extension 'colcon_core.shell.bat': Not used on non-Windows systems
[0.444s] INFO:colcon.colcon_core.shell:Creating environment hook '/home/bizare/Desktop/MPHY0054_lab/cw1/install/cw1q4/share/cw1q4/hook/ament_prefix_path.ps1'
[0.445s] INFO:colcon.colcon_core.shell:Creating environment descriptor '/home/bizare/Desktop/MPHY0054_lab/cw1/install/cw1q4/share/cw1q4/hook/ament_prefix_path.dsv'
[0.445s] INFO:colcon.colcon_core.shell:Creating environment hook '/home/bizare/Desktop/MPHY0054_lab/cw1/install/cw1q4/share/cw1q4/hook/ament_prefix_path.sh'
[0.446s] INFO:colcon.colcon_core.shell:Skip shell extension 'powershell' for command environment: Not usable outside of PowerShell
[0.446s] DEBUG:colcon.colcon_core.shell:Skip shell extension 'dsv' for command environment
[0.451s] INFO:colcon.colcon_ros.task.ament_cmake.build:Building ROS package in '/home/bizare/Desktop/MPHY0054_lab/cw1/cw1q4_interfaces' with build type 'ament_cmake'
[0.451s] INFO:colcon.colcon_cmake.task.cmake.build:Building CMake package in '/home/bizare/Desktop/MPHY0054_lab/cw1/cw1q4_interfaces'
[0.452s] INFO:colcon.colcon_core.shell:Skip shell extension 'powershell' for command environment: Not usable outside of PowerShell
[0.452s] DEBUG:colcon.colcon_core.shell:Skip shell extension 'dsv' for command environment
[0.458s] INFO:colcon.colcon_ros.task.ament_python.build:Building ROS package in '/home/bizare/Desktop/MPHY0054_lab/cw1/cw1q5' with build type 'ament_python'
[0.458s] Level 1:colcon.colcon_core.shell:create_environment_hook('cw1q5', 'ament_prefix_path')
[0.459s] INFO:colcon.colcon_core.shell:Creating environment hook '/home/bizare/Desktop/MPHY0054_lab/cw1/install/cw1q5/share/cw1q5/hook/ament_prefix_path.ps1'
[0.461s] INFO:colcon.colcon_core.shell:Creating environment descriptor '/home/bizare/Desktop/MPHY0054_lab/cw1/install/cw1q5/share/cw1q5/hook/ament_prefix_path.dsv'
[0.461s] INFO:colcon.colcon_core.shell:Creating environment hook '/home/bizare/Desktop/MPHY0054_lab/cw1/install/cw1q5/share/cw1q5/hook/ament_prefix_path.sh'
[0.462s] INFO:colcon.colcon_core.shell:Skip shell extension 'powershell' for command environment: Not usable outside of PowerShell
[0.462s] DEBUG:colcon.colcon_core.shell:Skip shell extension 'dsv' for command environment
[0.469s] INFO:colcon.colcon_ros.task.ament_python.build:Building ROS package in '/home/bizare/Desktop/MPHY0054_lab/cw1/cw1q9' with build type 'ament_python'
[0.469s] Level 1:colcon.colcon_core.shell:create_environment_hook('cw1q9', 'ament_prefix_path')
[0.470s] INFO:colcon.colcon_core.shell:Creating environment hook '/home/bizare/Desktop/MPHY0054_lab/cw1/install/cw1q9/share/cw1q9/hook/ament_prefix_path.ps1'
[0.472s] INFO:colcon.colcon_core.shell:Creating environment descriptor '/home/bizare/Desktop/MPHY0054_lab/cw1/install/cw1q9/share/cw1q9/hook/ament_prefix_path.dsv'
[0.473s] INFO:colcon.colcon_core.shell:Creating environment hook '/home/bizare/Desktop/MPHY0054_lab/cw1/install/cw1q9/share/cw1q9/hook/ament_prefix_path.sh'
[0.474s] INFO:colcon.colcon_core.shell:Skip shell extension 'powershell' for command environment: Not usable outside of PowerShell
[0.475s] DEBUG:colcon.colcon_core.shell:Skip shell extension 'dsv' for command environment
[0.732s] INFO:colcon.colcon_core.task.python.build:Building Python package in '/home/bizare/Desktop/MPHY0054_lab/cw1/cw1q4'
[0.733s] INFO:colcon.colcon_core.shell:Skip shell extension 'powershell' for command environment: Not usable outside of PowerShell
[0.733s] DEBUG:colcon.colcon_core.shell:Skip shell extension 'dsv' for command environment
[0.745s] DEBUG:colcon.colcon_core.event_handler.log_command:Invoking command in '/home/bizare/Desktop/MPHY0054_lab/cw1/build/cw1q4_interfaces': CMAKE_PREFIX_PATH=${CMAKE_PREFIX_PATH}:/home/bizare/Desktop/MPHY0054_lab/cw1/install/cw1q9:/home/bizare/Desktop/MPHY0054_lab/cw1/install/cw1q5:/home/bizare/Desktop/MPHY0054_lab/cw1/install/cw1q4:/opt/ros/foxy /usr/bin/cmake /home/bizare/Desktop/MPHY0054_lab/cw1/cw1q4_interfaces -DCMAKE_INSTALL_PREFIX=/home/bizare/Desktop/MPHY0054_lab/cw1/install/cw1q4_interfaces
[0.986s] INFO:colcon.colcon_core.task.python.build:Building Python package in '/home/bizare/Desktop/MPHY0054_lab/cw1/cw1q5'
[0.987s] INFO:colcon.colcon_core.shell:Skip shell extension 'powershell' for command environment: Not usable outside of PowerShell
[0.987s] DEBUG:colcon.colcon_core.shell:Skip shell extension 'dsv' for command environment
[1.241s] INFO:colcon.colcon_core.task.python.build:Building Python package in '/home/bizare/Desktop/MPHY0054_lab/cw1/cw1q9'
[1.242s] INFO:colcon.colcon_core.shell:Skip shell extension 'powershell' for command environment: Not usable outside of PowerShell
[1.242s] DEBUG:colcon.colcon_core.shell:Skip shell extension 'dsv' for command environment
[1.718s] DEBUG:colcon.colcon_core.event_handler.log_command:Invoking command in '/home/bizare/Desktop/MPHY0054_lab/cw1/cw1q5': PYTHONPATH=/home/bizare/Desktop/MPHY0054_lab/cw1/build/cw1q5/prefix_override:/usr/lib/python3/dist-packages/colcon_core/task/python/colcon_distutils_commands:/home/bizare/Desktop/MPHY0054_lab/cw1/install/cw1q5/lib/python3.8/site-packages:${PYTHONPATH} /usr/bin/python3 -W ignore:setup.py install is deprecated -W ignore:easy_install command is deprecated setup.py egg_info --egg-base ../build/cw1q5 build --build-base /home/bizare/Desktop/MPHY0054_lab/cw1/build/cw1q5/build install --record /home/bizare/Desktop/MPHY0054_lab/cw1/build/cw1q5/install.log --install-scripts $base/lib/cw1q5 --single-version-externally-managed install_data
[1.771s] DEBUG:colcon.colcon_core.event_handler.log_command:Invoking command in '/home/bizare/Desktop/MPHY0054_lab/cw1/cw1q4': PYTHONPATH=/home/bizare/Desktop/MPHY0054_lab/cw1/build/cw1q4/prefix_override:/usr/lib/python3/dist-packages/colcon_core/task/python/colcon_distutils_commands:/home/bizare/Desktop/MPHY0054_lab/cw1/install/cw1q4/lib/python3.8/site-packages:${PYTHONPATH} /usr/bin/python3 -W ignore:setup.py install is deprecated -W ignore:easy_install command is deprecated setup.py egg_info --egg-base ../build/cw1q4 build --build-base /home/bizare/Desktop/MPHY0054_lab/cw1/build/cw1q4/build install --record /home/bizare/Desktop/MPHY0054_lab/cw1/build/cw1q4/install.log --install-scripts $base/lib/cw1q4 --single-version-externally-managed install_data
[1.806s] DEBUG:colcon.colcon_core.event_handler.log_command:Invoking command in '/home/bizare/Desktop/MPHY0054_lab/cw1/cw1q9': PYTHONPATH=/home/bizare/Desktop/MPHY0054_lab/cw1/build/cw1q9/prefix_override:/usr/lib/python3/dist-packages/colcon_core/task/python/colcon_distutils_commands:/home/bizare/Desktop/MPHY0054_lab/cw1/install/cw1q9/lib/python3.8/site-packages:${PYTHONPATH} /usr/bin/python3 -W ignore:setup.py install is deprecated -W ignore:easy_install command is deprecated setup.py egg_info --egg-base ../build/cw1q9 build --build-base /home/bizare/Desktop/MPHY0054_lab/cw1/build/cw1q9/build install --record /home/bizare/Desktop/MPHY0054_lab/cw1/build/cw1q9/install.log --install-scripts $base/lib/cw1q9 --single-version-externally-managed install_data
[2.067s] DEBUG:colcon.colcon_core.event_handler.log_command:Invoked command in '/home/bizare/Desktop/MPHY0054_lab/cw1/cw1q5' returned '0': PYTHONPATH=/home/bizare/Desktop/MPHY0054_lab/cw1/build/cw1q5/prefix_override:/usr/lib/python3/dist-packages/colcon_core/task/python/colcon_distutils_commands:/home/bizare/Desktop/MPHY0054_lab/cw1/install/cw1q5/lib/python3.8/site-packages:${PYTHONPATH} /usr/bin/python3 -W ignore:setup.py install is deprecated -W ignore:easy_install command is deprecated setup.py egg_info --egg-base ../build/cw1q5 build --build-base /home/bizare/Desktop/MPHY0054_lab/cw1/build/cw1q5/build install --record /home/bizare/Desktop/MPHY0054_lab/cw1/build/cw1q5/install.log --install-scripts $base/lib/cw1q5 --single-version-externally-managed install_data
[2.070s] Level 1:colcon.colcon_core.environment:checking '/home/bizare/Desktop/MPHY0054_lab/cw1/install/cw1q5' for CMake module files
[2.070s] Level 1:colcon.colcon_core.environment:checking '/home/bizare/Desktop/MPHY0054_lab/cw1/install/cw1q5' for CMake config files
[2.072s] Level 1:colcon.colcon_core.environment:checking '/home/bizare/Desktop/MPHY0054_lab/cw1/install/cw1q5/lib'
[2.073s] Level 1:colcon.colcon_core.environment:checking '/home/bizare/Desktop/MPHY0054_lab/cw1/install/cw1q5/bin'
[2.073s] Level 1:colcon.colcon_core.environment:checking '/home/bizare/Desktop/MPHY0054_lab/cw1/install/cw1q5/lib/pkgconfig/cw1q5.pc'
[2.073s] Level 1:colcon.colcon_core.environment:checking '/home/bizare/Desktop/MPHY0054_lab/cw1/install/cw1q5/lib/python3.8/site-packages'
[2.073s] Level 1:colcon.colcon_core.shell:create_environment_hook('cw1q5', 'pythonpath')
[2.073s] INFO:colcon.colcon_core.shell:Creating environment hook '/home/bizare/Desktop/MPHY0054_lab/cw1/install/cw1q5/share/cw1q5/hook/pythonpath.ps1'
[2.076s] INFO:colcon.colcon_core.shell:Creating environment descriptor '/home/bizare/Desktop/MPHY0054_lab/cw1/install/cw1q5/share/cw1q5/hook/pythonpath.dsv'
[2.076s] INFO:colcon.colcon_core.shell:Creating environment hook '/home/bizare/Desktop/MPHY0054_lab/cw1/install/cw1q5/share/cw1q5/hook/pythonpath.sh'
[2.076s] Level 1:colcon.colcon_core.environment:checking '/home/bizare/Desktop/MPHY0054_lab/cw1/install/cw1q5/bin'
[2.076s] Level 1:colcon.colcon_core.environment:create_environment_scripts_only(cw1q5)
[2.077s] INFO:colcon.colcon_core.shell:Creating package script '/home/bizare/Desktop/MPHY0054_lab/cw1/install/cw1q5/share/cw1q5/package.ps1'
[2.078s] INFO:colcon.colcon_core.shell:Creating package descriptor '/home/bizare/Desktop/MPHY0054_lab/cw1/install/cw1q5/share/cw1q5/package.dsv'
[2.079s] INFO:colcon.colcon_core.shell:Creating package script '/home/bizare/Desktop/MPHY0054_lab/cw1/install/cw1q5/share/cw1q5/package.sh'
[2.079s] INFO:colcon.colcon_core.shell:Creating package script '/home/bizare/Desktop/MPHY0054_lab/cw1/install/cw1q5/share/cw1q5/package.bash'
[2.080s] INFO:colcon.colcon_core.shell:Creating package script '/home/bizare/Desktop/MPHY0054_lab/cw1/install/cw1q5/share/cw1q5/package.zsh'
[2.081s] Level 1:colcon.colcon_core.environment:create_file_with_runtime_dependencies(/home/bizare/Desktop/MPHY0054_lab/cw1/install/cw1q5/share/colcon-core/packages/cw1q5)
[2.137s] Level 1:colcon.colcon_core.environment:checking '/home/bizare/Desktop/MPHY0054_lab/cw1/install/cw1q9' for CMake module files
[2.137s] Level 1:colcon.colcon_core.environment:checking '/home/bizare/Desktop/MPHY0054_lab/cw1/install/cw1q9' for CMake config files
[2.138s] Level 1:colcon.colcon_core.environment:checking '/home/bizare/Desktop/MPHY0054_lab/cw1/install/cw1q9/lib'
[2.138s] Level 1:colcon.colcon_core.environment:checking '/home/bizare/Desktop/MPHY0054_lab/cw1/install/cw1q9/bin'
[2.139s] Level 1:colcon.colcon_core.environment:checking '/home/bizare/Desktop/MPHY0054_lab/cw1/install/cw1q9/lib/pkgconfig/cw1q9.pc'
[2.139s] Level 1:colcon.colcon_core.environment:checking '/home/bizare/Desktop/MPHY0054_lab/cw1/install/cw1q9/lib/python3.8/site-packages'
[2.139s] Level 1:colcon.colcon_core.shell:create_environment_hook('cw1q9', 'pythonpath')
[2.140s] INFO:colcon.colcon_core.shell:Creating environment hook '/home/bizare/Desktop/MPHY0054_lab/cw1/install/cw1q9/share/cw1q9/hook/pythonpath.ps1'
[2.141s] DEBUG:colcon.colcon_core.event_handler.log_command:Invoked command in '/home/bizare/Desktop/MPHY0054_lab/cw1/cw1q9' returned '0': PYTHONPATH=/home/bizare/Desktop/MPHY0054_lab/cw1/build/cw1q9/prefix_override:/usr/lib/python3/dist-packages/colcon_core/task/python/colcon_distutils_commands:/home/bizare/Desktop/MPHY0054_lab/cw1/install/cw1q9/lib/python3.8/site-packages:${PYTHONPATH} /usr/bin/python3 -W ignore:setup.py install is deprecated -W ignore:easy_install command is deprecated setup.py egg_info --egg-base ../build/cw1q9 build --build-base /home/bizare/Desktop/MPHY0054_lab/cw1/build/cw1q9/build install --record /home/bizare/Desktop/MPHY0054_lab/cw1/build/cw1q9/install.log --install-scripts $base/lib/cw1q9 --single-version-externally-managed install_data
[2.141s] INFO:colcon.colcon_core.shell:Creating environment descriptor '/home/bizare/Desktop/MPHY0054_lab/cw1/install/cw1q9/share/cw1q9/hook/pythonpath.dsv'
[2.141s] INFO:colcon.colcon_core.shell:Creating environment hook '/home/bizare/Desktop/MPHY0054_lab/cw1/install/cw1q9/share/cw1q9/hook/pythonpath.sh'
[2.142s] Level 1:colcon.colcon_core.environment:checking '/home/bizare/Desktop/MPHY0054_lab/cw1/install/cw1q9/bin'
[2.142s] Level 1:colcon.colcon_core.environment:create_environment_scripts_only(cw1q9)
[2.142s] INFO:colcon.colcon_core.shell:Creating package script '/home/bizare/Desktop/MPHY0054_lab/cw1/install/cw1q9/share/cw1q9/package.ps1'
[2.143s] INFO:colcon.colcon_core.shell:Creating package descriptor '/home/bizare/Desktop/MPHY0054_lab/cw1/install/cw1q9/share/cw1q9/package.dsv'
[2.143s] INFO:colcon.colcon_core.shell:Creating package script '/home/bizare/Desktop/MPHY0054_lab/cw1/install/cw1q9/share/cw1q9/package.sh'
[2.143s] INFO:colcon.colcon_core.shell:Creating package script '/home/bizare/Desktop/MPHY0054_lab/cw1/install/cw1q9/share/cw1q9/package.bash'
[2.144s] INFO:colcon.colcon_core.shell:Creating package script '/home/bizare/Desktop/MPHY0054_lab/cw1/install/cw1q9/share/cw1q9/package.zsh'
[2.144s] Level 1:colcon.colcon_core.environment:create_file_with_runtime_dependencies(/home/bizare/Desktop/MPHY0054_lab/cw1/install/cw1q9/share/colcon-core/packages/cw1q9)
[2.145s] Level 1:colcon.colcon_core.environment:checking '/home/bizare/Desktop/MPHY0054_lab/cw1/install/cw1q4' for CMake module files
[2.146s] DEBUG:colcon.colcon_core.event_handler.log_command:Invoked command in '/home/bizare/Desktop/MPHY0054_lab/cw1/cw1q4' returned '0': PYTHONPATH=/home/bizare/Desktop/MPHY0054_lab/cw1/build/cw1q4/prefix_override:/usr/lib/python3/dist-packages/colcon_core/task/python/colcon_distutils_commands:/home/bizare/Desktop/MPHY0054_lab/cw1/install/cw1q4/lib/python3.8/site-packages:${PYTHONPATH} /usr/bin/python3 -W ignore:setup.py install is deprecated -W ignore:easy_install command is deprecated setup.py egg_info --egg-base ../build/cw1q4 build --build-base /home/bizare/Desktop/MPHY0054_lab/cw1/build/cw1q4/build install --record /home/bizare/Desktop/MPHY0054_lab/cw1/build/cw1q4/install.log --install-scripts $base/lib/cw1q4 --single-version-externally-managed install_data
[2.146s] Level 1:colcon.colcon_core.environment:checking '/home/bizare/Desktop/MPHY0054_lab/cw1/install/cw1q4' for CMake config files
[2.147s] Level 1:colcon.colcon_core.environment:checking '/home/bizare/Desktop/MPHY0054_lab/cw1/install/cw1q4/lib'
[2.147s] Level 1:colcon.colcon_core.environment:checking '/home/bizare/Desktop/MPHY0054_lab/cw1/install/cw1q4/bin'
[2.147s] Level 1:colcon.colcon_core.environment:checking '/home/bizare/Desktop/MPHY0054_lab/cw1/install/cw1q4/lib/pkgconfig/cw1q4.pc'
[2.147s] Level 1:colcon.colcon_core.environment:checking '/home/bizare/Desktop/MPHY0054_lab/cw1/install/cw1q4/lib/python3.8/site-packages'
[2.147s] Level 1:colcon.colcon_core.shell:create_environment_hook('cw1q4', 'pythonpath')
[2.147s] INFO:colcon.colcon_core.shell:Creating environment hook '/home/bizare/Desktop/MPHY0054_lab/cw1/install/cw1q4/share/cw1q4/hook/pythonpath.ps1'
[2.148s] INFO:colcon.colcon_core.shell:Creating environment descriptor '/home/bizare/Desktop/MPHY0054_lab/cw1/install/cw1q4/share/cw1q4/hook/pythonpath.dsv'
[2.148s] INFO:colcon.colcon_core.shell:Creating environment hook '/home/bizare/Desktop/MPHY0054_lab/cw1/install/cw1q4/share/cw1q4/hook/pythonpath.sh'
[2.148s] Level 1:colcon.colcon_core.environment:checking '/home/bizare/Desktop/MPHY0054_lab/cw1/install/cw1q4/bin'
[2.148s] Level 1:colcon.colcon_core.environment:create_environment_scripts_only(cw1q4)
[2.149s] INFO:colcon.colcon_core.shell:Creating package script '/home/bizare/Desktop/MPHY0054_lab/cw1/install/cw1q4/share/cw1q4/package.ps1'
[2.149s] INFO:colcon.colcon_core.shell:Creating package descriptor '/home/bizare/Desktop/MPHY0054_lab/cw1/install/cw1q4/share/cw1q4/package.dsv'
[2.150s] INFO:colcon.colcon_core.shell:Creating package script '/home/bizare/Desktop/MPHY0054_lab/cw1/install/cw1q4/share/cw1q4/package.sh'
[2.150s] INFO:colcon.colcon_core.shell:Creating package script '/home/bizare/Desktop/MPHY0054_lab/cw1/install/cw1q4/share/cw1q4/package.bash'
[2.150s] INFO:colcon.colcon_core.shell:Creating package script '/home/bizare/Desktop/MPHY0054_lab/cw1/install/cw1q4/share/cw1q4/package.zsh'
[2.151s] Level 1:colcon.colcon_core.environment:create_file_with_runtime_dependencies(/home/bizare/Desktop/MPHY0054_lab/cw1/install/cw1q4/share/colcon-core/packages/cw1q4)
[2.956s] DEBUG:colcon.colcon_core.event_handler.log_command:Invoked command in '/home/bizare/Desktop/MPHY0054_lab/cw1/build/cw1q4_interfaces' returned '0': CMAKE_PREFIX_PATH=${CMAKE_PREFIX_PATH}:/home/bizare/Desktop/MPHY0054_lab/cw1/install/cw1q9:/home/bizare/Desktop/MPHY0054_lab/cw1/install/cw1q5:/home/bizare/Desktop/MPHY0054_lab/cw1/install/cw1q4:/opt/ros/foxy /usr/bin/cmake /home/bizare/Desktop/MPHY0054_lab/cw1/cw1q4_interfaces -DCMAKE_INSTALL_PREFIX=/home/bizare/Desktop/MPHY0054_lab/cw1/install/cw1q4_interfaces
[2.956s] DEBUG:colcon.colcon_core.event_handler.log_command:Invoking command in '/home/bizare/Desktop/MPHY0054_lab/cw1/build/cw1q4_interfaces': CMAKE_PREFIX_PATH=${CMAKE_PREFIX_PATH}:/home/bizare/Desktop/MPHY0054_lab/cw1/install/cw1q9:/home/bizare/Desktop/MPHY0054_lab/cw1/install/cw1q5:/home/bizare/Desktop/MPHY0054_lab/cw1/install/cw1q4:/opt/ros/foxy /usr/bin/cmake --build /home/bizare/Desktop/MPHY0054_lab/cw1/build/cw1q4_interfaces -- -j8 -l8
[6.801s] DEBUG:colcon.colcon_core.event_handler.log_command:Invoked command in '/home/bizare/Desktop/MPHY0054_lab/cw1/build/cw1q4_interfaces' returned '0': CMAKE_PREFIX_PATH=${CMAKE_PREFIX_PATH}:/home/bizare/Desktop/MPHY0054_lab/cw1/install/cw1q9:/home/bizare/Desktop/MPHY0054_lab/cw1/install/cw1q5:/home/bizare/Desktop/MPHY0054_lab/cw1/install/cw1q4:/opt/ros/foxy /usr/bin/cmake --build /home/bizare/Desktop/MPHY0054_lab/cw1/build/cw1q4_interfaces -- -j8 -l8
[6.817s] DEBUG:colcon.colcon_core.event_handler.log_command:Invoking command in '/home/bizare/Desktop/MPHY0054_lab/cw1/build/cw1q4_interfaces': CMAKE_PREFIX_PATH=${CMAKE_PREFIX_PATH}:/home/bizare/Desktop/MPHY0054_lab/cw1/install/cw1q9:/home/bizare/Desktop/MPHY0054_lab/cw1/install/cw1q5:/home/bizare/Desktop/MPHY0054_lab/cw1/install/cw1q4:/opt/ros/foxy /usr/bin/cmake --install /home/bizare/Desktop/MPHY0054_lab/cw1/build/cw1q4_interfaces
[6.893s] Level 1:colcon.colcon_core.environment:create_environment_scripts_only(cw1q4_interfaces)
[6.894s] Level 1:colcon.colcon_core.environment:checking '/home/bizare/Desktop/MPHY0054_lab/cw1/install/cw1q4_interfaces' for CMake module files
[6.894s] DEBUG:colcon.colcon_core.event_handler.log_command:Invoked command in '/home/bizare/Desktop/MPHY0054_lab/cw1/build/cw1q4_interfaces' returned '0': CMAKE_PREFIX_PATH=${CMAKE_PREFIX_PATH}:/home/bizare/Desktop/MPHY0054_lab/cw1/install/cw1q9:/home/bizare/Desktop/MPHY0054_lab/cw1/install/cw1q5:/home/bizare/Desktop/MPHY0054_lab/cw1/install/cw1q4:/opt/ros/foxy /usr/bin/cmake --install /home/bizare/Desktop/MPHY0054_lab/cw1/build/cw1q4_interfaces
[6.895s] Level 1:colcon.colcon_core.environment:checking '/home/bizare/Desktop/MPHY0054_lab/cw1/install/cw1q4_interfaces' for CMake config files
[6.895s] Level 1:colcon.colcon_core.shell:create_environment_hook('cw1q4_interfaces', 'cmake_prefix_path')
[6.896s] INFO:colcon.colcon_core.shell:Creating environment hook '/home/bizare/Desktop/MPHY0054_lab/cw1/install/cw1q4_interfaces/share/cw1q4_interfaces/hook/cmake_prefix_path.ps1'
[6.896s] INFO:colcon.colcon_core.shell:Creating environment descriptor '/home/bizare/Desktop/MPHY0054_lab/cw1/install/cw1q4_interfaces/share/cw1q4_interfaces/hook/cmake_prefix_path.dsv'
[6.897s] INFO:colcon.colcon_core.shell:Creating environment hook '/home/bizare/Desktop/MPHY0054_lab/cw1/install/cw1q4_interfaces/share/cw1q4_interfaces/hook/cmake_prefix_path.sh'
[6.897s] Level 1:colcon.colcon_core.environment:checking '/home/bizare/Desktop/MPHY0054_lab/cw1/install/cw1q4_interfaces/lib'
[6.897s] Level 1:colcon.colcon_core.shell:create_environment_hook('cw1q4_interfaces', 'ld_library_path_lib')
[6.898s] INFO:colcon.colcon_core.shell:Creating environment hook '/home/bizare/Desktop/MPHY0054_lab/cw1/install/cw1q4_interfaces/share/cw1q4_interfaces/hook/ld_library_path_lib.ps1'
[6.898s] INFO:colcon.colcon_core.shell:Creating environment descriptor '/home/bizare/Desktop/MPHY0054_lab/cw1/install/cw1q4_interfaces/share/cw1q4_interfaces/hook/ld_library_path_lib.dsv'
[6.898s] INFO:colcon.colcon_core.shell:Creating environment hook '/home/bizare/Desktop/MPHY0054_lab/cw1/install/cw1q4_interfaces/share/cw1q4_interfaces/hook/ld_library_path_lib.sh'
[6.899s] Level 1:colcon.colcon_core.environment:checking '/home/bizare/Desktop/MPHY0054_lab/cw1/install/cw1q4_interfaces/bin'
[6.899s] Level 1:colcon.colcon_core.environment:checking '/home/bizare/Desktop/MPHY0054_lab/cw1/install/cw1q4_interfaces/lib/pkgconfig/cw1q4_interfaces.pc'
[6.899s] Level 1:colcon.colcon_core.environment:checking '/home/bizare/Desktop/MPHY0054_lab/cw1/install/cw1q4_interfaces/lib/python3.8/site-packages'
[6.899s] Level 1:colcon.colcon_core.shell:create_environment_hook('cw1q4_interfaces', 'pythonpath')
[6.899s] INFO:colcon.colcon_core.shell:Creating environment hook '/home/bizare/Desktop/MPHY0054_lab/cw1/install/cw1q4_interfaces/share/cw1q4_interfaces/hook/pythonpath.ps1'
[6.900s] INFO:colcon.colcon_core.shell:Creating environment descriptor '/home/bizare/Desktop/MPHY0054_lab/cw1/install/cw1q4_interfaces/share/cw1q4_interfaces/hook/pythonpath.dsv'
[6.900s] INFO:colcon.colcon_core.shell:Creating environment hook '/home/bizare/Desktop/MPHY0054_lab/cw1/install/cw1q4_interfaces/share/cw1q4_interfaces/hook/pythonpath.sh'
[6.900s] Level 1:colcon.colcon_core.environment:checking '/home/bizare/Desktop/MPHY0054_lab/cw1/install/cw1q4_interfaces/bin'
[6.901s] INFO:colcon.colcon_core.shell:Creating package script '/home/bizare/Desktop/MPHY0054_lab/cw1/install/cw1q4_interfaces/share/cw1q4_interfaces/package.ps1'
[6.901s] INFO:colcon.colcon_core.shell:Creating package descriptor '/home/bizare/Desktop/MPHY0054_lab/cw1/install/cw1q4_interfaces/share/cw1q4_interfaces/package.dsv'
[6.902s] INFO:colcon.colcon_core.shell:Creating package script '/home/bizare/Desktop/MPHY0054_lab/cw1/install/cw1q4_interfaces/share/cw1q4_interfaces/package.sh'
[6.902s] INFO:colcon.colcon_core.shell:Creating package script '/home/bizare/Desktop/MPHY0054_lab/cw1/install/cw1q4_interfaces/share/cw1q4_interfaces/package.bash'
[6.903s] INFO:colcon.colcon_core.shell:Creating package script '/home/bizare/Desktop/MPHY0054_lab/cw1/install/cw1q4_interfaces/share/cw1q4_interfaces/package.zsh'
[6.903s] Level 1:colcon.colcon_core.environment:create_file_with_runtime_dependencies(/home/bizare/Desktop/MPHY0054_lab/cw1/install/cw1q4_interfaces/share/colcon-core/packages/cw1q4_interfaces)
[6.904s] Level 1:colcon.colcon_core.environment:create_environment_scripts_only(cw1q4_interfaces)
[6.904s] Level 1:colcon.colcon_core.environment:checking '/home/bizare/Desktop/MPHY0054_lab/cw1/install/cw1q4_interfaces' for CMake module files
[6.905s] Level 1:colcon.colcon_core.environment:checking '/home/bizare/Desktop/MPHY0054_lab/cw1/install/cw1q4_interfaces' for CMake config files
[6.905s] Level 1:colcon.colcon_core.shell:create_environment_hook('cw1q4_interfaces', 'cmake_prefix_path')
[6.906s] INFO:colcon.colcon_core.shell:Creating environment hook '/home/bizare/Desktop/MPHY0054_lab/cw1/install/cw1q4_interfaces/share/cw1q4_interfaces/hook/cmake_prefix_path.ps1'
[6.906s] INFO:colcon.colcon_core.shell:Creating environment descriptor '/home/bizare/Desktop/MPHY0054_lab/cw1/install/cw1q4_interfaces/share/cw1q4_interfaces/hook/cmake_prefix_path.dsv'
[6.907s] INFO:colcon.colcon_core.shell:Creating environment hook '/home/bizare/Desktop/MPHY0054_lab/cw1/install/cw1q4_interfaces/share/cw1q4_interfaces/hook/cmake_prefix_path.sh'
[6.908s] Level 1:colcon.colcon_core.environment:checking '/home/bizare/Desktop/MPHY0054_lab/cw1/install/cw1q4_interfaces/lib'
[6.908s] Level 1:colcon.colcon_core.shell:create_environment_hook('cw1q4_interfaces', 'ld_library_path_lib')
[6.908s] INFO:colcon.colcon_core.shell:Creating environment hook '/home/bizare/Desktop/MPHY0054_lab/cw1/install/cw1q4_interfaces/share/cw1q4_interfaces/hook/ld_library_path_lib.ps1'
[6.909s] INFO:colcon.colcon_core.shell:Creating environment descriptor '/home/bizare/Desktop/MPHY0054_lab/cw1/install/cw1q4_interfaces/share/cw1q4_interfaces/hook/ld_library_path_lib.dsv'
[6.909s] INFO:colcon.colcon_core.shell:Creating environment hook '/home/bizare/Desktop/MPHY0054_lab/cw1/install/cw1q4_interfaces/share/cw1q4_interfaces/hook/ld_library_path_lib.sh'
[6.910s] Level 1:colcon.colcon_core.environment:checking '/home/bizare/Desktop/MPHY0054_lab/cw1/install/cw1q4_interfaces/bin'
[6.910s] Level 1:colcon.colcon_core.environment:checking '/home/bizare/Desktop/MPHY0054_lab/cw1/install/cw1q4_interfaces/lib/pkgconfig/cw1q4_interfaces.pc'
[6.910s] Level 1:colcon.colcon_core.environment:checking '/home/bizare/Desktop/MPHY0054_lab/cw1/install/cw1q4_interfaces/lib/python3.8/site-packages'
[6.910s] Level 1:colcon.colcon_core.shell:create_environment_hook('cw1q4_interfaces', 'pythonpath')
[6.910s] INFO:colcon.colcon_core.shell:Creating environment hook '/home/bizare/Desktop/MPHY0054_lab/cw1/install/cw1q4_interfaces/share/cw1q4_interfaces/hook/pythonpath.ps1'
[6.911s] INFO:colcon.colcon_core.shell:Creating environment descriptor '/home/bizare/Desktop/MPHY0054_lab/cw1/install/cw1q4_interfaces/share/cw1q4_interfaces/hook/pythonpath.dsv'
[6.911s] INFO:colcon.colcon_core.shell:Creating environment hook '/home/bizare/Desktop/MPHY0054_lab/cw1/install/cw1q4_interfaces/share/cw1q4_interfaces/hook/pythonpath.sh'
[6.912s] Level 1:colcon.colcon_core.environment:checking '/home/bizare/Desktop/MPHY0054_lab/cw1/install/cw1q4_interfaces/bin'
[6.912s] INFO:colcon.colcon_core.shell:Creating package script '/home/bizare/Desktop/MPHY0054_lab/cw1/install/cw1q4_interfaces/share/cw1q4_interfaces/package.ps1'
[6.913s] INFO:colcon.colcon_core.shell:Creating package descriptor '/home/bizare/Desktop/MPHY0054_lab/cw1/install/cw1q4_interfaces/share/cw1q4_interfaces/package.dsv'
[6.913s] INFO:colcon.colcon_core.shell:Creating package script '/home/bizare/Desktop/MPHY0054_lab/cw1/install/cw1q4_interfaces/share/cw1q4_interfaces/package.sh'
[6.914s] INFO:colcon.colcon_core.shell:Creating package script '/home/bizare/Desktop/MPHY0054_lab/cw1/install/cw1q4_interfaces/share/cw1q4_interfaces/package.bash'
[6.914s] INFO:colcon.colcon_core.shell:Creating package script '/home/bizare/Desktop/MPHY0054_lab/cw1/install/cw1q4_interfaces/share/cw1q4_interfaces/package.zsh'
[6.915s] Level 1:colcon.colcon_core.environment:create_file_with_runtime_dependencies(/home/bizare/Desktop/MPHY0054_lab/cw1/install/cw1q4_interfaces/share/colcon-core/packages/cw1q4_interfaces)
[6.915s] DEBUG:colcon.colcon_parallel_executor.executor.parallel:closing loop
[6.916s] DEBUG:colcon.colcon_parallel_executor.executor.parallel:loop closed
[6.916s] DEBUG:colcon.colcon_parallel_executor.executor.parallel:run_until_complete finished with '0'
[6.917s] DEBUG:colcon.colcon_core.event_reactor:joining thread
[6.923s] INFO:colcon.colcon_core.plugin_system:Skipping extension 'colcon_notification.desktop_notification.terminal_notifier': Not used on non-Darwin systems
[6.924s] INFO:colcon.colcon_core.plugin_system:Skipping extension 'colcon_notification.desktop_notification.win32': Not used on non-Windows systems
[6.924s] INFO:colcon.colcon_notification.desktop_notification:Sending desktop notification using 'notify2'
[6.937s] DEBUG:colcon.colcon_core.event_reactor:joined thread
[6.937s] INFO:colcon.colcon_core.shell:Creating prefix script '/home/bizare/Desktop/MPHY0054_lab/cw1/install/local_setup.ps1'
[6.938s] INFO:colcon.colcon_core.shell:Creating prefix util module '/home/bizare/Desktop/MPHY0054_lab/cw1/install/_local_setup_util_ps1.py'
[6.939s] INFO:colcon.colcon_core.shell:Creating prefix chain script '/home/bizare/Desktop/MPHY0054_lab/cw1/install/setup.ps1'
[6.940s] INFO:colcon.colcon_core.shell:Creating prefix script '/home/bizare/Desktop/MPHY0054_lab/cw1/install/local_setup.sh'
[6.941s] INFO:colcon.colcon_core.shell:Creating prefix util module '/home/bizare/Desktop/MPHY0054_lab/cw1/install/_local_setup_util_sh.py'
[6.941s] INFO:colcon.colcon_core.shell:Creating prefix chain script '/home/bizare/Desktop/MPHY0054_lab/cw1/install/setup.sh'
[6.942s] INFO:colcon.colcon_core.shell:Creating prefix script '/home/bizare/Desktop/MPHY0054_lab/cw1/install/local_setup.bash'
[6.943s] INFO:colcon.colcon_core.shell:Creating prefix chain script '/home/bizare/Desktop/MPHY0054_lab/cw1/install/setup.bash'
[6.944s] INFO:colcon.colcon_core.shell:Creating prefix script '/home/bizare/Desktop/MPHY0054_lab/cw1/install/local_setup.zsh'
[6.944s] INFO:colcon.colcon_core.shell:Creating prefix chain script '/home/bizare/Desktop/MPHY0054_lab/cw1/install/setup.zsh'
