running egg_info
writing ../build/cw1q5/cw1q5.egg-info/PKG-INFO
writing dependency_links to ../build/cw1q5/cw1q5.egg-info/dependency_links.txt
writing entry points to ../build/cw1q5/cw1q5.egg-info/entry_points.txt
writing requirements to ../build/cw1q5/cw1q5.egg-info/requires.txt
writing top-level names to ../build/cw1q5/cw1q5.egg-info/top_level.txt
reading manifest file '../build/cw1q5/cw1q5.egg-info/SOURCES.txt'
writing manifest file '../build/cw1q5/cw1q5.egg-info/SOURCES.txt'
running build
running build_py
running install
running install_lib
running install_data
running install_egg_info
removing '/home/bizare/Desktop/MPHY0054_lab/cw1/install/cw1q5/lib/python3.8/site-packages/cw1q5-0.0.0-py3.8.egg-info' (and everything under it)
Copying ../build/cw1q5/cw1q5.egg-info to /home/bizare/Desktop/MPHY0054_lab/cw1/install/cw1q5/lib/python3.8/site-packages/cw1q5-0.0.0-py3.8.egg-info
running install_scripts
Installing cw1q5b_node script to /home/bizare/Desktop/MPHY0054_lab/cw1/install/cw1q5/lib/cw1q5
Installing cw1q5d_node script to /home/bizare/Desktop/MPHY0054_lab/cw1/install/cw1q5/lib/cw1q5
writing list of installed files to '/home/bizare/Desktop/MPHY0054_lab/cw1/build/cw1q5/install.log'
