[1.775s] Invoking command in '/home/bizare/Desktop/Robotics_System/cw1q4': PYTHONPATH=/home/bizare/Desktop/Robotics_System/build/cw1q4/prefix_override:/usr/lib/python3/dist-packages/colcon_core/task/python/colcon_distutils_commands:/home/bizare/Desktop/Robotics_System/install/cw1q4/lib/python3.8/site-packages:${PYTHONPATH} /usr/bin/python3 -W ignore:setup.py install is deprecated -W ignore:easy_install command is deprecated setup.py egg_info --egg-base ../build/cw1q4 build --build-base /home/bizare/Desktop/Robotics_System/build/cw1q4/build install --record /home/bizare/Desktop/Robotics_System/build/cw1q4/install.log --install-scripts $base/lib/cw1q4 --single-version-externally-managed install_data
[2.207s] running egg_info
[2.208s] writing ../build/cw1q4/cw1q4.egg-info/PKG-INFO
[2.208s] writing dependency_links to ../build/cw1q4/cw1q4.egg-info/dependency_links.txt
[2.209s] writing entry points to ../build/cw1q4/cw1q4.egg-info/entry_points.txt
[2.210s] writing requirements to ../build/cw1q4/cw1q4.egg-info/requires.txt
[2.210s] writing top-level names to ../build/cw1q4/cw1q4.egg-info/top_level.txt
[2.273s] reading manifest file '../build/cw1q4/cw1q4.egg-info/SOURCES.txt'
[2.275s] writing manifest file '../build/cw1q4/cw1q4.egg-info/SOURCES.txt'
[2.276s] running build
[2.276s] running build_py
[2.276s] running install
[2.278s] running install_lib
[2.281s] running install_data
[2.282s] running install_egg_info
[2.286s] removing '/home/bizare/Desktop/Robotics_System/install/cw1q4/lib/python3.8/site-packages/cw1q4-0.0.0-py3.8.egg-info' (and everything under it)
[2.286s] Copying ../build/cw1q4/cw1q4.egg-info to /home/bizare/Desktop/Robotics_System/install/cw1q4/lib/python3.8/site-packages/cw1q4-0.0.0-py3.8.egg-info
[2.289s] running install_scripts
[2.317s] Installing cw1q4_services script to /home/bizare/Desktop/Robotics_System/install/cw1q4/lib/cw1q4
[2.318s] writing list of installed files to '/home/bizare/Desktop/Robotics_System/build/cw1q4/install.log'
[2.352s] Invoked command in '/home/bizare/Desktop/Robotics_System/cw1q4' returned '0': PYTHONPATH=/home/bizare/Desktop/Robotics_System/build/cw1q4/prefix_override:/usr/lib/python3/dist-packages/colcon_core/task/python/colcon_distutils_commands:/home/bizare/Desktop/Robotics_System/install/cw1q4/lib/python3.8/site-packages:${PYTHONPATH} /usr/bin/python3 -W ignore:setup.py install is deprecated -W ignore:easy_install command is deprecated setup.py egg_info --egg-base ../build/cw1q4 build --build-base /home/bizare/Desktop/Robotics_System/build/cw1q4/build install --record /home/bizare/Desktop/Robotics_System/build/cw1q4/install.log --install-scripts $base/lib/cw1q4 --single-version-externally-managed install_data
