[1.838s] Invoking command in '/home/bizare/Desktop/Robotics_System/cw1q9': PYTHONPATH=/home/bizare/Desktop/Robotics_System/build/cw1q9/prefix_override:/usr/lib/python3/dist-packages/colcon_core/task/python/colcon_distutils_commands:/home/bizare/Desktop/Robotics_System/install/cw1q9/lib/python3.8/site-packages:${PYTHONPATH} /usr/bin/python3 -W ignore:setup.py install is deprecated -W ignore:easy_install command is deprecated setup.py egg_info --egg-base ../build/cw1q9 build --build-base /home/bizare/Desktop/Robotics_System/build/cw1q9/build install --record /home/bizare/Desktop/Robotics_System/build/cw1q9/install.log --install-scripts $base/lib/cw1q9 --single-version-externally-managed install_data
[2.265s] running egg_info
[2.266s] creating ../build/cw1q9/cw1q9.egg-info
[2.269s] writing ../build/cw1q9/cw1q9.egg-info/PKG-INFO
[2.269s] writing dependency_links to ../build/cw1q9/cw1q9.egg-info/dependency_links.txt
[2.269s] writing entry points to ../build/cw1q9/cw1q9.egg-info/entry_points.txt
[2.269s] writing requirements to ../build/cw1q9/cw1q9.egg-info/requires.txt
[2.269s] writing top-level names to ../build/cw1q9/cw1q9.egg-info/top_level.txt
[2.275s] writing manifest file '../build/cw1q9/cw1q9.egg-info/SOURCES.txt'
[2.337s] reading manifest file '../build/cw1q9/cw1q9.egg-info/SOURCES.txt'
[2.337s] writing manifest file '../build/cw1q9/cw1q9.egg-info/SOURCES.txt'
[2.337s] running build
[2.337s] running build_py
[2.337s] creating /home/bizare/Desktop/Robotics_System/build/cw1q9/build
[2.337s] creating /home/bizare/Desktop/Robotics_System/build/cw1q9/build/lib
[2.337s] creating /home/bizare/Desktop/Robotics_System/build/cw1q9/build/lib/cw1q9
[2.338s] copying cw1q9/__init__.py -> /home/bizare/Desktop/Robotics_System/build/cw1q9/build/lib/cw1q9
[2.338s] copying cw1q9/youbotKineBase.py -> /home/bizare/Desktop/Robotics_System/build/cw1q9/build/lib/cw1q9
[2.338s] copying cw1q9/youbotKineStudent.py -> /home/bizare/Desktop/Robotics_System/build/cw1q9/build/lib/cw1q9
[2.338s] copying cw1q9/youbotKineKDL.py -> /home/bizare/Desktop/Robotics_System/build/cw1q9/build/lib/cw1q9
[2.339s] running install
[2.340s] running install_lib
[2.343s] creating /home/bizare/Desktop/Robotics_System/install/cw1q9/lib/python3.8/site-packages/cw1q9
[2.343s] copying /home/bizare/Desktop/Robotics_System/build/cw1q9/build/lib/cw1q9/__init__.py -> /home/bizare/Desktop/Robotics_System/install/cw1q9/lib/python3.8/site-packages/cw1q9
[2.343s] copying /home/bizare/Desktop/Robotics_System/build/cw1q9/build/lib/cw1q9/youbotKineBase.py -> /home/bizare/Desktop/Robotics_System/install/cw1q9/lib/python3.8/site-packages/cw1q9
[2.344s] copying /home/bizare/Desktop/Robotics_System/build/cw1q9/build/lib/cw1q9/youbotKineStudent.py -> /home/bizare/Desktop/Robotics_System/install/cw1q9/lib/python3.8/site-packages/cw1q9
[2.345s] copying /home/bizare/Desktop/Robotics_System/build/cw1q9/build/lib/cw1q9/youbotKineKDL.py -> /home/bizare/Desktop/Robotics_System/install/cw1q9/lib/python3.8/site-packages/cw1q9
[2.346s] byte-compiling /home/bizare/Desktop/Robotics_System/install/cw1q9/lib/python3.8/site-packages/cw1q9/__init__.py to __init__.cpython-38.pyc
[2.349s] byte-compiling /home/bizare/Desktop/Robotics_System/install/cw1q9/lib/python3.8/site-packages/cw1q9/youbotKineBase.py to youbotKineBase.cpython-38.pyc
[2.351s] byte-compiling /home/bizare/Desktop/Robotics_System/install/cw1q9/lib/python3.8/site-packages/cw1q9/youbotKineStudent.py to youbotKineStudent.cpython-38.pyc
[2.352s] byte-compiling /home/bizare/Desktop/Robotics_System/install/cw1q9/lib/python3.8/site-packages/cw1q9/youbotKineKDL.py to youbotKineKDL.cpython-38.pyc
[2.354s] running install_data
[2.354s] creating /home/bizare/Desktop/Robotics_System/install/cw1q9/share/ament_index
[2.355s] creating /home/bizare/Desktop/Robotics_System/install/cw1q9/share/ament_index/resource_index
[2.355s] creating /home/bizare/Desktop/Robotics_System/install/cw1q9/share/ament_index/resource_index/packages
[2.355s] copying resource/cw1q9 -> /home/bizare/Desktop/Robotics_System/install/cw1q9/share/ament_index/resource_index/packages
[2.356s] copying package.xml -> /home/bizare/Desktop/Robotics_System/install/cw1q9/share/cw1q9
[2.357s] creating /home/bizare/Desktop/Robotics_System/install/cw1q9/share/cw1q9/launch
[2.358s] running install_egg_info
[2.361s] Copying ../build/cw1q9/cw1q9.egg-info to /home/bizare/Desktop/Robotics_System/install/cw1q9/lib/python3.8/site-packages/cw1q9-0.0.0-py3.8.egg-info
[2.363s] running install_scripts
[2.396s] Installing youbot_student_node script to /home/bizare/Desktop/Robotics_System/install/cw1q9/lib/cw1q9
[2.397s] writing list of installed files to '/home/bizare/Desktop/Robotics_System/build/cw1q9/install.log'
[2.432s] Invoked command in '/home/bizare/Desktop/Robotics_System/cw1q9' returned '0': PYTHONPATH=/home/bizare/Desktop/Robotics_System/build/cw1q9/prefix_override:/usr/lib/python3/dist-packages/colcon_core/task/python/colcon_distutils_commands:/home/bizare/Desktop/Robotics_System/install/cw1q9/lib/python3.8/site-packages:${PYTHONPATH} /usr/bin/python3 -W ignore:setup.py install is deprecated -W ignore:easy_install command is deprecated setup.py egg_info --egg-base ../build/cw1q9 build --build-base /home/bizare/Desktop/Robotics_System/build/cw1q9/build install --record /home/bizare/Desktop/Robotics_System/build/cw1q9/install.log --install-scripts $base/lib/cw1q9 --single-version-externally-managed install_data
