[0.306s] DEBUG:colcon:Command line arguments: ['/usr/bin/colcon', 'build']
[0.306s] DEBUG:colcon:Parsed command line arguments: Namespace(allow_overriding=[], ament_cmake_args=None, base_paths=['.'], build_base='build', catkin_cmake_args=None, catkin_skip_building_tests=False, cmake_args=None, cmake_clean_cache=False, cmake_clean_first=False, cmake_force_configure=False, cmake_target=None, cmake_target_skip_unavailable=False, continue_on_error=False, event_handlers=None, executor='parallel', ignore_user_meta=False, install_base='install', log_base=None, log_level=None, main=<bound method BuildVerb.main of <colcon_core.verb.build.BuildVerb object at 0x7f2407a44580>>, merge_install=False, metas=['./colcon.meta'], packages_above=None, packages_above_and_dependencies=None, packages_above_depth=None, packages_end=None, packages_ignore=None, packages_ignore_regex=None, packages_select=None, packages_select_build_failed=False, packages_select_by_dep=None, packages_select_regex=None, packages_select_test_failures=False, packages_skip=None, packages_skip_build_finished=False, packages_skip_by_dep=None, packages_skip_regex=None, packages_skip_test_passed=False, packages_skip_up_to=None, packages_start=None, packages_up_to=None, packages_up_to_regex=None, parallel_workers=8, paths=None, symlink_install=False, test_result_base=None, verb_extension=<colcon_core.verb.build.BuildVerb object at 0x7f2407a44580>, verb_name='build', verb_parser=<colcon_defaults.argument_parser.defaults.DefaultArgumentsDecorator object at 0x7f240790b730>)
[0.547s] Level 1:colcon.colcon_core.package_discovery:discover_packages(colcon_meta) check parameters
[0.547s] Level 1:colcon.colcon_core.package_discovery:discover_packages(recursive) check parameters
[0.547s] Level 1:colcon.colcon_core.package_discovery:discover_packages(ignore) check parameters
[0.547s] Level 1:colcon.colcon_core.package_discovery:discover_packages(path) check parameters
[0.547s] Level 1:colcon.colcon_core.package_discovery:discover_packages(colcon_meta) discover
[0.547s] Level 1:colcon.colcon_core.package_discovery:discover_packages(recursive) discover
[0.547s] INFO:colcon.colcon_core.package_discovery:Crawling recursively for packages in '/home/bizare/Desktop/Robotics_System'
[0.547s] Level 1:colcon.colcon_core.package_identification:_identify(.) by extensions ['ignore', 'ignore_ament_install']
[0.548s] Level 1:colcon.colcon_core.package_identification:_identify(.) by extension 'ignore'
[0.548s] Level 1:colcon.colcon_core.package_identification:_identify(.) by extension 'ignore_ament_install'
[0.548s] Level 1:colcon.colcon_core.package_identification:_identify(.) by extensions ['colcon_pkg']
[0.548s] Level 1:colcon.colcon_core.package_identification:_identify(.) by extension 'colcon_pkg'
[0.548s] Level 1:colcon.colcon_core.package_identification:_identify(.) by extensions ['colcon_meta']
[0.548s] Level 1:colcon.colcon_core.package_identification:_identify(.) by extension 'colcon_meta'
[0.548s] Level 1:colcon.colcon_core.package_identification:_identify(.) by extensions ['ros']
[0.548s] Level 1:colcon.colcon_core.package_identification:_identify(.) by extension 'ros'
[0.565s] Level 1:colcon.colcon_core.package_identification:_identify(.) by extensions ['cmake', 'python']
[0.566s] Level 1:colcon.colcon_core.package_identification:_identify(.) by extension 'cmake'
[0.566s] Level 1:colcon.colcon_core.package_identification:_identify(.) by extension 'python'
[0.566s] Level 1:colcon.colcon_core.package_identification:_identify(.) by extensions ['python_setup_py']
[0.566s] Level 1:colcon.colcon_core.package_identification:_identify(.) by extension 'python_setup_py'
[0.566s] Level 1:colcon.colcon_core.package_identification:_identify(build) by extensions ['ignore', 'ignore_ament_install']
[0.566s] Level 1:colcon.colcon_core.package_identification:_identify(build) by extension 'ignore'
[0.566s] Level 1:colcon.colcon_core.package_identification:_identify(build) ignored
[0.567s] Level 1:colcon.colcon_core.package_identification:_identify(cw1q4) by extensions ['ignore', 'ignore_ament_install']
[0.567s] Level 1:colcon.colcon_core.package_identification:_identify(cw1q4) by extension 'ignore'
[0.567s] Level 1:colcon.colcon_core.package_identification:_identify(cw1q4) by extension 'ignore_ament_install'
[0.567s] Level 1:colcon.colcon_core.package_identification:_identify(cw1q4) by extensions ['colcon_pkg']
[0.567s] Level 1:colcon.colcon_core.package_identification:_identify(cw1q4) by extension 'colcon_pkg'
[0.567s] Level 1:colcon.colcon_core.package_identification:_identify(cw1q4) by extensions ['colcon_meta']
[0.567s] Level 1:colcon.colcon_core.package_identification:_identify(cw1q4) by extension 'colcon_meta'
[0.567s] Level 1:colcon.colcon_core.package_identification:_identify(cw1q4) by extensions ['ros']
[0.567s] Level 1:colcon.colcon_core.package_identification:_identify(cw1q4) by extension 'ros'
[0.571s] DEBUG:colcon.colcon_core.package_identification:Package 'cw1q4' with type 'ros.ament_python' and name 'cw1q4'
[0.571s] Level 1:colcon.colcon_core.package_identification:_identify(cw1q4_interfaces) by extensions ['ignore', 'ignore_ament_install']
[0.572s] Level 1:colcon.colcon_core.package_identification:_identify(cw1q4_interfaces) by extension 'ignore'
[0.572s] Level 1:colcon.colcon_core.package_identification:_identify(cw1q4_interfaces) by extension 'ignore_ament_install'
[0.572s] Level 1:colcon.colcon_core.package_identification:_identify(cw1q4_interfaces) by extensions ['colcon_pkg']
[0.572s] Level 1:colcon.colcon_core.package_identification:_identify(cw1q4_interfaces) by extension 'colcon_pkg'
[0.572s] Level 1:colcon.colcon_core.package_identification:_identify(cw1q4_interfaces) by extensions ['colcon_meta']
[0.572s] Level 1:colcon.colcon_core.package_identification:_identify(cw1q4_interfaces) by extension 'colcon_meta'
[0.572s] Level 1:colcon.colcon_core.package_identification:_identify(cw1q4_interfaces) by extensions ['ros']
[0.572s] Level 1:colcon.colcon_core.package_identification:_identify(cw1q4_interfaces) by extension 'ros'
[0.573s] DEBUG:colcon.colcon_core.package_identification:Package 'cw1q4_interfaces' with type 'ros.ament_cmake' and name 'cw1q4_interfaces'
[0.573s] Level 1:colcon.colcon_core.package_identification:_identify(cw1q5) by extensions ['ignore', 'ignore_ament_install']
[0.574s] Level 1:colcon.colcon_core.package_identification:_identify(cw1q5) by extension 'ignore'
[0.574s] Level 1:colcon.colcon_core.package_identification:_identify(cw1q5) by extension 'ignore_ament_install'
[0.574s] Level 1:colcon.colcon_core.package_identification:_identify(cw1q5) by extensions ['colcon_pkg']
[0.574s] Level 1:colcon.colcon_core.package_identification:_identify(cw1q5) by extension 'colcon_pkg'
[0.574s] Level 1:colcon.colcon_core.package_identification:_identify(cw1q5) by extensions ['colcon_meta']
[0.574s] Level 1:colcon.colcon_core.package_identification:_identify(cw1q5) by extension 'colcon_meta'
[0.574s] Level 1:colcon.colcon_core.package_identification:_identify(cw1q5) by extensions ['ros']
[0.574s] Level 1:colcon.colcon_core.package_identification:_identify(cw1q5) by extension 'ros'
[0.575s] DEBUG:colcon.colcon_core.package_identification:Package 'cw1q5' with type 'ros.ament_python' and name 'cw1q5'
[0.575s] Level 1:colcon.colcon_core.package_identification:_identify(cw1q9) by extensions ['ignore', 'ignore_ament_install']
[0.576s] Level 1:colcon.colcon_core.package_identification:_identify(cw1q9) by extension 'ignore'
[0.576s] Level 1:colcon.colcon_core.package_identification:_identify(cw1q9) by extension 'ignore_ament_install'
[0.576s] Level 1:colcon.colcon_core.package_identification:_identify(cw1q9) by extensions ['colcon_pkg']
[0.576s] Level 1:colcon.colcon_core.package_identification:_identify(cw1q9) by extension 'colcon_pkg'
[0.576s] Level 1:colcon.colcon_core.package_identification:_identify(cw1q9) by extensions ['colcon_meta']
[0.576s] Level 1:colcon.colcon_core.package_identification:_identify(cw1q9) by extension 'colcon_meta'
[0.576s] Level 1:colcon.colcon_core.package_identification:_identify(cw1q9) by extensions ['ros']
[0.576s] Level 1:colcon.colcon_core.package_identification:_identify(cw1q9) by extension 'ros'
[0.578s] DEBUG:colcon.colcon_core.package_identification:Package 'cw1q9' with type 'ros.ament_python' and name 'cw1q9'
[0.578s] Level 1:colcon.colcon_core.package_identification:_identify(install) by extensions ['ignore', 'ignore_ament_install']
[0.578s] Level 1:colcon.colcon_core.package_identification:_identify(install) by extension 'ignore'
[0.578s] Level 1:colcon.colcon_core.package_identification:_identify(install) ignored
[0.579s] Level 1:colcon.colcon_core.package_identification:_identify(log) by extensions ['ignore', 'ignore_ament_install']
[0.579s] Level 1:colcon.colcon_core.package_identification:_identify(log) by extension 'ignore'
[0.579s] Level 1:colcon.colcon_core.package_identification:_identify(log) ignored
[0.579s] Level 1:colcon.colcon_core.package_identification:_identify(pic) by extensions ['ignore', 'ignore_ament_install']
[0.579s] Level 1:colcon.colcon_core.package_identification:_identify(pic) by extension 'ignore'
[0.579s] Level 1:colcon.colcon_core.package_identification:_identify(pic) by extension 'ignore_ament_install'
[0.579s] Level 1:colcon.colcon_core.package_identification:_identify(pic) by extensions ['colcon_pkg']
[0.579s] Level 1:colcon.colcon_core.package_identification:_identify(pic) by extension 'colcon_pkg'
[0.580s] Level 1:colcon.colcon_core.package_identification:_identify(pic) by extensions ['colcon_meta']
[0.580s] Level 1:colcon.colcon_core.package_identification:_identify(pic) by extension 'colcon_meta'
[0.580s] Level 1:colcon.colcon_core.package_identification:_identify(pic) by extensions ['ros']
[0.580s] Level 1:colcon.colcon_core.package_identification:_identify(pic) by extension 'ros'
[0.580s] Level 1:colcon.colcon_core.package_identification:_identify(pic) by extensions ['cmake', 'python']
[0.580s] Level 1:colcon.colcon_core.package_identification:_identify(pic) by extension 'cmake'
[0.580s] Level 1:colcon.colcon_core.package_identification:_identify(pic) by extension 'python'
[0.580s] Level 1:colcon.colcon_core.package_identification:_identify(pic) by extensions ['python_setup_py']
[0.580s] Level 1:colcon.colcon_core.package_identification:_identify(pic) by extension 'python_setup_py'
[0.580s] Level 1:colcon.colcon_core.package_identification:_identify(robot_description) by extensions ['ignore', 'ignore_ament_install']
[0.581s] Level 1:colcon.colcon_core.package_identification:_identify(robot_description) by extension 'ignore'
[0.581s] Level 1:colcon.colcon_core.package_identification:_identify(robot_description) by extension 'ignore_ament_install'
[0.581s] Level 1:colcon.colcon_core.package_identification:_identify(robot_description) by extensions ['colcon_pkg']
[0.581s] Level 1:colcon.colcon_core.package_identification:_identify(robot_description) by extension 'colcon_pkg'
[0.581s] Level 1:colcon.colcon_core.package_identification:_identify(robot_description) by extensions ['colcon_meta']
[0.581s] Level 1:colcon.colcon_core.package_identification:_identify(robot_description) by extension 'colcon_meta'
[0.581s] Level 1:colcon.colcon_core.package_identification:_identify(robot_description) by extensions ['ros']
[0.581s] Level 1:colcon.colcon_core.package_identification:_identify(robot_description) by extension 'ros'
[0.581s] Level 1:colcon.colcon_core.package_identification:_identify(robot_description) by extensions ['cmake', 'python']
[0.581s] Level 1:colcon.colcon_core.package_identification:_identify(robot_description) by extension 'cmake'
[0.581s] Level 1:colcon.colcon_core.package_identification:_identify(robot_description) by extension 'python'
[0.581s] Level 1:colcon.colcon_core.package_identification:_identify(robot_description) by extensions ['python_setup_py']
[0.581s] Level 1:colcon.colcon_core.package_identification:_identify(robot_description) by extension 'python_setup_py'
[0.582s] Level 1:colcon.colcon_core.package_identification:_identify(robot_description/open_manipulator_description) by extensions ['ignore', 'ignore_ament_install']
[0.582s] Level 1:colcon.colcon_core.package_identification:_identify(robot_description/open_manipulator_description) by extension 'ignore'
[0.582s] Level 1:colcon.colcon_core.package_identification:_identify(robot_description/open_manipulator_description) by extension 'ignore_ament_install'
[0.582s] Level 1:colcon.colcon_core.package_identification:_identify(robot_description/open_manipulator_description) by extensions ['colcon_pkg']
[0.582s] Level 1:colcon.colcon_core.package_identification:_identify(robot_description/open_manipulator_description) by extension 'colcon_pkg'
[0.582s] Level 1:colcon.colcon_core.package_identification:_identify(robot_description/open_manipulator_description) by extensions ['colcon_meta']
[0.582s] Level 1:colcon.colcon_core.package_identification:_identify(robot_description/open_manipulator_description) by extension 'colcon_meta'
[0.582s] Level 1:colcon.colcon_core.package_identification:_identify(robot_description/open_manipulator_description) by extensions ['ros']
[0.582s] Level 1:colcon.colcon_core.package_identification:_identify(robot_description/open_manipulator_description) by extension 'ros'
[0.584s] DEBUG:colcon.colcon_core.package_identification:Package 'robot_description/open_manipulator_description' with type 'ros.ament_cmake' and name 'open_manipulator_description'
[0.584s] Level 1:colcon.colcon_core.package_identification:_identify(robot_description/youbot_description) by extensions ['ignore', 'ignore_ament_install']
[0.584s] Level 1:colcon.colcon_core.package_identification:_identify(robot_description/youbot_description) by extension 'ignore'
[0.584s] Level 1:colcon.colcon_core.package_identification:_identify(robot_description/youbot_description) by extension 'ignore_ament_install'
[0.584s] Level 1:colcon.colcon_core.package_identification:_identify(robot_description/youbot_description) by extensions ['colcon_pkg']
[0.584s] Level 1:colcon.colcon_core.package_identification:_identify(robot_description/youbot_description) by extension 'colcon_pkg'
[0.584s] Level 1:colcon.colcon_core.package_identification:_identify(robot_description/youbot_description) by extensions ['colcon_meta']
[0.585s] Level 1:colcon.colcon_core.package_identification:_identify(robot_description/youbot_description) by extension 'colcon_meta'
[0.585s] Level 1:colcon.colcon_core.package_identification:_identify(robot_description/youbot_description) by extensions ['ros']
[0.585s] Level 1:colcon.colcon_core.package_identification:_identify(robot_description/youbot_description) by extension 'ros'
[0.586s] DEBUG:colcon.colcon_core.package_identification:Package 'robot_description/youbot_description' with type 'ros.ament_cmake' and name 'youbot_description'
[0.586s] Level 1:colcon.colcon_core.package_identification:_identify(youbot_simulator) by extensions ['ignore', 'ignore_ament_install']
[0.586s] Level 1:colcon.colcon_core.package_identification:_identify(youbot_simulator) by extension 'ignore'
[0.586s] Level 1:colcon.colcon_core.package_identification:_identify(youbot_simulator) by extension 'ignore_ament_install'
[0.586s] Level 1:colcon.colcon_core.package_identification:_identify(youbot_simulator) by extensions ['colcon_pkg']
[0.586s] Level 1:colcon.colcon_core.package_identification:_identify(youbot_simulator) by extension 'colcon_pkg'
[0.586s] Level 1:colcon.colcon_core.package_identification:_identify(youbot_simulator) by extensions ['colcon_meta']
[0.586s] Level 1:colcon.colcon_core.package_identification:_identify(youbot_simulator) by extension 'colcon_meta'
[0.587s] Level 1:colcon.colcon_core.package_identification:_identify(youbot_simulator) by extensions ['ros']
[0.587s] Level 1:colcon.colcon_core.package_identification:_identify(youbot_simulator) by extension 'ros'
[0.588s] DEBUG:colcon.colcon_core.package_identification:Package 'youbot_simulator' with type 'ros.ament_cmake' and name 'youbot_simulator'
[0.588s] Level 1:colcon.colcon_core.package_discovery:discover_packages(recursive) using defaults
[0.588s] Level 1:colcon.colcon_core.package_discovery:discover_packages(ignore) discover
[0.588s] Level 1:colcon.colcon_core.package_discovery:discover_packages(ignore) using defaults
[0.588s] Level 1:colcon.colcon_core.package_discovery:discover_packages(path) discover
[0.588s] Level 1:colcon.colcon_core.package_discovery:discover_packages(path) using defaults
[0.614s] Level 1:colcon.colcon_core.package_discovery:discover_packages(prefix_path) check parameters
[0.614s] Level 1:colcon.colcon_core.package_discovery:discover_packages(prefix_path) discover
[0.618s] DEBUG:colcon.colcon_installed_package_information.package_discovery:Found 7 installed packages in /home/bizare/Desktop/Robotics_System/install
[0.620s] DEBUG:colcon.colcon_installed_package_information.package_discovery:Found 267 installed packages in /opt/ros/foxy
[0.622s] Level 1:colcon.colcon_core.package_discovery:discover_packages(prefix_path) using defaults
[0.736s] Level 5:colcon.colcon_core.verb:set package 'cw1q4' build argument 'cmake_args' from command line to 'None'
[0.737s] Level 5:colcon.colcon_core.verb:set package 'cw1q4' build argument 'cmake_target' from command line to 'None'
[0.737s] Level 5:colcon.colcon_core.verb:set package 'cw1q4' build argument 'cmake_target_skip_unavailable' from command line to 'False'
[0.737s] Level 5:colcon.colcon_core.verb:set package 'cw1q4' build argument 'cmake_clean_cache' from command line to 'False'
[0.737s] Level 5:colcon.colcon_core.verb:set package 'cw1q4' build argument 'cmake_clean_first' from command line to 'False'
[0.737s] Level 5:colcon.colcon_core.verb:set package 'cw1q4' build argument 'cmake_force_configure' from command line to 'False'
[0.737s] Level 5:colcon.colcon_core.verb:set package 'cw1q4' build argument 'ament_cmake_args' from command line to 'None'
[0.737s] Level 5:colcon.colcon_core.verb:set package 'cw1q4' build argument 'catkin_cmake_args' from command line to 'None'
[0.737s] Level 5:colcon.colcon_core.verb:set package 'cw1q4' build argument 'catkin_skip_building_tests' from command line to 'False'
[0.737s] DEBUG:colcon.colcon_core.verb:Building package 'cw1q4' with the following arguments: {'ament_cmake_args': None, 'build_base': '/home/bizare/Desktop/Robotics_System/build/cw1q4', 'catkin_cmake_args': None, 'catkin_skip_building_tests': False, 'cmake_args': None, 'cmake_clean_cache': False, 'cmake_clean_first': False, 'cmake_force_configure': False, 'cmake_target': None, 'cmake_target_skip_unavailable': False, 'install_base': '/home/bizare/Desktop/Robotics_System/install/cw1q4', 'merge_install': False, 'path': '/home/bizare/Desktop/Robotics_System/cw1q4', 'symlink_install': False, 'test_result_base': None}
[0.738s] Level 5:colcon.colcon_core.verb:set package 'cw1q4_interfaces' build argument 'cmake_args' from command line to 'None'
[0.738s] Level 5:colcon.colcon_core.verb:set package 'cw1q4_interfaces' build argument 'cmake_target' from command line to 'None'
[0.738s] Level 5:colcon.colcon_core.verb:set package 'cw1q4_interfaces' build argument 'cmake_target_skip_unavailable' from command line to 'False'
[0.738s] Level 5:colcon.colcon_core.verb:set package 'cw1q4_interfaces' build argument 'cmake_clean_cache' from command line to 'False'
[0.738s] Level 5:colcon.colcon_core.verb:set package 'cw1q4_interfaces' build argument 'cmake_clean_first' from command line to 'False'
[0.738s] Level 5:colcon.colcon_core.verb:set package 'cw1q4_interfaces' build argument 'cmake_force_configure' from command line to 'False'
[0.738s] Level 5:colcon.colcon_core.verb:set package 'cw1q4_interfaces' build argument 'ament_cmake_args' from command line to 'None'
[0.738s] Level 5:colcon.colcon_core.verb:set package 'cw1q4_interfaces' build argument 'catkin_cmake_args' from command line to 'None'
[0.738s] Level 5:colcon.colcon_core.verb:set package 'cw1q4_interfaces' build argument 'catkin_skip_building_tests' from command line to 'False'
[0.738s] DEBUG:colcon.colcon_core.verb:Building package 'cw1q4_interfaces' with the following arguments: {'ament_cmake_args': None, 'build_base': '/home/bizare/Desktop/Robotics_System/build/cw1q4_interfaces', 'catkin_cmake_args': None, 'catkin_skip_building_tests': False, 'cmake_args': None, 'cmake_clean_cache': False, 'cmake_clean_first': False, 'cmake_force_configure': False, 'cmake_target': None, 'cmake_target_skip_unavailable': False, 'install_base': '/home/bizare/Desktop/Robotics_System/install/cw1q4_interfaces', 'merge_install': False, 'path': '/home/bizare/Desktop/Robotics_System/cw1q4_interfaces', 'symlink_install': False, 'test_result_base': None}
[0.739s] Level 5:colcon.colcon_core.verb:set package 'cw1q9' build argument 'cmake_args' from command line to 'None'
[0.739s] Level 5:colcon.colcon_core.verb:set package 'cw1q9' build argument 'cmake_target' from command line to 'None'
[0.739s] Level 5:colcon.colcon_core.verb:set package 'cw1q9' build argument 'cmake_target_skip_unavailable' from command line to 'False'
[0.739s] Level 5:colcon.colcon_core.verb:set package 'cw1q9' build argument 'cmake_clean_cache' from command line to 'False'
[0.739s] Level 5:colcon.colcon_core.verb:set package 'cw1q9' build argument 'cmake_clean_first' from command line to 'False'
[0.739s] Level 5:colcon.colcon_core.verb:set package 'cw1q9' build argument 'cmake_force_configure' from command line to 'False'
[0.739s] Level 5:colcon.colcon_core.verb:set package 'cw1q9' build argument 'ament_cmake_args' from command line to 'None'
[0.739s] Level 5:colcon.colcon_core.verb:set package 'cw1q9' build argument 'catkin_cmake_args' from command line to 'None'
[0.739s] Level 5:colcon.colcon_core.verb:set package 'cw1q9' build argument 'catkin_skip_building_tests' from command line to 'False'
[0.739s] DEBUG:colcon.colcon_core.verb:Building package 'cw1q9' with the following arguments: {'ament_cmake_args': None, 'build_base': '/home/bizare/Desktop/Robotics_System/build/cw1q9', 'catkin_cmake_args': None, 'catkin_skip_building_tests': False, 'cmake_args': None, 'cmake_clean_cache': False, 'cmake_clean_first': False, 'cmake_force_configure': False, 'cmake_target': None, 'cmake_target_skip_unavailable': False, 'install_base': '/home/bizare/Desktop/Robotics_System/install/cw1q9', 'merge_install': False, 'path': '/home/bizare/Desktop/Robotics_System/cw1q9', 'symlink_install': False, 'test_result_base': None}
[0.740s] Level 5:colcon.colcon_core.verb:set package 'open_manipulator_description' build argument 'cmake_args' from command line to 'None'
[0.740s] Level 5:colcon.colcon_core.verb:set package 'open_manipulator_description' build argument 'cmake_target' from command line to 'None'
[0.740s] Level 5:colcon.colcon_core.verb:set package 'open_manipulator_description' build argument 'cmake_target_skip_unavailable' from command line to 'False'
[0.740s] Level 5:colcon.colcon_core.verb:set package 'open_manipulator_description' build argument 'cmake_clean_cache' from command line to 'False'
[0.740s] Level 5:colcon.colcon_core.verb:set package 'open_manipulator_description' build argument 'cmake_clean_first' from command line to 'False'
[0.740s] Level 5:colcon.colcon_core.verb:set package 'open_manipulator_description' build argument 'cmake_force_configure' from command line to 'False'
[0.740s] Level 5:colcon.colcon_core.verb:set package 'open_manipulator_description' build argument 'ament_cmake_args' from command line to 'None'
[0.740s] Level 5:colcon.colcon_core.verb:set package 'open_manipulator_description' build argument 'catkin_cmake_args' from command line to 'None'
[0.740s] Level 5:colcon.colcon_core.verb:set package 'open_manipulator_description' build argument 'catkin_skip_building_tests' from command line to 'False'
[0.740s] DEBUG:colcon.colcon_core.verb:Building package 'open_manipulator_description' with the following arguments: {'ament_cmake_args': None, 'build_base': '/home/bizare/Desktop/Robotics_System/build/open_manipulator_description', 'catkin_cmake_args': None, 'catkin_skip_building_tests': False, 'cmake_args': None, 'cmake_clean_cache': False, 'cmake_clean_first': False, 'cmake_force_configure': False, 'cmake_target': None, 'cmake_target_skip_unavailable': False, 'install_base': '/home/bizare/Desktop/Robotics_System/install/open_manipulator_description', 'merge_install': False, 'path': '/home/bizare/Desktop/Robotics_System/robot_description/open_manipulator_description', 'symlink_install': False, 'test_result_base': None}
[0.741s] Level 5:colcon.colcon_core.verb:set package 'youbot_description' build argument 'cmake_args' from command line to 'None'
[0.741s] Level 5:colcon.colcon_core.verb:set package 'youbot_description' build argument 'cmake_target' from command line to 'None'
[0.741s] Level 5:colcon.colcon_core.verb:set package 'youbot_description' build argument 'cmake_target_skip_unavailable' from command line to 'False'
[0.741s] Level 5:colcon.colcon_core.verb:set package 'youbot_description' build argument 'cmake_clean_cache' from command line to 'False'
[0.741s] Level 5:colcon.colcon_core.verb:set package 'youbot_description' build argument 'cmake_clean_first' from command line to 'False'
[0.741s] Level 5:colcon.colcon_core.verb:set package 'youbot_description' build argument 'cmake_force_configure' from command line to 'False'
[0.741s] Level 5:colcon.colcon_core.verb:set package 'youbot_description' build argument 'ament_cmake_args' from command line to 'None'
[0.741s] Level 5:colcon.colcon_core.verb:set package 'youbot_description' build argument 'catkin_cmake_args' from command line to 'None'
[0.741s] Level 5:colcon.colcon_core.verb:set package 'youbot_description' build argument 'catkin_skip_building_tests' from command line to 'False'
[0.741s] DEBUG:colcon.colcon_core.verb:Building package 'youbot_description' with the following arguments: {'ament_cmake_args': None, 'build_base': '/home/bizare/Desktop/Robotics_System/build/youbot_description', 'catkin_cmake_args': None, 'catkin_skip_building_tests': False, 'cmake_args': None, 'cmake_clean_cache': False, 'cmake_clean_first': False, 'cmake_force_configure': False, 'cmake_target': None, 'cmake_target_skip_unavailable': False, 'install_base': '/home/bizare/Desktop/Robotics_System/install/youbot_description', 'merge_install': False, 'path': '/home/bizare/Desktop/Robotics_System/robot_description/youbot_description', 'symlink_install': False, 'test_result_base': None}
[0.742s] Level 5:colcon.colcon_core.verb:set package 'youbot_simulator' build argument 'cmake_args' from command line to 'None'
[0.742s] Level 5:colcon.colcon_core.verb:set package 'youbot_simulator' build argument 'cmake_target' from command line to 'None'
[0.742s] Level 5:colcon.colcon_core.verb:set package 'youbot_simulator' build argument 'cmake_target_skip_unavailable' from command line to 'False'
[0.742s] Level 5:colcon.colcon_core.verb:set package 'youbot_simulator' build argument 'cmake_clean_cache' from command line to 'False'
[0.742s] Level 5:colcon.colcon_core.verb:set package 'youbot_simulator' build argument 'cmake_clean_first' from command line to 'False'
[0.742s] Level 5:colcon.colcon_core.verb:set package 'youbot_simulator' build argument 'cmake_force_configure' from command line to 'False'
[0.742s] Level 5:colcon.colcon_core.verb:set package 'youbot_simulator' build argument 'ament_cmake_args' from command line to 'None'
[0.742s] Level 5:colcon.colcon_core.verb:set package 'youbot_simulator' build argument 'catkin_cmake_args' from command line to 'None'
[0.742s] Level 5:colcon.colcon_core.verb:set package 'youbot_simulator' build argument 'catkin_skip_building_tests' from command line to 'False'
[0.742s] DEBUG:colcon.colcon_core.verb:Building package 'youbot_simulator' with the following arguments: {'ament_cmake_args': None, 'build_base': '/home/bizare/Desktop/Robotics_System/build/youbot_simulator', 'catkin_cmake_args': None, 'catkin_skip_building_tests': False, 'cmake_args': None, 'cmake_clean_cache': False, 'cmake_clean_first': False, 'cmake_force_configure': False, 'cmake_target': None, 'cmake_target_skip_unavailable': False, 'install_base': '/home/bizare/Desktop/Robotics_System/install/youbot_simulator', 'merge_install': False, 'path': '/home/bizare/Desktop/Robotics_System/youbot_simulator', 'symlink_install': False, 'test_result_base': None}
[0.743s] Level 5:colcon.colcon_core.verb:set package 'cw1q5' build argument 'cmake_args' from command line to 'None'
[0.743s] Level 5:colcon.colcon_core.verb:set package 'cw1q5' build argument 'cmake_target' from command line to 'None'
[0.743s] Level 5:colcon.colcon_core.verb:set package 'cw1q5' build argument 'cmake_target_skip_unavailable' from command line to 'False'
[0.743s] Level 5:colcon.colcon_core.verb:set package 'cw1q5' build argument 'cmake_clean_cache' from command line to 'False'
[0.743s] Level 5:colcon.colcon_core.verb:set package 'cw1q5' build argument 'cmake_clean_first' from command line to 'False'
[0.743s] Level 5:colcon.colcon_core.verb:set package 'cw1q5' build argument 'cmake_force_configure' from command line to 'False'
[0.743s] Level 5:colcon.colcon_core.verb:set package 'cw1q5' build argument 'ament_cmake_args' from command line to 'None'
[0.744s] Level 5:colcon.colcon_core.verb:set package 'cw1q5' build argument 'catkin_cmake_args' from command line to 'None'
[0.744s] Level 5:colcon.colcon_core.verb:set package 'cw1q5' build argument 'catkin_skip_building_tests' from command line to 'False'
[0.744s] DEBUG:colcon.colcon_core.verb:Building package 'cw1q5' with the following arguments: {'ament_cmake_args': None, 'build_base': '/home/bizare/Desktop/Robotics_System/build/cw1q5', 'catkin_cmake_args': None, 'catkin_skip_building_tests': False, 'cmake_args': None, 'cmake_clean_cache': False, 'cmake_clean_first': False, 'cmake_force_configure': False, 'cmake_target': None, 'cmake_target_skip_unavailable': False, 'install_base': '/home/bizare/Desktop/Robotics_System/install/cw1q5', 'merge_install': False, 'path': '/home/bizare/Desktop/Robotics_System/cw1q5', 'symlink_install': False, 'test_result_base': None}
[0.744s] INFO:colcon.colcon_core.executor:Executing jobs using 'parallel' executor
[0.745s] DEBUG:colcon.colcon_parallel_executor.executor.parallel:run_until_complete
[0.746s] INFO:colcon.colcon_ros.task.ament_cmake.build:Building ROS package in '/home/bizare/Desktop/Robotics_System/robot_description/youbot_description' with build type 'ament_cmake'
[0.746s] INFO:colcon.colcon_cmake.task.cmake.build:Building CMake package in '/home/bizare/Desktop/Robotics_System/robot_description/youbot_description'
[0.751s] INFO:colcon.colcon_core.plugin_system:Skipping extension 'colcon_core.shell.bat': Not used on non-Windows systems
[0.752s] INFO:colcon.colcon_core.shell:Skip shell extension 'powershell' for command environment: Not usable outside of PowerShell
[0.752s] DEBUG:colcon.colcon_core.shell:Skip shell extension 'dsv' for command environment
[0.761s] INFO:colcon.colcon_ros.task.ament_python.build:Building ROS package in '/home/bizare/Desktop/Robotics_System/cw1q4' with build type 'ament_python'
[0.761s] Level 1:colcon.colcon_core.shell:create_environment_hook('cw1q4', 'ament_prefix_path')
[0.762s] INFO:colcon.colcon_core.shell:Creating environment hook '/home/bizare/Desktop/Robotics_System/install/cw1q4/share/cw1q4/hook/ament_prefix_path.ps1'
[0.764s] INFO:colcon.colcon_core.shell:Creating environment descriptor '/home/bizare/Desktop/Robotics_System/install/cw1q4/share/cw1q4/hook/ament_prefix_path.dsv'
[0.765s] INFO:colcon.colcon_core.shell:Creating environment hook '/home/bizare/Desktop/Robotics_System/install/cw1q4/share/cw1q4/hook/ament_prefix_path.sh'
[0.766s] INFO:colcon.colcon_core.shell:Skip shell extension 'powershell' for command environment: Not usable outside of PowerShell
[0.767s] DEBUG:colcon.colcon_core.shell:Skip shell extension 'dsv' for command environment
[0.778s] INFO:colcon.colcon_ros.task.ament_cmake.build:Building ROS package in '/home/bizare/Desktop/Robotics_System/cw1q4_interfaces' with build type 'ament_cmake'
[0.778s] INFO:colcon.colcon_cmake.task.cmake.build:Building CMake package in '/home/bizare/Desktop/Robotics_System/cw1q4_interfaces'
[0.779s] INFO:colcon.colcon_core.shell:Skip shell extension 'powershell' for command environment: Not usable outside of PowerShell
[0.779s] DEBUG:colcon.colcon_core.shell:Skip shell extension 'dsv' for command environment
[0.789s] INFO:colcon.colcon_ros.task.ament_python.build:Building ROS package in '/home/bizare/Desktop/Robotics_System/cw1q9' with build type 'ament_python'
[0.789s] Level 1:colcon.colcon_core.shell:create_environment_hook('cw1q9', 'ament_prefix_path')
[0.790s] INFO:colcon.colcon_core.shell:Creating environment hook '/home/bizare/Desktop/Robotics_System/install/cw1q9/share/cw1q9/hook/ament_prefix_path.ps1'
[0.792s] INFO:colcon.colcon_core.shell:Creating environment descriptor '/home/bizare/Desktop/Robotics_System/install/cw1q9/share/cw1q9/hook/ament_prefix_path.dsv'
[0.792s] INFO:colcon.colcon_core.shell:Creating environment hook '/home/bizare/Desktop/Robotics_System/install/cw1q9/share/cw1q9/hook/ament_prefix_path.sh'
[0.794s] INFO:colcon.colcon_core.shell:Skip shell extension 'powershell' for command environment: Not usable outside of PowerShell
[0.794s] DEBUG:colcon.colcon_core.shell:Skip shell extension 'dsv' for command environment
[0.803s] INFO:colcon.colcon_ros.task.ament_cmake.build:Building ROS package in '/home/bizare/Desktop/Robotics_System/robot_description/open_manipulator_description' with build type 'ament_cmake'
[0.803s] INFO:colcon.colcon_cmake.task.cmake.build:Building CMake package in '/home/bizare/Desktop/Robotics_System/robot_description/open_manipulator_description'
[0.804s] INFO:colcon.colcon_core.shell:Skip shell extension 'powershell' for command environment: Not usable outside of PowerShell
[0.804s] DEBUG:colcon.colcon_core.shell:Skip shell extension 'dsv' for command environment
[0.821s] DEBUG:colcon.colcon_core.event_handler.log_command:Invoking command in '/home/bizare/Desktop/Robotics_System/build/youbot_description': CMAKE_PREFIX_PATH=/home/bizare/Desktop/Robotics_System/install/youbot_simulator:/home/bizare/Desktop/Robotics_System/install/cw1q5:/home/bizare/Desktop/Robotics_System/install/cw1q9:/home/bizare/Desktop/Robotics_System/install/cw1q4:/opt/ros/foxy:/home/bizare/Desktop/Robotics_System/install/youbot_description:/home/bizare/Desktop/Robotics_System/install/open_manipulator_description:/home/bizare/Desktop/Robotics_System/install/cw1q4_interfaces /usr/bin/cmake --build /home/bizare/Desktop/Robotics_System/build/youbot_description -- -j8 -l8
[1.188s] INFO:colcon.colcon_core.task.python.build:Building Python package in '/home/bizare/Desktop/Robotics_System/cw1q4'
[1.189s] INFO:colcon.colcon_core.shell:Skip shell extension 'powershell' for command environment: Not usable outside of PowerShell
[1.189s] DEBUG:colcon.colcon_core.shell:Skip shell extension 'dsv' for command environment
[1.209s] DEBUG:colcon.colcon_core.event_handler.log_command:Invoking command in '/home/bizare/Desktop/Robotics_System/build/cw1q4_interfaces': CMAKE_PREFIX_PATH=/home/bizare/Desktop/Robotics_System/install/youbot_simulator:/home/bizare/Desktop/Robotics_System/install/cw1q5:/home/bizare/Desktop/Robotics_System/install/cw1q9:/home/bizare/Desktop/Robotics_System/install/cw1q4:/opt/ros/foxy:/home/bizare/Desktop/Robotics_System/install/youbot_description:/home/bizare/Desktop/Robotics_System/install/open_manipulator_description:/home/bizare/Desktop/Robotics_System/install/cw1q4_interfaces /usr/bin/cmake --build /home/bizare/Desktop/Robotics_System/build/cw1q4_interfaces -- -j8 -l8
[1.560s] INFO:colcon.colcon_core.task.python.build:Building Python package in '/home/bizare/Desktop/Robotics_System/cw1q9'
[1.561s] INFO:colcon.colcon_core.shell:Skip shell extension 'powershell' for command environment: Not usable outside of PowerShell
[1.561s] DEBUG:colcon.colcon_core.shell:Skip shell extension 'dsv' for command environment
[1.583s] DEBUG:colcon.colcon_core.event_handler.log_command:Invoked command in '/home/bizare/Desktop/Robotics_System/build/youbot_description' returned '0': CMAKE_PREFIX_PATH=/home/bizare/Desktop/Robotics_System/install/youbot_simulator:/home/bizare/Desktop/Robotics_System/install/cw1q5:/home/bizare/Desktop/Robotics_System/install/cw1q9:/home/bizare/Desktop/Robotics_System/install/cw1q4:/opt/ros/foxy:/home/bizare/Desktop/Robotics_System/install/youbot_description:/home/bizare/Desktop/Robotics_System/install/open_manipulator_description:/home/bizare/Desktop/Robotics_System/install/cw1q4_interfaces /usr/bin/cmake --build /home/bizare/Desktop/Robotics_System/build/youbot_description -- -j8 -l8
[1.603s] DEBUG:colcon.colcon_core.event_handler.log_command:Invoking command in '/home/bizare/Desktop/Robotics_System/build/youbot_description': CMAKE_PREFIX_PATH=/home/bizare/Desktop/Robotics_System/install/youbot_simulator:/home/bizare/Desktop/Robotics_System/install/cw1q5:/home/bizare/Desktop/Robotics_System/install/cw1q9:/home/bizare/Desktop/Robotics_System/install/cw1q4:/opt/ros/foxy:/home/bizare/Desktop/Robotics_System/install/youbot_description:/home/bizare/Desktop/Robotics_System/install/open_manipulator_description:/home/bizare/Desktop/Robotics_System/install/cw1q4_interfaces /usr/bin/cmake --install /home/bizare/Desktop/Robotics_System/build/youbot_description
[1.623s] DEBUG:colcon.colcon_core.event_handler.log_command:Invoking command in '/home/bizare/Desktop/Robotics_System/build/open_manipulator_description': CMAKE_PREFIX_PATH=/home/bizare/Desktop/Robotics_System/install/youbot_simulator:/home/bizare/Desktop/Robotics_System/install/cw1q5:/home/bizare/Desktop/Robotics_System/install/cw1q9:/home/bizare/Desktop/Robotics_System/install/cw1q4:/opt/ros/foxy:/home/bizare/Desktop/Robotics_System/install/youbot_description:/home/bizare/Desktop/Robotics_System/install/open_manipulator_description:/home/bizare/Desktop/Robotics_System/install/cw1q4_interfaces /usr/bin/cmake --build /home/bizare/Desktop/Robotics_System/build/open_manipulator_description -- -j8 -l8
[1.624s] DEBUG:colcon.colcon_core.event_handler.log_command:Invoked command in '/home/bizare/Desktop/Robotics_System/build/cw1q4_interfaces' returned '0': CMAKE_PREFIX_PATH=/home/bizare/Desktop/Robotics_System/install/youbot_simulator:/home/bizare/Desktop/Robotics_System/install/cw1q5:/home/bizare/Desktop/Robotics_System/install/cw1q9:/home/bizare/Desktop/Robotics_System/install/cw1q4:/opt/ros/foxy:/home/bizare/Desktop/Robotics_System/install/youbot_description:/home/bizare/Desktop/Robotics_System/install/open_manipulator_description:/home/bizare/Desktop/Robotics_System/install/cw1q4_interfaces /usr/bin/cmake --build /home/bizare/Desktop/Robotics_System/build/cw1q4_interfaces -- -j8 -l8
[1.625s] DEBUG:colcon.colcon_core.event_handler.log_command:Invoking command in '/home/bizare/Desktop/Robotics_System/build/cw1q4_interfaces': CMAKE_PREFIX_PATH=/home/bizare/Desktop/Robotics_System/install/youbot_simulator:/home/bizare/Desktop/Robotics_System/install/cw1q5:/home/bizare/Desktop/Robotics_System/install/cw1q9:/home/bizare/Desktop/Robotics_System/install/cw1q4:/opt/ros/foxy:/home/bizare/Desktop/Robotics_System/install/youbot_description:/home/bizare/Desktop/Robotics_System/install/open_manipulator_description:/home/bizare/Desktop/Robotics_System/install/cw1q4_interfaces /usr/bin/cmake --install /home/bizare/Desktop/Robotics_System/build/cw1q4_interfaces
[1.667s] Level 1:colcon.colcon_core.environment:create_environment_scripts_only(youbot_description)
[1.680s] DEBUG:colcon.colcon_core.event_handler.log_command:Invoked command in '/home/bizare/Desktop/Robotics_System/build/youbot_description' returned '0': CMAKE_PREFIX_PATH=/home/bizare/Desktop/Robotics_System/install/youbot_simulator:/home/bizare/Desktop/Robotics_System/install/cw1q5:/home/bizare/Desktop/Robotics_System/install/cw1q9:/home/bizare/Desktop/Robotics_System/install/cw1q4:/opt/ros/foxy:/home/bizare/Desktop/Robotics_System/install/youbot_description:/home/bizare/Desktop/Robotics_System/install/open_manipulator_description:/home/bizare/Desktop/Robotics_System/install/cw1q4_interfaces /usr/bin/cmake --install /home/bizare/Desktop/Robotics_System/build/youbot_description
[1.683s] Level 1:colcon.colcon_core.environment:checking '/home/bizare/Desktop/Robotics_System/install/youbot_description' for CMake module files
[1.684s] Level 1:colcon.colcon_core.environment:checking '/home/bizare/Desktop/Robotics_System/install/youbot_description' for CMake config files
[1.684s] Level 1:colcon.colcon_core.shell:create_environment_hook('youbot_description', 'cmake_prefix_path')
[1.685s] INFO:colcon.colcon_core.shell:Creating environment hook '/home/bizare/Desktop/Robotics_System/install/youbot_description/share/youbot_description/hook/cmake_prefix_path.ps1'
[1.686s] INFO:colcon.colcon_core.shell:Creating environment descriptor '/home/bizare/Desktop/Robotics_System/install/youbot_description/share/youbot_description/hook/cmake_prefix_path.dsv'
[1.686s] INFO:colcon.colcon_core.shell:Creating environment hook '/home/bizare/Desktop/Robotics_System/install/youbot_description/share/youbot_description/hook/cmake_prefix_path.sh'
[1.688s] Level 1:colcon.colcon_core.environment:checking '/home/bizare/Desktop/Robotics_System/install/youbot_description/bin'
[1.688s] Level 1:colcon.colcon_core.environment:checking '/home/bizare/Desktop/Robotics_System/install/youbot_description/lib/pkgconfig/youbot_description.pc'
[1.688s] Level 1:colcon.colcon_core.environment:checking '/home/bizare/Desktop/Robotics_System/install/youbot_description/lib/python3.8/site-packages'
[1.689s] Level 1:colcon.colcon_core.environment:checking '/home/bizare/Desktop/Robotics_System/install/youbot_description/bin'
[1.689s] INFO:colcon.colcon_core.shell:Creating package script '/home/bizare/Desktop/Robotics_System/install/youbot_description/share/youbot_description/package.ps1'
[1.691s] INFO:colcon.colcon_core.shell:Creating package descriptor '/home/bizare/Desktop/Robotics_System/install/youbot_description/share/youbot_description/package.dsv'
[1.692s] INFO:colcon.colcon_core.shell:Creating package script '/home/bizare/Desktop/Robotics_System/install/youbot_description/share/youbot_description/package.sh'
[1.693s] INFO:colcon.colcon_core.shell:Creating package script '/home/bizare/Desktop/Robotics_System/install/youbot_description/share/youbot_description/package.bash'
[1.694s] INFO:colcon.colcon_core.shell:Creating package script '/home/bizare/Desktop/Robotics_System/install/youbot_description/share/youbot_description/package.zsh'
[1.696s] Level 1:colcon.colcon_core.environment:create_file_with_runtime_dependencies(/home/bizare/Desktop/Robotics_System/install/youbot_description/share/colcon-core/packages/youbot_description)
[1.697s] Level 1:colcon.colcon_core.environment:create_environment_scripts_only(youbot_description)
[1.697s] Level 1:colcon.colcon_core.environment:checking '/home/bizare/Desktop/Robotics_System/install/youbot_description' for CMake module files
[1.698s] Level 1:colcon.colcon_core.environment:checking '/home/bizare/Desktop/Robotics_System/install/youbot_description' for CMake config files
[1.699s] Level 1:colcon.colcon_core.shell:create_environment_hook('youbot_description', 'cmake_prefix_path')
[1.699s] INFO:colcon.colcon_core.shell:Creating environment hook '/home/bizare/Desktop/Robotics_System/install/youbot_description/share/youbot_description/hook/cmake_prefix_path.ps1'
[1.700s] INFO:colcon.colcon_core.shell:Creating environment descriptor '/home/bizare/Desktop/Robotics_System/install/youbot_description/share/youbot_description/hook/cmake_prefix_path.dsv'
[1.700s] INFO:colcon.colcon_core.shell:Creating environment hook '/home/bizare/Desktop/Robotics_System/install/youbot_description/share/youbot_description/hook/cmake_prefix_path.sh'
[1.702s] Level 1:colcon.colcon_core.environment:checking '/home/bizare/Desktop/Robotics_System/install/youbot_description/bin'
[1.702s] Level 1:colcon.colcon_core.environment:checking '/home/bizare/Desktop/Robotics_System/install/youbot_description/lib/pkgconfig/youbot_description.pc'
[1.702s] Level 1:colcon.colcon_core.environment:checking '/home/bizare/Desktop/Robotics_System/install/youbot_description/lib/python3.8/site-packages'
[1.702s] Level 1:colcon.colcon_core.environment:checking '/home/bizare/Desktop/Robotics_System/install/youbot_description/bin'
[1.703s] INFO:colcon.colcon_core.shell:Creating package script '/home/bizare/Desktop/Robotics_System/install/youbot_description/share/youbot_description/package.ps1'
[1.704s] INFO:colcon.colcon_core.shell:Creating package descriptor '/home/bizare/Desktop/Robotics_System/install/youbot_description/share/youbot_description/package.dsv'
[1.705s] INFO:colcon.colcon_core.shell:Creating package script '/home/bizare/Desktop/Robotics_System/install/youbot_description/share/youbot_description/package.sh'
[1.706s] INFO:colcon.colcon_core.shell:Creating package script '/home/bizare/Desktop/Robotics_System/install/youbot_description/share/youbot_description/package.bash'
[1.706s] INFO:colcon.colcon_core.shell:Creating package script '/home/bizare/Desktop/Robotics_System/install/youbot_description/share/youbot_description/package.zsh'
[1.707s] Level 1:colcon.colcon_core.environment:create_file_with_runtime_dependencies(/home/bizare/Desktop/Robotics_System/install/youbot_description/share/colcon-core/packages/youbot_description)
[1.723s] INFO:colcon.colcon_ros.task.ament_cmake.build:Building ROS package in '/home/bizare/Desktop/Robotics_System/youbot_simulator' with build type 'ament_cmake'
[1.723s] INFO:colcon.colcon_cmake.task.cmake.build:Building CMake package in '/home/bizare/Desktop/Robotics_System/youbot_simulator'
[1.724s] INFO:colcon.colcon_core.shell:Skip shell extension 'powershell' for command environment: Not usable outside of PowerShell
[1.724s] DEBUG:colcon.colcon_core.shell:Skip shell extension 'dsv' for command environment
[1.736s] DEBUG:colcon.colcon_core.event_handler.log_command:Invoked command in '/home/bizare/Desktop/Robotics_System/build/open_manipulator_description' returned '0': CMAKE_PREFIX_PATH=/home/bizare/Desktop/Robotics_System/install/youbot_simulator:/home/bizare/Desktop/Robotics_System/install/cw1q5:/home/bizare/Desktop/Robotics_System/install/cw1q9:/home/bizare/Desktop/Robotics_System/install/cw1q4:/opt/ros/foxy:/home/bizare/Desktop/Robotics_System/install/youbot_description:/home/bizare/Desktop/Robotics_System/install/open_manipulator_description:/home/bizare/Desktop/Robotics_System/install/cw1q4_interfaces /usr/bin/cmake --build /home/bizare/Desktop/Robotics_System/build/open_manipulator_description -- -j8 -l8
[1.742s] DEBUG:colcon.colcon_core.event_handler.log_command:Invoking command in '/home/bizare/Desktop/Robotics_System/build/open_manipulator_description': CMAKE_PREFIX_PATH=/home/bizare/Desktop/Robotics_System/install/youbot_simulator:/home/bizare/Desktop/Robotics_System/install/cw1q5:/home/bizare/Desktop/Robotics_System/install/cw1q9:/home/bizare/Desktop/Robotics_System/install/cw1q4:/opt/ros/foxy:/home/bizare/Desktop/Robotics_System/install/youbot_description:/home/bizare/Desktop/Robotics_System/install/open_manipulator_description:/home/bizare/Desktop/Robotics_System/install/cw1q4_interfaces /usr/bin/cmake --install /home/bizare/Desktop/Robotics_System/build/open_manipulator_description
[1.765s] Level 1:colcon.colcon_core.environment:create_environment_scripts_only(cw1q4_interfaces)
[1.765s] Level 1:colcon.colcon_core.environment:checking '/home/bizare/Desktop/Robotics_System/install/cw1q4_interfaces' for CMake module files
[1.766s] DEBUG:colcon.colcon_core.event_handler.log_command:Invoked command in '/home/bizare/Desktop/Robotics_System/build/cw1q4_interfaces' returned '0': CMAKE_PREFIX_PATH=/home/bizare/Desktop/Robotics_System/install/youbot_simulator:/home/bizare/Desktop/Robotics_System/install/cw1q5:/home/bizare/Desktop/Robotics_System/install/cw1q9:/home/bizare/Desktop/Robotics_System/install/cw1q4:/opt/ros/foxy:/home/bizare/Desktop/Robotics_System/install/youbot_description:/home/bizare/Desktop/Robotics_System/install/open_manipulator_description:/home/bizare/Desktop/Robotics_System/install/cw1q4_interfaces /usr/bin/cmake --install /home/bizare/Desktop/Robotics_System/build/cw1q4_interfaces
[1.773s] Level 1:colcon.colcon_core.environment:checking '/home/bizare/Desktop/Robotics_System/install/cw1q4_interfaces' for CMake config files
[1.805s] Level 1:colcon.colcon_core.shell:create_environment_hook('cw1q4_interfaces', 'cmake_prefix_path')
[1.806s] INFO:colcon.colcon_core.shell:Creating environment hook '/home/bizare/Desktop/Robotics_System/install/cw1q4_interfaces/share/cw1q4_interfaces/hook/cmake_prefix_path.ps1'
[1.807s] INFO:colcon.colcon_core.shell:Creating environment descriptor '/home/bizare/Desktop/Robotics_System/install/cw1q4_interfaces/share/cw1q4_interfaces/hook/cmake_prefix_path.dsv'
[1.808s] INFO:colcon.colcon_core.shell:Creating environment hook '/home/bizare/Desktop/Robotics_System/install/cw1q4_interfaces/share/cw1q4_interfaces/hook/cmake_prefix_path.sh'
[1.809s] Level 1:colcon.colcon_core.environment:checking '/home/bizare/Desktop/Robotics_System/install/cw1q4_interfaces/lib'
[1.810s] Level 1:colcon.colcon_core.shell:create_environment_hook('cw1q4_interfaces', 'ld_library_path_lib')
[1.810s] INFO:colcon.colcon_core.shell:Creating environment hook '/home/bizare/Desktop/Robotics_System/install/cw1q4_interfaces/share/cw1q4_interfaces/hook/ld_library_path_lib.ps1'
[1.811s] INFO:colcon.colcon_core.shell:Creating environment descriptor '/home/bizare/Desktop/Robotics_System/install/cw1q4_interfaces/share/cw1q4_interfaces/hook/ld_library_path_lib.dsv'
[1.812s] INFO:colcon.colcon_core.shell:Creating environment hook '/home/bizare/Desktop/Robotics_System/install/cw1q4_interfaces/share/cw1q4_interfaces/hook/ld_library_path_lib.sh'
[1.812s] Level 1:colcon.colcon_core.environment:checking '/home/bizare/Desktop/Robotics_System/install/cw1q4_interfaces/bin'
[1.813s] Level 1:colcon.colcon_core.environment:checking '/home/bizare/Desktop/Robotics_System/install/cw1q4_interfaces/lib/pkgconfig/cw1q4_interfaces.pc'
[1.813s] Level 1:colcon.colcon_core.environment:checking '/home/bizare/Desktop/Robotics_System/install/cw1q4_interfaces/lib/python3.8/site-packages'
[1.813s] Level 1:colcon.colcon_core.shell:create_environment_hook('cw1q4_interfaces', 'pythonpath')
[1.813s] INFO:colcon.colcon_core.shell:Creating environment hook '/home/bizare/Desktop/Robotics_System/install/cw1q4_interfaces/share/cw1q4_interfaces/hook/pythonpath.ps1'
[1.814s] INFO:colcon.colcon_core.shell:Creating environment descriptor '/home/bizare/Desktop/Robotics_System/install/cw1q4_interfaces/share/cw1q4_interfaces/hook/pythonpath.dsv'
[1.815s] INFO:colcon.colcon_core.shell:Creating environment hook '/home/bizare/Desktop/Robotics_System/install/cw1q4_interfaces/share/cw1q4_interfaces/hook/pythonpath.sh'
[1.816s] Level 1:colcon.colcon_core.environment:checking '/home/bizare/Desktop/Robotics_System/install/cw1q4_interfaces/bin'
[1.817s] INFO:colcon.colcon_core.shell:Creating package script '/home/bizare/Desktop/Robotics_System/install/cw1q4_interfaces/share/cw1q4_interfaces/package.ps1'
[1.818s] INFO:colcon.colcon_core.shell:Creating package descriptor '/home/bizare/Desktop/Robotics_System/install/cw1q4_interfaces/share/cw1q4_interfaces/package.dsv'
[1.819s] INFO:colcon.colcon_core.shell:Creating package script '/home/bizare/Desktop/Robotics_System/install/cw1q4_interfaces/share/cw1q4_interfaces/package.sh'
[1.820s] INFO:colcon.colcon_core.shell:Creating package script '/home/bizare/Desktop/Robotics_System/install/cw1q4_interfaces/share/cw1q4_interfaces/package.bash'
[1.821s] INFO:colcon.colcon_core.shell:Creating package script '/home/bizare/Desktop/Robotics_System/install/cw1q4_interfaces/share/cw1q4_interfaces/package.zsh'
[1.822s] Level 1:colcon.colcon_core.environment:create_file_with_runtime_dependencies(/home/bizare/Desktop/Robotics_System/install/cw1q4_interfaces/share/colcon-core/packages/cw1q4_interfaces)
[1.823s] Level 1:colcon.colcon_core.environment:create_environment_scripts_only(cw1q4_interfaces)
[1.823s] Level 1:colcon.colcon_core.environment:checking '/home/bizare/Desktop/Robotics_System/install/cw1q4_interfaces' for CMake module files
[1.824s] Level 1:colcon.colcon_core.environment:checking '/home/bizare/Desktop/Robotics_System/install/cw1q4_interfaces' for CMake config files
[1.825s] Level 1:colcon.colcon_core.shell:create_environment_hook('cw1q4_interfaces', 'cmake_prefix_path')
[1.826s] INFO:colcon.colcon_core.shell:Creating environment hook '/home/bizare/Desktop/Robotics_System/install/cw1q4_interfaces/share/cw1q4_interfaces/hook/cmake_prefix_path.ps1'
[1.826s] INFO:colcon.colcon_core.shell:Creating environment descriptor '/home/bizare/Desktop/Robotics_System/install/cw1q4_interfaces/share/cw1q4_interfaces/hook/cmake_prefix_path.dsv'
[1.827s] INFO:colcon.colcon_core.shell:Creating environment hook '/home/bizare/Desktop/Robotics_System/install/cw1q4_interfaces/share/cw1q4_interfaces/hook/cmake_prefix_path.sh'
[1.828s] Level 1:colcon.colcon_core.environment:checking '/home/bizare/Desktop/Robotics_System/install/cw1q4_interfaces/lib'
[1.829s] Level 1:colcon.colcon_core.shell:create_environment_hook('cw1q4_interfaces', 'ld_library_path_lib')
[1.829s] INFO:colcon.colcon_core.shell:Creating environment hook '/home/bizare/Desktop/Robotics_System/install/cw1q4_interfaces/share/cw1q4_interfaces/hook/ld_library_path_lib.ps1'
[1.830s] INFO:colcon.colcon_core.shell:Creating environment descriptor '/home/bizare/Desktop/Robotics_System/install/cw1q4_interfaces/share/cw1q4_interfaces/hook/ld_library_path_lib.dsv'
[1.831s] INFO:colcon.colcon_core.shell:Creating environment hook '/home/bizare/Desktop/Robotics_System/install/cw1q4_interfaces/share/cw1q4_interfaces/hook/ld_library_path_lib.sh'
[1.832s] Level 1:colcon.colcon_core.environment:checking '/home/bizare/Desktop/Robotics_System/install/cw1q4_interfaces/bin'
[1.832s] Level 1:colcon.colcon_core.environment:checking '/home/bizare/Desktop/Robotics_System/install/cw1q4_interfaces/lib/pkgconfig/cw1q4_interfaces.pc'
[1.832s] Level 1:colcon.colcon_core.environment:checking '/home/bizare/Desktop/Robotics_System/install/cw1q4_interfaces/lib/python3.8/site-packages'
[1.832s] Level 1:colcon.colcon_core.shell:create_environment_hook('cw1q4_interfaces', 'pythonpath')
[1.833s] INFO:colcon.colcon_core.shell:Creating environment hook '/home/bizare/Desktop/Robotics_System/install/cw1q4_interfaces/share/cw1q4_interfaces/hook/pythonpath.ps1'
[1.834s] INFO:colcon.colcon_core.shell:Creating environment descriptor '/home/bizare/Desktop/Robotics_System/install/cw1q4_interfaces/share/cw1q4_interfaces/hook/pythonpath.dsv'
[1.835s] INFO:colcon.colcon_core.shell:Creating environment hook '/home/bizare/Desktop/Robotics_System/install/cw1q4_interfaces/share/cw1q4_interfaces/hook/pythonpath.sh'
[1.836s] Level 1:colcon.colcon_core.environment:checking '/home/bizare/Desktop/Robotics_System/install/cw1q4_interfaces/bin'
[1.837s] INFO:colcon.colcon_core.shell:Creating package script '/home/bizare/Desktop/Robotics_System/install/cw1q4_interfaces/share/cw1q4_interfaces/package.ps1'
[1.839s] INFO:colcon.colcon_core.shell:Creating package descriptor '/home/bizare/Desktop/Robotics_System/install/cw1q4_interfaces/share/cw1q4_interfaces/package.dsv'
[1.841s] INFO:colcon.colcon_core.shell:Creating package script '/home/bizare/Desktop/Robotics_System/install/cw1q4_interfaces/share/cw1q4_interfaces/package.sh'
[1.842s] INFO:colcon.colcon_core.shell:Creating package script '/home/bizare/Desktop/Robotics_System/install/cw1q4_interfaces/share/cw1q4_interfaces/package.bash'
[1.844s] INFO:colcon.colcon_core.shell:Creating package script '/home/bizare/Desktop/Robotics_System/install/cw1q4_interfaces/share/cw1q4_interfaces/package.zsh'
[1.845s] Level 1:colcon.colcon_core.environment:create_file_with_runtime_dependencies(/home/bizare/Desktop/Robotics_System/install/cw1q4_interfaces/share/colcon-core/packages/cw1q4_interfaces)
[1.854s] DEBUG:colcon.colcon_core.event_handler.log_command:Invoking command in '/home/bizare/Desktop/Robotics_System/build/youbot_simulator': CMAKE_PREFIX_PATH=/home/bizare/Desktop/Robotics_System/install/cw1q5:/home/bizare/Desktop/Robotics_System/install/cw1q9:/home/bizare/Desktop/Robotics_System/install/cw1q4:/opt/ros/foxy:/home/bizare/Desktop/Robotics_System/install/youbot_description:/home/bizare/Desktop/Robotics_System/install/youbot_simulator:/home/bizare/Desktop/Robotics_System/install/open_manipulator_description:/home/bizare/Desktop/Robotics_System/install/cw1q4_interfaces /usr/bin/cmake --build /home/bizare/Desktop/Robotics_System/build/youbot_simulator -- -j8 -l8
[1.856s] Level 1:colcon.colcon_core.environment:create_environment_scripts_only(open_manipulator_description)
[1.856s] DEBUG:colcon.colcon_core.event_handler.log_command:Invoked command in '/home/bizare/Desktop/Robotics_System/build/open_manipulator_description' returned '0': CMAKE_PREFIX_PATH=/home/bizare/Desktop/Robotics_System/install/youbot_simulator:/home/bizare/Desktop/Robotics_System/install/cw1q5:/home/bizare/Desktop/Robotics_System/install/cw1q9:/home/bizare/Desktop/Robotics_System/install/cw1q4:/opt/ros/foxy:/home/bizare/Desktop/Robotics_System/install/youbot_description:/home/bizare/Desktop/Robotics_System/install/open_manipulator_description:/home/bizare/Desktop/Robotics_System/install/cw1q4_interfaces /usr/bin/cmake --install /home/bizare/Desktop/Robotics_System/build/open_manipulator_description
[1.857s] Level 1:colcon.colcon_core.environment:checking '/home/bizare/Desktop/Robotics_System/install/open_manipulator_description' for CMake module files
[1.858s] Level 1:colcon.colcon_core.environment:checking '/home/bizare/Desktop/Robotics_System/install/open_manipulator_description' for CMake config files
[1.859s] Level 1:colcon.colcon_core.shell:create_environment_hook('open_manipulator_description', 'cmake_prefix_path')
[1.859s] INFO:colcon.colcon_core.shell:Creating environment hook '/home/bizare/Desktop/Robotics_System/install/open_manipulator_description/share/open_manipulator_description/hook/cmake_prefix_path.ps1'
[1.860s] INFO:colcon.colcon_core.shell:Creating environment descriptor '/home/bizare/Desktop/Robotics_System/install/open_manipulator_description/share/open_manipulator_description/hook/cmake_prefix_path.dsv'
[1.861s] INFO:colcon.colcon_core.shell:Creating environment hook '/home/bizare/Desktop/Robotics_System/install/open_manipulator_description/share/open_manipulator_description/hook/cmake_prefix_path.sh'
[1.862s] Level 1:colcon.colcon_core.environment:checking '/home/bizare/Desktop/Robotics_System/install/open_manipulator_description/bin'
[1.862s] Level 1:colcon.colcon_core.environment:checking '/home/bizare/Desktop/Robotics_System/install/open_manipulator_description/lib/pkgconfig/open_manipulator_description.pc'
[1.865s] Level 1:colcon.colcon_core.environment:checking '/home/bizare/Desktop/Robotics_System/install/open_manipulator_description/lib/python3.8/site-packages'
[1.866s] Level 1:colcon.colcon_core.environment:checking '/home/bizare/Desktop/Robotics_System/install/open_manipulator_description/bin'
[1.866s] INFO:colcon.colcon_core.shell:Creating package script '/home/bizare/Desktop/Robotics_System/install/open_manipulator_description/share/open_manipulator_description/package.ps1'
[1.873s] INFO:colcon.colcon_core.shell:Creating package descriptor '/home/bizare/Desktop/Robotics_System/install/open_manipulator_description/share/open_manipulator_description/package.dsv'
[1.874s] INFO:colcon.colcon_core.shell:Creating package script '/home/bizare/Desktop/Robotics_System/install/open_manipulator_description/share/open_manipulator_description/package.sh'
[1.875s] INFO:colcon.colcon_core.shell:Creating package script '/home/bizare/Desktop/Robotics_System/install/open_manipulator_description/share/open_manipulator_description/package.bash'
[1.876s] INFO:colcon.colcon_core.shell:Creating package script '/home/bizare/Desktop/Robotics_System/install/open_manipulator_description/share/open_manipulator_description/package.zsh'
[1.877s] Level 1:colcon.colcon_core.environment:create_file_with_runtime_dependencies(/home/bizare/Desktop/Robotics_System/install/open_manipulator_description/share/colcon-core/packages/open_manipulator_description)
[1.878s] Level 1:colcon.colcon_core.environment:create_environment_scripts_only(open_manipulator_description)
[1.879s] Level 1:colcon.colcon_core.environment:checking '/home/bizare/Desktop/Robotics_System/install/open_manipulator_description' for CMake module files
[1.880s] Level 1:colcon.colcon_core.environment:checking '/home/bizare/Desktop/Robotics_System/install/open_manipulator_description' for CMake config files
[1.880s] Level 1:colcon.colcon_core.shell:create_environment_hook('open_manipulator_description', 'cmake_prefix_path')
[1.880s] INFO:colcon.colcon_core.shell:Creating environment hook '/home/bizare/Desktop/Robotics_System/install/open_manipulator_description/share/open_manipulator_description/hook/cmake_prefix_path.ps1'
[1.881s] INFO:colcon.colcon_core.shell:Creating environment descriptor '/home/bizare/Desktop/Robotics_System/install/open_manipulator_description/share/open_manipulator_description/hook/cmake_prefix_path.dsv'
[1.882s] INFO:colcon.colcon_core.shell:Creating environment hook '/home/bizare/Desktop/Robotics_System/install/open_manipulator_description/share/open_manipulator_description/hook/cmake_prefix_path.sh'
[1.883s] Level 1:colcon.colcon_core.environment:checking '/home/bizare/Desktop/Robotics_System/install/open_manipulator_description/bin'
[1.883s] Level 1:colcon.colcon_core.environment:checking '/home/bizare/Desktop/Robotics_System/install/open_manipulator_description/lib/pkgconfig/open_manipulator_description.pc'
[1.884s] Level 1:colcon.colcon_core.environment:checking '/home/bizare/Desktop/Robotics_System/install/open_manipulator_description/lib/python3.8/site-packages'
[1.884s] Level 1:colcon.colcon_core.environment:checking '/home/bizare/Desktop/Robotics_System/install/open_manipulator_description/bin'
[1.885s] INFO:colcon.colcon_core.shell:Creating package script '/home/bizare/Desktop/Robotics_System/install/open_manipulator_description/share/open_manipulator_description/package.ps1'
[1.886s] INFO:colcon.colcon_core.shell:Creating package descriptor '/home/bizare/Desktop/Robotics_System/install/open_manipulator_description/share/open_manipulator_description/package.dsv'
[1.887s] INFO:colcon.colcon_core.shell:Creating package script '/home/bizare/Desktop/Robotics_System/install/open_manipulator_description/share/open_manipulator_description/package.sh'
[1.888s] INFO:colcon.colcon_core.shell:Creating package script '/home/bizare/Desktop/Robotics_System/install/open_manipulator_description/share/open_manipulator_description/package.bash'
[1.889s] INFO:colcon.colcon_core.shell:Creating package script '/home/bizare/Desktop/Robotics_System/install/open_manipulator_description/share/open_manipulator_description/package.zsh'
[1.890s] Level 1:colcon.colcon_core.environment:create_file_with_runtime_dependencies(/home/bizare/Desktop/Robotics_System/install/open_manipulator_description/share/colcon-core/packages/open_manipulator_description)
[1.925s] DEBUG:colcon.colcon_core.event_handler.log_command:Invoked command in '/home/bizare/Desktop/Robotics_System/build/youbot_simulator' returned '0': CMAKE_PREFIX_PATH=/home/bizare/Desktop/Robotics_System/install/cw1q5:/home/bizare/Desktop/Robotics_System/install/cw1q9:/home/bizare/Desktop/Robotics_System/install/cw1q4:/opt/ros/foxy:/home/bizare/Desktop/Robotics_System/install/youbot_description:/home/bizare/Desktop/Robotics_System/install/youbot_simulator:/home/bizare/Desktop/Robotics_System/install/open_manipulator_description:/home/bizare/Desktop/Robotics_System/install/cw1q4_interfaces /usr/bin/cmake --build /home/bizare/Desktop/Robotics_System/build/youbot_simulator -- -j8 -l8
[1.927s] DEBUG:colcon.colcon_core.event_handler.log_command:Invoking command in '/home/bizare/Desktop/Robotics_System/build/youbot_simulator': CMAKE_PREFIX_PATH=/home/bizare/Desktop/Robotics_System/install/cw1q5:/home/bizare/Desktop/Robotics_System/install/cw1q9:/home/bizare/Desktop/Robotics_System/install/cw1q4:/opt/ros/foxy:/home/bizare/Desktop/Robotics_System/install/youbot_description:/home/bizare/Desktop/Robotics_System/install/youbot_simulator:/home/bizare/Desktop/Robotics_System/install/open_manipulator_description:/home/bizare/Desktop/Robotics_System/install/cw1q4_interfaces /usr/bin/cmake --install /home/bizare/Desktop/Robotics_System/build/youbot_simulator
[1.951s] Level 1:colcon.colcon_core.environment:create_environment_scripts_only(youbot_simulator)
[1.952s] Level 1:colcon.colcon_core.environment:checking '/home/bizare/Desktop/Robotics_System/install/youbot_simulator' for CMake module files
[1.953s] DEBUG:colcon.colcon_core.event_handler.log_command:Invoked command in '/home/bizare/Desktop/Robotics_System/build/youbot_simulator' returned '0': CMAKE_PREFIX_PATH=/home/bizare/Desktop/Robotics_System/install/cw1q5:/home/bizare/Desktop/Robotics_System/install/cw1q9:/home/bizare/Desktop/Robotics_System/install/cw1q4:/opt/ros/foxy:/home/bizare/Desktop/Robotics_System/install/youbot_description:/home/bizare/Desktop/Robotics_System/install/youbot_simulator:/home/bizare/Desktop/Robotics_System/install/open_manipulator_description:/home/bizare/Desktop/Robotics_System/install/cw1q4_interfaces /usr/bin/cmake --install /home/bizare/Desktop/Robotics_System/build/youbot_simulator
[1.953s] Level 1:colcon.colcon_core.environment:checking '/home/bizare/Desktop/Robotics_System/install/youbot_simulator' for CMake config files
[1.954s] Level 1:colcon.colcon_core.shell:create_environment_hook('youbot_simulator', 'cmake_prefix_path')
[1.954s] INFO:colcon.colcon_core.shell:Creating environment hook '/home/bizare/Desktop/Robotics_System/install/youbot_simulator/share/youbot_simulator/hook/cmake_prefix_path.ps1'
[1.955s] INFO:colcon.colcon_core.shell:Creating environment descriptor '/home/bizare/Desktop/Robotics_System/install/youbot_simulator/share/youbot_simulator/hook/cmake_prefix_path.dsv'
[1.957s] INFO:colcon.colcon_core.shell:Creating environment hook '/home/bizare/Desktop/Robotics_System/install/youbot_simulator/share/youbot_simulator/hook/cmake_prefix_path.sh'
[1.958s] Level 1:colcon.colcon_core.environment:checking '/home/bizare/Desktop/Robotics_System/install/youbot_simulator/bin'
[1.959s] Level 1:colcon.colcon_core.environment:checking '/home/bizare/Desktop/Robotics_System/install/youbot_simulator/lib/pkgconfig/youbot_simulator.pc'
[1.959s] Level 1:colcon.colcon_core.environment:checking '/home/bizare/Desktop/Robotics_System/install/youbot_simulator/lib/python3.8/site-packages'
[1.959s] Level 1:colcon.colcon_core.environment:checking '/home/bizare/Desktop/Robotics_System/install/youbot_simulator/bin'
[1.960s] INFO:colcon.colcon_core.shell:Creating package script '/home/bizare/Desktop/Robotics_System/install/youbot_simulator/share/youbot_simulator/package.ps1'
[1.961s] INFO:colcon.colcon_core.shell:Creating package descriptor '/home/bizare/Desktop/Robotics_System/install/youbot_simulator/share/youbot_simulator/package.dsv'
[1.962s] INFO:colcon.colcon_core.shell:Creating package script '/home/bizare/Desktop/Robotics_System/install/youbot_simulator/share/youbot_simulator/package.sh'
[1.963s] INFO:colcon.colcon_core.shell:Creating package script '/home/bizare/Desktop/Robotics_System/install/youbot_simulator/share/youbot_simulator/package.bash'
[1.964s] INFO:colcon.colcon_core.shell:Creating package script '/home/bizare/Desktop/Robotics_System/install/youbot_simulator/share/youbot_simulator/package.zsh'
[1.965s] Level 1:colcon.colcon_core.environment:create_file_with_runtime_dependencies(/home/bizare/Desktop/Robotics_System/install/youbot_simulator/share/colcon-core/packages/youbot_simulator)
[1.966s] Level 1:colcon.colcon_core.environment:create_environment_scripts_only(youbot_simulator)
[1.966s] Level 1:colcon.colcon_core.environment:checking '/home/bizare/Desktop/Robotics_System/install/youbot_simulator' for CMake module files
[1.967s] Level 1:colcon.colcon_core.environment:checking '/home/bizare/Desktop/Robotics_System/install/youbot_simulator' for CMake config files
[1.968s] Level 1:colcon.colcon_core.shell:create_environment_hook('youbot_simulator', 'cmake_prefix_path')
[1.968s] INFO:colcon.colcon_core.shell:Creating environment hook '/home/bizare/Desktop/Robotics_System/install/youbot_simulator/share/youbot_simulator/hook/cmake_prefix_path.ps1'
[1.969s] INFO:colcon.colcon_core.shell:Creating environment descriptor '/home/bizare/Desktop/Robotics_System/install/youbot_simulator/share/youbot_simulator/hook/cmake_prefix_path.dsv'
[1.970s] INFO:colcon.colcon_core.shell:Creating environment hook '/home/bizare/Desktop/Robotics_System/install/youbot_simulator/share/youbot_simulator/hook/cmake_prefix_path.sh'
[1.972s] Level 1:colcon.colcon_core.environment:checking '/home/bizare/Desktop/Robotics_System/install/youbot_simulator/bin'
[1.972s] Level 1:colcon.colcon_core.environment:checking '/home/bizare/Desktop/Robotics_System/install/youbot_simulator/lib/pkgconfig/youbot_simulator.pc'
[1.972s] Level 1:colcon.colcon_core.environment:checking '/home/bizare/Desktop/Robotics_System/install/youbot_simulator/lib/python3.8/site-packages'
[1.972s] Level 1:colcon.colcon_core.environment:checking '/home/bizare/Desktop/Robotics_System/install/youbot_simulator/bin'
[1.973s] INFO:colcon.colcon_core.shell:Creating package script '/home/bizare/Desktop/Robotics_System/install/youbot_simulator/share/youbot_simulator/package.ps1'
[1.974s] INFO:colcon.colcon_core.shell:Creating package descriptor '/home/bizare/Desktop/Robotics_System/install/youbot_simulator/share/youbot_simulator/package.dsv'
[1.975s] INFO:colcon.colcon_core.shell:Creating package script '/home/bizare/Desktop/Robotics_System/install/youbot_simulator/share/youbot_simulator/package.sh'
[1.976s] INFO:colcon.colcon_core.shell:Creating package script '/home/bizare/Desktop/Robotics_System/install/youbot_simulator/share/youbot_simulator/package.bash'
[1.977s] INFO:colcon.colcon_core.shell:Creating package script '/home/bizare/Desktop/Robotics_System/install/youbot_simulator/share/youbot_simulator/package.zsh'
[1.978s] Level 1:colcon.colcon_core.environment:create_file_with_runtime_dependencies(/home/bizare/Desktop/Robotics_System/install/youbot_simulator/share/colcon-core/packages/youbot_simulator)
[1.979s] INFO:colcon.colcon_ros.task.ament_python.build:Building ROS package in '/home/bizare/Desktop/Robotics_System/cw1q5' with build type 'ament_python'
[1.979s] Level 1:colcon.colcon_core.shell:create_environment_hook('cw1q5', 'ament_prefix_path')
[1.980s] INFO:colcon.colcon_core.shell:Creating environment hook '/home/bizare/Desktop/Robotics_System/install/cw1q5/share/cw1q5/hook/ament_prefix_path.ps1'
[1.982s] INFO:colcon.colcon_core.shell:Creating environment descriptor '/home/bizare/Desktop/Robotics_System/install/cw1q5/share/cw1q5/hook/ament_prefix_path.dsv'
[1.983s] INFO:colcon.colcon_core.shell:Creating environment hook '/home/bizare/Desktop/Robotics_System/install/cw1q5/share/cw1q5/hook/ament_prefix_path.sh'
[1.984s] INFO:colcon.colcon_core.shell:Skip shell extension 'powershell' for command environment: Not usable outside of PowerShell
[1.984s] DEBUG:colcon.colcon_core.shell:Skip shell extension 'dsv' for command environment
[2.367s] INFO:colcon.colcon_core.task.python.build:Building Python package in '/home/bizare/Desktop/Robotics_System/cw1q5'
[2.368s] INFO:colcon.colcon_core.shell:Skip shell extension 'powershell' for command environment: Not usable outside of PowerShell
[2.368s] DEBUG:colcon.colcon_core.shell:Skip shell extension 'dsv' for command environment
[2.386s] DEBUG:colcon.colcon_core.event_handler.log_command:Invoking command in '/home/bizare/Desktop/Robotics_System/cw1q4': PYTHONPATH=/home/bizare/Desktop/Robotics_System/build/cw1q4/prefix_override:/usr/lib/python3/dist-packages/colcon_core/task/python/colcon_distutils_commands:/home/bizare/Desktop/Robotics_System/install/cw1q4/lib/python3.8/site-packages:${PYTHONPATH} /usr/bin/python3 -W ignore:setup.py install is deprecated -W ignore:easy_install command is deprecated setup.py egg_info --egg-base ../build/cw1q4 build --build-base /home/bizare/Desktop/Robotics_System/build/cw1q4/build install --record /home/bizare/Desktop/Robotics_System/build/cw1q4/install.log --install-scripts $base/lib/cw1q4 --single-version-externally-managed install_data
[2.400s] DEBUG:colcon.colcon_core.event_handler.log_command:Invoking command in '/home/bizare/Desktop/Robotics_System/cw1q9': PYTHONPATH=/home/bizare/Desktop/Robotics_System/build/cw1q9/prefix_override:/usr/lib/python3/dist-packages/colcon_core/task/python/colcon_distutils_commands:/home/bizare/Desktop/Robotics_System/install/cw1q9/lib/python3.8/site-packages:${PYTHONPATH} /usr/bin/python3 -W ignore:setup.py install is deprecated -W ignore:easy_install command is deprecated setup.py egg_info --egg-base ../build/cw1q9 build --build-base /home/bizare/Desktop/Robotics_System/build/cw1q9/build install --record /home/bizare/Desktop/Robotics_System/build/cw1q9/install.log --install-scripts $base/lib/cw1q9 --single-version-externally-managed install_data
[2.849s] Level 1:colcon.colcon_core.environment:checking '/home/bizare/Desktop/Robotics_System/install/cw1q4' for CMake module files
[2.851s] DEBUG:colcon.colcon_core.event_handler.log_command:Invoked command in '/home/bizare/Desktop/Robotics_System/cw1q4' returned '0': PYTHONPATH=/home/bizare/Desktop/Robotics_System/build/cw1q4/prefix_override:/usr/lib/python3/dist-packages/colcon_core/task/python/colcon_distutils_commands:/home/bizare/Desktop/Robotics_System/install/cw1q4/lib/python3.8/site-packages:${PYTHONPATH} /usr/bin/python3 -W ignore:setup.py install is deprecated -W ignore:easy_install command is deprecated setup.py egg_info --egg-base ../build/cw1q4 build --build-base /home/bizare/Desktop/Robotics_System/build/cw1q4/build install --record /home/bizare/Desktop/Robotics_System/build/cw1q4/install.log --install-scripts $base/lib/cw1q4 --single-version-externally-managed install_data
[2.852s] Level 1:colcon.colcon_core.environment:checking '/home/bizare/Desktop/Robotics_System/install/cw1q4' for CMake config files
[2.853s] Level 1:colcon.colcon_core.environment:checking '/home/bizare/Desktop/Robotics_System/install/cw1q4/lib'
[2.853s] Level 1:colcon.colcon_core.environment:checking '/home/bizare/Desktop/Robotics_System/install/cw1q4/bin'
[2.853s] Level 1:colcon.colcon_core.environment:checking '/home/bizare/Desktop/Robotics_System/install/cw1q4/lib/pkgconfig/cw1q4.pc'
[2.853s] Level 1:colcon.colcon_core.environment:checking '/home/bizare/Desktop/Robotics_System/install/cw1q4/lib/python3.8/site-packages'
[2.854s] Level 1:colcon.colcon_core.shell:create_environment_hook('cw1q4', 'pythonpath')
[2.854s] INFO:colcon.colcon_core.shell:Creating environment hook '/home/bizare/Desktop/Robotics_System/install/cw1q4/share/cw1q4/hook/pythonpath.ps1'
[2.855s] INFO:colcon.colcon_core.shell:Creating environment descriptor '/home/bizare/Desktop/Robotics_System/install/cw1q4/share/cw1q4/hook/pythonpath.dsv'
[2.856s] INFO:colcon.colcon_core.shell:Creating environment hook '/home/bizare/Desktop/Robotics_System/install/cw1q4/share/cw1q4/hook/pythonpath.sh'
[2.857s] Level 1:colcon.colcon_core.environment:checking '/home/bizare/Desktop/Robotics_System/install/cw1q4/bin'
[2.857s] Level 1:colcon.colcon_core.environment:create_environment_scripts_only(cw1q4)
[2.858s] INFO:colcon.colcon_core.shell:Creating package script '/home/bizare/Desktop/Robotics_System/install/cw1q4/share/cw1q4/package.ps1'
[2.859s] INFO:colcon.colcon_core.shell:Creating package descriptor '/home/bizare/Desktop/Robotics_System/install/cw1q4/share/cw1q4/package.dsv'
[2.860s] INFO:colcon.colcon_core.shell:Creating package script '/home/bizare/Desktop/Robotics_System/install/cw1q4/share/cw1q4/package.sh'
[2.861s] INFO:colcon.colcon_core.shell:Creating package script '/home/bizare/Desktop/Robotics_System/install/cw1q4/share/cw1q4/package.bash'
[2.862s] INFO:colcon.colcon_core.shell:Creating package script '/home/bizare/Desktop/Robotics_System/install/cw1q4/share/cw1q4/package.zsh'
[2.863s] Level 1:colcon.colcon_core.environment:create_file_with_runtime_dependencies(/home/bizare/Desktop/Robotics_System/install/cw1q4/share/colcon-core/packages/cw1q4)
[2.866s] Level 1:colcon.colcon_core.environment:checking '/home/bizare/Desktop/Robotics_System/install/cw1q9' for CMake module files
[2.867s] DEBUG:colcon.colcon_core.event_handler.log_command:Invoked command in '/home/bizare/Desktop/Robotics_System/cw1q9' returned '0': PYTHONPATH=/home/bizare/Desktop/Robotics_System/build/cw1q9/prefix_override:/usr/lib/python3/dist-packages/colcon_core/task/python/colcon_distutils_commands:/home/bizare/Desktop/Robotics_System/install/cw1q9/lib/python3.8/site-packages:${PYTHONPATH} /usr/bin/python3 -W ignore:setup.py install is deprecated -W ignore:easy_install command is deprecated setup.py egg_info --egg-base ../build/cw1q9 build --build-base /home/bizare/Desktop/Robotics_System/build/cw1q9/build install --record /home/bizare/Desktop/Robotics_System/build/cw1q9/install.log --install-scripts $base/lib/cw1q9 --single-version-externally-managed install_data
[2.867s] Level 1:colcon.colcon_core.environment:checking '/home/bizare/Desktop/Robotics_System/install/cw1q9' for CMake config files
[2.868s] Level 1:colcon.colcon_core.environment:checking '/home/bizare/Desktop/Robotics_System/install/cw1q9/lib'
[2.868s] Level 1:colcon.colcon_core.environment:checking '/home/bizare/Desktop/Robotics_System/install/cw1q9/bin'
[2.869s] Level 1:colcon.colcon_core.environment:checking '/home/bizare/Desktop/Robotics_System/install/cw1q9/lib/pkgconfig/cw1q9.pc'
[2.869s] Level 1:colcon.colcon_core.environment:checking '/home/bizare/Desktop/Robotics_System/install/cw1q9/lib/python3.8/site-packages'
[2.869s] Level 1:colcon.colcon_core.shell:create_environment_hook('cw1q9', 'pythonpath')
[2.869s] INFO:colcon.colcon_core.shell:Creating environment hook '/home/bizare/Desktop/Robotics_System/install/cw1q9/share/cw1q9/hook/pythonpath.ps1'
[2.870s] INFO:colcon.colcon_core.shell:Creating environment descriptor '/home/bizare/Desktop/Robotics_System/install/cw1q9/share/cw1q9/hook/pythonpath.dsv'
[2.871s] INFO:colcon.colcon_core.shell:Creating environment hook '/home/bizare/Desktop/Robotics_System/install/cw1q9/share/cw1q9/hook/pythonpath.sh'
[2.872s] Level 1:colcon.colcon_core.environment:checking '/home/bizare/Desktop/Robotics_System/install/cw1q9/bin'
[2.872s] Level 1:colcon.colcon_core.environment:create_environment_scripts_only(cw1q9)
[2.873s] INFO:colcon.colcon_core.shell:Creating package script '/home/bizare/Desktop/Robotics_System/install/cw1q9/share/cw1q9/package.ps1'
[2.874s] INFO:colcon.colcon_core.shell:Creating package descriptor '/home/bizare/Desktop/Robotics_System/install/cw1q9/share/cw1q9/package.dsv'
[2.875s] INFO:colcon.colcon_core.shell:Creating package script '/home/bizare/Desktop/Robotics_System/install/cw1q9/share/cw1q9/package.sh'
[2.875s] INFO:colcon.colcon_core.shell:Creating package script '/home/bizare/Desktop/Robotics_System/install/cw1q9/share/cw1q9/package.bash'
[2.876s] INFO:colcon.colcon_core.shell:Creating package script '/home/bizare/Desktop/Robotics_System/install/cw1q9/share/cw1q9/package.zsh'
[2.877s] Level 1:colcon.colcon_core.environment:create_file_with_runtime_dependencies(/home/bizare/Desktop/Robotics_System/install/cw1q9/share/colcon-core/packages/cw1q9)
[2.998s] DEBUG:colcon.colcon_core.event_handler.log_command:Invoking command in '/home/bizare/Desktop/Robotics_System/cw1q5': PYTHONPATH=/home/bizare/Desktop/Robotics_System/build/cw1q5/prefix_override:/usr/lib/python3/dist-packages/colcon_core/task/python/colcon_distutils_commands:/home/bizare/Desktop/Robotics_System/install/cw1q5/lib/python3.8/site-packages:${PYTHONPATH} /usr/bin/python3 -W ignore:setup.py install is deprecated -W ignore:easy_install command is deprecated setup.py egg_info --egg-base ../build/cw1q5 build --build-base /home/bizare/Desktop/Robotics_System/build/cw1q5/build install --record /home/bizare/Desktop/Robotics_System/build/cw1q5/install.log --install-scripts $base/lib/cw1q5 --single-version-externally-managed install_data
[3.469s] Level 1:colcon.colcon_core.environment:checking '/home/bizare/Desktop/Robotics_System/install/cw1q5' for CMake module files
[3.470s] DEBUG:colcon.colcon_core.event_handler.log_command:Invoked command in '/home/bizare/Desktop/Robotics_System/cw1q5' returned '0': PYTHONPATH=/home/bizare/Desktop/Robotics_System/build/cw1q5/prefix_override:/usr/lib/python3/dist-packages/colcon_core/task/python/colcon_distutils_commands:/home/bizare/Desktop/Robotics_System/install/cw1q5/lib/python3.8/site-packages:${PYTHONPATH} /usr/bin/python3 -W ignore:setup.py install is deprecated -W ignore:easy_install command is deprecated setup.py egg_info --egg-base ../build/cw1q5 build --build-base /home/bizare/Desktop/Robotics_System/build/cw1q5/build install --record /home/bizare/Desktop/Robotics_System/build/cw1q5/install.log --install-scripts $base/lib/cw1q5 --single-version-externally-managed install_data
[3.471s] Level 1:colcon.colcon_core.environment:checking '/home/bizare/Desktop/Robotics_System/install/cw1q5' for CMake config files
[3.472s] Level 1:colcon.colcon_core.environment:checking '/home/bizare/Desktop/Robotics_System/install/cw1q5/lib'
[3.472s] Level 1:colcon.colcon_core.environment:checking '/home/bizare/Desktop/Robotics_System/install/cw1q5/bin'
[3.472s] Level 1:colcon.colcon_core.environment:checking '/home/bizare/Desktop/Robotics_System/install/cw1q5/lib/pkgconfig/cw1q5.pc'
[3.473s] Level 1:colcon.colcon_core.environment:checking '/home/bizare/Desktop/Robotics_System/install/cw1q5/lib/python3.8/site-packages'
[3.473s] Level 1:colcon.colcon_core.shell:create_environment_hook('cw1q5', 'pythonpath')
[3.473s] INFO:colcon.colcon_core.shell:Creating environment hook '/home/bizare/Desktop/Robotics_System/install/cw1q5/share/cw1q5/hook/pythonpath.ps1'
[3.475s] INFO:colcon.colcon_core.shell:Creating environment descriptor '/home/bizare/Desktop/Robotics_System/install/cw1q5/share/cw1q5/hook/pythonpath.dsv'
[3.475s] INFO:colcon.colcon_core.shell:Creating environment hook '/home/bizare/Desktop/Robotics_System/install/cw1q5/share/cw1q5/hook/pythonpath.sh'
[3.476s] Level 1:colcon.colcon_core.environment:checking '/home/bizare/Desktop/Robotics_System/install/cw1q5/bin'
[3.477s] Level 1:colcon.colcon_core.environment:create_environment_scripts_only(cw1q5)
[3.477s] INFO:colcon.colcon_core.shell:Creating package script '/home/bizare/Desktop/Robotics_System/install/cw1q5/share/cw1q5/package.ps1'
[3.478s] INFO:colcon.colcon_core.shell:Creating package descriptor '/home/bizare/Desktop/Robotics_System/install/cw1q5/share/cw1q5/package.dsv'
[3.479s] INFO:colcon.colcon_core.shell:Creating package script '/home/bizare/Desktop/Robotics_System/install/cw1q5/share/cw1q5/package.sh'
[3.480s] INFO:colcon.colcon_core.shell:Creating package script '/home/bizare/Desktop/Robotics_System/install/cw1q5/share/cw1q5/package.bash'
[3.481s] INFO:colcon.colcon_core.shell:Creating package script '/home/bizare/Desktop/Robotics_System/install/cw1q5/share/cw1q5/package.zsh'
[3.482s] Level 1:colcon.colcon_core.environment:create_file_with_runtime_dependencies(/home/bizare/Desktop/Robotics_System/install/cw1q5/share/colcon-core/packages/cw1q5)
[3.482s] DEBUG:colcon.colcon_parallel_executor.executor.parallel:closing loop
[3.483s] DEBUG:colcon.colcon_parallel_executor.executor.parallel:loop closed
[3.483s] DEBUG:colcon.colcon_parallel_executor.executor.parallel:run_until_complete finished with '0'
[3.483s] DEBUG:colcon.colcon_core.event_reactor:joining thread
[3.494s] INFO:colcon.colcon_core.plugin_system:Skipping extension 'colcon_notification.desktop_notification.terminal_notifier': Not used on non-Darwin systems
[3.494s] INFO:colcon.colcon_core.plugin_system:Skipping extension 'colcon_notification.desktop_notification.win32': Not used on non-Windows systems
[3.494s] INFO:colcon.colcon_notification.desktop_notification:Sending desktop notification using 'notify2'
[3.512s] DEBUG:colcon.colcon_core.event_reactor:joined thread
[3.513s] INFO:colcon.colcon_core.shell:Creating prefix script '/home/bizare/Desktop/Robotics_System/install/local_setup.ps1'
[3.515s] INFO:colcon.colcon_core.shell:Creating prefix util module '/home/bizare/Desktop/Robotics_System/install/_local_setup_util_ps1.py'
[3.517s] INFO:colcon.colcon_core.shell:Creating prefix chain script '/home/bizare/Desktop/Robotics_System/install/setup.ps1'
[3.520s] INFO:colcon.colcon_core.shell:Creating prefix script '/home/bizare/Desktop/Robotics_System/install/local_setup.sh'
[3.521s] INFO:colcon.colcon_core.shell:Creating prefix util module '/home/bizare/Desktop/Robotics_System/install/_local_setup_util_sh.py'
[3.522s] INFO:colcon.colcon_core.shell:Creating prefix chain script '/home/bizare/Desktop/Robotics_System/install/setup.sh'
[3.525s] INFO:colcon.colcon_core.shell:Creating prefix script '/home/bizare/Desktop/Robotics_System/install/local_setup.bash'
[3.526s] INFO:colcon.colcon_core.shell:Creating prefix chain script '/home/bizare/Desktop/Robotics_System/install/setup.bash'
[3.528s] INFO:colcon.colcon_core.shell:Creating prefix script '/home/bizare/Desktop/Robotics_System/install/local_setup.zsh'
[3.529s] INFO:colcon.colcon_core.shell:Creating prefix chain script '/home/bizare/Desktop/Robotics_System/install/setup.zsh'
