[2.408s] Invoking command in '/home/bizare/Desktop/Robotics_System/cw1q9': PYTHONPATH=/home/bizare/Desktop/Robotics_System/build/cw1q9/prefix_override:/usr/lib/python3/dist-packages/colcon_core/task/python/colcon_distutils_commands:/home/bizare/Desktop/Robotics_System/install/cw1q9/lib/python3.8/site-packages:${PYTHONPATH} /usr/bin/python3 -W ignore:setup.py install is deprecated -W ignore:easy_install command is deprecated setup.py egg_info --egg-base ../build/cw1q9 build --build-base /home/bizare/Desktop/Robotics_System/build/cw1q9/build install --record /home/bizare/Desktop/Robotics_System/build/cw1q9/install.log --install-scripts $base/lib/cw1q9 --single-version-externally-managed install_data
[3.068s] running egg_info
[3.069s] writing ../build/cw1q9/cw1q9.egg-info/PKG-INFO
[3.070s] writing dependency_links to ../build/cw1q9/cw1q9.egg-info/dependency_links.txt
[3.071s] writing entry points to ../build/cw1q9/cw1q9.egg-info/entry_points.txt
[3.071s] writing requirements to ../build/cw1q9/cw1q9.egg-info/requires.txt
[3.072s] writing top-level names to ../build/cw1q9/cw1q9.egg-info/top_level.txt
[3.167s] reading manifest file '../build/cw1q9/cw1q9.egg-info/SOURCES.txt'
[3.171s] writing manifest file '../build/cw1q9/cw1q9.egg-info/SOURCES.txt'
[3.172s] running build
[3.173s] running build_py
[3.173s] running install
[3.174s] running install_lib
[3.178s] running install_data
[3.178s] running install_egg_info
[3.182s] removing '/home/bizare/Desktop/Robotics_System/install/cw1q9/lib/python3.8/site-packages/cw1q9-0.0.0-py3.8.egg-info' (and everything under it)
[3.183s] Copying ../build/cw1q9/cw1q9.egg-info to /home/bizare/Desktop/Robotics_System/install/cw1q9/lib/python3.8/site-packages/cw1q9-0.0.0-py3.8.egg-info
[3.186s] running install_scripts
[3.228s] Installing youbot_student_node script to /home/bizare/Desktop/Robotics_System/install/cw1q9/lib/cw1q9
[3.229s] writing list of installed files to '/home/bizare/Desktop/Robotics_System/build/cw1q9/install.log'
[3.284s] Invoked command in '/home/bizare/Desktop/Robotics_System/cw1q9' returned '0': PYTHONPATH=/home/bizare/Desktop/Robotics_System/build/cw1q9/prefix_override:/usr/lib/python3/dist-packages/colcon_core/task/python/colcon_distutils_commands:/home/bizare/Desktop/Robotics_System/install/cw1q9/lib/python3.8/site-packages:${PYTHONPATH} /usr/bin/python3 -W ignore:setup.py install is deprecated -W ignore:easy_install command is deprecated setup.py egg_info --egg-base ../build/cw1q9 build --build-base /home/bizare/Desktop/Robotics_System/build/cw1q9/build install --record /home/bizare/Desktop/Robotics_System/build/cw1q9/install.log --install-scripts $base/lib/cw1q9 --single-version-externally-managed install_data
