[0.091s] Invoking command in '/home/bizare/Desktop/Robotics_System/build/youbot_description': CMAKE_PREFIX_PATH=/home/bizare/Desktop/Robotics_System/install/youbot_simulator:/home/bizare/Desktop/Robotics_System/install/cw1q5:/home/bizare/Desktop/Robotics_System/install/cw1q9:/home/bizare/Desktop/Robotics_System/install/cw1q4:/opt/ros/foxy:/home/bizare/Desktop/Robotics_System/install/youbot_description:/home/bizare/Desktop/Robotics_System/install/open_manipulator_description:/home/bizare/Desktop/Robotics_System/install/cw1q4_interfaces /usr/bin/cmake --build /home/bizare/Desktop/Robotics_System/build/youbot_description -- -j8 -l8
[1.102s] Invoked command in '/home/bizare/Desktop/Robotics_System/build/youbot_description' returned '0': CMAKE_PREFIX_PATH=/home/bizare/Desktop/Robotics_System/install/youbot_simulator:/home/bizare/Desktop/Robotics_System/install/cw1q5:/home/bizare/Desktop/Robotics_System/install/cw1q9:/home/bizare/Desktop/Robotics_System/install/cw1q4:/opt/ros/foxy:/home/bizare/Desktop/Robotics_System/install/youbot_description:/home/bizare/Desktop/Robotics_System/install/open_manipulator_description:/home/bizare/Desktop/Robotics_System/install/cw1q4_interfaces /usr/bin/cmake --build /home/bizare/Desktop/Robotics_System/build/youbot_description -- -j8 -l8
[1.121s] Invoking command in '/home/bizare/Desktop/Robotics_System/build/youbot_description': CMAKE_PREFIX_PATH=/home/bizare/Desktop/Robotics_System/install/youbot_simulator:/home/bizare/Desktop/Robotics_System/install/cw1q5:/home/bizare/Desktop/Robotics_System/install/cw1q9:/home/bizare/Desktop/Robotics_System/install/cw1q4:/opt/ros/foxy:/home/bizare/Desktop/Robotics_System/install/youbot_description:/home/bizare/Desktop/Robotics_System/install/open_manipulator_description:/home/bizare/Desktop/Robotics_System/install/cw1q4_interfaces /usr/bin/cmake --install /home/bizare/Desktop/Robotics_System/build/youbot_description
[1.137s] -- Install configuration: ""
[1.137s] -- Up-to-date: /home/bizare/Desktop/Robotics_System/install/youbot_description/share/youbot_description/controller
[1.138s] -- Up-to-date: /home/bizare/Desktop/Robotics_System/install/youbot_description/share/youbot_description/controller/ros_controller.urdf.xacro
[1.139s] -- Up-to-date: /home/bizare/Desktop/Robotics_System/install/youbot_description/share/youbot_description/meshes
[1.142s] -- Up-to-date: /home/bizare/Desktop/Robotics_System/install/youbot_description/share/youbot_description/meshes/youbot_gripper
[1.143s] -- Up-to-date: /home/bizare/Desktop/Robotics_System/install/youbot_description/share/youbot_description/meshes/youbot_gripper/finger.dae
[1.143s] -- Up-to-date: /home/bizare/Desktop/Robotics_System/install/youbot_description/share/youbot_description/meshes/youbot_gripper/palm_convex.dae
[1.143s] -- Up-to-date: /home/bizare/Desktop/Robotics_System/install/youbot_description/share/youbot_description/meshes/youbot_gripper/finger_convex.dae
[1.144s] -- Up-to-date: /home/bizare/Desktop/Robotics_System/install/youbot_description/share/youbot_description/meshes/youbot_gripper/palm.dae
[1.144s] -- Up-to-date: /home/bizare/Desktop/Robotics_System/install/youbot_description/share/youbot_description/meshes/youbot_plate
[1.149s] -- Up-to-date: /home/bizare/Desktop/Robotics_System/install/youbot_description/share/youbot_description/meshes/youbot_plate/plate.dae
[1.150s] -- Up-to-date: /home/bizare/Desktop/Robotics_System/install/youbot_description/share/youbot_description/meshes/youbot_plate/plate_convex.dae
[1.150s] -- Up-to-date: /home/bizare/Desktop/Robotics_System/install/youbot_description/share/youbot_description/meshes/youbot_base
[1.150s] -- Up-to-date: /home/bizare/Desktop/Robotics_System/install/youbot_description/share/youbot_description/meshes/youbot_base/base.dae
[1.151s] -- Up-to-date: /home/bizare/Desktop/Robotics_System/install/youbot_description/share/youbot_description/meshes/youbot_base/base_convex.dae
[1.151s] -- Up-to-date: /home/bizare/Desktop/Robotics_System/install/youbot_description/share/youbot_description/meshes/youbot_arm
[1.152s] -- Up-to-date: /home/bizare/Desktop/Robotics_System/install/youbot_description/share/youbot_description/meshes/youbot_arm/arm5_convex.dae
[1.153s] -- Up-to-date: /home/bizare/Desktop/Robotics_System/install/youbot_description/share/youbot_description/meshes/youbot_arm/arm2.dae
[1.153s] -- Up-to-date: /home/bizare/Desktop/Robotics_System/install/youbot_description/share/youbot_description/meshes/youbot_arm/arm1.dae
[1.154s] -- Up-to-date: /home/bizare/Desktop/Robotics_System/install/youbot_description/share/youbot_description/meshes/youbot_arm/arm0.dae
[1.154s] -- Up-to-date: /home/bizare/Desktop/Robotics_System/install/youbot_description/share/youbot_description/meshes/youbot_arm/arm0_convex.dae
[1.155s] -- Up-to-date: /home/bizare/Desktop/Robotics_System/install/youbot_description/share/youbot_description/meshes/youbot_arm/arm4_convex.dae
[1.156s] -- Up-to-date: /home/bizare/Desktop/Robotics_System/install/youbot_description/share/youbot_description/meshes/youbot_arm/arm3_convex.dae
[1.156s] -- Up-to-date: /home/bizare/Desktop/Robotics_System/install/youbot_description/share/youbot_description/meshes/youbot_arm/arm4.dae
[1.156s] -- Up-to-date: /home/bizare/Desktop/Robotics_System/install/youbot_description/share/youbot_description/meshes/youbot_arm/arm3.dae
[1.157s] -- Up-to-date: /home/bizare/Desktop/Robotics_System/install/youbot_description/share/youbot_description/meshes/youbot_arm/arm2_convex.dae
[1.157s] -- Up-to-date: /home/bizare/Desktop/Robotics_System/install/youbot_description/share/youbot_description/meshes/youbot_arm/arm1_convex.dae
[1.158s] -- Up-to-date: /home/bizare/Desktop/Robotics_System/install/youbot_description/share/youbot_description/meshes/youbot_arm/arm5.dae
[1.158s] -- Up-to-date: /home/bizare/Desktop/Robotics_System/install/youbot_description/share/youbot_description/meshes/sensors
[1.159s] -- Up-to-date: /home/bizare/Desktop/Robotics_System/install/youbot_description/share/youbot_description/meshes/sensors/asus_xtion_pro_live_base.dae
[1.159s] -- Up-to-date: /home/bizare/Desktop/Robotics_System/install/youbot_description/share/youbot_description/meshes/sensors/hokuyo.dae
[1.163s] -- Up-to-date: /home/bizare/Desktop/Robotics_System/install/youbot_description/share/youbot_description/meshes/sensors/kinect.tga
[1.164s] -- Up-to-date: /home/bizare/Desktop/Robotics_System/install/youbot_description/share/youbot_description/meshes/sensors/asus_xtion_pro_live_camera.png
[1.164s] -- Up-to-date: /home/bizare/Desktop/Robotics_System/install/youbot_description/share/youbot_description/meshes/sensors/asus_xtion_pro_live_camera.dae
[1.164s] -- Up-to-date: /home/bizare/Desktop/Robotics_System/install/youbot_description/share/youbot_description/meshes/sensors/hokuyo_convex.dae
[1.164s] -- Up-to-date: /home/bizare/Desktop/Robotics_System/install/youbot_description/share/youbot_description/meshes/sensors/asus_xtion_pro_live_base.png
[1.164s] -- Up-to-date: /home/bizare/Desktop/Robotics_System/install/youbot_description/share/youbot_description/meshes/sensors/kinect.dae
[1.165s] -- Up-to-date: /home/bizare/Desktop/Robotics_System/install/youbot_description/share/youbot_description/meshes/sensors/microsoft_lifecam.dae
[1.165s] -- Up-to-date: /home/bizare/Desktop/Robotics_System/install/youbot_description/share/youbot_description/robots
[1.166s] -- Up-to-date: /home/bizare/Desktop/Robotics_System/install/youbot_description/share/youbot_description/robots/youbot.urdf.xacro
[1.167s] -- Up-to-date: /home/bizare/Desktop/Robotics_System/install/youbot_description/share/youbot_description/robots/youbot_arm_only.urdf.xacro
[1.167s] -- Up-to-date: /home/bizare/Desktop/Robotics_System/install/youbot_description/share/youbot_description/robots/youbot_base_only.urdf.xacro
[1.168s] -- Up-to-date: /home/bizare/Desktop/Robotics_System/install/youbot_description/share/youbot_description/robots/youbot_dual_arm.urdf.xacro
[1.168s] -- Up-to-date: /home/bizare/Desktop/Robotics_System/install/youbot_description/share/youbot_description/urdf
[1.168s] -- Up-to-date: /home/bizare/Desktop/Robotics_System/install/youbot_description/share/youbot_description/urdf/youbot_gripper
[1.168s] -- Up-to-date: /home/bizare/Desktop/Robotics_System/install/youbot_description/share/youbot_description/urdf/youbot_gripper/gripper.gazebo.xacro
[1.168s] -- Up-to-date: /home/bizare/Desktop/Robotics_System/install/youbot_description/share/youbot_description/urdf/youbot_gripper/gripper.urdf.xacro
[1.169s] -- Up-to-date: /home/bizare/Desktop/Robotics_System/install/youbot_description/share/youbot_description/urdf/youbot_gripper/gripper.transmission.xacro
[1.169s] -- Up-to-date: /home/bizare/Desktop/Robotics_System/install/youbot_description/share/youbot_description/urdf/youbot_gripper/limits.urdf.xacro
[1.170s] -- Up-to-date: /home/bizare/Desktop/Robotics_System/install/youbot_description/share/youbot_description/urdf/youbot_plate
[1.170s] -- Up-to-date: /home/bizare/Desktop/Robotics_System/install/youbot_description/share/youbot_description/urdf/youbot_plate/plate.urdf.xacro
[1.170s] -- Up-to-date: /home/bizare/Desktop/Robotics_System/install/youbot_description/share/youbot_description/urdf/common.xacro
[1.170s] -- Up-to-date: /home/bizare/Desktop/Robotics_System/install/youbot_description/share/youbot_description/urdf/youbot_base
[1.170s] -- Up-to-date: /home/bizare/Desktop/Robotics_System/install/youbot_description/share/youbot_description/urdf/youbot_base/base.gazebo.xacro
[1.170s] -- Up-to-date: /home/bizare/Desktop/Robotics_System/install/youbot_description/share/youbot_description/urdf/youbot_base/base.transmission.xacro
[1.170s] -- Up-to-date: /home/bizare/Desktop/Robotics_System/install/youbot_description/share/youbot_description/urdf/youbot_base/base.urdf.xacro
[1.170s] -- Up-to-date: /home/bizare/Desktop/Robotics_System/install/youbot_description/share/youbot_description/urdf/youbot_arm
[1.170s] -- Up-to-date: /home/bizare/Desktop/Robotics_System/install/youbot_description/share/youbot_description/urdf/youbot_arm/arm.transmission.xacro
[1.171s] -- Up-to-date: /home/bizare/Desktop/Robotics_System/install/youbot_description/share/youbot_description/urdf/youbot_arm/limits.urdf.xacro
[1.171s] -- Up-to-date: /home/bizare/Desktop/Robotics_System/install/youbot_description/share/youbot_description/urdf/youbot_arm/code2.py
[1.171s] -- Up-to-date: /home/bizare/Desktop/Robotics_System/install/youbot_description/share/youbot_description/urdf/youbot_arm/arm.gazebo.xacro
[1.171s] -- Up-to-date: /home/bizare/Desktop/Robotics_System/install/youbot_description/share/youbot_description/urdf/youbot_arm/arm.urdf.xacro
[1.171s] -- Up-to-date: /home/bizare/Desktop/Robotics_System/install/youbot_description/share/youbot_description/urdf/misc
[1.171s] -- Up-to-date: /home/bizare/Desktop/Robotics_System/install/youbot_description/share/youbot_description/urdf/misc/sensor_angle.urdf.xacro
[1.171s] -- Up-to-date: /home/bizare/Desktop/Robotics_System/install/youbot_description/share/youbot_description/urdf/misc/cam3d_tower.urdf.xacro
[1.171s] -- Up-to-date: /home/bizare/Desktop/Robotics_System/install/youbot_description/share/youbot_description/urdf/sensors
[1.172s] -- Up-to-date: /home/bizare/Desktop/Robotics_System/install/youbot_description/share/youbot_description/urdf/sensors/asus_xtion_camera.gazebo.xacro
[1.172s] -- Up-to-date: /home/bizare/Desktop/Robotics_System/install/youbot_description/share/youbot_description/urdf/sensors/microsoft_lifecam.urdf.xacro
[1.172s] -- Up-to-date: /home/bizare/Desktop/Robotics_System/install/youbot_description/share/youbot_description/urdf/sensors/microsoft_lifecam.gazebo.xacro
[1.172s] -- Up-to-date: /home/bizare/Desktop/Robotics_System/install/youbot_description/share/youbot_description/urdf/sensors/kinect_camera.gazebo.xacro
[1.172s] -- Up-to-date: /home/bizare/Desktop/Robotics_System/install/youbot_description/share/youbot_description/urdf/sensors/kinect_camera.urdf.xacro
[1.172s] -- Up-to-date: /home/bizare/Desktop/Robotics_System/install/youbot_description/share/youbot_description/urdf/sensors/asus_xtion_camera.urdf.xacro
[1.173s] -- Up-to-date: /home/bizare/Desktop/Robotics_System/install/youbot_description/share/youbot_description/urdf/sensors/hokuyo_urg04_laser.urdf.xacro
[1.173s] -- Up-to-date: /home/bizare/Desktop/Robotics_System/install/youbot_description/share/youbot_description/urdf/sensors/hokuyo_urg04_laser.gazebo.xacro
[1.173s] -- Up-to-date: /home/bizare/Desktop/Robotics_System/install/youbot_description/share/youbot_description/urdf/materials.urdf.xacro
[1.173s] -- Up-to-date: /home/bizare/Desktop/Robotics_System/install/youbot_description/share/ament_index/resource_index/package_run_dependencies/youbot_description
[1.173s] -- Up-to-date: /home/bizare/Desktop/Robotics_System/install/youbot_description/share/ament_index/resource_index/parent_prefix_path/youbot_description
[1.173s] -- Up-to-date: /home/bizare/Desktop/Robotics_System/install/youbot_description/share/youbot_description/environment/ament_prefix_path.sh
[1.174s] -- Up-to-date: /home/bizare/Desktop/Robotics_System/install/youbot_description/share/youbot_description/environment/ament_prefix_path.dsv
[1.174s] -- Up-to-date: /home/bizare/Desktop/Robotics_System/install/youbot_description/share/youbot_description/environment/path.sh
[1.174s] -- Up-to-date: /home/bizare/Desktop/Robotics_System/install/youbot_description/share/youbot_description/environment/path.dsv
[1.174s] -- Up-to-date: /home/bizare/Desktop/Robotics_System/install/youbot_description/share/youbot_description/local_setup.bash
[1.174s] -- Up-to-date: /home/bizare/Desktop/Robotics_System/install/youbot_description/share/youbot_description/local_setup.sh
[1.174s] -- Up-to-date: /home/bizare/Desktop/Robotics_System/install/youbot_description/share/youbot_description/local_setup.zsh
[1.174s] -- Up-to-date: /home/bizare/Desktop/Robotics_System/install/youbot_description/share/youbot_description/local_setup.dsv
[1.174s] -- Installing: /home/bizare/Desktop/Robotics_System/install/youbot_description/share/youbot_description/package.dsv
[1.174s] -- Up-to-date: /home/bizare/Desktop/Robotics_System/install/youbot_description/share/ament_index/resource_index/packages/youbot_description
[1.175s] -- Up-to-date: /home/bizare/Desktop/Robotics_System/install/youbot_description/share/youbot_description/cmake/youbot_descriptionConfig.cmake
[1.175s] -- Up-to-date: /home/bizare/Desktop/Robotics_System/install/youbot_description/share/youbot_description/cmake/youbot_descriptionConfig-version.cmake
[1.175s] -- Up-to-date: /home/bizare/Desktop/Robotics_System/install/youbot_description/share/youbot_description/package.xml
[1.216s] Invoked command in '/home/bizare/Desktop/Robotics_System/build/youbot_description' returned '0': CMAKE_PREFIX_PATH=/home/bizare/Desktop/Robotics_System/install/youbot_simulator:/home/bizare/Desktop/Robotics_System/install/cw1q5:/home/bizare/Desktop/Robotics_System/install/cw1q9:/home/bizare/Desktop/Robotics_System/install/cw1q4:/opt/ros/foxy:/home/bizare/Desktop/Robotics_System/install/youbot_description:/home/bizare/Desktop/Robotics_System/install/open_manipulator_description:/home/bizare/Desktop/Robotics_System/install/cw1q4_interfaces /usr/bin/cmake --install /home/bizare/Desktop/Robotics_System/build/youbot_description
