[0.906s] Invoking command in '/home/bizare/Desktop/Robotics_System/build/open_manipulator_description': CMAKE_PREFIX_PATH=${CMAKE_PREFIX_PATH}:/home/bizare/Desktop/Robotics_System/install/cw1q5:/home/bizare/Desktop/Robotics_System/install/cw1q9:/home/bizare/Desktop/Robotics_System/install/cw1q4:/opt/ros/foxy /usr/bin/cmake /home/bizare/Desktop/Robotics_System/robot_description/open_manipulator_description -DCMAKE_INSTALL_PREFIX=/home/bizare/Desktop/Robotics_System/install/open_manipulator_description
[1.013s] -- The C compiler identification is GNU 9.4.0
[1.138s] -- The CXX compiler identification is GNU 9.4.0
[1.149s] -- Check for working C compiler: /usr/bin/cc
[1.308s] -- Check for working C compiler: /usr/bin/cc -- works
[1.308s] -- Detecting C compiler ABI info
[1.477s] -- Detecting C compiler ABI info - done
[1.505s] -- Detecting C compile features
[1.505s] -- Detecting C compile features - done
[1.512s] -- Check for working CXX compiler: /usr/bin/c++
[1.673s] -- Check for working CXX compiler: /usr/bin/c++ -- works
[1.675s] -- Detecting CXX compiler ABI info
[1.871s] -- Detecting CXX compiler ABI info - done
[1.898s] -- Detecting CXX compile features
[1.899s] -- Detecting CXX compile features - done
[1.903s] -- Found ament_cmake: 0.9.12 (/opt/ros/foxy/share/ament_cmake/cmake)
[1.956s] -- Found PythonInterp: /usr/bin/python3 (found suitable version "3.8.10", minimum required is "3") 
[1.956s] -- Using PYTHON_EXECUTABLE: /usr/bin/python3
[2.400s] -- Found urdf: 2.4.0 (/opt/ros/foxy/share/urdf/cmake)
[2.459s] -- Found xacro: 2.0.7 (/opt/ros/foxy/share/xacro/cmake)
[2.578s] -- Configuring done
[2.582s] -- Generating done
[2.584s] -- Build files have been written to: /home/bizare/Desktop/Robotics_System/build/open_manipulator_description
[2.591s] Invoked command in '/home/bizare/Desktop/Robotics_System/build/open_manipulator_description' returned '0': CMAKE_PREFIX_PATH=${CMAKE_PREFIX_PATH}:/home/bizare/Desktop/Robotics_System/install/cw1q5:/home/bizare/Desktop/Robotics_System/install/cw1q9:/home/bizare/Desktop/Robotics_System/install/cw1q4:/opt/ros/foxy /usr/bin/cmake /home/bizare/Desktop/Robotics_System/robot_description/open_manipulator_description -DCMAKE_INSTALL_PREFIX=/home/bizare/Desktop/Robotics_System/install/open_manipulator_description
[2.596s] Invoking command in '/home/bizare/Desktop/Robotics_System/build/open_manipulator_description': CMAKE_PREFIX_PATH=${CMAKE_PREFIX_PATH}:/home/bizare/Desktop/Robotics_System/install/cw1q5:/home/bizare/Desktop/Robotics_System/install/cw1q9:/home/bizare/Desktop/Robotics_System/install/cw1q4:/opt/ros/foxy /usr/bin/cmake --build /home/bizare/Desktop/Robotics_System/build/open_manipulator_description -- -j8 -l8
[2.675s] Invoked command in '/home/bizare/Desktop/Robotics_System/build/open_manipulator_description' returned '0': CMAKE_PREFIX_PATH=${CMAKE_PREFIX_PATH}:/home/bizare/Desktop/Robotics_System/install/cw1q5:/home/bizare/Desktop/Robotics_System/install/cw1q9:/home/bizare/Desktop/Robotics_System/install/cw1q4:/opt/ros/foxy /usr/bin/cmake --build /home/bizare/Desktop/Robotics_System/build/open_manipulator_description -- -j8 -l8
[2.677s] Invoking command in '/home/bizare/Desktop/Robotics_System/build/open_manipulator_description': CMAKE_PREFIX_PATH=${CMAKE_PREFIX_PATH}:/home/bizare/Desktop/Robotics_System/install/cw1q5:/home/bizare/Desktop/Robotics_System/install/cw1q9:/home/bizare/Desktop/Robotics_System/install/cw1q4:/opt/ros/foxy /usr/bin/cmake --install /home/bizare/Desktop/Robotics_System/build/open_manipulator_description
[2.700s] -- Install configuration: ""
[2.700s] -- Installing: /home/bizare/Desktop/Robotics_System/install/open_manipulator_description/share/open_manipulator_description/launch
[2.701s] -- Installing: /home/bizare/Desktop/Robotics_System/install/open_manipulator_description/share/open_manipulator_description/launch/open_manipulator_model.launch
[2.701s] -- Installing: /home/bizare/Desktop/Robotics_System/install/open_manipulator_description/share/open_manipulator_description/launch/open_manipulator_rviz.launch
[2.702s] -- Installing: /home/bizare/Desktop/Robotics_System/install/open_manipulator_description/share/open_manipulator_description/meshes
[2.702s] -- Installing: /home/bizare/Desktop/Robotics_System/install/open_manipulator_description/share/open_manipulator_description/meshes/chain_link4.stl
[2.703s] -- Installing: /home/bizare/Desktop/Robotics_System/install/open_manipulator_description/share/open_manipulator_description/meshes/chain_link3.stl
[2.705s] -- Installing: /home/bizare/Desktop/Robotics_System/install/open_manipulator_description/share/open_manipulator_description/meshes/chain_link5.stl
[2.706s] -- Installing: /home/bizare/Desktop/Robotics_System/install/open_manipulator_description/share/open_manipulator_description/meshes/chain_link2.stl
[2.707s] -- Installing: /home/bizare/Desktop/Robotics_System/install/open_manipulator_description/share/open_manipulator_description/meshes/chain_link_grip_r.stl
[2.707s] -- Installing: /home/bizare/Desktop/Robotics_System/install/open_manipulator_description/share/open_manipulator_description/meshes/chain_link1.stl
[2.709s] -- Installing: /home/bizare/Desktop/Robotics_System/install/open_manipulator_description/share/open_manipulator_description/meshes/chain_link_grip_l.stl
[2.709s] -- Installing: /home/bizare/Desktop/Robotics_System/install/open_manipulator_description/share/open_manipulator_description/rviz
[2.710s] -- Installing: /home/bizare/Desktop/Robotics_System/install/open_manipulator_description/share/open_manipulator_description/rviz/open_manipulator_links_hidden11.rviz
[2.710s] -- Installing: /home/bizare/Desktop/Robotics_System/install/open_manipulator_description/share/open_manipulator_description/rviz/open_manipulator_links_hidden.rviz
[2.710s] -- Installing: /home/bizare/Desktop/Robotics_System/install/open_manipulator_description/share/open_manipulator_description/rviz/open_manipulator.rviz
[2.710s] -- Installing: /home/bizare/Desktop/Robotics_System/install/open_manipulator_description/share/open_manipulator_description/rviz/open_manipulator11.rviz
[2.710s] -- Installing: /home/bizare/Desktop/Robotics_System/install/open_manipulator_description/share/open_manipulator_description/urdf
[2.711s] -- Installing: /home/bizare/Desktop/Robotics_System/install/open_manipulator_description/share/open_manipulator_description/urdf/open_manipulator.gazebo.xacro
[2.711s] -- Installing: /home/bizare/Desktop/Robotics_System/install/open_manipulator_description/share/open_manipulator_description/urdf/materials.xacro
[2.711s] -- Installing: /home/bizare/Desktop/Robotics_System/install/open_manipulator_description/share/open_manipulator_description/urdf/open_manipulator.urdf.xacro
[2.711s] -- Installing: /home/bizare/Desktop/Robotics_System/install/open_manipulator_description/share/ament_index/resource_index/package_run_dependencies/open_manipulator_description
[2.712s] -- Installing: /home/bizare/Desktop/Robotics_System/install/open_manipulator_description/share/ament_index/resource_index/parent_prefix_path/open_manipulator_description
[2.712s] -- Installing: /home/bizare/Desktop/Robotics_System/install/open_manipulator_description/share/open_manipulator_description/environment/ament_prefix_path.sh
[2.712s] -- Installing: /home/bizare/Desktop/Robotics_System/install/open_manipulator_description/share/open_manipulator_description/environment/ament_prefix_path.dsv
[2.713s] -- Installing: /home/bizare/Desktop/Robotics_System/install/open_manipulator_description/share/open_manipulator_description/environment/path.sh
[2.713s] -- Installing: /home/bizare/Desktop/Robotics_System/install/open_manipulator_description/share/open_manipulator_description/environment/path.dsv
[2.713s] -- Installing: /home/bizare/Desktop/Robotics_System/install/open_manipulator_description/share/open_manipulator_description/local_setup.bash
[2.714s] -- Installing: /home/bizare/Desktop/Robotics_System/install/open_manipulator_description/share/open_manipulator_description/local_setup.sh
[2.714s] -- Installing: /home/bizare/Desktop/Robotics_System/install/open_manipulator_description/share/open_manipulator_description/local_setup.zsh
[2.714s] -- Installing: /home/bizare/Desktop/Robotics_System/install/open_manipulator_description/share/open_manipulator_description/local_setup.dsv
[2.714s] -- Installing: /home/bizare/Desktop/Robotics_System/install/open_manipulator_description/share/open_manipulator_description/package.dsv
[2.715s] -- Installing: /home/bizare/Desktop/Robotics_System/install/open_manipulator_description/share/ament_index/resource_index/packages/open_manipulator_description
[2.715s] -- Installing: /home/bizare/Desktop/Robotics_System/install/open_manipulator_description/share/open_manipulator_description/cmake/open_manipulator_descriptionConfig.cmake
[2.716s] -- Installing: /home/bizare/Desktop/Robotics_System/install/open_manipulator_description/share/open_manipulator_description/cmake/open_manipulator_descriptionConfig-version.cmake
[2.716s] -- Installing: /home/bizare/Desktop/Robotics_System/install/open_manipulator_description/share/open_manipulator_description/package.xml
[2.735s] Invoked command in '/home/bizare/Desktop/Robotics_System/build/open_manipulator_description' returned '0': CMAKE_PREFIX_PATH=${CMAKE_PREFIX_PATH}:/home/bizare/Desktop/Robotics_System/install/cw1q5:/home/bizare/Desktop/Robotics_System/install/cw1q9:/home/bizare/Desktop/Robotics_System/install/cw1q4:/opt/ros/foxy /usr/bin/cmake --install /home/bizare/Desktop/Robotics_System/build/open_manipulator_description
